Archive member included because of file (symbol)

c:/ethernut-4.3.3/build/gcc/atmega2561/lib\libnutos.a(heap.o)
                              fat.o (NutHeapAlloc)
c:/ethernut-4.3.3/build/gcc/atmega2561/lib\libnutos.a(bankmem.o)
                              vs10xx.o (NutSegBufReadRequest)
c:/ethernut-4.3.3/build/gcc/atmega2561/lib\libnutos.a(thread.o)
                              mmc.o (GetThreadByName)
c:/ethernut-4.3.3/build/gcc/atmega2561/lib\libnutos.a(timer.o)
                              display.o (NutDelay)
c:/ethernut-4.3.3/build/gcc/atmega2561/lib\libnutos.a(event.o)
                              c:/ethernut-4.3.3/build/gcc/atmega2561/lib\libnutos.a(thread.o) (NutEventPostAsync)
c:/ethernut-4.3.3/build/gcc/atmega2561/lib\libnutos.a(devreg.o)
                              mmc.o (NutDeviceLookup)
c:/ethernut-4.3.3/build/gcc/atmega2561/lib\libnutos.a(confos.o)
                              c:/ethernut-4.3.3/build/gcc/atmega2561/lib/nutinit.o (NutSaveConfig)
c:/ethernut-4.3.3/build/gcc/atmega2561/lib\libnutdev.a(ihndlr.o)
                              main.o (NutRegisterIrqHandler)
c:/ethernut-4.3.3/build/gcc/atmega2561/lib\libnutdev.a(nvmem.o)
                              c:/ethernut-4.3.3/build/gcc/atmega2561/lib\libnutos.a(confos.o) (NutNvMemSave)
c:/ethernut-4.3.3/build/gcc/atmega2561/lib\libnutarch.a(context_gcc.o)
                              c:/ethernut-4.3.3/build/gcc/atmega2561/lib\libnutos.a(thread.o) (NutThreadSwitch)
c:/ethernut-4.3.3/build/gcc/atmega2561/lib\libnutarch.a(ostimer.o)
                              c:/ethernut-4.3.3/build/gcc/atmega2561/lib\libnutos.a(timer.o) (NutGetTickClock)
c:/ethernut-4.3.3/build/gcc/atmega2561/lib\libnutarch.a(ih_int4.o)
                              remcon.o (sig_INTERRUPT4)
c:/ethernut-4.3.3/build/gcc/atmega2561/lib\libnutarch.a(ih_int6.o)
                              vs10xx.o (sig_INTERRUPT6)
c:/ethernut-4.3.3/build/gcc/atmega2561/lib\libnutarch.a(ih_timer0_ovf.o)
                              main.o (sig_OVERFLOW0)
c:/ethernut-4.3.3/build/gcc/atmega2561/lib\libnutarch.a(ih_timer2_comp.o)
                              c:/ethernut-4.3.3/build/gcc/atmega2561/lib\libnutarch.a(ostimer.o) (sig_OUTPUT_COMPARE2)
c:/ethernut-4.3.3/build/gcc/atmega2561/lib\libnutarch.a(uart0.o)
                              uart0driver.o (devUart0)
c:/ethernut-4.3.3/build/gcc/atmega2561/lib\libnutarch.a(uartavr.o)
                              c:/ethernut-4.3.3/build/gcc/atmega2561/lib\libnutarch.a(uart0.o) (UartAvrSize)
c:/ethernut-4.3.3/build/gcc/atmega2561/lib\libnutarch.a(twif.o)
                              rtc.o (TwInit)
c:/ethernut-4.3.3/build/gcc/atmega2561/lib\libnutarch.a(eeprom.o)
                              c:/ethernut-4.3.3/build/gcc/atmega2561/lib\libnutdev.a(nvmem.o) (OnChipNvMemSave)
c:/ethernut-4.3.3/build/gcc/atmega2561/lib\libnutarch.a(ih_twi.o)
                              c:/ethernut-4.3.3/build/gcc/atmega2561/lib\libnutarch.a(twif.o) (sig_2WIRE_SERIAL)
c:/ethernut-4.3.3/build/gcc/atmega2561/lib\libnutarch.a(ih_usart0_rx.o)
                              c:/ethernut-4.3.3/build/gcc/atmega2561/lib\libnutarch.a(uartavr.o) (sig_UART0_RECV)
c:/ethernut-4.3.3/build/gcc/atmega2561/lib\libnutarch.a(ih_usart0_tx.o)
                              c:/ethernut-4.3.3/build/gcc/atmega2561/lib\libnutarch.a(uartavr.o) (sig_UART0_TRANS)
c:/ethernut-4.3.3/build/gcc/atmega2561/lib\libnutarch.a(ih_usart1_rx.o)
                              c:/ethernut-4.3.3/build/gcc/atmega2561/lib\libnutarch.a(uartavr.o) (sig_UART1_RECV)
c:/ethernut-4.3.3/build/gcc/atmega2561/lib\libnutarch.a(ih_usart1_tx.o)
                              c:/ethernut-4.3.3/build/gcc/atmega2561/lib\libnutarch.a(uartavr.o) (sig_UART1_TRANS)
c:/ethernut-4.3.3/build/gcc/atmega2561/lib\libnutcrt.a(close.o)
                              mmc.o (_close)
c:/ethernut-4.3.3/build/gcc/atmega2561/lib\libnutcrt.a(ioctl.o)
                              uart0driver.o (_ioctl)
c:/ethernut-4.3.3/build/gcc/atmega2561/lib\libnutcrt.a(open.o)
                              mmc.o (_open)
c:/ethernut-4.3.3/build/gcc/atmega2561/lib\libnutcrt.a(fclose.o)
                              uart0driver.o (fclose)
c:/ethernut-4.3.3/build/gcc/atmega2561/lib\libnutcrt.a(fflush.o)
                              log.o (fflush)
c:/ethernut-4.3.3/build/gcc/atmega2561/lib\libnutcrt.a(fileno.o)
                              uart0driver.o (_fileno)
c:/ethernut-4.3.3/build/gcc/atmega2561/lib\libnutcrt.a(fopen.o)
                              uart0driver.o (__iob)
c:/ethernut-4.3.3/build/gcc/atmega2561/lib\libnutcrt.a(freopen.o)
                              uart0driver.o (freopen)
c:/ethernut-4.3.3/build/gcc/atmega2561/lib\libnutcrt.a(fputc.o)
                              log.o (fputc)
c:/ethernut-4.3.3/build/gcc/atmega2561/lib\libnutcrt.a(fputs.o)
                              log.o (fputs)
c:/ethernut-4.3.3/build/gcc/atmega2561/lib\libnutcrt.a(fputs_p.o)
                              log.o (fputs_P)
[...]
Memory Configuration

Name             Origin             Length             Attributes
text             0x00000000         0x00100000         xr
data             0x00800060         0x0000ffa0         rw !x
eeprom           0x00810000         0x00010000         rw !x
*default*        0x00000000         0xffffffff

Linker script and memory map

Address of section .data set to 0x800200
LOAD c:/winavr-20070525/bin/../lib/gcc/avr/4.1.2/../../../../avr/lib/avr6/crtm2561.o
LOAD display.o
LOAD fat.o
LOAD flash.o
LOAD keyboard.o
LOAD led.o
LOAD log.o
LOAD main.o
LOAD menu.o
LOAD mmc.o
LOAD mmcdrv.o
LOAD remcon.o
LOAD rtc.o
LOAD showtime.o
LOAD spidrv.o
LOAD uart0driver.o
LOAD vs10xx.o
LOAD watchdog.o
                0x00000000                main = 0x0
LOAD c:/ethernut-4.3.3/build/gcc/atmega2561/lib/nutinit.o
LOAD c:/ethernut-4.3.3/build/gcc/atmega2561/lib\libnutpro.a
LOAD c:/ethernut-4.3.3/build/gcc/atmega2561/lib\libnutnet.a
LOAD c:/ethernut-4.3.3/build/gcc/atmega2561/lib\libnutpro.a
LOAD c:/ethernut-4.3.3/build/gcc/atmega2561/lib\libnutfs.a
LOAD c:/ethernut-4.3.3/build/gcc/atmega2561/lib\libnutos.a
LOAD c:/ethernut-4.3.3/build/gcc/atmega2561/lib\libnutdev.a
LOAD c:/ethernut-4.3.3/build/gcc/atmega2561/lib\libnutarch.a
LOAD c:/ethernut-4.3.3/build/gcc/atmega2561/lib\libnutnet.a
LOAD c:/ethernut-4.3.3/build/gcc/atmega2561/lib\libnutcrt.a
LOAD c:/ethernut-4.3.3/build/gcc/atmega2561/lib\libnutdev.a
LOAD c:/winavr-20070525/bin/../lib/gcc/avr/4.1.2/avr6\libgcc.a
LOAD c:/winavr-20070525/bin/../lib/gcc/avr/4.1.2/../../../../avr/lib/avr6\libc.a
LOAD c:/winavr-20070525/bin/../lib/gcc/avr/4.1.2/avr6\libgcc.a

.hash
 *(.hash)

.dynsym
 *(.dynsym)

.dynstr
 *(.dynstr)

.gnu.version
 *(.gnu.version)

.gnu.version_d
 *(.gnu.version_d)

.gnu.version_r
 *(.gnu.version_r)

.rel.init
 *(.rel.init)

.rela.init
 *(.rela.init)

.rel.text
 *(.rel.text)
 *(.rel.text.*)
 *(.rel.gnu.linkonce.t*)

.rela.text
 *(.rela.text)
 *(.rela.text.*)
 *(.rela.gnu.linkonce.t*)

.rel.fini
 *(.rel.fini)

.rela.fini
 *(.rela.fini)

.rel.rodata
 *(.rel.rodata)
 *(.rel.rodata.*)
 *(.rel.gnu.linkonce.r*)

.rela.rodata
 *(.rela.rodata)
 *(.rela.rodata.*)
 *(.rela.gnu.linkonce.r*)

.rel.data
 *(.rel.data)
 *(.rel.data.*)
 *(.rel.gnu.linkonce.d*)

.rela.data
 *(.rela.data)
 *(.rela.data.*)
 *(.rela.gnu.linkonce.d*)

.rel.ctors
 *(.rel.ctors)

.rela.ctors
 *(.rela.ctors)

.rel.dtors
 *(.rel.dtors)

.rela.dtors
 *(.rela.dtors)

.rel.got
 *(.rel.got)

.rela.got
 *(.rela.got)

.rel.bss
 *(.rel.bss)

.rela.bss
 *(.rela.bss)

.rel.plt
 *(.rel.plt)

.rela.plt
 *(.rela.plt)

.text           0x00000000     0x9498
 *(.vectors)
 .vectors       0x00000000       0xcc c:/winavr-20070525/bin/../lib/gcc/avr/4.1.2/../../../../avr/lib/avr6/crtm2561.o
                0x00000000                __vectors
                0x00000000                __vector_default
 *(.vectors)
 *(.progmem.gcc*)
 .progmem.gcc_sw_table
                0x000000cc       0x28 c:/ethernut-4.3.3/build/gcc/atmega2561/lib\libnutarch.a(uartavr.o)
 *(.progmem*)
 .progmem.data  0x000000f4       0xea log.o
 .progmem.data  0x000001de        0xc main.o
 .progmem.data  0x000001ea       0x6e mmc.o
 .progmem.data  0x00000258       0x16 mmcdrv.o
 .progmem.data  0x0000026e        0xe spidrv.o
 .progmem.data  0x0000027c        0x8 uart0driver.o
 .progmem.data  0x00000284      0x541 vs10xx.o
                0x00000284                dtab
                0x000007c6                . = ALIGN (0x2)
 *fill*         0x000007c5        0x1 00
                0x000007c6                __trampolines_start = .
 *(.trampolines)
 .trampolines   0x000007c6        0x0 linker stubs
 *(.trampolines*)
                0x000007c6                __trampolines_end = .
 *(.jumptables)
 *(.jumptables*)
 *(.lowtext)
 *(.lowtext*)
                0x000007c6                __ctors_start = .
 *(.ctors)
                0x000007c6                __ctors_end = .
                0x000007c6                __dtors_start = .
 *(.dtors)
                0x000007c6                __dtors_end = .
 SORT(*)(.ctors)
 SORT(*)(.dtors)
 *(.init0)
 .init0         0x000008c2        0x0 c:/winavr-20070525/bin/../lib/gcc/avr/4.1.2/../../../../avr/lib/avr6/crtm2561.o
                0x000008c2                __init
 *(.init0)
 *(.init1)
 .init1         0x000008c2       0x54 c:/ethernut-4.3.3/build/gcc/atmega2561/lib/nutinit.o
 *(.init1)
 *(.init2)
 .init2         0x00000916        0xc c:/winavr-20070525/bin/../lib/gcc/avr/4.1.2/../../../../avr/lib/avr6/crtm2561.o
 *(.init2)
 *(.init3)
 *(.init3)
 *(.init4)
 .init4         0x00000922       0x1a c:/winavr-20070525/bin/../lib/gcc/avr/4.1.2/../../../../avr/lib/avr6/crtm2561.o
                0x00000922                __do_copy_data
 .init4         0x0000093c       0x10 c:/winavr-20070525/bin/../lib/gcc/avr/4.1.2/avr6\libgcc.a(_clear_bss.o)
                0x0000093c                __do_clear_bss
 *(.init4)
 *(.init5)
 .init5         0x0000094c       0x26 c:/ethernut-4.3.3/build/gcc/atmega2561/lib/nutinit.o
 *(.init5)
 *(.init6)
 *(.init6)
 *(.init7)
 *(.init7)
 *(.init8)
 .init8         0x00000972       0x2c c:/ethernut-4.3.3/build/gcc/atmega2561/lib/nutinit.o
                0x00000972                NutInit
 *(.init8)
 *(.init9)
 .init9         0x0000099e        0x8 c:/winavr-20070525/bin/../lib/gcc/avr/4.1.2/../../../../avr/lib/avr6/crtm2561.o
 *(.init9)
 *(.text)
 .text          0x000009a6        0x4 c:/winavr-20070525/bin/../lib/gcc/avr/4.1.2/../../../../avr/lib/avr6/crtm2561.o
                0x000009a6                __vector_22
                0x000009a6                __vector_28
                0x000009a6                __vector_1
                0x000009a6                __vector_32
                0x000009a6                __vector_34
                0x000009a6                __vector_24
                0x000009a6                __vector_12
                0x000009a6                __vector_46
                0x000009a6                __bad_interrupt
                0x000009a6                __vector_6
                0x000009a6                __vector_31
                0x000009a6                __vector_35
                0x000009a6                __vector_3
                0x000009a6                __vector_30
                0x000009a6                __vector_45
                0x000009a6                __vector_11
                0x000009a6                __vector_17
                0x000009a6                __vector_19
                0x000009a6                __vector_49
                0x000009a6                __vector_41
                0x000009a6                __vector_43
                0x000009a6                __vector_33
                0x000009a6                __vector_47
                0x000009a6                __vector_37
                0x000009a6                __vector_4
                0x000009a6                __vector_44
                0x000009a6                __vector_9
                0x000009a6                __vector_2
                0x000009a6                __vector_21
                0x000009a6                __vector_15
                0x000009a6                __vector_29
                0x000009a6                __vector_40
                0x000009a6                __vector_8
                0x000009a6                __vector_26
                0x000009a6                __vector_48
                0x000009a6                __vector_14
                0x000009a6                __vector_10
                0x000009a6                __vector_50
                0x000009a6                __vector_16
                0x000009a6                __vector_18
                0x000009a6                __vector_20
                0x000009a6                __vector_42
 .text          0x000009aa      0x1b4 display.o
                0x00000a7c                LcdChar
                0x00000ac6                LcdDDRamStartPos
                0x00000a9e                LcdCursorBlink
                0x00000a3a                LcdSetupDisplay
                0x00000ae4                LcdClear
                0x00000a86                LcdStr
                0x00000a28                LcdMoveCursor
                0x00000a4e                LcdMoveCursorPos
                0x00000abc                LcdCursorOff
                0x000009aa                LcdBackLight
                0x00000af4                LcdLowLevelInit
                0x00000a44                LcdMoveCursorHome
 .text          0x00000b5e     0x1616 fat.o
                0x00001780                FATIOCtl
                0x000010fa                FATFree
                0x00000b5e                FATRelease
                0x00001116                FATFileRead
                0x000010f0                FATSemaInit
                0x00001104                FATLock
                0x00001386                FATFileSize
 .text          0x00002174      0x3c2 flash.o
                0x00002174                At45dbChipErase
                0x0000228a                At45dbInit
                0x00002224                At45dbGetStatus
                0x000023fe                At45dbPageWrite
                0x000024fe                At45dbPageErase
                0x00002302                At45dbWaitReady
                0x00002362                At45dbSendCmd
                0x000024b8                At45dbPageRead
 .text          0x00002536      0x32c keyboard.o
                0x00002588                KbInit
                0x000025f2                KbWaitForKeyEvent
                0x0000254e                KbGetKey
                0x00002610                KbScan
                0x00002536                KbSetKeyRepeating
                0x00002556                KbInjectKey
 .text          0x00002862       0x50 led.o
                0x00002862                LedControl
                0x000028aa                LedGetStatus
                0x000028a2                LedInit
 .text          0x000028b2      0x44a log.o
                0x00002ccc                LogClose
                0x000028c4                HexDump
                0x00002a70                LogMsg_P
                0x00002ce2                LogOpen
                0x00002a56                LogChar_P
                0x00002cf0                LogInit
                0x000028b2                LogSetLevel
 .text          0x00002cfc      0x138 main.o
                0x00002d36                NutAppMain
                0x00002cfc                SysInitIO
 .text          0x00002e34      0x1c0 menu.o
                0x00002f2e                init_menu
                0x00002e34                getCurrentName
                0x00002e42                nextMenuItem
                0x00002e8a                ChildNode
                0x00002e66                childMenuItem
                0x00002ec0                Level1Node
 .text          0x00002ff4      0x2ac mmc.o
                0x00002ff4                CardCheckCard
                0x00003092                CardCheckPresent
                0x000030a4                CardClose
                0x000030a6                CardInit
                0x00003126                CardInitCard
                0x00003228                CardPresent
                0x0000309a                CardStatus
 .text          0x000032a0      0x708 mmcdrv.o
                0x0000390a                MMCInit
                0x000032ac                MMCUnMountDevice
                0x00003628                MMCReadSectors
                0x000032a0                MMCIsCDROMDevice
                0x00003426                MMCWriteSectors
                0x00003772                MMCGetSectorSize
                0x000032a6                MMCIsZIPDevice
                0x0000379e                MMCMountAllDevices
                0x00003736                MMCGetTotalSectors
 .text          0x000039a8       0x4c remcon.o
                0x000039aa                RcInit
 .text          0x000039f4      0xbf4 rtc.o
                0x00004502                X12RtcIncrementClock
                0x00003a2a                X12EepromRead
                0x00003bd8                X12RtcGetClock
                0x000042c0                X12RtcSetClock
                0x00003aa4                X12RtcReadRegs
                0x00003fba                X12RtcSetAlarm
                0x000039f4                X12RtcClearStatus
                0x00003b1a                X12RtcGetStatus
                0x00003ba0                X12Init
                0x00003f42                X12RtcWrite
                0x00004418                X12RtcIncrementDate
                0x0000411a                X12RtcGetAlarm
                0x00003e40                X12EepromWrite
 .text          0x000045e8       0x3a showtime.o
                0x000045e8                showTimeAndDate
 .text          0x00004622       0xc2 spidrv.o
                0x00004638                SPIputByte
                0x00004660                SPIinit
                0x00004642                SPIgetByte
                0x00004630                SPIgetmode
                0x00004652                SPItransferByte
                0x00004668                SPIselect
                0x00004622                SPIdeselect
                0x0000462a                SPImode
 .text          0x000046e4      0x11c uart0driver.o
                0x000047e8                Uart0DriverInit
                0x000046ee                Uart0DriverStop
                0x000046e4                Uart0DriverGetStream
                0x00004708                Uart0DriverSetCookedMode
                0x00004750                Uart0DriverStart
 .text          0x00004800      0x6d6 vs10xx.o
                0x0000484a                VsGetStatus
                0x00004a30                VsBeepStart
                0x00004ba6                VsRegInfo
                0x0000482a                VsPlayerStop
                0x00004e76                VsMemoryTest
                0x00004b80                VsGetVolume
                0x00004800                VsPlayerInterrupts
                0x00004af4                VsPlayerReset
                0x0000499a                VsPlayerSetMode
                0x000049c6                VsBeepStartRaw
                0x00004a50                VsBeep
                0x00004dec                VsPlayerKick
                0x0000485c                VsGetTypeHex
                0x00004bce                VsStreamValid
                0x00004c52                VsPlayerInit
                0x00004908                VsRegWrite
                0x0000495a                VsSetVolume
                0x000048a0                VsBeepStop
                0x00004852                VsGetType
 .text          0x00004ed6       0xec watchdog.o
                0x00004f64                WatchDogRestart
                0x00004f88                WatchDogEnable
                0x00004f68                WatchDogDisable
                0x00004ed6                WatchDogStart
 .text          0x00004fc2       0x58 c:/ethernut-4.3.3/build/gcc/atmega2561/lib/nutinit.o
                0x00004fc8                NutIdle
                0x00004fc2                NutThreadSetSleepMode
 .text          0x0000501a      0x202 c:/ethernut-4.3.3/build/gcc/atmega2561/lib\libnutos.a(heap.o)
                0x000051e8                NutHeapAvailable
                0x00005100                NutHeapFree
                0x0000501a                NutHeapAlloc
                0x000051da                NutHeapAdd
                0x000051f2                NutHeapAllocClear
 .text          0x0000521c      0x436 c:/ethernut-4.3.3/build/gcc/atmega2561/lib\libnutos.a(bankmem.o)
                0x0000535a                NutSegBufWriteCommit
                0x000055fa                NutSegBufUsed
                0x0000549e                NutSegBufWriteLast
                0x0000521c                NutSegBufReset
                0x0000560c                NutBufRemovePage
                0x00005290                NutSegBufWriteRequest
                0x000053ea                NutSegBufReadCommit
                0x000052e8                NutSegBufReadRequest
                0x000055d0                NutSegBufAvailable
                0x00005524                NutSegBufReadLast
                0x0000525a                NutSegBufInit
 .text          0x00005652      0x308 c:/ethernut-4.3.3/build/gcc/atmega2561/lib\libnutos.a(thread.o)
                0x00005764                NutThreadWake
                0x00005822                NutThreadSetPriority
                0x000057b8                NutThreadDestroy
                0x00005898                NutThreadExit
                0x000056ee                NutThreadRemoveQueue
                0x00005652                NutThreadAddPriQueue
                0x000058a0                NutThreadResume
                0x000057d6                NutThreadKill
                0x0000592a                NutThreadYield
                0x0000577a                GetThreadByName
 .text          0x0000595a      0x68c c:/ethernut-4.3.3/build/gcc/atmega2561/lib\libnutos.a(timer.o)
                0x000059b6                NutDelay
                0x00005bda                NutSleep
                0x00005adc                NutGetTickCount
                0x00005bb4                NutTimerStart
                0x00005dbe                NutTimerProcessElapsed
                0x00005a5c                NutTimerStop
                0x00005ed6                NutTimerInit
                0x00005c86                NutGetMillis
                0x00005d7e                NutGetSeconds
                0x00005982                NutMicroDelay
                0x000059d2                NutTimerInsert
                0x00005b96                NutTimerStartTicks
                0x00005af8                NutTimerCreate
 .text          0x00005fe6      0x2b8 c:/ethernut-4.3.3/build/gcc/atmega2561/lib\libnutos.a(event.o)
                0x000060ee                NutEventBroadcast
                0x000061aa                NutEventWait
                0x00006084                NutEventBroadcastAsync
                0x0000627c                NutEventWaitNext
                0x00005fe6                NutEventPostAsync
                0x00006104                NutEventPost
                0x0000611a                NutEventTimeout
 .text          0x0000629e       0x90 c:/ethernut-4.3.3/build/gcc/atmega2561/lib\libnutos.a(devreg.o)
                0x000062d6                NutRegisterDevice
                0x0000629e                NutDeviceLookup
 .text          0x0000632e       0x6a c:/ethernut-4.3.3/build/gcc/atmega2561/lib\libnutos.a(confos.o)
                0x00006360                NutLoadConfig
                0x0000632e                NutSaveConfig
 .text          0x00006398      0x18c c:/ethernut-4.3.3/build/gcc/atmega2561/lib\libnutdev.a(ihndlr.o)
                0x00006398                CallHandler
                0x000064b0                NutIrqSetMode
                0x000063f4                NutIrqEnable
                0x00006418                NutIrqDisable
                0x0000643c                NutIrqSetPriority
                0x000063b4                NutRegisterIrqHandler
 .text          0x00006524        0xc c:/ethernut-4.3.3/build/gcc/atmega2561/lib\libnutdev.a(nvmem.o)
                0x0000652a                NutNvMemLoad
                0x00006524                NutNvMemSave
 .text          0x00006530      0x1cc c:/ethernut-4.3.3/build/gcc/atmega2561/lib\libnutarch.a(context_gcc.o)
                0x000065be                NutThreadCreate
                0x00006574                thread_start
                0x00006540                NutThreadSwitch
 .text          0x000066fc       0x96 c:/ethernut-4.3.3/build/gcc/atmega2561/lib\libnutarch.a(ostimer.o)
                0x0000670e                NutGetTickClock
                0x00006718                NutRegisterTimer
                0x00006762                NutTimerMillisToTicks
                0x000066fc                NutGetCpuClock
 .text          0x00006792      0x178 c:/ethernut-4.3.3/build/gcc/atmega2561/lib\libnutarch.a(ih_int4.o)
                0x000068be                __vector_5
 .text          0x0000690a      0x178 c:/ethernut-4.3.3/build/gcc/atmega2561/lib\libnutarch.a(ih_int6.o)
                0x00006a36                __vector_7
 .text          0x00006a82       0xec c:/ethernut-4.3.3/build/gcc/atmega2561/lib\libnutarch.a(ih_timer0_ovf.o)
                0x00006b22                __vector_23
 .text          0x00006b6e       0xec c:/ethernut-4.3.3/build/gcc/atmega2561/lib\libnutarch.a(ih_timer2_comp.o)
                0x00006c0e                __vector_13
 .text          0x00006c5a        0x0 c:/ethernut-4.3.3/build/gcc/atmega2561/lib\libnutarch.a(uart0.o)
 .text          0x00006c5a      0xaee c:/ethernut-4.3.3/build/gcc/atmega2561/lib\libnutarch.a(uartavr.o)
                0x000075e0                UartAvrWrite_P
                0x000075f0                UartAvrWrite
                0x00006df8                UartAvrOpen
                0x0000732e                UartAvrInit
                0x0000743e                UartAvrFlush
                0x00006dcc                UartAvrSize
                0x00006dee                UartAvrClose
                0x00007490                UartAvrPut
                0x0000765c                UartAvrRead
                0x00006ea8                UartAvrIOCtl
                0x00006d46                UartAvrOutput
                0x00007600                UartAvrInput
 .text          0x00007748      0x9ba c:/ethernut-4.3.3/build/gcc/atmega2561/lib\libnutarch.a(twif.o)
                0x00007fc2                TwMasterTransact
                0x00007dba                TwInit
                0x00007e3e                TwSlaveRespond
                0x00007f00                TwSlaveListen
                0x00007bfe                TwMasterError
                0x00007c16                TwIOCtl
                0x00007c0a                TwSlaveError
 .text          0x00008102       0x60 c:/ethernut-4.3.3/build/gcc/atmega2561/lib\libnutarch.a(eeprom.o)
                0x00008102                OnChipNvMemSave
                0x00008142                OnChipNvMemLoad
 .text          0x00008162       0xf4 c:/ethernut-4.3.3/build/gcc/atmega2561/lib\libnutarch.a(ih_twi.o)
                0x0000820a                __vector_39
 .text          0x00008256       0xf4 c:/ethernut-4.3.3/build/gcc/atmega2561/lib\libnutarch.a(ih_usart0_rx.o)
                0x000082fe                __vector_25
 .text          0x0000834a       0xf6 c:/ethernut-4.3.3/build/gcc/atmega2561/lib\libnutarch.a(ih_usart0_tx.o)
                0x000083f4                __vector_27
 .text          0x00008440       0xf4 c:/ethernut-4.3.3/build/gcc/atmega2561/lib\libnutarch.a(ih_usart1_rx.o)
                0x000084e8                __vector_36
 .text          0x00008534       0xf6 c:/ethernut-4.3.3/build/gcc/atmega2561/lib\libnutarch.a(ih_usart1_tx.o)
                0x000085de                __vector_38
 .text          0x0000862a       0x2c c:/ethernut-4.3.3/build/gcc/atmega2561/lib\libnutcrt.a(close.o)
                0x0000862a                _close
 .text          0x00008656       0x24 c:/ethernut-4.3.3/build/gcc/atmega2561/lib\libnutcrt.a(ioctl.o)
                0x00008656                _ioctl
 .text          0x0000867a       0xb0 c:/ethernut-4.3.3/build/gcc/atmega2561/lib\libnutcrt.a(open.o)
                0x0000867a                _open
 .text          0x0000872a       0x80 c:/ethernut-4.3.3/build/gcc/atmega2561/lib\libnutcrt.a(fclose.o)
                0x0000872a                fclose
 .text          0x000087aa       0x22 c:/ethernut-4.3.3/build/gcc/atmega2561/lib\libnutcrt.a(fflush.o)
                0x000087aa                fflush
 .text          0x000087cc        0x8 c:/ethernut-4.3.3/build/gcc/atmega2561/lib\libnutcrt.a(fileno.o)
                0x000087cc                _fileno
 .text          0x000087d4       0xb8 c:/ethernut-4.3.3/build/gcc/atmega2561/lib\libnutcrt.a(fopen.o)
                0x000087d4                fopen
 .text          0x0000888c       0xd6 c:/ethernut-4.3.3/build/gcc/atmega2561/lib\libnutcrt.a(freopen.o)
                0x0000888c                freopen
 .text          0x00008962       0x50 c:/ethernut-4.3.3/build/gcc/atmega2561/lib\libnutcrt.a(fputc.o)
                0x00008962                fputc
 .text          0x000089b2       0x22 c:/ethernut-4.3.3/build/gcc/atmega2561/lib\libnutcrt.a(fputs.o)
                0x000089b2                fputs
 .text          0x000089d4       0x28 c:/ethernut-4.3.3/build/gcc/atmega2561/lib\libnutcrt.a(fputs_p.o)
                0x000089d4                fputs_P
 .text          0x000089fc       0x72 c:/ethernut-4.3.3/build/gcc/atmega2561/lib\libnutcrt.a(vfprintf_p.o)
                0x000089fc                vfprintf_P
 .text          0x00008a6e       0x80 c:/ethernut-4.3.3/build/gcc/atmega2561/lib\libnutcrt.a(time.o)
                0x00008aaa                time
                0x00008a6e                stime
 .text          0x00008aee        0x0 c:/ethernut-4.3.3/build/gcc/atmega2561/lib\libnutcrt.a(errno.o)
 .text          0x00008aee       0x20 c:/ethernut-4.3.3/build/gcc/atmega2561/lib\libnutcrt.a(malloc.o)
                0x00008af4                malloc
                0x00008aee                free
 .text          0x00008b0e      0x6f2 c:/ethernut-4.3.3/build/gcc/atmega2561/lib\libnutcrt.a(putf.o)
                0x00008b5e                _putf
 .text          0x00009200       0x26 c:/ethernut-4.3.3/build/gcc/atmega2561/lib\libnutcrt.a(write.o)
                0x00009200                _write
 .text          0x00009226       0x26 c:/ethernut-4.3.3/build/gcc/atmega2561/lib\libnutcrt.a(write_p.o)
                0x00009226                _write_P
 .text          0x0000924c       0x58 c:/ethernut-4.3.3/build/gcc/atmega2561/lib\libnutcrt.a(fmode.o)
                0x0000924c                _fmode
 .text          0x000092a4        0x0 c:/winavr-20070525/bin/../lib/gcc/avr/4.1.2/avr6\libgcc.a(_mulsi3.o)
 .text          0x000092a4        0x0 c:/winavr-20070525/bin/../lib/gcc/avr/4.1.2/avr6\libgcc.a(_udivmodqi4.o)
 .text          0x000092a4        0x0 c:/winavr-20070525/bin/../lib/gcc/avr/4.1.2/avr6\libgcc.a(_udivmodhi4.o)
 .text          0x000092a4        0x0 c:/winavr-20070525/bin/../lib/gcc/avr/4.1.2/avr6\libgcc.a(_divmodhi4.o)
 .text          0x000092a4        0x0 c:/winavr-20070525/bin/../lib/gcc/avr/4.1.2/avr6\libgcc.a(_udivmodsi4.o)
 .text          0x000092a4        0x0 c:/winavr-20070525/bin/../lib/gcc/avr/4.1.2/avr6\libgcc.a(_exit.o)
 .text          0x000092a4        0x0 c:/winavr-20070525/bin/../lib/gcc/avr/4.1.2/avr6\libgcc.a(_clear_bss.o)
 .text          0x000092a4        0x0 c:/winavr-20070525/bin/../lib/gcc/avr/4.1.2/../../../../avr/lib/avr6\libc.a(toupper.o)
 .text          0x000092a4       0x12 c:/winavr-20070525/bin/../lib/gcc/avr/4.1.2/../../../../avr/lib/avr6\libc.a(memcpy_P.o)
                0x000092a4                memcpy_P
 .text          0x000092b6        0xe c:/winavr-20070525/bin/../lib/gcc/avr/4.1.2/../../../../avr/lib/avr6\libc.a(strcpy_P.o)
                0x000092b6                strcpy_P
 .text          0x000092c4       0x12 c:/winavr-20070525/bin/../lib/gcc/avr/4.1.2/../../../../avr/lib/avr6\libc.a(strlen_P.o)
                0x000092c4                strlen_P
 .text          0x000092d6       0x1a c:/winavr-20070525/bin/../lib/gcc/avr/4.1.2/../../../../avr/lib/avr6\libc.a(memchr.o)
                0x000092d6                memchr
 .text          0x000092f0       0x1a c:/winavr-20070525/bin/../lib/gcc/avr/4.1.2/../../../../avr/lib/avr6\libc.a(memcmp.o)
                0x000092f0                memcmp
 .text          0x0000930a       0x12 c:/winavr-20070525/bin/../lib/gcc/avr/4.1.2/../../../../avr/lib/avr6\libc.a(memcpy.o)
                0x0000930a                memcpy
 .text          0x0000931c        0xe c:/winavr-20070525/bin/../lib/gcc/avr/4.1.2/../../../../avr/lib/avr6\libc.a(memset.o)
                0x0000931c                memset
 .text          0x0000932a       0x16 c:/winavr-20070525/bin/../lib/gcc/avr/4.1.2/../../../../avr/lib/avr6\libc.a(strchr.o)
                0x0000932a                strchr
 .text          0x00009340       0x12 c:/winavr-20070525/bin/../lib/gcc/avr/4.1.2/../../../../avr/lib/avr6\libc.a(strcmp.o)
                0x00009340                strcmp
 .text          0x00009352        0xe c:/winavr-20070525/bin/../lib/gcc/avr/4.1.2/../../../../avr/lib/avr6\libc.a(strcpy.o)
                0x00009352                strcpy
 .text          0x00009360        0x0 c:/winavr-20070525/bin/../lib/gcc/avr/4.1.2/../../../../avr/lib/avr6\libc.a(ee_rb.1F2021.o)
 .text          0x00009360        0x0 c:/winavr-20070525/bin/../lib/gcc/avr/4.1.2/../../../../avr/lib/avr6\libc.a(ee_wb.1F2021.o)
 .text          0x00009360        0x0 c:/winavr-20070525/bin/../lib/gcc/avr/4.1.2/../../../../avr/lib/avr6\libc.a(isalpha.o)
 .text          0x00009360        0x0 c:/winavr-20070525/bin/../lib/gcc/avr/4.1.2/../../../../avr/lib/avr6\libc.a(cty_isfalse.o)
                0x00009360                . = ALIGN (0x2)
 *(.text.*)
 .text.libgcc   0x00009360       0x3e c:/winavr-20070525/bin/../lib/gcc/avr/4.1.2/avr6\libgcc.a(_mulsi3.o)
                0x00009360                __mulsi3
 .text.libgcc   0x0000939e       0x18 c:/winavr-20070525/bin/../lib/gcc/avr/4.1.2/avr6\libgcc.a(_udivmodqi4.o)
                0x0000939e                __udivmodqi4
 .text.libgcc   0x000093b6       0x28 c:/winavr-20070525/bin/../lib/gcc/avr/4.1.2/avr6\libgcc.a(_udivmodhi4.o)
                0x000093b6                __udivmodhi4
 .text.libgcc   0x000093de       0x26 c:/winavr-20070525/bin/../lib/gcc/avr/4.1.2/avr6\libgcc.a(_divmodhi4.o)
                0x000093de                __divmodhi4
                0x000093de                _div
 .text.libgcc   0x00009404       0x44 c:/winavr-20070525/bin/../lib/gcc/avr/4.1.2/avr6\libgcc.a(_udivmodsi4.o)
                0x00009404                __udivmodsi4
 .text.libgcc   0x00009448        0x0 c:/winavr-20070525/bin/../lib/gcc/avr/4.1.2/avr6\libgcc.a(_exit.o)
 .text.libgcc   0x00009448        0x0 c:/winavr-20070525/bin/../lib/gcc/avr/4.1.2/avr6\libgcc.a(_clear_bss.o)
 .text.ctype    0x00009448        0xc c:/winavr-20070525/bin/../lib/gcc/avr/4.1.2/../../../../avr/lib/avr6\libc.a(toupper.o)
                0x00009448                toupper
 .text.eeprom   0x00009454       0x10 c:/winavr-20070525/bin/../lib/gcc/avr/4.1.2/../../../../avr/lib/avr6\libc.a(ee_rb.1F2021.o)
                0x00009454                __eeprom_read_byte_1F2021
 .text.eeprom   0x00009464       0x18 c:/winavr-20070525/bin/../lib/gcc/avr/4.1.2/../../../../avr/lib/avr6\libc.a(ee_wb.1F2021.o)
                0x00009464                __eeprom_write_byte_1F2021
 .text.ctype    0x0000947c       0x14 c:/winavr-20070525/bin/../lib/gcc/avr/4.1.2/../../../../avr/lib/avr6\libc.a(isalpha.o)
                0x00009482                islower
                0x0000947c                isupper
                0x00009480                isalpha
 .text.ctype    0x00009490        0x6 c:/winavr-20070525/bin/../lib/gcc/avr/4.1.2/../../../../avr/lib/avr6\libc.a(cty_isfalse.o)
                0x00009494                __ctype_istrue
                0x00009490                __ctype_isfalse
                0x00009496                . = ALIGN (0x2)
 *(.fini9)
 .fini9         0x00009496        0x0 c:/winavr-20070525/bin/../lib/gcc/avr/4.1.2/avr6\libgcc.a(_exit.o)
                0x00009496                exit
                0x00009496                _exit
 *(.fini9)
 *(.fini8)
 *(.fini8)
 *(.fini7)
 *(.fini7)
 *(.fini6)
 *(.fini6)
 *(.fini5)
 *(.fini5)
 *(.fini4)
 *(.fini4)
 *(.fini3)
 *(.fini3)
 *(.fini2)
 *(.fini2)
 *(.fini1)
 *(.fini1)
 *(.fini0)
 .fini0         0x00009496        0x2 c:/winavr-20070525/bin/../lib/gcc/avr/4.1.2/avr6\libgcc.a(_exit.o)
 *(.fini0)
                0x00009498                _etext = .

.data           0x00800200      0x1ba load address 0x00009498
                0x00800200                PROVIDE (__data_start, .)
 *(.data)
 .data          0x00800200        0x0 c:/winavr-20070525/bin/../lib/gcc/avr/4.1.2/../../../../avr/lib/avr6/crtm2561.o
 .data          0x00800200        0x0 display.o
 .data          0x00800200       0x64 fat.o
                0x00800200                devFAT
                0x00800223                devFATMMC0
 .data          0x00800264       0x50 flash.o
                0x00800264                at45_devt
 .data          0x008002b4        0x0 keyboard.o
 .data          0x008002b4        0x0 led.o
 .data          0x008002b4       0x10 log.o
 .data          0x008002c4        0x0 main.o
 .data          0x008002c4       0x2f menu.o
 .data          0x008002f3        0x0 mmc.o
 .data          0x008002f3        0x0 mmcdrv.o
 .data          0x008002f3        0x0 remcon.o
 .data          0x008002f3        0x0 rtc.o
 .data          0x008002f3        0x0 showtime.o
 .data          0x008002f3        0x0 spidrv.o
 .data          0x008002f3        0x0 uart0driver.o
 .data          0x008002f3        0x0 vs10xx.o
 .data          0x008002f3        0x0 watchdog.o
 .data          0x008002f3       0x14 c:/ethernut-4.3.3/build/gcc/atmega2561/lib/nutinit.o
                0x00800306                idle_sleep_mode
 .data          0x00800307        0x0 c:/ethernut-4.3.3/build/gcc/atmega2561/lib\libnutos.a(heap.o)
 .data          0x00800307        0x0 c:/ethernut-4.3.3/build/gcc/atmega2561/lib\libnutos.a(bankmem.o)
 .data          0x00800307        0x0 c:/ethernut-4.3.3/build/gcc/atmega2561/lib\libnutos.a(thread.o)
 .data          0x00800307        0x0 c:/ethernut-4.3.3/build/gcc/atmega2561/lib\libnutos.a(timer.o)
 .data          0x00800307        0x0 c:/ethernut-4.3.3/build/gcc/atmega2561/lib\libnutos.a(event.o)
 .data          0x00800307        0x0 c:/ethernut-4.3.3/build/gcc/atmega2561/lib\libnutos.a(devreg.o)
 .data          0x00800307        0x0 c:/ethernut-4.3.3/build/gcc/atmega2561/lib\libnutos.a(confos.o)
 .data          0x00800307        0x0 c:/ethernut-4.3.3/build/gcc/atmega2561/lib\libnutdev.a(ihndlr.o)
 .data          0x00800307        0x0 c:/ethernut-4.3.3/build/gcc/atmega2561/lib\libnutdev.a(nvmem.o)
 .data          0x00800307        0x0 c:/ethernut-4.3.3/build/gcc/atmega2561/lib\libnutarch.a(context_gcc.o)
 .data          0x00800307        0x0 c:/ethernut-4.3.3/build/gcc/atmega2561/lib\libnutarch.a(ostimer.o)
 .data          0x00800307        0x6 c:/ethernut-4.3.3/build/gcc/atmega2561/lib\libnutarch.a(ih_int4.o)
                0x00800307                sig_INTERRUPT4
 .data          0x0080030d        0x6 c:/ethernut-4.3.3/build/gcc/atmega2561/lib\libnutarch.a(ih_int6.o)
                0x0080030d                sig_INTERRUPT6
 .data          0x00800313        0x6 c:/ethernut-4.3.3/build/gcc/atmega2561/lib\libnutarch.a(ih_timer0_ovf.o)
                0x00800313                sig_OVERFLOW0
 .data          0x00800319        0x6 c:/ethernut-4.3.3/build/gcc/atmega2561/lib\libnutarch.a(ih_timer2_comp.o)
                0x00800319                sig_OUTPUT_COMPARE2
 .data          0x0080031f       0x23 c:/ethernut-4.3.3/build/gcc/atmega2561/lib\libnutarch.a(uart0.o)
                0x0080031f                devUart0
 .data          0x00800342        0x0 c:/ethernut-4.3.3/build/gcc/atmega2561/lib\libnutarch.a(uartavr.o)
 .data          0x00800342        0x0 c:/ethernut-4.3.3/build/gcc/atmega2561/lib\libnutarch.a(twif.o)
 .data          0x00800342        0x0 c:/ethernut-4.3.3/build/gcc/atmega2561/lib\libnutarch.a(eeprom.o)
 .data          0x00800342        0x6 c:/ethernut-4.3.3/build/gcc/atmega2561/lib\libnutarch.a(ih_twi.o)
                0x00800342                sig_2WIRE_SERIAL
 .data          0x00800348        0x6 c:/ethernut-4.3.3/build/gcc/atmega2561/lib\libnutarch.a(ih_usart0_rx.o)
                0x00800348                sig_UART0_RECV
 .data          0x0080034e        0x6 c:/ethernut-4.3.3/build/gcc/atmega2561/lib\libnutarch.a(ih_usart0_tx.o)
                0x0080034e                sig_UART0_TRANS
 .data          0x00800354        0x6 c:/ethernut-4.3.3/build/gcc/atmega2561/lib\libnutarch.a(ih_usart1_rx.o)
                0x00800354                sig_UART1_RECV
 .data          0x0080035a        0x6 c:/ethernut-4.3.3/build/gcc/atmega2561/lib\libnutarch.a(ih_usart1_tx.o)
                0x0080035a                sig_UART1_TRANS
 .data          0x00800360        0x0 c:/ethernut-4.3.3/build/gcc/atmega2561/lib\libnutcrt.a(close.o)
 .data          0x00800360        0x0 c:/ethernut-4.3.3/build/gcc/atmega2561/lib\libnutcrt.a(ioctl.o)
 .data          0x00800360        0x0 c:/ethernut-4.3.3/build/gcc/atmega2561/lib\libnutcrt.a(open.o)
 .data          0x00800360        0x0 c:/ethernut-4.3.3/build/gcc/atmega2561/lib\libnutcrt.a(fclose.o)
 .data          0x00800360        0x0 c:/ethernut-4.3.3/build/gcc/atmega2561/lib\libnutcrt.a(fflush.o)
 .data          0x00800360        0x0 c:/ethernut-4.3.3/build/gcc/atmega2561/lib\libnutcrt.a(fileno.o)
 .data          0x00800360       0x10 c:/ethernut-4.3.3/build/gcc/atmega2561/lib\libnutcrt.a(fopen.o)
                0x00800360                __iob
 .data          0x00800370        0x0 c:/ethernut-4.3.3/build/gcc/atmega2561/lib\libnutcrt.a(freopen.o)
 .data          0x00800370        0x0 c:/ethernut-4.3.3/build/gcc/atmega2561/lib\libnutcrt.a(fputc.o)
 .data          0x00800370        0x0 c:/ethernut-4.3.3/build/gcc/atmega2561/lib\libnutcrt.a(fputs.o)
 .data          0x00800370        0x0 c:/ethernut-4.3.3/build/gcc/atmega2561/lib\libnutcrt.a(fputs_p.o)
 .data          0x00800370        0x0 c:/ethernut-4.3.3/build/gcc/atmega2561/lib\libnutcrt.a(vfprintf_p.o)
 .data          0x00800370        0x0 c:/ethernut-4.3.3/build/gcc/atmega2561/lib\libnutcrt.a(time.o)
 .data          0x00800370        0x0 c:/ethernut-4.3.3/build/gcc/atmega2561/lib\libnutcrt.a(errno.o)
 .data          0x00800370        0x0 c:/ethernut-4.3.3/build/gcc/atmega2561/lib\libnutcrt.a(malloc.o)
 .data          0x00800370       0x49 c:/ethernut-4.3.3/build/gcc/atmega2561/lib\libnutcrt.a(putf.o)
 .data          0x008003b9        0x0 c:/ethernut-4.3.3/build/gcc/atmega2561/lib\libnutcrt.a(write.o)
 .data          0x008003b9        0x0 c:/ethernut-4.3.3/build/gcc/atmega2561/lib\libnutcrt.a(write_p.o)
 .data          0x008003b9        0x0 c:/ethernut-4.3.3/build/gcc/atmega2561/lib\libnutcrt.a(fmode.o)
 .data          0x008003b9        0x0 c:/winavr-20070525/bin/../lib/gcc/avr/4.1.2/avr6\libgcc.a(_mulsi3.o)
 .data          0x008003b9        0x0 c:/winavr-20070525/bin/../lib/gcc/avr/4.1.2/avr6\libgcc.a(_udivmodqi4.o)
 .data          0x008003b9        0x0 c:/winavr-20070525/bin/../lib/gcc/avr/4.1.2/avr6\libgcc.a(_udivmodhi4.o)
 .data          0x008003b9        0x0 c:/winavr-20070525/bin/../lib/gcc/avr/4.1.2/avr6\libgcc.a(_divmodhi4.o)
 .data          0x008003b9        0x0 c:/winavr-20070525/bin/../lib/gcc/avr/4.1.2/avr6\libgcc.a(_udivmodsi4.o)
 .data          0x008003b9        0x0 c:/winavr-20070525/bin/../lib/gcc/avr/4.1.2/avr6\libgcc.a(_exit.o)
 .data          0x008003b9        0x0 c:/winavr-20070525/bin/../lib/gcc/avr/4.1.2/avr6\libgcc.a(_clear_bss.o)
 .data          0x008003b9        0x0 c:/winavr-20070525/bin/../lib/gcc/avr/4.1.2/../../../../avr/lib/avr6\libc.a(toupper.o)
 .data          0x008003b9        0x0 c:/winavr-20070525/bin/../lib/gcc/avr/4.1.2/../../../../avr/lib/avr6\libc.a(memcpy_P.o)
 .data          0x008003b9        0x0 c:/winavr-20070525/bin/../lib/gcc/avr/4.1.2/../../../../avr/lib/avr6\libc.a(strcpy_P.o)
 .data          0x008003b9        0x0 c:/winavr-20070525/bin/../lib/gcc/avr/4.1.2/../../../../avr/lib/avr6\libc.a(strlen_P.o)
 .data          0x008003b9        0x0 c:/winavr-20070525/bin/../lib/gcc/avr/4.1.2/../../../../avr/lib/avr6\libc.a(memchr.o)
 .data          0x008003b9        0x0 c:/winavr-20070525/bin/../lib/gcc/avr/4.1.2/../../../../avr/lib/avr6\libc.a(memcmp.o)
 .data          0x008003b9        0x0 c:/winavr-20070525/bin/../lib/gcc/avr/4.1.2/../../../../avr/lib/avr6\libc.a(memcpy.o)
 .data          0x008003b9        0x0 c:/winavr-20070525/bin/../lib/gcc/avr/4.1.2/../../../../avr/lib/avr6\libc.a(memset.o)
 .data          0x008003b9        0x0 c:/winavr-20070525/bin/../lib/gcc/avr/4.1.2/../../../../avr/lib/avr6\libc.a(strchr.o)
 .data          0x008003b9        0x0 c:/winavr-20070525/bin/../lib/gcc/avr/4.1.2/../../../../avr/lib/avr6\libc.a(strcmp.o)
 .data          0x008003b9        0x0 c:/winavr-20070525/bin/../lib/gcc/avr/4.1.2/../../../../avr/lib/avr6\libc.a(strcpy.o)
 .data          0x008003b9        0x0 c:/winavr-20070525/bin/../lib/gcc/avr/4.1.2/../../../../avr/lib/avr6\libc.a(ee_rb.1F2021.o)
 .data          0x008003b9        0x0 c:/winavr-20070525/bin/../lib/gcc/avr/4.1.2/../../../../avr/lib/avr6\libc.a(ee_wb.1F2021.o)
 .data          0x008003b9        0x0 c:/winavr-20070525/bin/../lib/gcc/avr/4.1.2/../../../../avr/lib/avr6\libc.a(isalpha.o)
 .data          0x008003b9        0x0 c:/winavr-20070525/bin/../lib/gcc/avr/4.1.2/../../../../avr/lib/avr6\libc.a(cty_isfalse.o)
 *(.data*)
 *(.rodata)
 *(.rodata*)
 *(.gnu.linkonce.d*)
                0x008003ba                . = ALIGN (0x2)
 *fill*         0x008003b9        0x1 00
                0x008003ba                _edata = .
                0x008003ba                PROVIDE (__data_end, .)

.bss            0x008003ba      0x390
                0x008003ba                PROVIDE (__bss_start, .)
 *(.bss)
 .bss           0x008003ba        0x0 c:/winavr-20070525/bin/../lib/gcc/avr/4.1.2/../../../../avr/lib/avr6/crtm2561.o
 .bss           0x008003ba        0x0 display.o
 .bss           0x008003ba       0x70 fat.o
 .bss           0x0080042a        0xa flash.o
 .bss           0x00800434       0x18 keyboard.o
 .bss           0x0080044c        0x1 led.o
 .bss           0x0080044d        0x3 log.o
 .bss           0x00800450        0x0 main.o
 .bss           0x00800450        0x4 menu.o
                0x00800452                head
                0x00800450                currentMenuItem
 .bss           0x00800454        0x7 mmc.o
 .bss           0x0080045b        0xf mmcdrv.o
 .bss           0x0080046a        0x2 remcon.o
 .bss           0x0080046c        0x4 rtc.o
 .bss           0x00800470        0x0 showtime.o
 .bss           0x00800470        0x1 spidrv.o
 .bss           0x00800471        0x2 uart0driver.o
 .bss           0x00800473        0x3 vs10xx.o
 .bss           0x00800476        0x2 watchdog.o
 .bss           0x00800478        0x1 c:/ethernut-4.3.3/build/gcc/atmega2561/lib/nutinit.o
                0x00800478                ms62_5
 .bss           0x00800479        0x2 c:/ethernut-4.3.3/build/gcc/atmega2561/lib\libnutos.a(heap.o)
 .bss           0x0080047b       0x13 c:/ethernut-4.3.3/build/gcc/atmega2561/lib\libnutos.a(bankmem.o)
 .bss           0x0080048e        0x0 c:/ethernut-4.3.3/build/gcc/atmega2561/lib\libnutos.a(thread.o)
 .bss           0x0080048e        0x4 c:/ethernut-4.3.3/build/gcc/atmega2561/lib\libnutos.a(timer.o)
 .bss           0x00800492        0x0 c:/ethernut-4.3.3/build/gcc/atmega2561/lib\libnutos.a(event.o)
 .bss           0x00800492        0x2 c:/ethernut-4.3.3/build/gcc/atmega2561/lib\libnutos.a(devreg.o)
                0x00800492                nutDeviceList
 .bss           0x00800494        0x0 c:/ethernut-4.3.3/build/gcc/atmega2561/lib\libnutos.a(confos.o)
 .bss           0x00800494        0x0 c:/ethernut-4.3.3/build/gcc/atmega2561/lib\libnutdev.a(ihndlr.o)
 .bss           0x00800494        0x0 c:/ethernut-4.3.3/build/gcc/atmega2561/lib\libnutdev.a(nvmem.o)
 .bss           0x00800494        0x0 c:/ethernut-4.3.3/build/gcc/atmega2561/lib\libnutarch.a(context_gcc.o)
 .bss           0x00800494        0x4 c:/ethernut-4.3.3/build/gcc/atmega2561/lib\libnutarch.a(ostimer.o)
 .bss           0x00800498        0x0 c:/ethernut-4.3.3/build/gcc/atmega2561/lib\libnutarch.a(ih_int4.o)
 .bss           0x00800498        0x0 c:/ethernut-4.3.3/build/gcc/atmega2561/lib\libnutarch.a(ih_int6.o)
 .bss           0x00800498        0x0 c:/ethernut-4.3.3/build/gcc/atmega2561/lib\libnutarch.a(ih_timer0_ovf.o)
 .bss           0x00800498        0x0 c:/ethernut-4.3.3/build/gcc/atmega2561/lib\libnutarch.a(ih_timer2_comp.o)
 .bss           0x00800498      0x21c c:/ethernut-4.3.3/build/gcc/atmega2561/lib\libnutarch.a(uart0.o)
 .bss           0x008006b4        0x0 c:/ethernut-4.3.3/build/gcc/atmega2561/lib\libnutarch.a(uartavr.o)
 .bss           0x008006b4       0x1f c:/ethernut-4.3.3/build/gcc/atmega2561/lib\libnutarch.a(twif.o)
 .bss           0x008006d3        0x0 c:/ethernut-4.3.3/build/gcc/atmega2561/lib\libnutarch.a(eeprom.o)
 .bss           0x008006d3        0x0 c:/ethernut-4.3.3/build/gcc/atmega2561/lib\libnutarch.a(ih_twi.o)
 .bss           0x008006d3        0x0 c:/ethernut-4.3.3/build/gcc/atmega2561/lib\libnutarch.a(ih_usart0_rx.o)
 .bss           0x008006d3        0x0 c:/ethernut-4.3.3/build/gcc/atmega2561/lib\libnutarch.a(ih_usart0_tx.o)
 .bss           0x008006d3        0x0 c:/ethernut-4.3.3/build/gcc/atmega2561/lib\libnutarch.a(ih_usart1_rx.o)
 .bss           0x008006d3        0x0 c:/ethernut-4.3.3/build/gcc/atmega2561/lib\libnutarch.a(ih_usart1_tx.o)
 .bss           0x008006d3        0x0 c:/ethernut-4.3.3/build/gcc/atmega2561/lib\libnutcrt.a(close.o)
 .bss           0x008006d3        0x0 c:/ethernut-4.3.3/build/gcc/atmega2561/lib\libnutcrt.a(ioctl.o)
 .bss           0x008006d3        0x0 c:/ethernut-4.3.3/build/gcc/atmega2561/lib\libnutcrt.a(open.o)
 .bss           0x008006d3        0x0 c:/ethernut-4.3.3/build/gcc/atmega2561/lib\libnutcrt.a(fclose.o)
 .bss           0x008006d3        0x0 c:/ethernut-4.3.3/build/gcc/atmega2561/lib\libnutcrt.a(fflush.o)
 .bss           0x008006d3        0x0 c:/ethernut-4.3.3/build/gcc/atmega2561/lib\libnutcrt.a(fileno.o)
 .bss           0x008006d3        0x0 c:/ethernut-4.3.3/build/gcc/atmega2561/lib\libnutcrt.a(fopen.o)
 .bss           0x008006d3        0x0 c:/ethernut-4.3.3/build/gcc/atmega2561/lib\libnutcrt.a(freopen.o)
 .bss           0x008006d3        0x0 c:/ethernut-4.3.3/build/gcc/atmega2561/lib\libnutcrt.a(fputc.o)
 .bss           0x008006d3        0x0 c:/ethernut-4.3.3/build/gcc/atmega2561/lib\libnutcrt.a(fputs.o)
 .bss           0x008006d3        0x0 c:/ethernut-4.3.3/build/gcc/atmega2561/lib\libnutcrt.a(fputs_p.o)
 .bss           0x008006d3        0x0 c:/ethernut-4.3.3/build/gcc/atmega2561/lib\libnutcrt.a(vfprintf_p.o)
 .bss           0x008006d3        0x4 c:/ethernut-4.3.3/build/gcc/atmega2561/lib\libnutcrt.a(time.o)
 .bss           0x008006d7        0x0 c:/ethernut-4.3.3/build/gcc/atmega2561/lib\libnutcrt.a(errno.o)
 .bss           0x008006d7        0x0 c:/ethernut-4.3.3/build/gcc/atmega2561/lib\libnutcrt.a(malloc.o)
 .bss           0x008006d7        0x0 c:/ethernut-4.3.3/build/gcc/atmega2561/lib\libnutcrt.a(putf.o)
 .bss           0x008006d7        0x0 c:/ethernut-4.3.3/build/gcc/atmega2561/lib\libnutcrt.a(write.o)
 .bss           0x008006d7        0x0 c:/ethernut-4.3.3/build/gcc/atmega2561/lib\libnutcrt.a(write_p.o)
 .bss           0x008006d7        0x0 c:/ethernut-4.3.3/build/gcc/atmega2561/lib\libnutcrt.a(fmode.o)
 .bss           0x008006d7        0x0 c:/winavr-20070525/bin/../lib/gcc/avr/4.1.2/avr6\libgcc.a(_mulsi3.o)
 .bss           0x008006d7        0x0 c:/winavr-20070525/bin/../lib/gcc/avr/4.1.2/avr6\libgcc.a(_udivmodqi4.o)
 .bss           0x008006d7        0x0 c:/winavr-20070525/bin/../lib/gcc/avr/4.1.2/avr6\libgcc.a(_udivmodhi4.o)
 .bss           0x008006d7        0x0 c:/winavr-20070525/bin/../lib/gcc/avr/4.1.2/avr6\libgcc.a(_divmodhi4.o)
 .bss           0x008006d7        0x0 c:/winavr-20070525/bin/../lib/gcc/avr/4.1.2/avr6\libgcc.a(_udivmodsi4.o)
 .bss           0x008006d7        0x0 c:/winavr-20070525/bin/../lib/gcc/avr/4.1.2/avr6\libgcc.a(_exit.o)
 .bss           0x008006d7        0x0 c:/winavr-20070525/bin/../lib/gcc/avr/4.1.2/avr6\libgcc.a(_clear_bss.o)
 .bss           0x008006d7        0x0 c:/winavr-20070525/bin/../lib/gcc/avr/4.1.2/../../../../avr/lib/avr6\libc.a(toupper.o)
 .bss           0x008006d7        0x0 c:/winavr-20070525/bin/../lib/gcc/avr/4.1.2/../../../../avr/lib/avr6\libc.a(memcpy_P.o)
 .bss           0x008006d7        0x0 c:/winavr-20070525/bin/../lib/gcc/avr/4.1.2/../../../../avr/lib/avr6\libc.a(strcpy_P.o)
 .bss           0x008006d7        0x0 c:/winavr-20070525/bin/../lib/gcc/avr/4.1.2/../../../../avr/lib/avr6\libc.a(strlen_P.o)
 .bss           0x008006d7        0x0 c:/winavr-20070525/bin/../lib/gcc/avr/4.1.2/../../../../avr/lib/avr6\libc.a(memchr.o)
 .bss           0x008006d7        0x0 c:/winavr-20070525/bin/../lib/gcc/avr/4.1.2/../../../../avr/lib/avr6\libc.a(memcmp.o)
 .bss           0x008006d7        0x0 c:/winavr-20070525/bin/../lib/gcc/avr/4.1.2/../../../../avr/lib/avr6\libc.a(memcpy.o)
 .bss           0x008006d7        0x0 c:/winavr-20070525/bin/../lib/gcc/avr/4.1.2/../../../../avr/lib/avr6\libc.a(memset.o)
 .bss           0x008006d7        0x0 c:/winavr-20070525/bin/../lib/gcc/avr/4.1.2/../../../../avr/lib/avr6\libc.a(strchr.o)
 .bss           0x008006d7        0x0 c:/winavr-20070525/bin/../lib/gcc/avr/4.1.2/../../../../avr/lib/avr6\libc.a(strcmp.o)
 .bss           0x008006d7        0x0 c:/winavr-20070525/bin/../lib/gcc/avr/4.1.2/../../../../avr/lib/avr6\libc.a(strcpy.o)
 .bss           0x008006d7        0x0 c:/winavr-20070525/bin/../lib/gcc/avr/4.1.2/../../../../avr/lib/avr6\libc.a(ee_rb.1F2021.o)
 .bss           0x008006d7        0x0 c:/winavr-20070525/bin/../lib/gcc/avr/4.1.2/../../../../avr/lib/avr6\libc.a(ee_wb.1F2021.o)
 .bss           0x008006d7        0x0 c:/winavr-20070525/bin/../lib/gcc/avr/4.1.2/../../../../avr/lib/avr6\libc.a(isalpha.o)
 .bss           0x008006d7        0x0 c:/winavr-20070525/bin/../lib/gcc/avr/4.1.2/../../../../avr/lib/avr6\libc.a(cty_isfalse.o)
 *(.bss*)
 *(COMMON)
 COMMON         0x008006d7        0x2 main.o
                0x008006d7                menuItemIndex
 COMMON         0x008006d9       0x40 c:/ethernut-4.3.3/build/gcc/atmega2561/lib/nutinit.o
                0x008006d9                nutmem_onchip
 COMMON         0x00800719        0x2 c:/ethernut-4.3.3/build/gcc/atmega2561/lib\libnutos.a(heap.o)
                0x00800719                heapFreeList
 COMMON         0x0080071b        0x8 c:/ethernut-4.3.3/build/gcc/atmega2561/lib\libnutos.a(thread.o)
                0x0080071b                nutThreadList
                0x0080071d                runQueue
                0x0080071f                runningThread
                0x00800721                killedThread
 COMMON         0x00800723        0xa c:/ethernut-4.3.3/build/gcc/atmega2561/lib\libnutos.a(timer.o)
                0x00800723                nut_delay_loops
                0x00800727                nutTimerList
                0x00800729                nut_ticks
 COMMON         0x0080072d       0x13 c:/ethernut-4.3.3/build/gcc/atmega2561/lib\libnutos.a(confos.o)
                0x0080072d                confos
 COMMON         0x00800740        0x8 c:/ethernut-4.3.3/build/gcc/atmega2561/lib\libnutarch.a(twif.o)
                0x00800740                tw_mm_mutex
                0x00800742                tw_mm_que
                0x00800744                tw_sr_que
                0x00800746                tw_st_que
 COMMON         0x00800748        0x2 c:/ethernut-4.3.3/build/gcc/atmega2561/lib\libnutcrt.a(errno.o)
                0x00800748                errno
                0x0080074a                PROVIDE (__bss_end, .)
                0x00009498                __data_load_start = LOADADDR (.data)
                0x00009652                __data_load_end = (__data_load_start + SIZEOF (.data))

.noinit         0x0080074a        0x0
                0x0080074a                PROVIDE (__noinit_start, .)
 *(.noinit*)
                0x0080074a                PROVIDE (__noinit_end, .)
                0x0080074a                _end = .
                0x0080074a                PROVIDE (__heap_start, .)

.eeprom         0x00810000        0x0
 *(.eeprom*)
                0x00810000                __eeprom_end = .

.stab           0x00000000      0x414
 *(.stab)
 .stab          0x00000000      0x414 c:/winavr-20070525/bin/../lib/gcc/avr/4.1.2/../../../../avr/lib/avr6/crtm2561.o

.stabstr        0x00000000       0x71
 *(.stabstr)
 .stabstr       0x00000000       0x71 c:/winavr-20070525/bin/../lib/gcc/avr/4.1.2/../../../../avr/lib/avr6/crtm2561.o

.stab.excl
 *(.stab.excl)

.stab.exclstr
 *(.stab.exclstr)

.stab.index
 *(.stab.index)

.stab.indexstr
 *(.stab.indexstr)

.comment
 *(.comment)

.debug
 *(.debug)

.line
 *(.line)

.debug_srcinfo
 *(.debug_srcinfo)

.debug_sfnames
 *(.debug_sfnames)

.debug_aranges
 *(.debug_aranges)

.debug_pubnames
 *(.debug_pubnames)

.debug_info
 *(.debug_info)
 *(.gnu.linkonce.wi.*)

.debug_abbrev
 *(.debug_abbrev)

.debug_line
 *(.debug_line)

.debug_frame
 *(.debug_frame)

.debug_str
 *(.debug_str)

.debug_loc
 *(.debug_loc)

.debug_macinfo
 *(.debug_macinfo)
OUTPUT(ipac.elf elf32-avr)
LOAD linker stubs

Cross Reference Table

Symbol                                            File
At45dbChipErase                                   flash.o
At45dbGetStatus                                   flash.o
At45dbInit                                        flash.o
                                                  main.o
At45dbPageErase                                   flash.o
At45dbPageRead                                    flash.o
At45dbPageWrite                                   flash.o
At45dbSendCmd                                     flash.o
At45dbWaitReady                                   flash.o
CallHandler                                       c:/ethernut-4.3.3/build/gcc/atmega2561/lib\libnutdev.a(ihndlr.o)
                                                  c:/ethernut-4.3.3/build/gcc/atmega2561/lib\libnutarch.a(ih_usart1_tx.o)
                                                  c:/ethernut-4.3.3/build/gcc/atmega2561/lib\libnutarch.a(ih_usart1_rx.o)
                                                  c:/ethernut-4.3.3/build/gcc/atmega2561/lib\libnutarch.a(ih_usart0_tx.o)
                                                  c:/ethernut-4.3.3/build/gcc/atmega2561/lib\libnutarch.a(ih_usart0_rx.o)
                                                  c:/ethernut-4.3.3/build/gcc/atmega2561/lib\libnutarch.a(ih_twi.o)
                                                  c:/ethernut-4.3.3/build/gcc/atmega2561/lib\libnutarch.a(ih_timer2_comp.o)
                                                  c:/ethernut-4.3.3/build/gcc/atmega2561/lib\libnutarch.a(ih_timer0_ovf.o)
                                                  c:/ethernut-4.3.3/build/gcc/atmega2561/lib\libnutarch.a(ih_int6.o)
                                                  c:/ethernut-4.3.3/build/gcc/atmega2561/lib\libnutarch.a(ih_int4.o)
CardCheckCard                                     mmc.o
                                                  main.o
CardCheckPresent                                  mmc.o
CardClose                                         mmc.o
CardInit                                          mmc.o
                                                  main.o
CardInitCard                                      mmc.o
CardPresent                                       mmc.o
CardStatus                                        mmc.o
ChildNode                                         menu.o
FATFileRead                                       fat.o
FATFileSize                                       fat.o
FATFree                                           fat.o
FATIOCtl                                          fat.o
FATLock                                           fat.o
FATRelease                                        fat.o
                                                  mmc.o
FATSemaInit                                       fat.o
GetThreadByName                                   c:/ethernut-4.3.3/build/gcc/atmega2561/lib\libnutos.a(thread.o)
                                                  mmc.o
HexDump                                           log.o
KbGetKey                                          keyboard.o
                                                  main.o
KbInit                                            keyboard.o
                                                  main.o
KbInjectKey                                       keyboard.o
                                                  mmc.o
KbScan                                            keyboard.o
                                                  main.o
KbSetKeyRepeating                                 keyboard.o
KbWaitForKeyEvent                                 keyboard.o
LcdBackLight                                      display.o
LcdChar                                           display.o
LcdClear                                          display.o
                                                  main.o
LcdCursorBlink                                    display.o
LcdCursorOff                                      display.o
LcdDDRamStartPos                                  display.o
                                                  showtime.o
LcdLowLevelInit                                   display.o
                                                  main.o
LcdMoveCursor                                     display.o
LcdMoveCursorHome                                 display.o
LcdMoveCursorPos                                  display.o
LcdSetupDisplay                                   display.o
                                                  main.o
LcdStr                                            display.o
                                                  showtime.o
                                                  main.o
LedControl                                        led.o
LedGetStatus                                      led.o
LedInit                                           led.o
                                                  main.o
Level1Node                                        menu.o
LogChar_P                                         log.o
LogClose                                          log.o
LogInit                                           log.o
                                                  main.o
LogMsg_P                                          log.o
                                                  spidrv.o
                                                  mmcdrv.o
                                                  mmc.o
                                                  main.o
LogOpen                                           log.o
LogSetLevel                                       log.o
MMCGetSectorSize                                  mmcdrv.o
                                                  fat.o
MMCGetTotalSectors                                mmcdrv.o
                                                  fat.o
MMCInit                                           mmcdrv.o
                                                  fat.o
MMCIsCDROMDevice                                  mmcdrv.o
                                                  fat.o
MMCIsZIPDevice                                    mmcdrv.o
                                                  fat.o
MMCMountAllDevices                                mmcdrv.o
                                                  fat.o
MMCReadSectors                                    mmcdrv.o
                                                  fat.o
MMCUnMountDevice                                  mmcdrv.o
MMCWriteSectors                                   mmcdrv.o
                                                  fat.o
NutAppMain                                        main.o
                                                  c:/ethernut-4.3.3/build/gcc/atmega2561/lib/nutinit.o
NutBufRemovePage                                  c:/ethernut-4.3.3/build/gcc/atmega2561/lib\libnutos.a(bankmem.o)
NutDelay                                          c:/ethernut-4.3.3/build/gcc/atmega2561/lib\libnutos.a(timer.o)
                                                  c:/ethernut-4.3.3/build/gcc/atmega2561/lib\libnutarch.a(uartavr.o)
                                                  vs10xx.o
                                                  main.o
                                                  display.o
NutDeviceLookup                                   c:/ethernut-4.3.3/build/gcc/atmega2561/lib\libnutos.a(devreg.o)
                                                  c:/ethernut-4.3.3/build/gcc/atmega2561/lib\libnutcrt.a(open.o)
                                                  mmc.o
NutEventBroadcast                                 c:/ethernut-4.3.3/build/gcc/atmega2561/lib\libnutos.a(event.o)
NutEventBroadcastAsync                            c:/ethernut-4.3.3/build/gcc/atmega2561/lib\libnutos.a(event.o)
NutEventPost                                      c:/ethernut-4.3.3/build/gcc/atmega2561/lib\libnutos.a(event.o)
                                                  c:/ethernut-4.3.3/build/gcc/atmega2561/lib\libnutarch.a(twif.o)
                                                  mmcdrv.o
                                                  fat.o
NutEventPostAsync                                 c:/ethernut-4.3.3/build/gcc/atmega2561/lib\libnutos.a(event.o)
                                                  c:/ethernut-4.3.3/build/gcc/atmega2561/lib\libnutos.a(thread.o)
NutEventTimeout                                   c:/ethernut-4.3.3/build/gcc/atmega2561/lib\libnutos.a(event.o)
NutEventWait                                      c:/ethernut-4.3.3/build/gcc/atmega2561/lib\libnutos.a(event.o)
                                                  c:/ethernut-4.3.3/build/gcc/atmega2561/lib\libnutarch.a(twif.o)
                                                  c:/ethernut-4.3.3/build/gcc/atmega2561/lib\libnutarch.a(uartavr.o)
                                                  mmcdrv.o
                                                  keyboard.o
                                                  fat.o
NutEventWaitNext                                  c:/ethernut-4.3.3/build/gcc/atmega2561/lib\libnutos.a(event.o)
NutGetCpuClock                                    c:/ethernut-4.3.3/build/gcc/atmega2561/lib\libnutarch.a(ostimer.o)
                                                  c:/ethernut-4.3.3/build/gcc/atmega2561/lib\libnutarch.a(twif.o)
                                                  c:/ethernut-4.3.3/build/gcc/atmega2561/lib\libnutarch.a(uartavr.o)
NutGetMillis                                      c:/ethernut-4.3.3/build/gcc/atmega2561/lib\libnutos.a(timer.o)
NutGetSeconds                                     c:/ethernut-4.3.3/build/gcc/atmega2561/lib\libnutos.a(timer.o)
                                                  c:/ethernut-4.3.3/build/gcc/atmega2561/lib\libnutcrt.a(time.o)
NutGetTickClock                                   c:/ethernut-4.3.3/build/gcc/atmega2561/lib\libnutarch.a(ostimer.o)
                                                  c:/ethernut-4.3.3/build/gcc/atmega2561/lib\libnutos.a(timer.o)
NutGetTickCount                                   c:/ethernut-4.3.3/build/gcc/atmega2561/lib\libnutos.a(timer.o)
NutHeapAdd                                        c:/ethernut-4.3.3/build/gcc/atmega2561/lib\libnutos.a(heap.o)
                                                  c:/ethernut-4.3.3/build/gcc/atmega2561/lib/nutinit.o
NutHeapAlloc                                      c:/ethernut-4.3.3/build/gcc/atmega2561/lib\libnutos.a(heap.o)
                                                  c:/ethernut-4.3.3/build/gcc/atmega2561/lib\libnutcrt.a(malloc.o)
                                                  c:/ethernut-4.3.3/build/gcc/atmega2561/lib\libnutcrt.a(vfprintf_p.o)
                                                  c:/ethernut-4.3.3/build/gcc/atmega2561/lib\libnutarch.a(uartavr.o)
                                                  c:/ethernut-4.3.3/build/gcc/atmega2561/lib\libnutarch.a(context_gcc.o)
                                                  c:/ethernut-4.3.3/build/gcc/atmega2561/lib\libnutos.a(timer.o)
                                                  fat.o
NutHeapAllocClear                                 c:/ethernut-4.3.3/build/gcc/atmega2561/lib\libnutos.a(heap.o)
NutHeapAvailable                                  c:/ethernut-4.3.3/build/gcc/atmega2561/lib\libnutos.a(heap.o)
NutHeapFree                                       c:/ethernut-4.3.3/build/gcc/atmega2561/lib\libnutos.a(heap.o)
                                                  c:/ethernut-4.3.3/build/gcc/atmega2561/lib\libnutcrt.a(malloc.o)
                                                  c:/ethernut-4.3.3/build/gcc/atmega2561/lib\libnutcrt.a(vfprintf_p.o)
                                                  c:/ethernut-4.3.3/build/gcc/atmega2561/lib\libnutarch.a(uartavr.o)
                                                  c:/ethernut-4.3.3/build/gcc/atmega2561/lib\libnutos.a(timer.o)
                                                  c:/ethernut-4.3.3/build/gcc/atmega2561/lib\libnutos.a(thread.o)
                                                  fat.o
NutIdle                                           c:/ethernut-4.3.3/build/gcc/atmega2561/lib/nutinit.o
NutInit                                           c:/ethernut-4.3.3/build/gcc/atmega2561/lib/nutinit.o
NutIrqDisable                                     c:/ethernut-4.3.3/build/gcc/atmega2561/lib\libnutdev.a(ihndlr.o)
NutIrqEnable                                      c:/ethernut-4.3.3/build/gcc/atmega2561/lib\libnutdev.a(ihndlr.o)
NutIrqSetMode                                     c:/ethernut-4.3.3/build/gcc/atmega2561/lib\libnutdev.a(ihndlr.o)
                                                  vs10xx.o
NutIrqSetPriority                                 c:/ethernut-4.3.3/build/gcc/atmega2561/lib\libnutdev.a(ihndlr.o)
NutLoadConfig                                     c:/ethernut-4.3.3/build/gcc/atmega2561/lib\libnutos.a(confos.o)
                                                  c:/ethernut-4.3.3/build/gcc/atmega2561/lib/nutinit.o
NutMicroDelay                                     c:/ethernut-4.3.3/build/gcc/atmega2561/lib\libnutos.a(timer.o)
NutNvMemLoad                                      c:/ethernut-4.3.3/build/gcc/atmega2561/lib\libnutdev.a(nvmem.o)
                                                  c:/ethernut-4.3.3/build/gcc/atmega2561/lib\libnutos.a(confos.o)
NutNvMemSave                                      c:/ethernut-4.3.3/build/gcc/atmega2561/lib\libnutdev.a(nvmem.o)
                                                  c:/ethernut-4.3.3/build/gcc/atmega2561/lib\libnutos.a(confos.o)
NutRegisterDevice                                 c:/ethernut-4.3.3/build/gcc/atmega2561/lib\libnutos.a(devreg.o)
                                                  uart0driver.o
                                                  mmc.o
NutRegisterIrqHandler                             c:/ethernut-4.3.3/build/gcc/atmega2561/lib\libnutdev.a(ihndlr.o)
                                                  c:/ethernut-4.3.3/build/gcc/atmega2561/lib\libnutarch.a(twif.o)
                                                  c:/ethernut-4.3.3/build/gcc/atmega2561/lib\libnutarch.a(uartavr.o)
                                                  c:/ethernut-4.3.3/build/gcc/atmega2561/lib\libnutarch.a(ostimer.o)
                                                  vs10xx.o
                                                  remcon.o
                                                  main.o
NutRegisterTimer                                  c:/ethernut-4.3.3/build/gcc/atmega2561/lib\libnutarch.a(ostimer.o)
                                                  c:/ethernut-4.3.3/build/gcc/atmega2561/lib\libnutos.a(timer.o)
NutSaveConfig                                     c:/ethernut-4.3.3/build/gcc/atmega2561/lib\libnutos.a(confos.o)
                                                  c:/ethernut-4.3.3/build/gcc/atmega2561/lib/nutinit.o
NutSegBufAvailable                                c:/ethernut-4.3.3/build/gcc/atmega2561/lib\libnutos.a(bankmem.o)
NutSegBufInit                                     c:/ethernut-4.3.3/build/gcc/atmega2561/lib\libnutos.a(bankmem.o)
NutSegBufReadCommit                               c:/ethernut-4.3.3/build/gcc/atmega2561/lib\libnutos.a(bankmem.o)
                                                  vs10xx.o
NutSegBufReadLast                                 c:/ethernut-4.3.3/build/gcc/atmega2561/lib\libnutos.a(bankmem.o)
                                                  vs10xx.o
NutSegBufReadRequest                              c:/ethernut-4.3.3/build/gcc/atmega2561/lib\libnutos.a(bankmem.o)
                                                  vs10xx.o
NutSegBufReset                                    c:/ethernut-4.3.3/build/gcc/atmega2561/lib\libnutos.a(bankmem.o)
NutSegBufUsed                                     c:/ethernut-4.3.3/build/gcc/atmega2561/lib\libnutos.a(bankmem.o)
NutSegBufWriteCommit                              c:/ethernut-4.3.3/build/gcc/atmega2561/lib\libnutos.a(bankmem.o)
NutSegBufWriteLast                                c:/ethernut-4.3.3/build/gcc/atmega2561/lib\libnutos.a(bankmem.o)
NutSegBufWriteRequest                             c:/ethernut-4.3.3/build/gcc/atmega2561/lib\libnutos.a(bankmem.o)
NutSleep                                          c:/ethernut-4.3.3/build/gcc/atmega2561/lib\libnutos.a(timer.o)
                                                  c:/ethernut-4.3.3/build/gcc/atmega2561/lib\libnutarch.a(twif.o)
                                                  rtc.o
                                                  mmc.o
                                                  main.o
                                                  flash.o
NutThreadAddPriQueue                              c:/ethernut-4.3.3/build/gcc/atmega2561/lib\libnutos.a(thread.o)
                                                  c:/ethernut-4.3.3/build/gcc/atmega2561/lib\libnutarch.a(context_gcc.o)
                                                  c:/ethernut-4.3.3/build/gcc/atmega2561/lib\libnutos.a(event.o)
NutThreadCreate                                   c:/ethernut-4.3.3/build/gcc/atmega2561/lib\libnutarch.a(context_gcc.o)
                                                  c:/ethernut-4.3.3/build/gcc/atmega2561/lib/nutinit.o
                                                  mmc.o
NutThreadDestroy                                  c:/ethernut-4.3.3/build/gcc/atmega2561/lib\libnutos.a(thread.o)
                                                  c:/ethernut-4.3.3/build/gcc/atmega2561/lib/nutinit.o
NutThreadExit                                     c:/ethernut-4.3.3/build/gcc/atmega2561/lib\libnutos.a(thread.o)
NutThreadKill                                     c:/ethernut-4.3.3/build/gcc/atmega2561/lib\libnutos.a(thread.o)
NutThreadRemoveQueue                              c:/ethernut-4.3.3/build/gcc/atmega2561/lib\libnutos.a(thread.o)
                                                  c:/ethernut-4.3.3/build/gcc/atmega2561/lib\libnutos.a(event.o)
                                                  c:/ethernut-4.3.3/build/gcc/atmega2561/lib\libnutos.a(timer.o)
NutThreadResume                                   c:/ethernut-4.3.3/build/gcc/atmega2561/lib\libnutos.a(thread.o)
                                                  c:/ethernut-4.3.3/build/gcc/atmega2561/lib\libnutos.a(event.o)
                                                  c:/ethernut-4.3.3/build/gcc/atmega2561/lib\libnutos.a(timer.o)
NutThreadSetPriority                              c:/ethernut-4.3.3/build/gcc/atmega2561/lib\libnutos.a(thread.o)
                                                  c:/ethernut-4.3.3/build/gcc/atmega2561/lib/nutinit.o
                                                  main.o
NutThreadSetSleepMode                             c:/ethernut-4.3.3/build/gcc/atmega2561/lib/nutinit.o
NutThreadSwitch                                   c:/ethernut-4.3.3/build/gcc/atmega2561/lib\libnutarch.a(context_gcc.o)
                                                  c:/ethernut-4.3.3/build/gcc/atmega2561/lib\libnutos.a(thread.o)
NutThreadWake                                     c:/ethernut-4.3.3/build/gcc/atmega2561/lib\libnutos.a(thread.o)
                                                  c:/ethernut-4.3.3/build/gcc/atmega2561/lib\libnutos.a(timer.o)
NutThreadYield                                    c:/ethernut-4.3.3/build/gcc/atmega2561/lib\libnutos.a(thread.o)
                                                  c:/ethernut-4.3.3/build/gcc/atmega2561/lib\libnutos.a(event.o)
                                                  c:/ethernut-4.3.3/build/gcc/atmega2561/lib\libnutos.a(timer.o)
                                                  c:/ethernut-4.3.3/build/gcc/atmega2561/lib/nutinit.o
NutTimerCreate                                    c:/ethernut-4.3.3/build/gcc/atmega2561/lib\libnutos.a(timer.o)
NutTimerInit                                      c:/ethernut-4.3.3/build/gcc/atmega2561/lib\libnutos.a(timer.o)
                                                  c:/ethernut-4.3.3/build/gcc/atmega2561/lib/nutinit.o
NutTimerInsert                                    c:/ethernut-4.3.3/build/gcc/atmega2561/lib\libnutos.a(timer.o)
NutTimerMillisToTicks                             c:/ethernut-4.3.3/build/gcc/atmega2561/lib\libnutarch.a(ostimer.o)
                                                  c:/ethernut-4.3.3/build/gcc/atmega2561/lib\libnutos.a(timer.o)
NutTimerProcessElapsed                            c:/ethernut-4.3.3/build/gcc/atmega2561/lib\libnutos.a(timer.o)
                                                  c:/ethernut-4.3.3/build/gcc/atmega2561/lib\libnutos.a(thread.o)
NutTimerStart                                     c:/ethernut-4.3.3/build/gcc/atmega2561/lib\libnutos.a(timer.o)
                                                  c:/ethernut-4.3.3/build/gcc/atmega2561/lib\libnutos.a(event.o)
NutTimerStartTicks                                c:/ethernut-4.3.3/build/gcc/atmega2561/lib\libnutos.a(timer.o)
NutTimerStop                                      c:/ethernut-4.3.3/build/gcc/atmega2561/lib\libnutos.a(timer.o)
                                                  c:/ethernut-4.3.3/build/gcc/atmega2561/lib\libnutos.a(event.o)
OnChipNvMemLoad                                   c:/ethernut-4.3.3/build/gcc/atmega2561/lib\libnutarch.a(eeprom.o)
                                                  c:/ethernut-4.3.3/build/gcc/atmega2561/lib\libnutdev.a(nvmem.o)
OnChipNvMemSave                                   c:/ethernut-4.3.3/build/gcc/atmega2561/lib\libnutarch.a(eeprom.o)
                                                  c:/ethernut-4.3.3/build/gcc/atmega2561/lib\libnutdev.a(nvmem.o)
RcInit                                            remcon.o
                                                  main.o
SPIdeselect                                       spidrv.o
                                                  vs10xx.o
                                                  mmcdrv.o
                                                  flash.o
SPIgetByte                                        spidrv.o
                                                  vs10xx.o
                                                  mmcdrv.o
SPIgetmode                                        spidrv.o
                                                  vs10xx.o
SPIinit                                           spidrv.o
                                                  main.o
SPImode                                           spidrv.o
                                                  vs10xx.o
SPIputByte                                        spidrv.o
                                                  vs10xx.o
                                                  mmcdrv.o
SPIselect                                         spidrv.o
                                                  vs10xx.o
                                                  mmcdrv.o
                                                  flash.o
SPItransferByte                                   spidrv.o
                                                  flash.o
SysInitIO                                         main.o
TwIOCtl                                           c:/ethernut-4.3.3/build/gcc/atmega2561/lib\libnutarch.a(twif.o)
TwInit                                            c:/ethernut-4.3.3/build/gcc/atmega2561/lib\libnutarch.a(twif.o)
                                                  rtc.o
TwMasterError                                     c:/ethernut-4.3.3/build/gcc/atmega2561/lib\libnutarch.a(twif.o)
TwMasterTransact                                  c:/ethernut-4.3.3/build/gcc/atmega2561/lib\libnutarch.a(twif.o)
                                                  rtc.o
TwSlaveError                                      c:/ethernut-4.3.3/build/gcc/atmega2561/lib\libnutarch.a(twif.o)
TwSlaveListen                                     c:/ethernut-4.3.3/build/gcc/atmega2561/lib\libnutarch.a(twif.o)
TwSlaveRespond                                    c:/ethernut-4.3.3/build/gcc/atmega2561/lib\libnutarch.a(twif.o)
Uart0DriverGetStream                              uart0driver.o
                                                  log.o
Uart0DriverInit                                   uart0driver.o
                                                  main.o
Uart0DriverSetCookedMode                          uart0driver.o
Uart0DriverStart                                  uart0driver.o
                                                  main.o
Uart0DriverStop                                   uart0driver.o
UartAvrClose                                      c:/ethernut-4.3.3/build/gcc/atmega2561/lib\libnutarch.a(uartavr.o)
                                                  c:/ethernut-4.3.3/build/gcc/atmega2561/lib\libnutarch.a(uart0.o)
UartAvrFlush                                      c:/ethernut-4.3.3/build/gcc/atmega2561/lib\libnutarch.a(uartavr.o)
UartAvrIOCtl                                      c:/ethernut-4.3.3/build/gcc/atmega2561/lib\libnutarch.a(uartavr.o)
                                                  c:/ethernut-4.3.3/build/gcc/atmega2561/lib\libnutarch.a(uart0.o)
UartAvrInit                                       c:/ethernut-4.3.3/build/gcc/atmega2561/lib\libnutarch.a(uartavr.o)
                                                  c:/ethernut-4.3.3/build/gcc/atmega2561/lib\libnutarch.a(uart0.o)
UartAvrInput                                      c:/ethernut-4.3.3/build/gcc/atmega2561/lib\libnutarch.a(uartavr.o)
UartAvrOpen                                       c:/ethernut-4.3.3/build/gcc/atmega2561/lib\libnutarch.a(uartavr.o)
                                                  c:/ethernut-4.3.3/build/gcc/atmega2561/lib\libnutarch.a(uart0.o)
UartAvrOutput                                     c:/ethernut-4.3.3/build/gcc/atmega2561/lib\libnutarch.a(uartavr.o)
UartAvrPut                                        c:/ethernut-4.3.3/build/gcc/atmega2561/lib\libnutarch.a(uartavr.o)
UartAvrRead                                       c:/ethernut-4.3.3/build/gcc/atmega2561/lib\libnutarch.a(uartavr.o)
                                                  c:/ethernut-4.3.3/build/gcc/atmega2561/lib\libnutarch.a(uart0.o)
UartAvrSize                                       c:/ethernut-4.3.3/build/gcc/atmega2561/lib\libnutarch.a(uartavr.o)
                                                  c:/ethernut-4.3.3/build/gcc/atmega2561/lib\libnutarch.a(uart0.o)
UartAvrWrite                                      c:/ethernut-4.3.3/build/gcc/atmega2561/lib\libnutarch.a(uartavr.o)
                                                  c:/ethernut-4.3.3/build/gcc/atmega2561/lib\libnutarch.a(uart0.o)
UartAvrWrite_P                                    c:/ethernut-4.3.3/build/gcc/atmega2561/lib\libnutarch.a(uartavr.o)
                                                  c:/ethernut-4.3.3/build/gcc/atmega2561/lib\libnutarch.a(uart0.o)
VsBeep                                            vs10xx.o
VsBeepStart                                       vs10xx.o
VsBeepStartRaw                                    vs10xx.o
VsBeepStop                                        vs10xx.o
VsGetStatus                                       vs10xx.o
VsGetType                                         vs10xx.o
VsGetTypeHex                                      vs10xx.o
VsGetVolume                                       vs10xx.o
VsMemoryTest                                      vs10xx.o
VsPlayerInit                                      vs10xx.o
VsPlayerInterrupts                                vs10xx.o
                                                  mmc.o
VsPlayerKick                                      vs10xx.o
VsPlayerReset                                     vs10xx.o
VsPlayerSetMode                                   vs10xx.o
VsPlayerStop                                      vs10xx.o
VsRegInfo                                         vs10xx.o
VsRegWrite                                        vs10xx.o
VsSetVolume                                       vs10xx.o
VsStreamValid                                     vs10xx.o
WatchDogDisable                                   watchdog.o
                                                  main.o
WatchDogEnable                                    watchdog.o
WatchDogRestart                                   watchdog.o
                                                  vs10xx.o
WatchDogStart                                     watchdog.o
X12EepromRead                                     rtc.o
X12EepromWrite                                    rtc.o
X12Init                                           rtc.o
                                                  main.o
X12RtcClearStatus                                 rtc.o
X12RtcGetAlarm                                    rtc.o
X12RtcGetClock                                    rtc.o
                                                  main.o
X12RtcGetStatus                                   rtc.o
X12RtcIncrementClock                              rtc.o
X12RtcIncrementDate                               rtc.o
X12RtcReadRegs                                    rtc.o
X12RtcSetAlarm                                    rtc.o
X12RtcSetClock                                    rtc.o
                                                  main.o
X12RtcWrite                                       rtc.o
__bad_interrupt                                   c:/winavr-20070525/bin/../lib/gcc/avr/4.1.2/../../../../avr/lib/avr6/crtm2561.o
__bss_end                                         c:/winavr-20070525/bin/../lib/gcc/avr/4.1.2/avr6\libgcc.a(_clear_bss.o)
__bss_start                                       c:/winavr-20070525/bin/../lib/gcc/avr/4.1.2/avr6\libgcc.a(_clear_bss.o)
__ctype_isfalse                                   c:/winavr-20070525/bin/../lib/gcc/avr/4.1.2/../../../../avr/lib/avr6\libc.a(cty_isfalse.o)
                                                  c:/winavr-20070525/bin/../lib/gcc/avr/4.1.2/../../../../avr/lib/avr6\libc.a(isalpha.o)
__ctype_istrue                                    c:/winavr-20070525/bin/../lib/gcc/avr/4.1.2/../../../../avr/lib/avr6\libc.a(cty_isfalse.o)
__data_end                                        c:/winavr-20070525/bin/../lib/gcc/avr/4.1.2/../../../../avr/lib/avr6/crtm2561.o
__data_load_start                                 c:/winavr-20070525/bin/../lib/gcc/avr/4.1.2/../../../../avr/lib/avr6/crtm2561.o
__data_start                                      c:/winavr-20070525/bin/../lib/gcc/avr/4.1.2/../../../../avr/lib/avr6/crtm2561.o
__divmodhi4                                       c:/winavr-20070525/bin/../lib/gcc/avr/4.1.2/avr6\libgcc.a(_divmodhi4.o)
                                                  vs10xx.o
                                                  rtc.o
                                                  fat.o
__do_clear_bss                                    c:/winavr-20070525/bin/../lib/gcc/avr/4.1.2/avr6\libgcc.a(_clear_bss.o)
                                                  c:/ethernut-4.3.3/build/gcc/atmega2561/lib\libnutcrt.a(fmode.o)
                                                  c:/ethernut-4.3.3/build/gcc/atmega2561/lib\libnutcrt.a(write_p.o)
                                                  c:/ethernut-4.3.3/build/gcc/atmega2561/lib\libnutcrt.a(write.o)
                                                  c:/ethernut-4.3.3/build/gcc/atmega2561/lib\libnutcrt.a(putf.o)
                                                  c:/ethernut-4.3.3/build/gcc/atmega2561/lib\libnutcrt.a(malloc.o)
                                                  c:/ethernut-4.3.3/build/gcc/atmega2561/lib\libnutcrt.a(errno.o)
                                                  c:/ethernut-4.3.3/build/gcc/atmega2561/lib\libnutcrt.a(time.o)
                                                  c:/ethernut-4.3.3/build/gcc/atmega2561/lib\libnutcrt.a(vfprintf_p.o)
                                                  c:/ethernut-4.3.3/build/gcc/atmega2561/lib\libnutcrt.a(fputs_p.o)
                                                  c:/ethernut-4.3.3/build/gcc/atmega2561/lib\libnutcrt.a(fputs.o)
                                                  c:/ethernut-4.3.3/build/gcc/atmega2561/lib\libnutcrt.a(fputc.o)
                                                  c:/ethernut-4.3.3/build/gcc/atmega2561/lib\libnutcrt.a(freopen.o)
                                                  c:/ethernut-4.3.3/build/gcc/atmega2561/lib\libnutcrt.a(fopen.o)
                                                  c:/ethernut-4.3.3/build/gcc/atmega2561/lib\libnutcrt.a(fileno.o)
                                                  c:/ethernut-4.3.3/build/gcc/atmega2561/lib\libnutcrt.a(fflush.o)
                                                  c:/ethernut-4.3.3/build/gcc/atmega2561/lib\libnutcrt.a(fclose.o)
                                                  c:/ethernut-4.3.3/build/gcc/atmega2561/lib\libnutcrt.a(open.o)
                                                  c:/ethernut-4.3.3/build/gcc/atmega2561/lib\libnutcrt.a(ioctl.o)
                                                  c:/ethernut-4.3.3/build/gcc/atmega2561/lib\libnutcrt.a(close.o)
                                                  c:/ethernut-4.3.3/build/gcc/atmega2561/lib\libnutarch.a(ih_usart1_tx.o)
                                                  c:/ethernut-4.3.3/build/gcc/atmega2561/lib\libnutarch.a(ih_usart1_rx.o)
                                                  c:/ethernut-4.3.3/build/gcc/atmega2561/lib\libnutarch.a(ih_usart0_tx.o)
                                                  c:/ethernut-4.3.3/build/gcc/atmega2561/lib\libnutarch.a(ih_usart0_rx.o)
                                                  c:/ethernut-4.3.3/build/gcc/atmega2561/lib\libnutarch.a(ih_twi.o)
                                                  c:/ethernut-4.3.3/build/gcc/atmega2561/lib\libnutarch.a(eeprom.o)
                                                  c:/ethernut-4.3.3/build/gcc/atmega2561/lib\libnutarch.a(twif.o)
                                                  c:/ethernut-4.3.3/build/gcc/atmega2561/lib\libnutarch.a(uartavr.o)
                                                  c:/ethernut-4.3.3/build/gcc/atmega2561/lib\libnutarch.a(uart0.o)
                                                  c:/ethernut-4.3.3/build/gcc/atmega2561/lib\libnutarch.a(ih_timer2_comp.o)
                                                  c:/ethernut-4.3.3/build/gcc/atmega2561/lib\libnutarch.a(ih_timer0_ovf.o)
                                                  c:/ethernut-4.3.3/build/gcc/atmega2561/lib\libnutarch.a(ih_int6.o)
                                                  c:/ethernut-4.3.3/build/gcc/atmega2561/lib\libnutarch.a(ih_int4.o)
                                                  c:/ethernut-4.3.3/build/gcc/atmega2561/lib\libnutarch.a(ostimer.o)
                                                  c:/ethernut-4.3.3/build/gcc/atmega2561/lib\libnutarch.a(context_gcc.o)
                                                  c:/ethernut-4.3.3/build/gcc/atmega2561/lib\libnutdev.a(nvmem.o)
                                                  c:/ethernut-4.3.3/build/gcc/atmega2561/lib\libnutdev.a(ihndlr.o)
                                                  c:/ethernut-4.3.3/build/gcc/atmega2561/lib\libnutos.a(confos.o)
                                                  c:/ethernut-4.3.3/build/gcc/atmega2561/lib\libnutos.a(devreg.o)
                                                  c:/ethernut-4.3.3/build/gcc/atmega2561/lib\libnutos.a(event.o)
                                                  c:/ethernut-4.3.3/build/gcc/atmega2561/lib\libnutos.a(timer.o)
                                                  c:/ethernut-4.3.3/build/gcc/atmega2561/lib\libnutos.a(thread.o)
                                                  c:/ethernut-4.3.3/build/gcc/atmega2561/lib\libnutos.a(bankmem.o)
                                                  c:/ethernut-4.3.3/build/gcc/atmega2561/lib\libnutos.a(heap.o)
                                                  c:/ethernut-4.3.3/build/gcc/atmega2561/lib/nutinit.o
                                                  watchdog.o
                                                  vs10xx.o
                                                  uart0driver.o
                                                  spidrv.o
                                                  showtime.o
                                                  rtc.o
                                                  remcon.o
                                                  mmcdrv.o
                                                  mmc.o
                                                  menu.o
                                                  main.o
                                                  log.o
                                                  led.o
                                                  keyboard.o
                                                  flash.o
                                                  fat.o
                                                  display.o
__do_copy_data                                    c:/winavr-20070525/bin/../lib/gcc/avr/4.1.2/../../../../avr/lib/avr6/crtm2561.o
                                                  c:/ethernut-4.3.3/build/gcc/atmega2561/lib\libnutcrt.a(fmode.o)
                                                  c:/ethernut-4.3.3/build/gcc/atmega2561/lib\libnutcrt.a(write_p.o)
                                                  c:/ethernut-4.3.3/build/gcc/atmega2561/lib\libnutcrt.a(write.o)
                                                  c:/ethernut-4.3.3/build/gcc/atmega2561/lib\libnutcrt.a(putf.o)
                                                  c:/ethernut-4.3.3/build/gcc/atmega2561/lib\libnutcrt.a(malloc.o)
                                                  c:/ethernut-4.3.3/build/gcc/atmega2561/lib\libnutcrt.a(errno.o)
                                                  c:/ethernut-4.3.3/build/gcc/atmega2561/lib\libnutcrt.a(time.o)
                                                  c:/ethernut-4.3.3/build/gcc/atmega2561/lib\libnutcrt.a(vfprintf_p.o)
                                                  c:/ethernut-4.3.3/build/gcc/atmega2561/lib\libnutcrt.a(fputs_p.o)
                                                  c:/ethernut-4.3.3/build/gcc/atmega2561/lib\libnutcrt.a(fputs.o)
                                                  c:/ethernut-4.3.3/build/gcc/atmega2561/lib\libnutcrt.a(fputc.o)
                                                  c:/ethernut-4.3.3/build/gcc/atmega2561/lib\libnutcrt.a(freopen.o)
                                                  c:/ethernut-4.3.3/build/gcc/atmega2561/lib\libnutcrt.a(fopen.o)
                                                  c:/ethernut-4.3.3/build/gcc/atmega2561/lib\libnutcrt.a(fileno.o)
                                                  c:/ethernut-4.3.3/build/gcc/atmega2561/lib\libnutcrt.a(fflush.o)
                                                  c:/ethernut-4.3.3/build/gcc/atmega2561/lib\libnutcrt.a(fclose.o)
                                                  c:/ethernut-4.3.3/build/gcc/atmega2561/lib\libnutcrt.a(open.o)
                                                  c:/ethernut-4.3.3/build/gcc/atmega2561/lib\libnutcrt.a(ioctl.o)
                                                  c:/ethernut-4.3.3/build/gcc/atmega2561/lib\libnutcrt.a(close.o)
                                                  c:/ethernut-4.3.3/build/gcc/atmega2561/lib\libnutarch.a(ih_usart1_tx.o)
                                                  c:/ethernut-4.3.3/build/gcc/atmega2561/lib\libnutarch.a(ih_usart1_rx.o)
                                                  c:/ethernut-4.3.3/build/gcc/atmega2561/lib\libnutarch.a(ih_usart0_tx.o)
                                                  c:/ethernut-4.3.3/build/gcc/atmega2561/lib\libnutarch.a(ih_usart0_rx.o)
                                                  c:/ethernut-4.3.3/build/gcc/atmega2561/lib\libnutarch.a(ih_twi.o)
                                                  c:/ethernut-4.3.3/build/gcc/atmega2561/lib\libnutarch.a(eeprom.o)
                                                  c:/ethernut-4.3.3/build/gcc/atmega2561/lib\libnutarch.a(twif.o)
                                                  c:/ethernut-4.3.3/build/gcc/atmega2561/lib\libnutarch.a(uartavr.o)
                                                  c:/ethernut-4.3.3/build/gcc/atmega2561/lib\libnutarch.a(uart0.o)
                                                  c:/ethernut-4.3.3/build/gcc/atmega2561/lib\libnutarch.a(ih_timer2_comp.o)
                                                  c:/ethernut-4.3.3/build/gcc/atmega2561/lib\libnutarch.a(ih_timer0_ovf.o)
                                                  c:/ethernut-4.3.3/build/gcc/atmega2561/lib\libnutarch.a(ih_int6.o)
                                                  c:/ethernut-4.3.3/build/gcc/atmega2561/lib\libnutarch.a(ih_int4.o)
                                                  c:/ethernut-4.3.3/build/gcc/atmega2561/lib\libnutarch.a(ostimer.o)
                                                  c:/ethernut-4.3.3/build/gcc/atmega2561/lib\libnutarch.a(context_gcc.o)
                                                  c:/ethernut-4.3.3/build/gcc/atmega2561/lib\libnutdev.a(nvmem.o)
                                                  c:/ethernut-4.3.3/build/gcc/atmega2561/lib\libnutdev.a(ihndlr.o)
                                                  c:/ethernut-4.3.3/build/gcc/atmega2561/lib\libnutos.a(confos.o)
                                                  c:/ethernut-4.3.3/build/gcc/atmega2561/lib\libnutos.a(devreg.o)
                                                  c:/ethernut-4.3.3/build/gcc/atmega2561/lib\libnutos.a(event.o)
                                                  c:/ethernut-4.3.3/build/gcc/atmega2561/lib\libnutos.a(timer.o)
                                                  c:/ethernut-4.3.3/build/gcc/atmega2561/lib\libnutos.a(thread.o)