Archive member included because of file (symbol)

c:/ethernut-4.3.3/build/gcc/atmega2561/lib\libnutos.a(heap.o)
                              fat.o (NutHeapAlloc)
c:/ethernut-4.3.3/build/gcc/atmega2561/lib\libnutos.a(bankmem.o)
                              vs10xx.o (NutSegBufReadRequest)
c:/ethernut-4.3.3/build/gcc/atmega2561/lib\libnutos.a(thread.o)
                              mmc.o (GetThreadByName)
c:/ethernut-4.3.3/build/gcc/atmega2561/lib\libnutos.a(timer.o)
                              display.o (NutDelay)
c:/ethernut-4.3.3/build/gcc/atmega2561/lib\libnutos.a(event.o)
                              c:/ethernut-4.3.3/build/gcc/atmega2561/lib\libnutos.a(thread.o) (NutEventPostAsync)
c:/ethernut-4.3.3/build/gcc/atmega2561/lib\libnutos.a(devreg.o)
                              mmc.o (NutDeviceLookup)
c:/ethernut-4.3.3/build/gcc/atmega2561/lib\libnutos.a(confos.o)
                              c:/ethernut-4.3.3/build/gcc/atmega2561/lib/nutinit.o (NutSaveConfig)
c:/ethernut-4.3.3/build/gcc/atmega2561/lib\libnutdev.a(ihndlr.o)
                              main.o (NutRegisterIrqHandler)
c:/ethernut-4.3.3/build/gcc/atmega2561/lib\libnutdev.a(nvmem.o)
                              c:/ethernut-4.3.3/build/gcc/atmega2561/lib\libnutos.a(confos.o) (NutNvMemSave)
c:/ethernut-4.3.3/build/gcc/atmega2561/lib\libnutarch.a(context_gcc.o)
                              c:/ethernut-4.3.3/build/gcc/atmega2561/lib\libnutos.a(thread.o) (NutThreadSwitch)
c:/ethernut-4.3.3/build/gcc/atmega2561/lib\libnutarch.a(ostimer.o)
                              c:/ethernut-4.3.3/build/gcc/atmega2561/lib\libnutos.a(timer.o) (NutGetTickClock)
c:/ethernut-4.3.3/build/gcc/atmega2561/lib\libnutarch.a(ih_int4.o)
                              remcon.o (sig_INTERRUPT4)
c:/ethernut-4.3.3/build/gcc/atmega2561/lib\libnutarch.a(ih_int6.o)
                              vs10xx.o (sig_INTERRUPT6)
c:/ethernut-4.3.3/build/gcc/atmega2561/lib\libnutarch.a(ih_timer0_ovf.o)
                              main.o (sig_OVERFLOW0)
c:/ethernut-4.3.3/build/gcc/atmega2561/lib\libnutarch.a(ih_timer2_comp.o)
                              c:/ethernut-4.3.3/build/gcc/atmega2561/lib\libnutarch.a(ostimer.o) (sig_OUTPUT_COMPARE2)
c:/ethernut-4.3.3/build/gcc/atmega2561/lib\libnutarch.a(uart0.o)
                              uart0driver.o (devUart0)
c:/ethernut-4.3.3/build/gcc/atmega2561/lib\libnutarch.a(uartavr.o)
                              c:/ethernut-4.3.3/build/gcc/atmega2561/lib\libnutarch.a(uart0.o) (UartAvrSize)
c:/ethernut-4.3.3/build/gcc/atmega2561/lib\libnutarch.a(twif.o)
                              rtc.o (TwInit)
c:/ethernut-4.3.3/build/gcc/atmega2561/lib\libnutarch.a(eeprom.o)
                              c:/ethernut-4.3.3/build/gcc/atmega2561/lib\libnutdev.a(nvmem.o) (OnChipNvMemSave)
c:/ethernut-4.3.3/build/gcc/atmega2561/lib\libnutarch.a(ih_twi.o)
                              c:/ethernut-4.3.3/build/gcc/atmega2561/lib\libnutarch.a(twif.o) (sig_2WIRE_SERIAL)
c:/ethernut-4.3.3/build/gcc/atmega2561/lib\libnutarch.a(ih_usart0_rx.o)
                              c:/ethernut-4.3.3/build/gcc/atmega2561/lib\libnutarch.a(uartavr.o) (sig_UART0_RECV)
c:/ethernut-4.3.3/build/gcc/atmega2561/lib\libnutarch.a(ih_usart0_tx.o)
                              c:/ethernut-4.3.3/build/gcc/atmega2561/lib\libnutarch.a(uartavr.o) (sig_UART0_TRANS)
c:/ethernut-4.3.3/build/gcc/atmega2561/lib\libnutarch.a(ih_usart1_rx.o)
                              c:/ethernut-4.3.3/build/gcc/atmega2561/lib\libnutarch.a(uartavr.o) (sig_UART1_RECV)
c:/ethernut-4.3.3/build/gcc/atmega2561/lib\libnutarch.a(ih_usart1_tx.o)
                              c:/ethernut-4.3.3/build/gcc/atmega2561/lib\libnutarch.a(uartavr.o) (sig_UART1_TRANS)
c:/ethernut-4.3.3/build/gcc/atmega2561/lib\libnutcrt.a(close.o)
                              mmc.o (_close)
c:/ethernut-4.3.3/build/gcc/atmega2561/lib\libnutcrt.a(ioctl.o)
                              uart0driver.o (_ioctl)
c:/ethernut-4.3.3/build/gcc/atmega2561/lib\libnutcrt.a(open.o)
                              mmc.o (_open)
c:/ethernut-4.3.3/build/gcc/atmega2561/lib\libnutcrt.a(fclose.o)
                              uart0driver.o (fclose)
c:/ethernut-4.3.3/build/gcc/atmega2561/lib\libnutcrt.a(fflush.o)
                              log.o (fflush)
c:/ethernut-4.3.3/build/gcc/atmega2561/lib\libnutcrt.a(fileno.o)
                              uart0driver.o (_fileno)
c:/ethernut-4.3.3/build/gcc/atmega2561/lib\libnutcrt.a(fopen.o)
                              uart0driver.o (__iob)
c:/ethernut-4.3.3/build/gcc/atmega2561/lib\libnutcrt.a(freopen.o)
                              uart0driver.o (freopen)
c:/ethernut-4.3.3/build/gcc/atmega2561/lib\libnutcrt.a(fputc.o)
                              log.o (fputc)
c:/ethernut-4.3.3/build/gcc/atmega2561/lib\libnutcrt.a(fputs.o)
                              log.o (fputs)
c:/ethernut-4.3.3/build/gcc/atmega2561/lib\libnutcrt.a(fputs_p.o)
                              log.o (fputs_P)
[...]
Memory Configuration

Name             Origin             Length             Attributes
text             0x00000000         0x00100000         xr
data             0x00800060         0x0000ffa0         rw !x
eeprom           0x00810000         0x00010000         rw !x
*default*        0x00000000         0xffffffff

Linker script and memory map

Address of section .data set to 0x800200
LOAD c:/winavr-20070525/bin/../lib/gcc/avr/4.1.2/../../../../avr/lib/avr6/crtm2561.o
LOAD display.o
LOAD fat.o
LOAD flash.o
LOAD keyboard.o
LOAD led.o
LOAD log.o
LOAD main.o
LOAD menu.o
LOAD mmc.o
LOAD mmcdrv.o
LOAD remcon.o
LOAD rtc.o
LOAD showtime.o
LOAD spidrv.o
LOAD uart0driver.o
LOAD vs10xx.o
LOAD watchdog.o
                0x00000000                main = 0x0
LOAD c:/ethernut-4.3.3/build/gcc/atmega2561/lib/nutinit.o
LOAD c:/ethernut-4.3.3/build/gcc/atmega2561/lib\libnutpro.a
LOAD c:/ethernut-4.3.3/build/gcc/atmega2561/lib\libnutnet.a
LOAD c:/ethernut-4.3.3/build/gcc/atmega2561/lib\libnutpro.a
LOAD c:/ethernut-4.3.3/build/gcc/atmega2561/lib\libnutfs.a
LOAD c:/ethernut-4.3.3/build/gcc/atmega2561/lib\libnutos.a
LOAD c:/ethernut-4.3.3/build/gcc/atmega2561/lib\libnutdev.a
LOAD c:/ethernut-4.3.3/build/gcc/atmega2561/lib\libnutarch.a
LOAD c:/ethernut-4.3.3/build/gcc/atmega2561/lib\libnutnet.a
LOAD c:/ethernut-4.3.3/build/gcc/atmega2561/lib\libnutcrt.a
LOAD c:/ethernut-4.3.3/build/gcc/atmega2561/lib\libnutdev.a
LOAD c:/winavr-20070525/bin/../lib/gcc/avr/4.1.2/avr6\libgcc.a
LOAD c:/winavr-20070525/bin/../lib/gcc/avr/4.1.2/../../../../avr/lib/avr6\libc.a
LOAD c:/winavr-20070525/bin/../lib/gcc/avr/4.1.2/avr6\libgcc.a

.hash
 *(.hash)

.dynsym
 *(.dynsym)

.dynstr
 *(.dynstr)

.gnu.version
 *(.gnu.version)

.gnu.version_d
 *(.gnu.version_d)

.gnu.version_r
 *(.gnu.version_r)

.rel.init
 *(.rel.init)

.rela.init
 *(.rela.init)

.rel.text
 *(.rel.text)
 *(.rel.text.*)
 *(.rel.gnu.linkonce.t*)

.rela.text
 *(.rela.text)
 *(.rela.text.*)
 *(.rela.gnu.linkonce.t*)

.rel.fini
 *(.rel.fini)

.rela.fini
 *(.rela.fini)

.rel.rodata
 *(.rel.rodata)
 *(.rel.rodata.*)
 *(.rel.gnu.linkonce.r*)

.rela.rodata
 *(.rela.rodata)
 *(.rela.rodata.*)
 *(.rela.gnu.linkonce.r*)

.rel.data
 *(.rel.data)
 *(.rel.data.*)
 *(.rel.gnu.linkonce.d*)

.rela.data
 *(.rela.data)
 *(.rela.data.*)
 *(.rela.gnu.linkonce.d*)

.rel.ctors
 *(.rel.ctors)

.rela.ctors
 *(.rela.ctors)

.rel.dtors
 *(.rel.dtors)

.rela.dtors
 *(.rela.dtors)

.rel.got
 *(.rel.got)

.rela.got
 *(.rela.got)

.rel.bss
 *(.rel.bss)

.rela.bss
 *(.rela.bss)

.rel.plt
 *(.rel.plt)

.rela.plt
 *(.rela.plt)

.text           0x00000000     0x966c
 *(.vectors)
 .vectors       0x00000000       0xcc c:/winavr-20070525/bin/../lib/gcc/avr/4.1.2/../../../../avr/lib/avr6/crtm2561.o
                0x00000000                __vectors
                0x00000000                __vector_default
 *(.vectors)
 *(.progmem.gcc*)
 .progmem.gcc_sw_table
                0x000000cc       0x28 c:/ethernut-4.3.3/build/gcc/atmega2561/lib\libnutarch.a(uartavr.o)
 *(.progmem*)
 .progmem.data  0x000000f4       0xea log.o
 .progmem.data  0x000001de        0xc main.o
 .progmem.data  0x000001ea       0x6e mmc.o
 .progmem.data  0x00000258       0x16 mmcdrv.o
 .progmem.data  0x0000026e        0xe spidrv.o
 .progmem.data  0x0000027c        0x8 uart0driver.o
 .progmem.data  0x00000284      0x541 vs10xx.o
                0x00000284                dtab
                0x000007c6                . = ALIGN (0x2)
 *fill*         0x000007c5        0x1 00
                0x000007c6                __trampolines_start = .
 *(.trampolines)
 .trampolines   0x000007c6        0x0 linker stubs
 *(.trampolines*)
                0x000007c6                __trampolines_end = .
 *(.jumptables)
 *(.jumptables*)
 *(.lowtext)
 *(.lowtext*)
                0x000007c6                __ctors_start = .
 *(.ctors)
                0x000007c6                __ctors_end = .
                0x000007c6                __dtors_start = .
 *(.dtors)
                0x000007c6                __dtors_end = .
 SORT(*)(.ctors)
 SORT(*)(.dtors)
 *(.init0)
 .init0         0x000008c6        0x0 c:/winavr-20070525/bin/../lib/gcc/avr/4.1.2/../../../../avr/lib/avr6/crtm2561.o
                0x000008c6                __init
 *(.init0)
 *(.init1)
 .init1         0x000008c6       0x54 c:/ethernut-4.3.3/build/gcc/atmega2561/lib/nutinit.o
 *(.init1)
 *(.init2)
 .init2         0x0000091a        0xc c:/winavr-20070525/bin/../lib/gcc/avr/4.1.2/../../../../avr/lib/avr6/crtm2561.o
 *(.init2)
 *(.init3)
 *(.init3)
 *(.init4)
 .init4         0x00000926       0x1a c:/winavr-20070525/bin/../lib/gcc/avr/4.1.2/../../../../avr/lib/avr6/crtm2561.o
                0x00000926                __do_copy_data
 .init4         0x00000940       0x10 c:/winavr-20070525/bin/../lib/gcc/avr/4.1.2/avr6\libgcc.a(_clear_bss.o)
                0x00000940                __do_clear_bss
 *(.init4)
 *(.init5)
 .init5         0x00000950       0x26 c:/ethernut-4.3.3/build/gcc/atmega2561/lib/nutinit.o
 *(.init5)
 *(.init6)
 *(.init6)
 *(.init7)
 *(.init7)
 *(.init8)
 .init8         0x00000976       0x2c c:/ethernut-4.3.3/build/gcc/atmega2561/lib/nutinit.o
                0x00000976                NutInit
 *(.init8)
 *(.init9)
 .init9         0x000009a2        0x8 c:/winavr-20070525/bin/../lib/gcc/avr/4.1.2/../../../../avr/lib/avr6/crtm2561.o
 *(.init9)
 *(.text)
 .text          0x000009aa        0x4 c:/winavr-20070525/bin/../lib/gcc/avr/4.1.2/../../../../avr/lib/avr6/crtm2561.o
                0x000009aa                __vector_22
                0x000009aa                __vector_28
                0x000009aa                __vector_1
                0x000009aa                __vector_32
                0x000009aa                __vector_34
                0x000009aa                __vector_24
                0x000009aa                __vector_12
                0x000009aa                __vector_46
                0x000009aa                __bad_interrupt
                0x000009aa                __vector_6
                0x000009aa                __vector_31
                0x000009aa                __vector_35
                0x000009aa                __vector_3
                0x000009aa                __vector_30
                0x000009aa                __vector_45
                0x000009aa                __vector_11
                0x000009aa                __vector_17
                0x000009aa                __vector_19
                0x000009aa                __vector_49
                0x000009aa                __vector_41
                0x000009aa                __vector_43
                0x000009aa                __vector_33
                0x000009aa                __vector_47
                0x000009aa                __vector_37
                0x000009aa                __vector_4
                0x000009aa                __vector_44
                0x000009aa                __vector_9
                0x000009aa                __vector_2
                0x000009aa                __vector_21
                0x000009aa                __vector_15
                0x000009aa                __vector_29
                0x000009aa                __vector_40
                0x000009aa                __vector_8
                0x000009aa                __vector_26
                0x000009aa                __vector_48
                0x000009aa                __vector_14
                0x000009aa                __vector_10
                0x000009aa                __vector_50
                0x000009aa                __vector_16
                0x000009aa                __vector_18
                0x000009aa                __vector_20
                0x000009aa                __vector_42
 .text          0x000009ae      0x1b4 display.o
                0x00000a80                LcdChar
                0x00000aca                LcdDDRamStartPos
                0x00000aa2                LcdCursorBlink
                0x00000a3e                LcdSetupDisplay
                0x00000ae8                LcdClear
                0x00000a8a                LcdStr
                0x00000a2c                LcdMoveCursor
                0x00000a52                LcdMoveCursorPos
                0x00000ac0                LcdCursorOff
                0x000009ae                LcdBackLight
                0x00000af8                LcdLowLevelInit
                0x00000a48                LcdMoveCursorHome
 .text          0x00000b62     0x1616 fat.o
                0x00001784                FATIOCtl
                0x000010fe                FATFree
                0x00000b62                FATRelease
                0x0000111a                FATFileRead
                0x000010f4                FATSemaInit
                0x00001108                FATLock
                0x0000138a                FATFileSize
 .text          0x00002178      0x3c2 flash.o
                0x00002178                At45dbChipErase
                0x0000228e                At45dbInit
                0x00002228                At45dbGetStatus
                0x00002402                At45dbPageWrite
                0x00002502                At45dbPageErase
                0x00002306                At45dbWaitReady
                0x00002366                At45dbSendCmd
                0x000024bc                At45dbPageRead
 .text          0x0000253a      0x32c keyboard.o
                0x0000258c                KbInit
                0x000025f6                KbWaitForKeyEvent
                0x00002552                KbGetKey
                0x00002614                KbScan
                0x0000253a                KbSetKeyRepeating
                0x0000255a                KbInjectKey
 .text          0x00002866       0x50 led.o
                0x00002866                LedControl
                0x000028ae                LedGetStatus
                0x000028a6                LedInit
 .text          0x000028b6      0x44a log.o
                0x00002cd0                LogClose
                0x000028c8                HexDump
                0x00002a74                LogMsg_P
                0x00002ce6                LogOpen
                0x00002a5a                LogChar_P
                0x00002cf4                LogInit
                0x000028b6                LogSetLevel
 .text          0x00002d00      0x1ce main.o
                0x00002d44                main_loop
                0x00002d9a                NutAppMain
                0x00002d00                SysInitIO
                0x00002e78                time_loop
 .text          0x00002ece      0x2fa menu.o
                0x000030fc                init_menu
                0x00002ece                getCurrentName
                0x00002edc                nextMenuItem
                0x00003000                ChildNode
                0x00002f1a                prevMenuItem
                0x00002f58                childMenuItem
                0x0000307c                Level1Node
                0x00002f92                parentMenuItem
                0x00002fcc                menuAction
 .text          0x000031c8      0x2ac mmc.o
                0x000031c8                CardCheckCard
                0x00003266                CardCheckPresent
                0x00003278                CardClose
                0x0000327a                CardInit
                0x000032fa                CardInitCard
                0x000033fc                CardPresent
                0x0000326e                CardStatus
 .text          0x00003474      0x708 mmcdrv.o
                0x00003ade                MMCInit
                0x00003480                MMCUnMountDevice
                0x000037fc                MMCReadSectors
                0x00003474                MMCIsCDROMDevice
                0x000035fa                MMCWriteSectors
                0x00003946                MMCGetSectorSize
                0x0000347a                MMCIsZIPDevice
                0x00003972                MMCMountAllDevices
                0x0000390a                MMCGetTotalSectors
 .text          0x00003b7c       0x4c remcon.o
                0x00003b7e                RcInit
 .text          0x00003bc8      0xbf4 rtc.o
                0x000046d6                X12RtcIncrementClock
                0x00003bfe                X12EepromRead
                0x00003dac                X12RtcGetClock
                0x00004494                X12RtcSetClock
                0x00003c78                X12RtcReadRegs
                0x0000418e                X12RtcSetAlarm
                0x00003bc8                X12RtcClearStatus
                0x00003cee                X12RtcGetStatus
                0x00003d74                X12Init
                0x00004116                X12RtcWrite
                0x000045ec                X12RtcIncrementDate
                0x000042ee                X12RtcGetAlarm
                0x00004014                X12EepromWrite
 .text          0x000047bc       0x3a showtime.o
                0x000047bc                showTimeAndDate
 .text          0x000047f6       0xc2 spidrv.o
                0x0000480c                SPIputByte
                0x00004834                SPIinit
                0x00004816                SPIgetByte
                0x00004804                SPIgetmode
                0x00004826                SPItransferByte
                0x0000483c                SPIselect
                0x000047f6                SPIdeselect
                0x000047fe                SPImode
 .text          0x000048b8      0x11c uart0driver.o
                0x000049bc                Uart0DriverInit
                0x000048c2                Uart0DriverStop
                0x000048b8                Uart0DriverGetStream
                0x000048dc                Uart0DriverSetCookedMode
                0x00004924                Uart0DriverStart
 .text          0x000049d4      0x6d6 vs10xx.o
                0x00004a1e                VsGetStatus
                0x00004c04                VsBeepStart
                0x00004d7a                VsRegInfo
                0x000049fe                VsPlayerStop
                0x0000504a                VsMemoryTest
                0x00004d54                VsGetVolume
                0x000049d4                VsPlayerInterrupts
                0x00004cc8                VsPlayerReset
                0x00004b6e                VsPlayerSetMode
                0x00004b9a                VsBeepStartRaw
                0x00004c24                VsBeep
                0x00004fc0                VsPlayerKick
                0x00004a30                VsGetTypeHex
                0x00004da2                VsStreamValid
                0x00004e26                VsPlayerInit
                0x00004adc                VsRegWrite
                0x00004b2e                VsSetVolume
                0x00004a74                VsBeepStop
                0x00004a26                VsGetType
 .text          0x000050aa       0xec watchdog.o
                0x00005138                WatchDogRestart
                0x0000515c                WatchDogEnable
                0x0000513c                WatchDogDisable
                0x000050aa                WatchDogStart
 .text          0x00005196       0x58 c:/ethernut-4.3.3/build/gcc/atmega2561/lib/nutinit.o
                0x0000519c                NutIdle
                0x00005196                NutThreadSetSleepMode
 .text          0x000051ee      0x202 c:/ethernut-4.3.3/build/gcc/atmega2561/lib\libnutos.a(heap.o)
                0x000053bc                NutHeapAvailable
                0x000052d4                NutHeapFree
                0x000051ee                NutHeapAlloc
                0x000053ae                NutHeapAdd
                0x000053c6                NutHeapAllocClear
 .text          0x000053f0      0x436 c:/ethernut-4.3.3/build/gcc/atmega2561/lib\libnutos.a(bankmem.o)
                0x0000552e                NutSegBufWriteCommit
                0x000057ce                NutSegBufUsed
                0x00005672                NutSegBufWriteLast
                0x000053f0                NutSegBufReset
                0x000057e0                NutBufRemovePage
                0x00005464                NutSegBufWriteRequest
                0x000055be                NutSegBufReadCommit
                0x000054bc                NutSegBufReadRequest
                0x000057a4                NutSegBufAvailable
                0x000056f8                NutSegBufReadLast
                0x0000542e                NutSegBufInit
 .text          0x00005826      0x308 c:/ethernut-4.3.3/build/gcc/atmega2561/lib\libnutos.a(thread.o)
                0x00005938                NutThreadWake
                0x000059f6                NutThreadSetPriority
                0x0000598c                NutThreadDestroy
                0x00005a6c                NutThreadExit
                0x000058c2                NutThreadRemoveQueue
                0x00005826                NutThreadAddPriQueue
                0x00005a74                NutThreadResume
                0x000059aa                NutThreadKill
                0x00005afe                NutThreadYield
                0x0000594e                GetThreadByName
 .text          0x00005b2e      0x68c c:/ethernut-4.3.3/build/gcc/atmega2561/lib\libnutos.a(timer.o)
                0x00005b8a                NutDelay
                0x00005dae                NutSleep
                0x00005cb0                NutGetTickCount
                0x00005d88                NutTimerStart
                0x00005f92                NutTimerProcessElapsed
                0x00005c30                NutTimerStop
                0x000060aa                NutTimerInit
                0x00005e5a                NutGetMillis
                0x00005f52                NutGetSeconds
                0x00005b56                NutMicroDelay
                0x00005ba6                NutTimerInsert
                0x00005d6a                NutTimerStartTicks
                0x00005ccc                NutTimerCreate
 .text          0x000061ba      0x2b8 c:/ethernut-4.3.3/build/gcc/atmega2561/lib\libnutos.a(event.o)
                0x000062c2                NutEventBroadcast
                0x0000637e                NutEventWait
                0x00006258                NutEventBroadcastAsync
                0x00006450                NutEventWaitNext
                0x000061ba                NutEventPostAsync
                0x000062d8                NutEventPost
                0x000062ee                NutEventTimeout
 .text          0x00006472       0x90 c:/ethernut-4.3.3/build/gcc/atmega2561/lib\libnutos.a(devreg.o)
                0x000064aa                NutRegisterDevice
                0x00006472                NutDeviceLookup
 .text          0x00006502       0x6a c:/ethernut-4.3.3/build/gcc/atmega2561/lib\libnutos.a(confos.o)
                0x00006534                NutLoadConfig
                0x00006502                NutSaveConfig
 .text          0x0000656c      0x18c c:/ethernut-4.3.3/build/gcc/atmega2561/lib\libnutdev.a(ihndlr.o)
                0x0000656c                CallHandler
                0x00006684                NutIrqSetMode
                0x000065c8                NutIrqEnable
                0x000065ec                NutIrqDisable
                0x00006610                NutIrqSetPriority
                0x00006588                NutRegisterIrqHandler
 .text          0x000066f8        0xc c:/ethernut-4.3.3/build/gcc/atmega2561/lib\libnutdev.a(nvmem.o)
                0x000066fe                NutNvMemLoad
                0x000066f8                NutNvMemSave
 .text          0x00006704      0x1cc c:/ethernut-4.3.3/build/gcc/atmega2561/lib\libnutarch.a(context_gcc.o)
                0x00006792                NutThreadCreate
                0x00006748                thread_start
                0x00006714                NutThreadSwitch
 .text          0x000068d0       0x96 c:/ethernut-4.3.3/build/gcc/atmega2561/lib\libnutarch.a(ostimer.o)
                0x000068e2                NutGetTickClock
                0x000068ec                NutRegisterTimer
                0x00006936                NutTimerMillisToTicks
                0x000068d0                NutGetCpuClock
 .text          0x00006966      0x178 c:/ethernut-4.3.3/build/gcc/atmega2561/lib\libnutarch.a(ih_int4.o)
                0x00006a92                __vector_5
 .text          0x00006ade      0x178 c:/ethernut-4.3.3/build/gcc/atmega2561/lib\libnutarch.a(ih_int6.o)
                0x00006c0a                __vector_7
 .text          0x00006c56       0xec c:/ethernut-4.3.3/build/gcc/atmega2561/lib\libnutarch.a(ih_timer0_ovf.o)
                0x00006cf6                __vector_23
 .text          0x00006d42       0xec c:/ethernut-4.3.3/build/gcc/atmega2561/lib\libnutarch.a(ih_timer2_comp.o)
                0x00006de2                __vector_13
 .text          0x00006e2e        0x0 c:/ethernut-4.3.3/build/gcc/atmega2561/lib\libnutarch.a(uart0.o)
 .text          0x00006e2e      0xaee c:/ethernut-4.3.3/build/gcc/atmega2561/lib\libnutarch.a(uartavr.o)
                0x000077b4                UartAvrWrite_P
                0x000077c4                UartAvrWrite
                0x00006fcc                UartAvrOpen
                0x00007502                UartAvrInit
                0x00007612                UartAvrFlush
                0x00006fa0                UartAvrSize
                0x00006fc2                UartAvrClose
                0x00007664                UartAvrPut
                0x00007830                UartAvrRead
                0x0000707c                UartAvrIOCtl
                0x00006f1a                UartAvrOutput
                0x000077d4                UartAvrInput
 .text          0x0000791c      0x9ba c:/ethernut-4.3.3/build/gcc/atmega2561/lib\libnutarch.a(twif.o)
                0x00008196                TwMasterTransact
                0x00007f8e                TwInit
                0x00008012                TwSlaveRespond
                0x000080d4                TwSlaveListen
                0x00007dd2                TwMasterError
                0x00007dea                TwIOCtl
                0x00007dde                TwSlaveError
 .text          0x000082d6       0x60 c:/ethernut-4.3.3/build/gcc/atmega2561/lib\libnutarch.a(eeprom.o)
                0x000082d6                OnChipNvMemSave
                0x00008316                OnChipNvMemLoad
 .text          0x00008336       0xf4 c:/ethernut-4.3.3/build/gcc/atmega2561/lib\libnutarch.a(ih_twi.o)
                0x000083de                __vector_39
 .text          0x0000842a       0xf4 c:/ethernut-4.3.3/build/gcc/atmega2561/lib\libnutarch.a(ih_usart0_rx.o)
                0x000084d2                __vector_25
 .text          0x0000851e       0xf6 c:/ethernut-4.3.3/build/gcc/atmega2561/lib\libnutarch.a(ih_usart0_tx.o)
                0x000085c8                __vector_27
 .text          0x00008614       0xf4 c:/ethernut-4.3.3/build/gcc/atmega2561/lib\libnutarch.a(ih_usart1_rx.o)
                0x000086bc                __vector_36
 .text          0x00008708       0xf6 c:/ethernut-4.3.3/build/gcc/atmega2561/lib\libnutarch.a(ih_usart1_tx.o)
                0x000087b2                __vector_38
 .text          0x000087fe       0x2c c:/ethernut-4.3.3/build/gcc/atmega2561/lib\libnutcrt.a(close.o)
                0x000087fe                _close
 .text          0x0000882a       0x24 c:/ethernut-4.3.3/build/gcc/atmega2561/lib\libnutcrt.a(ioctl.o)
                0x0000882a                _ioctl
 .text          0x0000884e       0xb0 c:/ethernut-4.3.3/build/gcc/atmega2561/lib\libnutcrt.a(open.o)
                0x0000884e                _open
 .text          0x000088fe       0x80 c:/ethernut-4.3.3/build/gcc/atmega2561/lib\libnutcrt.a(fclose.o)
                0x000088fe                fclose
 .text          0x0000897e       0x22 c:/ethernut-4.3.3/build/gcc/atmega2561/lib\libnutcrt.a(fflush.o)
                0x0000897e                fflush
 .text          0x000089a0        0x8 c:/ethernut-4.3.3/build/gcc/atmega2561/lib\libnutcrt.a(fileno.o)
                0x000089a0                _fileno
 .text          0x000089a8       0xb8 c:/ethernut-4.3.3/build/gcc/atmega2561/lib\libnutcrt.a(fopen.o)
                0x000089a8                fopen
 .text          0x00008a60       0xd6 c:/ethernut-4.3.3/build/gcc/atmega2561/lib\libnutcrt.a(freopen.o)
                0x00008a60                freopen
 .text          0x00008b36       0x50 c:/ethernut-4.3.3/build/gcc/atmega2561/lib\libnutcrt.a(fputc.o)
                0x00008b36                fputc
 .text          0x00008b86       0x22 c:/ethernut-4.3.3/build/gcc/atmega2561/lib\libnutcrt.a(fputs.o)
                0x00008b86                fputs
 .text          0x00008ba8       0x28 c:/ethernut-4.3.3/build/gcc/atmega2561/lib\libnutcrt.a(fputs_p.o)
                0x00008ba8                fputs_P
 .text          0x00008bd0       0x72 c:/ethernut-4.3.3/build/gcc/atmega2561/lib\libnutcrt.a(vfprintf_p.o)
                0x00008bd0                vfprintf_P
 .text          0x00008c42       0x80 c:/ethernut-4.3.3/build/gcc/atmega2561/lib\libnutcrt.a(time.o)
                0x00008c7e                time
                0x00008c42                stime
 .text          0x00008cc2        0x0 c:/ethernut-4.3.3/build/gcc/atmega2561/lib\libnutcrt.a(errno.o)
 .text          0x00008cc2       0x20 c:/ethernut-4.3.3/build/gcc/atmega2561/lib\libnutcrt.a(malloc.o)
                0x00008cc8                malloc
                0x00008cc2                free
 .text          0x00008ce2      0x6f2 c:/ethernut-4.3.3/build/gcc/atmega2561/lib\libnutcrt.a(putf.o)
                0x00008d32                _putf
 .text          0x000093d4       0x26 c:/ethernut-4.3.3/build/gcc/atmega2561/lib\libnutcrt.a(write.o)
                0x000093d4                _write
 .text          0x000093fa       0x26 c:/ethernut-4.3.3/build/gcc/atmega2561/lib\libnutcrt.a(write_p.o)
                0x000093fa                _write_P
 .text          0x00009420       0x58 c:/ethernut-4.3.3/build/gcc/atmega2561/lib\libnutcrt.a(fmode.o)
                0x00009420                _fmode
 .text          0x00009478        0x0 c:/winavr-20070525/bin/../lib/gcc/avr/4.1.2/avr6\libgcc.a(_mulsi3.o)
 .text          0x00009478        0x0 c:/winavr-20070525/bin/../lib/gcc/avr/4.1.2/avr6\libgcc.a(_udivmodqi4.o)
 .text          0x00009478        0x0 c:/winavr-20070525/bin/../lib/gcc/avr/4.1.2/avr6\libgcc.a(_udivmodhi4.o)
 .text          0x00009478        0x0 c:/winavr-20070525/bin/../lib/gcc/avr/4.1.2/avr6\libgcc.a(_divmodhi4.o)
 .text          0x00009478        0x0 c:/winavr-20070525/bin/../lib/gcc/avr/4.1.2/avr6\libgcc.a(_udivmodsi4.o)
 .text          0x00009478        0x0 c:/winavr-20070525/bin/../lib/gcc/avr/4.1.2/avr6\libgcc.a(_exit.o)
 .text          0x00009478        0x0 c:/winavr-20070525/bin/../lib/gcc/avr/4.1.2/avr6\libgcc.a(_clear_bss.o)
 .text          0x00009478        0x0 c:/winavr-20070525/bin/../lib/gcc/avr/4.1.2/../../../../avr/lib/avr6\libc.a(toupper.o)
 .text          0x00009478       0x12 c:/winavr-20070525/bin/../lib/gcc/avr/4.1.2/../../../../avr/lib/avr6\libc.a(memcpy_P.o)
                0x00009478                memcpy_P
 .text          0x0000948a        0xe c:/winavr-20070525/bin/../lib/gcc/avr/4.1.2/../../../../avr/lib/avr6\libc.a(strcpy_P.o)
                0x0000948a                strcpy_P
 .text          0x00009498       0x12 c:/winavr-20070525/bin/../lib/gcc/avr/4.1.2/../../../../avr/lib/avr6\libc.a(strlen_P.o)
                0x00009498                strlen_P
 .text          0x000094aa       0x1a c:/winavr-20070525/bin/../lib/gcc/avr/4.1.2/../../../../avr/lib/avr6\libc.a(memchr.o)
                0x000094aa                memchr
 .text          0x000094c4       0x1a c:/winavr-20070525/bin/../lib/gcc/avr/4.1.2/../../../../avr/lib/avr6\libc.a(memcmp.o)
                0x000094c4                memcmp
 .text          0x000094de       0x12 c:/winavr-20070525/bin/../lib/gcc/avr/4.1.2/../../../../avr/lib/avr6\libc.a(memcpy.o)
                0x000094de                memcpy
 .text          0x000094f0        0xe c:/winavr-20070525/bin/../lib/gcc/avr/4.1.2/../../../../avr/lib/avr6\libc.a(memset.o)
                0x000094f0                memset
 .text          0x000094fe       0x16 c:/winavr-20070525/bin/../lib/gcc/avr/4.1.2/../../../../avr/lib/avr6\libc.a(strchr.o)
                0x000094fe                strchr
 .text          0x00009514       0x12 c:/winavr-20070525/bin/../lib/gcc/avr/4.1.2/../../../../avr/lib/avr6\libc.a(strcmp.o)
                0x00009514                strcmp
 .text          0x00009526        0xe c:/winavr-20070525/bin/../lib/gcc/avr/4.1.2/../../../../avr/lib/avr6\libc.a(strcpy.o)
                0x00009526                strcpy
 .text          0x00009534        0x0 c:/winavr-20070525/bin/../lib/gcc/avr/4.1.2/../../../../avr/lib/avr6\libc.a(ee_rb.1F2021.o)
 .text          0x00009534        0x0 c:/winavr-20070525/bin/../lib/gcc/avr/4.1.2/../../../../avr/lib/avr6\libc.a(ee_wb.1F2021.o)
 .text          0x00009534        0x0 c:/winavr-20070525/bin/../lib/gcc/avr/4.1.2/../../../../avr/lib/avr6\libc.a(isalpha.o)
 .text          0x00009534        0x0 c:/winavr-20070525/bin/../lib/gcc/avr/4.1.2/../../../../avr/lib/avr6\libc.a(cty_isfalse.o)
                0x00009534                . = ALIGN (0x2)
 *(.text.*)
 .text.libgcc   0x00009534       0x3e c:/winavr-20070525/bin/../lib/gcc/avr/4.1.2/avr6\libgcc.a(_mulsi3.o)
                0x00009534                __mulsi3
 .text.libgcc   0x00009572       0x18 c:/winavr-20070525/bin/../lib/gcc/avr/4.1.2/avr6\libgcc.a(_udivmodqi4.o)
                0x00009572                __udivmodqi4
 .text.libgcc   0x0000958a       0x28 c:/winavr-20070525/bin/../lib/gcc/avr/4.1.2/avr6\libgcc.a(_udivmodhi4.o)
                0x0000958a                __udivmodhi4
 .text.libgcc   0x000095b2       0x26 c:/winavr-20070525/bin/../lib/gcc/avr/4.1.2/avr6\libgcc.a(_divmodhi4.o)
                0x000095b2                __divmodhi4
                0x000095b2                _div
 .text.libgcc   0x000095d8       0x44 c:/winavr-20070525/bin/../lib/gcc/avr/4.1.2/avr6\libgcc.a(_udivmodsi4.o)
                0x000095d8                __udivmodsi4
 .text.libgcc   0x0000961c        0x0 c:/winavr-20070525/bin/../lib/gcc/avr/4.1.2/avr6\libgcc.a(_exit.o)
 .text.libgcc   0x0000961c        0x0 c:/winavr-20070525/bin/../lib/gcc/avr/4.1.2/avr6\libgcc.a(_clear_bss.o)
 .text.ctype    0x0000961c        0xc c:/winavr-20070525/bin/../lib/gcc/avr/4.1.2/../../../../avr/lib/avr6\libc.a(toupper.o)
                0x0000961c                toupper
 .text.eeprom   0x00009628       0x10 c:/winavr-20070525/bin/../lib/gcc/avr/4.1.2/../../../../avr/lib/avr6\libc.a(ee_rb.1F2021.o)
                0x00009628                __eeprom_read_byte_1F2021
 .text.eeprom   0x00009638       0x18 c:/winavr-20070525/bin/../lib/gcc/avr/4.1.2/../../../../avr/lib/avr6\libc.a(ee_wb.1F2021.o)
                0x00009638                __eeprom_write_byte_1F2021
 .text.ctype    0x00009650       0x14 c:/winavr-20070525/bin/../lib/gcc/avr/4.1.2/../../../../avr/lib/avr6\libc.a(isalpha.o)
                0x00009656                islower
                0x00009650                isupper
                0x00009654                isalpha
 .text.ctype    0x00009664        0x6 c:/winavr-20070525/bin/../lib/gcc/avr/4.1.2/../../../../avr/lib/avr6\libc.a(cty_isfalse.o)
                0x00009668                __ctype_istrue
                0x00009664                __ctype_isfalse
                0x0000966a                . = ALIGN (0x2)
 *(.fini9)
 .fini9         0x0000966a        0x0 c:/winavr-20070525/bin/../lib/gcc/avr/4.1.2/avr6\libgcc.a(_exit.o)
                0x0000966a                exit
                0x0000966a                _exit
 *(.fini9)
 *(.fini8)
 *(.fini8)
 *(.fini7)
 *(.fini7)
 *(.fini6)
 *(.fini6)
 *(.fini5)
 *(.fini5)
 *(.fini4)
 *(.fini4)
 *(.fini3)
 *(.fini3)
 *(.fini2)
 *(.fini2)
 *(.fini1)
 *(.fini1)
 *(.fini0)
 .fini0         0x0000966a        0x2 c:/winavr-20070525/bin/../lib/gcc/avr/4.1.2/avr6\libgcc.a(_exit.o)
 *(.fini0)
                0x0000966c                _etext = .

.data           0x00800200      0x1c0 load address 0x0000966c
                0x00800200                PROVIDE (__data_start, .)
 *(.data)
 .data          0x00800200        0x0 c:/winavr-20070525/bin/../lib/gcc/avr/4.1.2/../../../../avr/lib/avr6/crtm2561.o
 .data          0x00800200        0x0 display.o
 .data          0x00800200       0x64 fat.o
                0x00800200                devFAT
                0x00800223                devFATMMC0
 .data          0x00800264       0x50 flash.o
                0x00800264                at45_devt
 .data          0x008002b4        0x0 keyboard.o
 .data          0x008002b4        0x0 led.o
 .data          0x008002b4       0x10 log.o
 .data          0x008002c4        0x0 main.o
 .data          0x008002c4       0x36 menu.o
 .data          0x008002fa        0x0 mmc.o
 .data          0x008002fa        0x0 mmcdrv.o
 .data          0x008002fa        0x0 remcon.o
 .data          0x008002fa        0x0 rtc.o
 .data          0x008002fa        0x0 showtime.o
 .data          0x008002fa        0x0 spidrv.o
 .data          0x008002fa        0x0 uart0driver.o
 .data          0x008002fa        0x0 vs10xx.o
 .data          0x008002fa        0x0 watchdog.o
 .data          0x008002fa       0x14 c:/ethernut-4.3.3/build/gcc/atmega2561/lib/nutinit.o
                0x0080030d                idle_sleep_mode
 .data          0x0080030e        0x0 c:/ethernut-4.3.3/build/gcc/atmega2561/lib\libnutos.a(heap.o)
 .data          0x0080030e        0x0 c:/ethernut-4.3.3/build/gcc/atmega2561/lib\libnutos.a(bankmem.o)
 .data          0x0080030e        0x0 c:/ethernut-4.3.3/build/gcc/atmega2561/lib\libnutos.a(thread.o)
 .data          0x0080030e        0x0 c:/ethernut-4.3.3/build/gcc/atmega2561/lib\libnutos.a(timer.o)
 .data          0x0080030e        0x0 c:/ethernut-4.3.3/build/gcc/atmega2561/lib\libnutos.a(event.o)
 .data          0x0080030e        0x0 c:/ethernut-4.3.3/build/gcc/atmega2561/lib\libnutos.a(devreg.o)
 .data          0x0080030e        0x0 c:/ethernut-4.3.3/build/gcc/atmega2561/lib\libnutos.a(confos.o)
 .data          0x0080030e        0x0 c:/ethernut-4.3.3/build/gcc/atmega2561/lib\libnutdev.a(ihndlr.o)
 .data          0x0080030e        0x0 c:/ethernut-4.3.3/build/gcc/atmega2561/lib\libnutdev.a(nvmem.o)
 .data          0x0080030e        0x0 c:/ethernut-4.3.3/build/gcc/atmega2561/lib\libnutarch.a(context_gcc.o)
 .data          0x0080030e        0x0 c:/ethernut-4.3.3/build/gcc/atmega2561/lib\libnutarch.a(ostimer.o)
 .data          0x0080030e        0x6 c:/ethernut-4.3.3/build/gcc/atmega2561/lib\libnutarch.a(ih_int4.o)
                0x0080030e                sig_INTERRUPT4
 .data          0x00800314        0x6 c:/ethernut-4.3.3/build/gcc/atmega2561/lib\libnutarch.a(ih_int6.o)
                0x00800314                sig_INTERRUPT6
 .data          0x0080031a        0x6 c:/ethernut-4.3.3/build/gcc/atmega2561/lib\libnutarch.a(ih_timer0_ovf.o)
                0x0080031a                sig_OVERFLOW0
 .data          0x00800320        0x6 c:/ethernut-4.3.3/build/gcc/atmega2561/lib\libnutarch.a(ih_timer2_comp.o)
                0x00800320                sig_OUTPUT_COMPARE2
 .data          0x00800326       0x23 c:/ethernut-4.3.3/build/gcc/atmega2561/lib\libnutarch.a(uart0.o)
                0x00800326                devUart0
 .data          0x00800349        0x0 c:/ethernut-4.3.3/build/gcc/atmega2561/lib\libnutarch.a(uartavr.o)
 .data          0x00800349        0x0 c:/ethernut-4.3.3/build/gcc/atmega2561/lib\libnutarch.a(twif.o)
 .data          0x00800349        0x0 c:/ethernut-4.3.3/build/gcc/atmega2561/lib\libnutarch.a(eeprom.o)
 .data          0x00800349        0x6 c:/ethernut-4.3.3/build/gcc/atmega2561/lib\libnutarch.a(ih_twi.o)
                0x00800349                sig_2WIRE_SERIAL
 .data          0x0080034f        0x6 c:/ethernut-4.3.3/build/gcc/atmega2561/lib\libnutarch.a(ih_usart0_rx.o)
                0x0080034f                sig_UART0_RECV
 .data          0x00800355        0x6 c:/ethernut-4.3.3/build/gcc/atmega2561/lib\libnutarch.a(ih_usart0_tx.o)
                0x00800355                sig_UART0_TRANS
 .data          0x0080035b        0x6 c:/ethernut-4.3.3/build/gcc/atmega2561/lib\libnutarch.a(ih_usart1_rx.o)
                0x0080035b                sig_UART1_RECV
 .data          0x00800361        0x6 c:/ethernut-4.3.3/build/gcc/atmega2561/lib\libnutarch.a(ih_usart1_tx.o)
                0x00800361                sig_UART1_TRANS
 .data          0x00800367        0x0 c:/ethernut-4.3.3/build/gcc/atmega2561/lib\libnutcrt.a(close.o)
 .data          0x00800367        0x0 c:/ethernut-4.3.3/build/gcc/atmega2561/lib\libnutcrt.a(ioctl.o)
 .data          0x00800367        0x0 c:/ethernut-4.3.3/build/gcc/atmega2561/lib\libnutcrt.a(open.o)
 .data          0x00800367        0x0 c:/ethernut-4.3.3/build/gcc/atmega2561/lib\libnutcrt.a(fclose.o)
 .data          0x00800367        0x0 c:/ethernut-4.3.3/build/gcc/atmega2561/lib\libnutcrt.a(fflush.o)
 .data          0x00800367        0x0 c:/ethernut-4.3.3/build/gcc/atmega2561/lib\libnutcrt.a(fileno.o)
 .data          0x00800367       0x10 c:/ethernut-4.3.3/build/gcc/atmega2561/lib\libnutcrt.a(fopen.o)
                0x00800367                __iob
 .data          0x00800377        0x0 c:/ethernut-4.3.3/build/gcc/atmega2561/lib\libnutcrt.a(freopen.o)
 .data          0x00800377        0x0 c:/ethernut-4.3.3/build/gcc/atmega2561/lib\libnutcrt.a(fputc.o)
 .data          0x00800377        0x0 c:/ethernut-4.3.3/build/gcc/atmega2561/lib\libnutcrt.a(fputs.o)
 .data          0x00800377        0x0 c:/ethernut-4.3.3/build/gcc/atmega2561/lib\libnutcrt.a(fputs_p.o)
 .data          0x00800377        0x0 c:/ethernut-4.3.3/build/gcc/atmega2561/lib\libnutcrt.a(vfprintf_p.o)
 .data          0x00800377        0x0 c:/ethernut-4.3.3/build/gcc/atmega2561/lib\libnutcrt.a(time.o)
 .data          0x00800377        0x0 c:/ethernut-4.3.3/build/gcc/atmega2561/lib\libnutcrt.a(errno.o)
 .data          0x00800377        0x0 c:/ethernut-4.3.3/build/gcc/atmega2561/lib\libnutcrt.a(malloc.o)
 .data          0x00800377       0x49 c:/ethernut-4.3.3/build/gcc/atmega2561/lib\libnutcrt.a(putf.o)
 .data          0x008003c0        0x0 c:/ethernut-4.3.3/build/gcc/atmega2561/lib\libnutcrt.a(write.o)
 .data          0x008003c0        0x0 c:/ethernut-4.3.3/build/gcc/atmega2561/lib\libnutcrt.a(write_p.o)
 .data          0x008003c0        0x0 c:/ethernut-4.3.3/build/gcc/atmega2561/lib\libnutcrt.a(fmode.o)
 .data          0x008003c0        0x0 c:/winavr-20070525/bin/../lib/gcc/avr/4.1.2/avr6\libgcc.a(_mulsi3.o)
 .data          0x008003c0        0x0 c:/winavr-20070525/bin/../lib/gcc/avr/4.1.2/avr6\libgcc.a(_udivmodqi4.o)
 .data          0x008003c0        0x0 c:/winavr-20070525/bin/../lib/gcc/avr/4.1.2/avr6\libgcc.a(_udivmodhi4.o)
 .data          0x008003c0        0x0 c:/winavr-20070525/bin/../lib/gcc/avr/4.1.2/avr6\libgcc.a(_divmodhi4.o)
 .data          0x008003c0        0x0 c:/winavr-20070525/bin/../lib/gcc/avr/4.1.2/avr6\libgcc.a(_udivmodsi4.o)
 .data          0x008003c0        0x0 c:/winavr-20070525/bin/../lib/gcc/avr/4.1.2/avr6\libgcc.a(_exit.o)
 .data          0x008003c0        0x0 c:/winavr-20070525/bin/../lib/gcc/avr/4.1.2/avr6\libgcc.a(_clear_bss.o)
 .data          0x008003c0        0x0 c:/winavr-20070525/bin/../lib/gcc/avr/4.1.2/../../../../avr/lib/avr6\libc.a(toupper.o)
 .data          0x008003c0        0x0 c:/winavr-20070525/bin/../lib/gcc/avr/4.1.2/../../../../avr/lib/avr6\libc.a(memcpy_P.o)
 .data          0x008003c0        0x0 c:/winavr-20070525/bin/../lib/gcc/avr/4.1.2/../../../../avr/lib/avr6\libc.a(strcpy_P.o)
 .data          0x008003c0        0x0 c:/winavr-20070525/bin/../lib/gcc/avr/4.1.2/../../../../avr/lib/avr6\libc.a(strlen_P.o)
 .data          0x008003c0        0x0 c:/winavr-20070525/bin/../lib/gcc/avr/4.1.2/../../../../avr/lib/avr6\libc.a(memchr.o)
 .data          0x008003c0        0x0 c:/winavr-20070525/bin/../lib/gcc/avr/4.1.2/../../../../avr/lib/avr6\libc.a(memcmp.o)
 .data          0x008003c0        0x0 c:/winavr-20070525/bin/../lib/gcc/avr/4.1.2/../../../../avr/lib/avr6\libc.a(memcpy.o)
 .data          0x008003c0        0x0 c:/winavr-20070525/bin/../lib/gcc/avr/4.1.2/../../../../avr/lib/avr6\libc.a(memset.o)
 .data          0x008003c0        0x0 c:/winavr-20070525/bin/../lib/gcc/avr/4.1.2/../../../../avr/lib/avr6\libc.a(strchr.o)
 .data          0x008003c0        0x0 c:/winavr-20070525/bin/../lib/gcc/avr/4.1.2/../../../../avr/lib/avr6\libc.a(strcmp.o)
 .data          0x008003c0        0x0 c:/winavr-20070525/bin/../lib/gcc/avr/4.1.2/../../../../avr/lib/avr6\libc.a(strcpy.o)
 .data          0x008003c0        0x0 c:/winavr-20070525/bin/../lib/gcc/avr/4.1.2/../../../../avr/lib/avr6\libc.a(ee_rb.1F2021.o)
 .data          0x008003c0        0x0 c:/winavr-20070525/bin/../lib/gcc/avr/4.1.2/../../../../avr/lib/avr6\libc.a(ee_wb.1F2021.o)
 .data          0x008003c0        0x0 c:/winavr-20070525/bin/../lib/gcc/avr/4.1.2/../../../../avr/lib/avr6\libc.a(isalpha.o)
 .data          0x008003c0        0x0 c:/winavr-20070525/bin/../lib/gcc/avr/4.1.2/../../../../avr/lib/avr6\libc.a(cty_isfalse.o)
 *(.data*)
 *(.rodata)
 *(.rodata*)
 *(.gnu.linkonce.d*)
                0x008003c0                . = ALIGN (0x2)
                0x008003c0                _edata = .
                0x008003c0                PROVIDE (__data_end, .)

.bss            0x008003c0      0x392
                0x008003c0                PROVIDE (__bss_start, .)
 *(.bss)
 .bss           0x008003c0        0x0 c:/winavr-20070525/bin/../lib/gcc/avr/4.1.2/../../../../avr/lib/avr6/crtm2561.o
 .bss           0x008003c0        0x0 display.o
 .bss           0x008003c0       0x70 fat.o
 .bss           0x00800430        0xa flash.o
 .bss           0x0080043a       0x18 keyboard.o
 .bss           0x00800452        0x1 led.o
 .bss           0x00800453        0x3 log.o
 .bss           0x00800456        0x0 main.o
 .bss           0x00800456        0x6 menu.o
                0x0080045a                head
                0x00800456                currentMenuItem
                0x00800458                currChildItem
 .bss           0x0080045c        0x7 mmc.o
 .bss           0x00800463        0xf mmcdrv.o
 .bss           0x00800472        0x2 remcon.o
 .bss           0x00800474        0x4 rtc.o
 .bss           0x00800478        0x0 showtime.o
 .bss           0x00800478        0x1 spidrv.o
 .bss           0x00800479        0x2 uart0driver.o
 .bss           0x0080047b        0x3 vs10xx.o
 .bss           0x0080047e        0x2 watchdog.o
 .bss           0x00800480        0x1 c:/ethernut-4.3.3/build/gcc/atmega2561/lib/nutinit.o
                0x00800480                ms62_5
 .bss           0x00800481        0x2 c:/ethernut-4.3.3/build/gcc/atmega2561/lib\libnutos.a(heap.o)
 .bss           0x00800483       0x13 c:/ethernut-4.3.3/build/gcc/atmega2561/lib\libnutos.a(bankmem.o)
 .bss           0x00800496        0x0 c:/ethernut-4.3.3/build/gcc/atmega2561/lib\libnutos.a(thread.o)
 .bss           0x00800496        0x4 c:/ethernut-4.3.3/build/gcc/atmega2561/lib\libnutos.a(timer.o)
 .bss           0x0080049a        0x0 c:/ethernut-4.3.3/build/gcc/atmega2561/lib\libnutos.a(event.o)
 .bss           0x0080049a        0x2 c:/ethernut-4.3.3/build/gcc/atmega2561/lib\libnutos.a(devreg.o)
                0x0080049a                nutDeviceList
 .bss           0x0080049c        0x0 c:/ethernut-4.3.3/build/gcc/atmega2561/lib\libnutos.a(confos.o)
 .bss           0x0080049c        0x0 c:/ethernut-4.3.3/build/gcc/atmega2561/lib\libnutdev.a(ihndlr.o)
 .bss           0x0080049c        0x0 c:/ethernut-4.3.3/build/gcc/atmega2561/lib\libnutdev.a(nvmem.o)
 .bss           0x0080049c        0x0 c:/ethernut-4.3.3/build/gcc/atmega2561/lib\libnutarch.a(context_gcc.o)
 .bss           0x0080049c        0x4 c:/ethernut-4.3.3/build/gcc/atmega2561/lib\libnutarch.a(ostimer.o)
 .bss           0x008004a0        0x0 c:/ethernut-4.3.3/build/gcc/atmega2561/lib\libnutarch.a(ih_int4.o)
 .bss           0x008004a0        0x0 c:/ethernut-4.3.3/build/gcc/atmega2561/lib\libnutarch.a(ih_int6.o)
 .bss           0x008004a0        0x0 c:/ethernut-4.3.3/build/gcc/atmega2561/lib\libnutarch.a(ih_timer0_ovf.o)
 .bss           0x008004a0        0x0 c:/ethernut-4.3.3/build/gcc/atmega2561/lib\libnutarch.a(ih_timer2_comp.o)
 .bss           0x008004a0      0x21c c:/ethernut-4.3.3/build/gcc/atmega2561/lib\libnutarch.a(uart0.o)
 .bss           0x008006bc        0x0 c:/ethernut-4.3.3/build/gcc/atmega2561/lib\libnutarch.a(uartavr.o)
 .bss           0x008006bc       0x1f c:/ethernut-4.3.3/build/gcc/atmega2561/lib\libnutarch.a(twif.o)
 .bss           0x008006db        0x0 c:/ethernut-4.3.3/build/gcc/atmega2561/lib\libnutarch.a(eeprom.o)
 .bss           0x008006db        0x0 c:/ethernut-4.3.3/build/gcc/atmega2561/lib\libnutarch.a(ih_twi.o)
 .bss           0x008006db        0x0 c:/ethernut-4.3.3/build/gcc/atmega2561/lib\libnutarch.a(ih_usart0_rx.o)
 .bss           0x008006db        0x0 c:/ethernut-4.3.3/build/gcc/atmega2561/lib\libnutarch.a(ih_usart0_tx.o)
 .bss           0x008006db        0x0 c:/ethernut-4.3.3/build/gcc/atmega2561/lib\libnutarch.a(ih_usart1_rx.o)
 .bss           0x008006db        0x0 c:/ethernut-4.3.3/build/gcc/atmega2561/lib\libnutarch.a(ih_usart1_tx.o)
 .bss           0x008006db        0x0 c:/ethernut-4.3.3/build/gcc/atmega2561/lib\libnutcrt.a(close.o)
 .bss           0x008006db        0x0 c:/ethernut-4.3.3/build/gcc/atmega2561/lib\libnutcrt.a(ioctl.o)
 .bss           0x008006db        0x0 c:/ethernut-4.3.3/build/gcc/atmega2561/lib\libnutcrt.a(open.o)
 .bss           0x008006db        0x0 c:/ethernut-4.3.3/build/gcc/atmega2561/lib\libnutcrt.a(fclose.o)
 .bss           0x008006db        0x0 c:/ethernut-4.3.3/build/gcc/atmega2561/lib\libnutcrt.a(fflush.o)
 .bss           0x008006db        0x0 c:/ethernut-4.3.3/build/gcc/atmega2561/lib\libnutcrt.a(fileno.o)
 .bss           0x008006db        0x0 c:/ethernut-4.3.3/build/gcc/atmega2561/lib\libnutcrt.a(fopen.o)
 .bss           0x008006db        0x0 c:/ethernut-4.3.3/build/gcc/atmega2561/lib\libnutcrt.a(freopen.o)
 .bss           0x008006db        0x0 c:/ethernut-4.3.3/build/gcc/atmega2561/lib\libnutcrt.a(fputc.o)
 .bss           0x008006db        0x0 c:/ethernut-4.3.3/build/gcc/atmega2561/lib\libnutcrt.a(fputs.o)
 .bss           0x008006db        0x0 c:/ethernut-4.3.3/build/gcc/atmega2561/lib\libnutcrt.a(fputs_p.o)
 .bss           0x008006db        0x0 c:/ethernut-4.3.3/build/gcc/atmega2561/lib\libnutcrt.a(vfprintf_p.o)
 .bss           0x008006db        0x4 c:/ethernut-4.3.3/build/gcc/atmega2561/lib\libnutcrt.a(time.o)
 .bss           0x008006df        0x0 c:/ethernut-4.3.3/build/gcc/atmega2561/lib\libnutcrt.a(errno.o)
 .bss           0x008006df        0x0 c:/ethernut-4.3.3/build/gcc/atmega2561/lib\libnutcrt.a(malloc.o)
 .bss           0x008006df        0x0 c:/ethernut-4.3.3/build/gcc/atmega2561/lib\libnutcrt.a(putf.o)
 .bss           0x008006df        0x0 c:/ethernut-4.3.3/build/gcc/atmega2561/lib\libnutcrt.a(write.o)
 .bss           0x008006df        0x0 c:/ethernut-4.3.3/build/gcc/atmega2561/lib\libnutcrt.a(write_p.o)
 .bss           0x008006df        0x0 c:/ethernut-4.3.3/build/gcc/atmega2561/lib\libnutcrt.a(fmode.o)
 .bss           0x008006df        0x0 c:/winavr-20070525/bin/../lib/gcc/avr/4.1.2/avr6\libgcc.a(_mulsi3.o)
 .bss           0x008006df        0x0 c:/winavr-20070525/bin/../lib/gcc/avr/4.1.2/avr6\libgcc.a(_udivmodqi4.o)
 .bss           0x008006df        0x0 c:/winavr-20070525/bin/../lib/gcc/avr/4.1.2/avr6\libgcc.a(_udivmodhi4.o)
 .bss           0x008006df        0x0 c:/winavr-20070525/bin/../lib/gcc/avr/4.1.2/avr6\libgcc.a(_divmodhi4.o)
 .bss           0x008006df        0x0 c:/winavr-20070525/bin/../lib/gcc/avr/4.1.2/avr6\libgcc.a(_udivmodsi4.o)
 .bss           0x008006df        0x0 c:/winavr-20070525/bin/../lib/gcc/avr/4.1.2/avr6\libgcc.a(_exit.o)
 .bss           0x008006df        0x0 c:/winavr-20070525/bin/../lib/gcc/avr/4.1.2/avr6\libgcc.a(_clear_bss.o)
 .bss           0x008006df        0x0 c:/winavr-20070525/bin/../lib/gcc/avr/4.1.2/../../../../avr/lib/avr6\libc.a(toupper.o)
 .bss           0x008006df        0x0 c:/winavr-20070525/bin/../lib/gcc/avr/4.1.2/../../../../avr/lib/avr6\libc.a(memcpy_P.o)
 .bss           0x008006df        0x0 c:/winavr-20070525/bin/../lib/gcc/avr/4.1.2/../../../../avr/lib/avr6\libc.a(strcpy_P.o)
 .bss           0x008006df        0x0 c:/winavr-20070525/bin/../lib/gcc/avr/4.1.2/../../../../avr/lib/avr6\libc.a(strlen_P.o)
 .bss           0x008006df        0x0 c:/winavr-20070525/bin/../lib/gcc/avr/4.1.2/../../../../avr/lib/avr6\libc.a(memchr.o)
 .bss           0x008006df        0x0 c:/winavr-20070525/bin/../lib/gcc/avr/4.1.2/../../../../avr/lib/avr6\libc.a(memcmp.o)
 .bss           0x008006df        0x0 c:/winavr-20070525/bin/../lib/gcc/avr/4.1.2/../../../../avr/lib/avr6\libc.a(memcpy.o)
 .bss           0x008006df        0x0 c:/winavr-20070525/bin/../lib/gcc/avr/4.1.2/../../../../avr/lib/avr6\libc.a(memset.o)
 .bss           0x008006df        0x0 c:/winavr-20070525/bin/../lib/gcc/avr/4.1.2/../../../../avr/lib/avr6\libc.a(strchr.o)
 .bss           0x008006df        0x0 c:/winavr-20070525/bin/../lib/gcc/avr/4.1.2/../../../../avr/lib/avr6\libc.a(strcmp.o)
 .bss           0x008006df        0x0 c:/winavr-20070525/bin/../lib/gcc/avr/4.1.2/../../../../avr/lib/avr6\libc.a(strcpy.o)
 .bss           0x008006df        0x0 c:/winavr-20070525/bin/../lib/gcc/avr/4.1.2/../../../../avr/lib/avr6\libc.a(ee_rb.1F2021.o)
 .bss           0x008006df        0x0 c:/winavr-20070525/bin/../lib/gcc/avr/4.1.2/../../../../avr/lib/avr6\libc.a(ee_wb.1F2021.o)
 .bss           0x008006df        0x0 c:/winavr-20070525/bin/../lib/gcc/avr/4.1.2/../../../../avr/lib/avr6\libc.a(isalpha.o)
 .bss           0x008006df        0x0 c:/winavr-20070525/bin/../lib/gcc/avr/4.1.2/../../../../avr/lib/avr6\libc.a(cty_isfalse.o)
 *(.bss*)
 *(COMMON)
 COMMON         0x008006df        0x2 main.o
                0x008006df                menuItemIndex
 COMMON         0x008006e1       0x40 c:/ethernut-4.3.3/build/gcc/atmega2561/lib/nutinit.o
                0x008006e1                nutmem_onchip
 COMMON         0x00800721        0x2 c:/ethernut-4.3.3/build/gcc/atmega2561/lib\libnutos.a(heap.o)
                0x00800721                heapFreeList
 COMMON         0x00800723        0x8 c:/ethernut-4.3.3/build/gcc/atmega2561/lib\libnutos.a(thread.o)
                0x00800723                nutThreadList
                0x00800725                runQueue
                0x00800727                runningThread
                0x00800729                killedThread
 COMMON         0x0080072b        0xa c:/ethernut-4.3.3/build/gcc/atmega2561/lib\libnutos.a(timer.o)
                0x0080072b                nut_delay_loops
                0x0080072f                nutTimerList
                0x00800731                nut_ticks
 COMMON         0x00800735       0x13 c:/ethernut-4.3.3/build/gcc/atmega2561/lib\libnutos.a(confos.o)
                0x00800735                confos
 COMMON         0x00800748        0x8 c:/ethernut-4.3.3/build/gcc/atmega2561/lib\libnutarch.a(twif.o)
                0x00800748                tw_mm_mutex
                0x0080074a                tw_mm_que
                0x0080074c                tw_sr_que
                0x0080074e                tw_st_que
 COMMON         0x00800750        0x2 c:/ethernut-4.3.3/build/gcc/atmega2561/lib\libnutcrt.a(errno.o)
                0x00800750                errno
                0x00800752                PROVIDE (__bss_end, .)
                0x0000966c                __data_load_start = LOADADDR (.data)
                0x0000982c                __data_load_end = (__data_load_start + SIZEOF (.data))

.noinit         0x00800752        0x0
                0x00800752                PROVIDE (__noinit_start, .)
 *(.noinit*)
                0x00800752                PROVIDE (__noinit_end, .)
                0x00800752                _end = .
                0x00800752                PROVIDE (__heap_start, .)

.eeprom         0x00810000        0x0
 *(.eeprom*)
                0x00810000                __eeprom_end = .

.stab           0x00000000      0x414
 *(.stab)
 .stab          0x00000000      0x414 c:/winavr-20070525/bin/../lib/gcc/avr/4.1.2/../../../../avr/lib/avr6/crtm2561.o

.stabstr        0x00000000       0x71
 *(.stabstr)
 .stabstr       0x00000000       0x71 c:/winavr-20070525/bin/../lib/gcc/avr/4.1.2/../../../../avr/lib/avr6/crtm2561.o

.stab.excl
 *(.stab.excl)

.stab.exclstr
 *(.stab.exclstr)

.stab.index
 *(.stab.index)

.stab.indexstr
 *(.stab.indexstr)

.comment
 *(.comment)

.debug
 *(.debug)

.line
 *(.line)

.debug_srcinfo
 *(.debug_srcinfo)

.debug_sfnames
 *(.debug_sfnames)

.debug_aranges
 *(.debug_aranges)

.debug_pubnames
 *(.debug_pubnames)

.debug_info
 *(.debug_info)
 *(.gnu.linkonce.wi.*)

.debug_abbrev
 *(.debug_abbrev)

.debug_line
 *(.debug_line)

.debug_frame
 *(.debug_frame)

.debug_str
 *(.debug_str)

.debug_loc
 *(.debug_loc)

.debug_macinfo
 *(.debug_macinfo)
OUTPUT(ipac.elf elf32-avr)
LOAD linker stubs

Cross Reference Table

Symbol                                            File
At45dbChipErase                                   flash.o
At45dbGetStatus                                   flash.o
At45dbInit                                        flash.o
                                                  main.o
At45dbPageErase                                   flash.o
At45dbPageRead                                    flash.o
At45dbPageWrite                                   flash.o
At45dbSendCmd                                     flash.o
At45dbWaitReady                                   flash.o
CallHandler                                       c:/ethernut-4.3.3/build/gcc/atmega2561/lib\libnutdev.a(ihndlr.o)
                                                  c:/ethernut-4.3.3/build/gcc/atmega2561/lib\libnutarch.a(ih_usart1_tx.o)
                                                  c:/ethernut-4.3.3/build/gcc/atmega2561/lib\libnutarch.a(ih_usart1_rx.o)
                                                  c:/ethernut-4.3.3/build/gcc/atmega2561/lib\libnutarch.a(ih_usart0_tx.o)
                                                  c:/ethernut-4.3.3/build/gcc/atmega2561/lib\libnutarch.a(ih_usart0_rx.o)
                                                  c:/ethernut-4.3.3/build/gcc/atmega2561/lib\libnutarch.a(ih_twi.o)
                                                  c:/ethernut-4.3.3/build/gcc/atmega2561/lib\libnutarch.a(ih_timer2_comp.o)
                                                  c:/ethernut-4.3.3/build/gcc/atmega2561/lib\libnutarch.a(ih_timer0_ovf.o)
                                                  c:/ethernut-4.3.3/build/gcc/atmega2561/lib\libnutarch.a(ih_int6.o)
                                                  c:/ethernut-4.3.3/build/gcc/atmega2561/lib\libnutarch.a(ih_int4.o)
CardCheckCard                                     mmc.o
                                                  main.o
CardCheckPresent                                  mmc.o
CardClose                                         mmc.o
CardInit                                          mmc.o
                                                  main.o
CardInitCard                                      mmc.o
CardPresent                                       mmc.o
CardStatus                                        mmc.o
ChildNode                                         menu.o
FATFileRead                                       fat.o
FATFileSize                                       fat.o
FATFree                                           fat.o
FATIOCtl                                          fat.o
FATLock                                           fat.o
FATRelease                                        fat.o
                                                  mmc.o
FATSemaInit                                       fat.o
GetThreadByName                                   c:/ethernut-4.3.3/build/gcc/atmega2561/lib\libnutos.a(thread.o)
                                                  mmc.o
HexDump                                           log.o
KbGetKey                                          keyboard.o
                                                  main.o
KbInit                                            keyboard.o
                                                  main.o
KbInjectKey                                       keyboard.o
                                                  mmc.o
KbScan                                            keyboard.o
                                                  main.o
KbSetKeyRepeating                                 keyboard.o
KbWaitForKeyEvent                                 keyboard.o
LcdBackLight                                      display.o
LcdChar                                           display.o
LcdClear                                          display.o
                                                  main.o
LcdCursorBlink                                    display.o
LcdCursorOff                                      display.o
LcdDDRamStartPos                                  display.o
                                                  showtime.o
LcdLowLevelInit                                   display.o
                                                  main.o
LcdMoveCursor                                     display.o
LcdMoveCursorHome                                 display.o
LcdMoveCursorPos                                  display.o
LcdSetupDisplay                                   display.o
                                                  main.o
LcdStr                                            display.o
                                                  showtime.o
                                                  menu.o
                                                  main.o
LedControl                                        led.o
LedGetStatus                                      led.o
LedInit                                           led.o
                                                  main.o
Level1Node                                        menu.o
LogChar_P                                         log.o
LogClose                                          log.o
LogInit                                           log.o
                                                  main.o
LogMsg_P                                          log.o
                                                  spidrv.o
                                                  mmcdrv.o
                                                  mmc.o
                                                  main.o
LogOpen                                           log.o
LogSetLevel                                       log.o
MMCGetSectorSize                                  mmcdrv.o
                                                  fat.o
MMCGetTotalSectors                                mmcdrv.o
                                                  fat.o
MMCInit                                           mmcdrv.o
                                                  fat.o
MMCIsCDROMDevice                                  mmcdrv.o
                                                  fat.o
MMCIsZIPDevice                                    mmcdrv.o
                                                  fat.o
MMCMountAllDevices                                mmcdrv.o
                                                  fat.o
MMCReadSectors                                    mmcdrv.o
                                                  fat.o
MMCUnMountDevice                                  mmcdrv.o
MMCWriteSectors                                   mmcdrv.o
                                                  fat.o
NutAppMain                                        main.o
                                                  c:/ethernut-4.3.3/build/gcc/atmega2561/lib/nutinit.o
NutBufRemovePage                                  c:/ethernut-4.3.3/build/gcc/atmega2561/lib\libnutos.a(bankmem.o)
NutDelay                                          c:/ethernut-4.3.3/build/gcc/atmega2561/lib\libnutos.a(timer.o)
                                                  c:/ethernut-4.3.3/build/gcc/atmega2561/lib\libnutarch.a(uartavr.o)
                                                  vs10xx.o
                                                  main.o
                                                  display.o
NutDeviceLookup                                   c:/ethernut-4.3.3/build/gcc/atmega2561/lib\libnutos.a(devreg.o)
                                                  c:/ethernut-4.3.3/build/gcc/atmega2561/lib\libnutcrt.a(open.o)
                                                  mmc.o
NutEventBroadcast                                 c:/ethernut-4.3.3/build/gcc/atmega2561/lib\libnutos.a(event.o)
NutEventBroadcastAsync                            c:/ethernut-4.3.3/build/gcc/atmega2561/lib\libnutos.a(event.o)
NutEventPost                                      c:/ethernut-4.3.3/build/gcc/atmega2561/lib\libnutos.a(event.o)
                                                  c:/ethernut-4.3.3/build/gcc/atmega2561/lib\libnutarch.a(twif.o)
                                                  mmcdrv.o
                                                  fat.o
NutEventPostAsync                                 c:/ethernut-4.3.3/build/gcc/atmega2561/lib\libnutos.a(event.o)
                                                  c:/ethernut-4.3.3/build/gcc/atmega2561/lib\libnutos.a(thread.o)
NutEventTimeout                                   c:/ethernut-4.3.3/build/gcc/atmega2561/lib\libnutos.a(event.o)
NutEventWait                                      c:/ethernut-4.3.3/build/gcc/atmega2561/lib\libnutos.a(event.o)
                                                  c:/ethernut-4.3.3/build/gcc/atmega2561/lib\libnutarch.a(twif.o)
                                                  c:/ethernut-4.3.3/build/gcc/atmega2561/lib\libnutarch.a(uartavr.o)
                                                  mmcdrv.o
                                                  keyboard.o
                                                  fat.o
NutEventWaitNext                                  c:/ethernut-4.3.3/build/gcc/atmega2561/lib\libnutos.a(event.o)
NutGetCpuClock                                    c:/ethernut-4.3.3/build/gcc/atmega2561/lib\libnutarch.a(ostimer.o)
                                                  c:/ethernut-4.3.3/build/gcc/atmega2561/lib\libnutarch.a(twif.o)
                                                  c:/ethernut-4.3.3/build/gcc/atmega2561/lib\libnutarch.a(uartavr.o)
NutGetMillis                                      c:/ethernut-4.3.3/build/gcc/atmega2561/lib\libnutos.a(timer.o)
NutGetSeconds                                     c:/ethernut-4.3.3/build/gcc/atmega2561/lib\libnutos.a(timer.o)
                                                  c:/ethernut-4.3.3/build/gcc/atmega2561/lib\libnutcrt.a(time.o)
NutGetTickClock                                   c:/ethernut-4.3.3/build/gcc/atmega2561/lib\libnutarch.a(ostimer.o)
                                                  c:/ethernut-4.3.3/build/gcc/atmega2561/lib\libnutos.a(timer.o)
NutGetTickCount                                   c:/ethernut-4.3.3/build/gcc/atmega2561/lib\libnutos.a(timer.o)
NutHeapAdd                                        c:/ethernut-4.3.3/build/gcc/atmega2561/lib\libnutos.a(heap.o)
                                                  c:/ethernut-4.3.3/build/gcc/atmega2561/lib/nutinit.o
NutHeapAlloc                                      c:/ethernut-4.3.3/build/gcc/atmega2561/lib\libnutos.a(heap.o)
                                                  c:/ethernut-4.3.3/build/gcc/atmega2561/lib\libnutcrt.a(malloc.o)
                                                  c:/ethernut-4.3.3/build/gcc/atmega2561/lib\libnutcrt.a(vfprintf_p.o)
                                                  c:/ethernut-4.3.3/build/gcc/atmega2561/lib\libnutarch.a(uartavr.o)
                                                  c:/ethernut-4.3.3/build/gcc/atmega2561/lib\libnutarch.a(context_gcc.o)
                                                  c:/ethernut-4.3.3/build/gcc/atmega2561/lib\libnutos.a(timer.o)
                                                  fat.o
NutHeapAllocClear                                 c:/ethernut-4.3.3/build/gcc/atmega2561/lib\libnutos.a(heap.o)
NutHeapAvailable                                  c:/ethernut-4.3.3/build/gcc/atmega2561/lib\libnutos.a(heap.o)
NutHeapFree                                       c:/ethernut-4.3.3/build/gcc/atmega2561/lib\libnutos.a(heap.o)
                                                  c:/ethernut-4.3.3/build/gcc/atmega2561/lib\libnutcrt.a(malloc.o)
                                                  c:/ethernut-4.3.3/build/gcc/atmega2561/lib\libnutcrt.a(vfprintf_p.o)
                                                  c:/ethernut-4.3.3/build/gcc/atmega2561/lib\libnutarch.a(uartavr.o)
                                                  c:/ethernut-4.3.3/build/gcc/atmega2561/lib\libnutos.a(timer.o)
                                                  c:/ethernut-4.3.3/build/gcc/atmega2561/lib\libnutos.a(thread.o)
                                                  fat.o
NutIdle                                           c:/ethernut-4.3.3/build/gcc/atmega2561/lib/nutinit.o
NutInit                                           c:/ethernut-4.3.3/build/gcc/atmega2561/lib/nutinit.o
NutIrqDisable                                     c:/ethernut-4.3.3/build/gcc/atmega2561/lib\libnutdev.a(ihndlr.o)
NutIrqEnable                                      c:/ethernut-4.3.3/build/gcc/atmega2561/lib\libnutdev.a(ihndlr.o)
NutIrqSetMode                                     c:/ethernut-4.3.3/build/gcc/atmega2561/lib\libnutdev.a(ihndlr.o)
                                                  vs10xx.o
NutIrqSetPriority                                 c:/ethernut-4.3.3/build/gcc/atmega2561/lib\libnutdev.a(ihndlr.o)
NutLoadConfig                                     c:/ethernut-4.3.3/build/gcc/atmega2561/lib\libnutos.a(confos.o)
                                                  c:/ethernut-4.3.3/build/gcc/atmega2561/lib/nutinit.o
NutMicroDelay                                     c:/ethernut-4.3.3/build/gcc/atmega2561/lib\libnutos.a(timer.o)
NutNvMemLoad                                      c:/ethernut-4.3.3/build/gcc/atmega2561/lib\libnutdev.a(nvmem.o)
                                                  c:/ethernut-4.3.3/build/gcc/atmega2561/lib\libnutos.a(confos.o)
NutNvMemSave                                      c:/ethernut-4.3.3/build/gcc/atmega2561/lib\libnutdev.a(nvmem.o)
                                                  c:/ethernut-4.3.3/build/gcc/atmega2561/lib\libnutos.a(confos.o)
NutRegisterDevice                                 c:/ethernut-4.3.3/build/gcc/atmega2561/lib\libnutos.a(devreg.o)
                                                  uart0driver.o
                                                  mmc.o
NutRegisterIrqHandler                             c:/ethernut-4.3.3/build/gcc/atmega2561/lib\libnutdev.a(ihndlr.o)
                                                  c:/ethernut-4.3.3/build/gcc/atmega2561/lib\libnutarch.a(twif.o)
                                                  c:/ethernut-4.3.3/build/gcc/atmega2561/lib\libnutarch.a(uartavr.o)
                                                  c:/ethernut-4.3.3/build/gcc/atmega2561/lib\libnutarch.a(ostimer.o)
                                                  vs10xx.o
                                                  remcon.o
                                                  main.o
NutRegisterTimer                                  c:/ethernut-4.3.3/build/gcc/atmega2561/lib\libnutarch.a(ostimer.o)
                                                  c:/ethernut-4.3.3/build/gcc/atmega2561/lib\libnutos.a(timer.o)
NutSaveConfig                                     c:/ethernut-4.3.3/build/gcc/atmega2561/lib\libnutos.a(confos.o)
                                                  c:/ethernut-4.3.3/build/gcc/atmega2561/lib/nutinit.o
NutSegBufAvailable                                c:/ethernut-4.3.3/build/gcc/atmega2561/lib\libnutos.a(bankmem.o)
NutSegBufInit                                     c:/ethernut-4.3.3/build/gcc/atmega2561/lib\libnutos.a(bankmem.o)
NutSegBufReadCommit                               c:/ethernut-4.3.3/build/gcc/atmega2561/lib\libnutos.a(bankmem.o)
                                                  vs10xx.o
NutSegBufReadLast                                 c:/ethernut-4.3.3/build/gcc/atmega2561/lib\libnutos.a(bankmem.o)
                                                  vs10xx.o
NutSegBufReadRequest                              c:/ethernut-4.3.3/build/gcc/atmega2561/lib\libnutos.a(bankmem.o)
                                                  vs10xx.o
NutSegBufReset                                    c:/ethernut-4.3.3/build/gcc/atmega2561/lib\libnutos.a(bankmem.o)
NutSegBufUsed                                     c:/ethernut-4.3.3/build/gcc/atmega2561/lib\libnutos.a(bankmem.o)
NutSegBufWriteCommit                              c:/ethernut-4.3.3/build/gcc/atmega2561/lib\libnutos.a(bankmem.o)
NutSegBufWriteLast                                c:/ethernut-4.3.3/build/gcc/atmega2561/lib\libnutos.a(bankmem.o)
NutSegBufWriteRequest                             c:/ethernut-4.3.3/build/gcc/atmega2561/lib\libnutos.a(bankmem.o)
NutSleep                                          c:/ethernut-4.3.3/build/gcc/atmega2561/lib\libnutos.a(timer.o)
                                                  c:/ethernut-4.3.3/build/gcc/atmega2561/lib\libnutarch.a(twif.o)
                                                  rtc.o
                                                  mmc.o
                                                  main.o
                                                  flash.o
NutThreadAddPriQueue                              c:/ethernut-4.3.3/build/gcc/atmega2561/lib\libnutos.a(thread.o)
                                                  c:/ethernut-4.3.3/build/gcc/atmega2561/lib\libnutarch.a(context_gcc.o)
                                                  c:/ethernut-4.3.3/build/gcc/atmega2561/lib\libnutos.a(event.o)
NutThreadCreate                                   c:/ethernut-4.3.3/build/gcc/atmega2561/lib\libnutarch.a(context_gcc.o)
                                                  c:/ethernut-4.3.3/build/gcc/atmega2561/lib/nutinit.o
                                                  mmc.o
NutThreadDestroy                                  c:/ethernut-4.3.3/build/gcc/atmega2561/lib\libnutos.a(thread.o)
                                                  c:/ethernut-4.3.3/build/gcc/atmega2561/lib/nutinit.o
NutThreadExit                                     c:/ethernut-4.3.3/build/gcc/atmega2561/lib\libnutos.a(thread.o)
NutThreadKill                                     c:/ethernut-4.3.3/build/gcc/atmega2561/lib\libnutos.a(thread.o)
NutThreadRemoveQueue                              c:/ethernut-4.3.3/build/gcc/atmega2561/lib\libnutos.a(thread.o)
                                                  c:/ethernut-4.3.3/build/gcc/atmega2561/lib\libnutos.a(event.o)
                                                  c:/ethernut-4.3.3/build/gcc/atmega2561/lib\libnutos.a(timer.o)
NutThreadResume                                   c:/ethernut-4.3.3/build/gcc/atmega2561/lib\libnutos.a(thread.o)
                                                  c:/ethernut-4.3.3/build/gcc/atmega2561/lib\libnutos.a(event.o)
                                                  c:/ethernut-4.3.3/build/gcc/atmega2561/lib\libnutos.a(timer.o)
NutThreadSetPriority                              c:/ethernut-4.3.3/build/gcc/atmega2561/lib\libnutos.a(thread.o)
                                                  c:/ethernut-4.3.3/build/gcc/atmega2561/lib/nutinit.o
                                                  main.o
NutThreadSetSleepMode                             c:/ethernut-4.3.3/build/gcc/atmega2561/lib/nutinit.o
NutThreadSwitch                                   c:/ethernut-4.3.3/build/gcc/atmega2561/lib\libnutarch.a(context_gcc.o)
                                                  c:/ethernut-4.3.3/build/gcc/atmega2561/lib\libnutos.a(thread.o)
NutThreadWake                                     c:/ethernut-4.3.3/build/gcc/atmega2561/lib\libnutos.a(thread.o)
                                                  c:/ethernut-4.3.3/build/gcc/atmega2561/lib\libnutos.a(timer.o)
NutThreadYield                                    c:/ethernut-4.3.3/build/gcc/atmega2561/lib\libnutos.a(thread.o)
                                                  c:/ethernut-4.3.3/build/gcc/atmega2561/lib\libnutos.a(event.o)
                                                  c:/ethernut-4.3.3/build/gcc/atmega2561/lib\libnutos.a(timer.o)
                                                  c:/ethernut-4.3.3/build/gcc/atmega2561/lib/nutinit.o
NutTimerCreate                                    c:/ethernut-4.3.3/build/gcc/atmega2561/lib\libnutos.a(timer.o)
NutTimerInit                                      c:/ethernut-4.3.3/build/gcc/atmega2561/lib\libnutos.a(timer.o)
                                                  c:/ethernut-4.3.3/build/gcc/atmega2561/lib/nutinit.o
NutTimerInsert                                    c:/ethernut-4.3.3/build/gcc/atmega2561/lib\libnutos.a(timer.o)
NutTimerMillisToTicks                             c:/ethernut-4.3.3/build/gcc/atmega2561/lib\libnutarch.a(ostimer.o)
                                                  c:/ethernut-4.3.3/build/gcc/atmega2561/lib\libnutos.a(timer.o)
NutTimerProcessElapsed                            c:/ethernut-4.3.3/build/gcc/atmega2561/lib\libnutos.a(timer.o)
                                                  c:/ethernut-4.3.3/build/gcc/atmega2561/lib\libnutos.a(thread.o)
NutTimerStart                                     c:/ethernut-4.3.3/build/gcc/atmega2561/lib\libnutos.a(timer.o)
                                                  c:/ethernut-4.3.3/build/gcc/atmega2561/lib\libnutos.a(event.o)
NutTimerStartTicks                                c:/ethernut-4.3.3/build/gcc/atmega2561/lib\libnutos.a(timer.o)
NutTimerStop                                      c:/ethernut-4.3.3/build/gcc/atmega2561/lib\libnutos.a(timer.o)
                                                  c:/ethernut-4.3.3/build/gcc/atmega2561/lib\libnutos.a(event.o)
OnChipNvMemLoad                                   c:/ethernut-4.3.3/build/gcc/atmega2561/lib\libnutarch.a(eeprom.o)
                                                  c:/ethernut-4.3.3/build/gcc/atmega2561/lib\libnutdev.a(nvmem.o)
OnChipNvMemSave                                   c:/ethernut-4.3.3/build/gcc/atmega2561/lib\libnutarch.a(eeprom.o)
                                                  c:/ethernut-4.3.3/build/gcc/atmega2561/lib\libnutdev.a(nvmem.o)
RcInit                                            remcon.o
                                                  main.o
SPIdeselect                                       spidrv.o
                                                  vs10xx.o
                                                  mmcdrv.o
                                                  flash.o
SPIgetByte                                        spidrv.o
                                                  vs10xx.o
                                                  mmcdrv.o
SPIgetmode                                        spidrv.o
                                                  vs10xx.o
SPIinit                                           spidrv.o
                                                  main.o
SPImode                                           spidrv.o
                                                  vs10xx.o
SPIputByte                                        spidrv.o
                                                  vs10xx.o
                                                  mmcdrv.o
SPIselect                                         spidrv.o
                                                  vs10xx.o
                                                  mmcdrv.o
                                                  flash.o
SPItransferByte                                   spidrv.o
                                                  flash.o
SysInitIO                                         main.o
TwIOCtl                                           c:/ethernut-4.3.3/build/gcc/atmega2561/lib\libnutarch.a(twif.o)
TwInit                                            c:/ethernut-4.3.3/build/gcc/atmega2561/lib\libnutarch.a(twif.o)
                                                  rtc.o
TwMasterError                                     c:/ethernut-4.3.3/build/gcc/atmega2561/lib\libnutarch.a(twif.o)
TwMasterTransact                                  c:/ethernut-4.3.3/build/gcc/atmega2561/lib\libnutarch.a(twif.o)
                                                  rtc.o
TwSlaveError                                      c:/ethernut-4.3.3/build/gcc/atmega2561/lib\libnutarch.a(twif.o)
TwSlaveListen                                     c:/ethernut-4.3.3/build/gcc/atmega2561/lib\libnutarch.a(twif.o)
TwSlaveRespond                                    c:/ethernut-4.3.3/build/gcc/atmega2561/lib\libnutarch.a(twif.o)
Uart0DriverGetStream                              uart0driver.o
                                                  log.o
Uart0DriverInit                                   uart0driver.o
                                                  main.o
Uart0DriverSetCookedMode                          uart0driver.o
Uart0DriverStart                                  uart0driver.o
                                                  main.o
Uart0DriverStop                                   uart0driver.o
UartAvrClose                                      c:/ethernut-4.3.3/build/gcc/atmega2561/lib\libnutarch.a(uartavr.o)
                                                  c:/ethernut-4.3.3/build/gcc/atmega2561/lib\libnutarch.a(uart0.o)
UartAvrFlush                                      c:/ethernut-4.3.3/build/gcc/atmega2561/lib\libnutarch.a(uartavr.o)
UartAvrIOCtl                                      c:/ethernut-4.3.3/build/gcc/atmega2561/lib\libnutarch.a(uartavr.o)
                                                  c:/ethernut-4.3.3/build/gcc/atmega2561/lib\libnutarch.a(uart0.o)
UartAvrInit                                       c:/ethernut-4.3.3/build/gcc/atmega2561/lib\libnutarch.a(uartavr.o)
                                                  c:/ethernut-4.3.3/build/gcc/atmega2561/lib\libnutarch.a(uart0.o)
UartAvrInput                                      c:/ethernut-4.3.3/build/gcc/atmega2561/lib\libnutarch.a(uartavr.o)
UartAvrOpen                                       c:/ethernut-4.3.3/build/gcc/atmega2561/lib\libnutarch.a(uartavr.o)
                                                  c:/ethernut-4.3.3/build/gcc/atmega2561/lib\libnutarch.a(uart0.o)
UartAvrOutput                                     c:/ethernut-4.3.3/build/gcc/atmega2561/lib\libnutarch.a(uartavr.o)
UartAvrPut                                        c:/ethernut-4.3.3/build/gcc/atmega2561/lib\libnutarch.a(uartavr.o)
UartAvrRead                                       c:/ethernut-4.3.3/build/gcc/atmega2561/lib\libnutarch.a(uartavr.o)
                                                  c:/ethernut-4.3.3/build/gcc/atmega2561/lib\libnutarch.a(uart0.o)
UartAvrSize                                       c:/ethernut-4.3.3/build/gcc/atmega2561/lib\libnutarch.a(uartavr.o)
                                                  c:/ethernut-4.3.3/build/gcc/atmega2561/lib\libnutarch.a(uart0.o)
UartAvrWrite                                      c:/ethernut-4.3.3/build/gcc/atmega2561/lib\libnutarch.a(uartavr.o)
                                                  c:/ethernut-4.3.3/build/gcc/atmega2561/lib\libnutarch.a(uart0.o)
UartAvrWrite_P                                    c:/ethernut-4.3.3/build/gcc/atmega2561/lib\libnutarch.a(uartavr.o)
                                                  c:/ethernut-4.3.3/build/gcc/atmega2561/lib\libnutarch.a(uart0.o)
VsBeep                                            vs10xx.o
VsBeepStart                                       vs10xx.o
VsBeepStartRaw                                    vs10xx.o
VsBeepStop                                        vs10xx.o
VsGetStatus                                       vs10xx.o
VsGetType                                         vs10xx.o
VsGetTypeHex                                      vs10xx.o
VsGetVolume                                       vs10xx.o
VsMemoryTest                                      vs10xx.o
VsPlayerInit                                      vs10xx.o
VsPlayerInterrupts                                vs10xx.o
                                                  mmc.o
VsPlayerKick                                      vs10xx.o
VsPlayerReset                                     vs10xx.o
VsPlayerSetMode                                   vs10xx.o
VsPlayerStop                                      vs10xx.o
VsRegInfo                                         vs10xx.o
VsRegWrite                                        vs10xx.o
VsSetVolume                                       vs10xx.o
VsStreamValid                                     vs10xx.o
WatchDogDisable                                   watchdog.o
                                                  main.o
WatchDogEnable                                    watchdog.o
WatchDogRestart                                   watchdog.o
                                                  vs10xx.o
WatchDogStart                                     watchdog.o
X12EepromRead                                     rtc.o
X12EepromWrite                                    rtc.o
X12Init                                           rtc.o
                                                  main.o
X12RtcClearStatus                                 rtc.o
X12RtcGetAlarm                                    rtc.o
X12RtcGetClock                                    rtc.o
                                                  main.o
X12RtcGetStatus                                   rtc.o
X12RtcIncrementClock                              rtc.o
X12RtcIncrementDate                               rtc.o
X12RtcReadRegs                                    rtc.o
X12RtcSetAlarm                                    rtc.o
X12RtcSetClock                                    rtc.o
                                                  main.o
X12RtcWrite                                       rtc.o
__bad_interrupt                                   c:/winavr-20070525/bin/../lib/gcc/avr/4.1.2/../../../../avr/lib/avr6/crtm2561.o
__bss_end                                         c:/winavr-20070525/bin/../lib/gcc/avr/4.1.2/avr6\libgcc.a(_clear_bss.o)
__bss_start                                       c:/winavr-20070525/bin/../lib/gcc/avr/4.1.2/avr6\libgcc.a(_clear_bss.o)
__ctype_isfalse                                   c:/winavr-20070525/bin/../lib/gcc/avr/4.1.2/../../../../avr/lib/avr6\libc.a(cty_isfalse.o)
                                                  c:/winavr-20070525/bin/../lib/gcc/avr/4.1.2/../../../../avr/lib/avr6\libc.a(isalpha.o)
__ctype_istrue                                    c:/winavr-20070525/bin/../lib/gcc/avr/4.1.2/../../../../avr/lib/avr6\libc.a(cty_isfalse.o)
__data_end                                        c:/winavr-20070525/bin/../lib/gcc/avr/4.1.2/../../../../avr/lib/avr6/crtm2561.o
__data_load_start                                 c:/winavr-20070525/bin/../lib/gcc/avr/4.1.2/../../../../avr/lib/avr6/crtm2561.o
__data_start                                      c:/winavr-20070525/bin/../lib/gcc/avr/4.1.2/../../../../avr/lib/avr6/crtm2561.o
__divmodhi4                                       c:/winavr-20070525/bin/../lib/gcc/avr/4.1.2/avr6\libgcc.a(_divmodhi4.o)
                                                  vs10xx.o
                                                  rtc.o
                                                  fat.o
__do_clear_bss                                    c:/winavr-20070525/bin/../lib/gcc/avr/4.1.2/avr6\libgcc.a(_clear_bss.o)
                                                  c:/ethernut-4.3.3/build/gcc/atmega2561/lib\libnutcrt.a(fmode.o)
                                                  c:/ethernut-4.3.3/build/gcc/atmega2561/lib\libnutcrt.a(write_p.o)
                                                  c:/ethernut-4.3.3/build/gcc/atmega2561/lib\libnutcrt.a(write.o)
                                                  c:/ethernut-4.3.3/build/gcc/atmega2561/lib\libnutcrt.a(putf.o)
                                                  c:/ethernut-4.3.3/build/gcc/atmega2561/lib\libnutcrt.a(malloc.o)
                                                  c:/ethernut-4.3.3/build/gcc/atmega2561/lib\libnutcrt.a(errno.o)
                                                  c:/ethernut-4.3.3/build/gcc/atmega2561/lib\libnutcrt.a(time.o)
                                                  c:/ethernut-4.3.3/build/gcc/atmega2561/lib\libnutcrt.a(vfprintf_p.o)
                                                  c:/ethernut-4.3.3/build/gcc/atmega2561/lib\libnutcrt.a(fputs_p.o)
                                                  c:/ethernut-4.3.3/build/gcc/atmega2561/lib\libnutcrt.a(fputs.o)
                                                  c:/ethernut-4.3.3/build/gcc/atmega2561/lib\libnutcrt.a(fputc.o)
                                                  c:/ethernut-4.3.3/build/gcc/atmega2561/lib\libnutcrt.a(freopen.o)
                                                  c:/ethernut-4.3.3/build/gcc/atmega2561/lib\libnutcrt.a(fopen.o)
                                                  c:/ethernut-4.3.3/build/gcc/atmega2561/lib\libnutcrt.a(fileno.o)
                                                  c:/ethernut-4.3.3/build/gcc/atmega2561/lib\libnutcrt.a(fflush.o)
                                                  c:/ethernut-4.3.3/build/gcc/atmega2561/lib\libnutcrt.a(fclose.o)
                                                  c:/ethernut-4.3.3/build/gcc/atmega2561/lib\libnutcrt.a(open.o)
                                                  c:/ethernut-4.3.3/build/gcc/atmega2561/lib\libnutcrt.a(ioctl.o)
                                                  c:/ethernut-4.3.3/build/gcc/atmega2561/lib\libnutcrt.a(close.o)
                                                  c:/ethernut-4.3.3/build/gcc/atmega2561/lib\libnutarch.a(ih_usart1_tx.o)
                                                  c:/ethernut-4.3.3/build/gcc/atmega2561/lib\libnutarch.a(ih_usart1_rx.o)
                                                  c:/ethernut-4.3.3/build/gcc/atmega2561/lib\libnutarch.a(ih_usart0_tx.o)
                                                  c:/ethernut-4.3.3/build/gcc/atmega2561/lib\libnutarch.a(ih_usart0_rx.o)
                                                  c:/ethernut-4.3.3/build/gcc/atmega2561/lib\libnutarch.a(ih_twi.o)
                                                  c:/ethernut-4.3.3/build/gcc/atmega2561/lib\libnutarch.a(eeprom.o)
                                                  c:/ethernut-4.3.3/build/gcc/atmega2561/lib\libnutarch.a(twif.o)
                                                  c:/ethernut-4.3.3/build/gcc/atmega2561/lib\libnutarch.a(uartavr.o)
                                                  c:/ethernut-4.3.3/build/gcc/atmega2561/lib\libnutarch.a(uart0.o)
                                                  c:/ethernut-4.3.3/build/gcc/atmega2561/lib\libnutarch.a(ih_timer2_comp.o)
                                                  c:/ethernut-4.3.3/build/gcc/atmega2561/lib\libnutarch.a(ih_timer0_ovf.o)
                                                  c:/ethernut-4.3.3/build/gcc/atmega2561/lib\libnutarch.a(ih_int6.o)
                                                  c:/ethernut-4.3.3/build/gcc/atmega2561/lib\libnutarch.a(ih_int4.o)
                                                  c:/ethernut-4.3.3/build/gcc/atmega2561/lib\libnutarch.a(ostimer.o)
                                                  c:/ethernut-4.3.3/build/gcc/atmega2561/lib\libnutarch.a(context_gcc.o)
                                                  c:/ethernut-4.3.3/build/gcc/atmega2561/lib\libnutdev.a(nvmem.o)
                                                  c:/ethernut-4.3.3/build/gcc/atmega2561/lib\libnutdev.a(ihndlr.o)
                                                  c:/ethernut-4.3.3/build/gcc/atmega2561/lib\libnutos.a(confos.o)
                                                  c:/ethernut-4.3.3/build/gcc/atmega2561/lib\libnutos.a(devreg.o)
                                                  c:/ethernut-4.3.3/build/gcc/atmega2561/lib\libnutos.a(event.o)
                                                  c:/ethernut-4.3.3/build/gcc/atmega2561/lib\libnutos.a(timer.o)
                                                  c:/ethernut-4.3.3/build/gcc/atmega2561/lib\libnutos.a(thread.o)
                                                  c:/ethernut-4.3.3/build/gcc/atmega2561/lib\libnutos.a(bankmem.o)
                                                  c:/ethernut-4.3.3/build/gcc/atmega2561/lib\libnutos.a(heap.o)
                                                  c:/ethernut-4.3.3/build/gcc/atmega2561/lib/nutinit.o
                                                  watchdog.o
                                                  vs10xx.o
                                                  uart0driver.o
                                                  spidrv.o
                                                  showtime.o
                                                  rtc.o
                                                  remcon.o
                                                  mmcdrv.o
                                                  mmc.o
                                                  menu.o
                                                  main.o
                                                  log.o
                                                  led.o
                                                  keyboard.o
                                                  flash.o
                                                  fat.o
                                                  display.o
__do_copy_data                                    c:/winavr-20070525/bin/../lib/gcc/avr/4.1.2/../../../../avr/lib/avr6/crtm2561.o
                                                  c:/ethernut-4.3.3/build/gcc/atmega2561/lib\libnutcrt.a(fmode.o)
                                                  c:/ethernut-4.3.3/build/gcc/atmega2561/lib\libnutcrt.a(write_p.o)
                                                  c:/ethernut-4.3.3/build/gcc/atmega2561/lib\libnutcrt.a(write.o)
                                                  c:/ethernut-4.3.3/build/gcc/atmega2561/lib\libnutcrt.a(putf.o)
                                                  c:/ethernut-4.3.3/build/gcc/atmega2561/lib\libnutcrt.a(malloc.o)
                                                  c:/ethernut-4.3.3/build/gcc/atmega2561/lib\libnutcrt.a(errno.o)
                                                  c:/ethernut-4.3.3/build/gcc/atmega2561/lib\libnutcrt.a(time.o)
                                                  c:/ethernut-4.3.3/build/gcc/atmega2561/lib\libnutcrt.a(vfprintf_p.o)
                                                  c:/ethernut-4.3.3/build/gcc/atmega2561/lib\libnutcrt.a(fputs_p.o)
                                                  c:/ethernut-4.3.3/build/gcc/atmega2561/lib\libnutcrt.a(fputs.o)
                                                  c:/ethernut-4.3.3/build/gcc/atmega2561/lib\libnutcrt.a(fputc.o)
                                                  c:/ethernut-4.3.3/build/gcc/atmega2561/lib\libnutcrt.a(freopen.o)
                                                  c:/ethernut-4.3.3/build/gcc/atmega2561/lib\libnutcrt.a(fopen.o)
                                                  c:/ethernut-4.3.3/build/gcc/atmega2561/lib\libnutcrt.a(fileno.o)
                                                  c:/ethernut-4.3.3/build/gcc/atmega2561/lib\libnutcrt.a(fflush.o)
                                                  c:/ethernut-4.3.3/build/gcc/atmega2561/lib\libnutcrt.a(fclose.o)
                                                  c:/ethernut-4.3.3/build/gcc/atmega2561/lib\libnutcrt.a(open.o)
                                                  c:/ethernut-4.3.3/build/gcc/atmega2561/lib\libnutcrt.a(ioctl.o)
                                                  c:/ethernut-4.3.3/build/gcc/atmega2561/lib\libnutcrt.a(close.o)
                                                  c:/ethernut-4.3.3/build/gcc/atmega2561/lib\libnutarch.a(ih_usart1_tx.o)
                                                  c:/ethernut-4.3.3/build/gcc/atmega2561/lib\libnutarch.a(ih_usart1_rx.o)
                                                  c:/ethernut-4.3.3/build/gcc/atmega2561/lib\libnutarch.a(ih_usart0_tx.o)
                                                  c:/ethernut-4.3.3/build/gcc/atmega2561/lib\libnutarch.a(ih_usart0_rx.o)
                                                  c:/ethernut-4.3.3/build/gcc/atmega2561/lib\libnutarch.a(ih_twi.o)
                                                  c:/ethernut-4.3.3/build/gcc/atmega2561/lib\libnutarch.a(eeprom.o)
                                                  c:/ethernut-4.3.3/build/gcc/atmega2561/lib\libnutarch.a(twif.o)
                                                  c:/ethernut-4.3.3/build/gcc/atmega2561/lib\libnutarch.a(uartavr.o)
                                                  c:/ethernut-4.3.3/build/gcc/atmega2561/lib\libnutarch.a(uart0.o)
                                                  c:/ethernut-4.3.3/build/gcc/atmega2561/lib\libnutarch.a(ih_timer2_comp.o)
                                                  c:/ethernut-4.3.3/build/gcc/atmega2561/lib\libnutarch.a(ih_timer0_ovf.o)
                                                  c:/ethernut-4.3.3/build/gcc/atmega2561/lib\libnutarch.a(ih_int6.o)
                                                  c:/ethernut-4.3.3/build/gcc/atmega2561/lib\libnutarch.a(ih_int4.o)
                                                  c:/ethernut-4.3.3/build/gcc/atmega2561/lib\libnutarch.a(ostimer.o)
                                                  c:/ethernut-4.3.3/build/gcc/atmega2561/lib\libnutarch.a(context_gcc.o)
                                                  c:/ethernut-4.3.3/build/gcc/atmega2561/lib\libnutdev.a(nvmem.o)
                                                  c:/ethernut-4.3.3/build/gcc/atmega2561/lib\libnutdev.a(ihndlr.o)
                                                  c:/ethernut-4.3.3/build/gcc/atmega2561/lib\libnutos.a(confos.o)
                                                  c:/ethernut-4.3.3/build/gcc/atmega2561/lib\libnutos.a(devreg.o)