Archive member included because of file (symbol)

c:/ethernut-4.3.3/build/gcc/atmega2561/lib\libnutos.a(heap.o)
                              fat.o (NutHeapAlloc)
c:/ethernut-4.3.3/build/gcc/atmega2561/lib\libnutos.a(bankmem.o)
                              vs10xx.o (NutSegBufReadRequest)
c:/ethernut-4.3.3/build/gcc/atmega2561/lib\libnutos.a(thread.o)
                              mmc.o (GetThreadByName)
c:/ethernut-4.3.3/build/gcc/atmega2561/lib\libnutos.a(timer.o)
                              display.o (NutDelay)
c:/ethernut-4.3.3/build/gcc/atmega2561/lib\libnutos.a(event.o)
                              c:/ethernut-4.3.3/build/gcc/atmega2561/lib\libnutos.a(thread.o) (NutEventPostAsync)
c:/ethernut-4.3.3/build/gcc/atmega2561/lib\libnutos.a(devreg.o)
                              mmc.o (NutDeviceLookup)
c:/ethernut-4.3.3/build/gcc/atmega2561/lib\libnutos.a(confos.o)
                              c:/ethernut-4.3.3/build/gcc/atmega2561/lib/nutinit.o (NutSaveConfig)
c:/ethernut-4.3.3/build/gcc/atmega2561/lib\libnutdev.a(ihndlr.o)
                              main.o (NutRegisterIrqHandler)
c:/ethernut-4.3.3/build/gcc/atmega2561/lib\libnutdev.a(nvmem.o)
                              c:/ethernut-4.3.3/build/gcc/atmega2561/lib\libnutos.a(confos.o) (NutNvMemSave)
c:/ethernut-4.3.3/build/gcc/atmega2561/lib\libnutarch.a(context_gcc.o)
                              c:/ethernut-4.3.3/build/gcc/atmega2561/lib\libnutos.a(thread.o) (NutThreadSwitch)
c:/ethernut-4.3.3/build/gcc/atmega2561/lib\libnutarch.a(ostimer.o)
                              c:/ethernut-4.3.3/build/gcc/atmega2561/lib\libnutos.a(timer.o) (NutGetTickClock)
c:/ethernut-4.3.3/build/gcc/atmega2561/lib\libnutarch.a(ih_int4.o)
                              remcon.o (sig_INTERRUPT4)
c:/ethernut-4.3.3/build/gcc/atmega2561/lib\libnutarch.a(ih_int6.o)
                              vs10xx.o (sig_INTERRUPT6)
c:/ethernut-4.3.3/build/gcc/atmega2561/lib\libnutarch.a(ih_timer0_ovf.o)
                              main.o (sig_OVERFLOW0)
c:/ethernut-4.3.3/build/gcc/atmega2561/lib\libnutarch.a(ih_timer2_comp.o)
                              c:/ethernut-4.3.3/build/gcc/atmega2561/lib\libnutarch.a(ostimer.o) (sig_OUTPUT_COMPARE2)
c:/ethernut-4.3.3/build/gcc/atmega2561/lib\libnutarch.a(uart0.o)
                              uart0driver.o (devUart0)
c:/ethernut-4.3.3/build/gcc/atmega2561/lib\libnutarch.a(uartavr.o)
                              c:/ethernut-4.3.3/build/gcc/atmega2561/lib\libnutarch.a(uart0.o) (UartAvrSize)
c:/ethernut-4.3.3/build/gcc/atmega2561/lib\libnutarch.a(twif.o)
                              rtc.o (TwInit)
c:/ethernut-4.3.3/build/gcc/atmega2561/lib\libnutarch.a(eeprom.o)
                              c:/ethernut-4.3.3/build/gcc/atmega2561/lib\libnutdev.a(nvmem.o) (OnChipNvMemSave)
c:/ethernut-4.3.3/build/gcc/atmega2561/lib\libnutarch.a(ih_twi.o)
                              c:/ethernut-4.3.3/build/gcc/atmega2561/lib\libnutarch.a(twif.o) (sig_2WIRE_SERIAL)
c:/ethernut-4.3.3/build/gcc/atmega2561/lib\libnutarch.a(ih_usart0_rx.o)
                              c:/ethernut-4.3.3/build/gcc/atmega2561/lib\libnutarch.a(uartavr.o) (sig_UART0_RECV)
c:/ethernut-4.3.3/build/gcc/atmega2561/lib\libnutarch.a(ih_usart0_tx.o)
                              c:/ethernut-4.3.3/build/gcc/atmega2561/lib\libnutarch.a(uartavr.o) (sig_UART0_TRANS)
c:/ethernut-4.3.3/build/gcc/atmega2561/lib\libnutarch.a(ih_usart1_rx.o)
                              c:/ethernut-4.3.3/build/gcc/atmega2561/lib\libnutarch.a(uartavr.o) (sig_UART1_RECV)
c:/ethernut-4.3.3/build/gcc/atmega2561/lib\libnutarch.a(ih_usart1_tx.o)
                              c:/ethernut-4.3.3/build/gcc/atmega2561/lib\libnutarch.a(uartavr.o) (sig_UART1_TRANS)
c:/ethernut-4.3.3/build/gcc/atmega2561/lib\libnutcrt.a(close.o)
                              mmc.o (_close)
c:/ethernut-4.3.3/build/gcc/atmega2561/lib\libnutcrt.a(ioctl.o)
                              uart0driver.o (_ioctl)
c:/ethernut-4.3.3/build/gcc/atmega2561/lib\libnutcrt.a(open.o)
                              mmc.o (_open)
c:/ethernut-4.3.3/build/gcc/atmega2561/lib\libnutcrt.a(fclose.o)
                              uart0driver.o (fclose)
c:/ethernut-4.3.3/build/gcc/atmega2561/lib\libnutcrt.a(fflush.o)
                              log.o (fflush)
c:/ethernut-4.3.3/build/gcc/atmega2561/lib\libnutcrt.a(fileno.o)
                              uart0driver.o (_fileno)
c:/ethernut-4.3.3/build/gcc/atmega2561/lib\libnutcrt.a(fopen.o)
                              uart0driver.o (__iob)
c:/ethernut-4.3.3/build/gcc/atmega2561/lib\libnutcrt.a(freopen.o)
                              uart0driver.o (freopen)
c:/ethernut-4.3.3/build/gcc/atmega2561/lib\libnutcrt.a(fputc.o)
                              log.o (fputc)
c:/ethernut-4.3.3/build/gcc/atmega2561/lib\libnutcrt.a(fputs.o)
                              log.o (fputs)
c:/ethernut-4.3.3/build/gcc/atmega2561/lib\libnutcrt.a(printf.o)
                              main.o (printf)
[...]
Memory Configuration

Name             Origin             Length             Attributes
text             0x00000000         0x00100000         xr
data             0x00800060         0x0000ffa0         rw !x
eeprom           0x00810000         0x00010000         rw !x
*default*        0x00000000         0xffffffff

Linker script and memory map

Address of section .data set to 0x800200
LOAD c:/winavr-20070525/bin/../lib/gcc/avr/4.1.2/../../../../avr/lib/avr6/crtm2561.o
LOAD alarm.o
LOAD display.o
LOAD fat.o
LOAD flash.o
LOAD keyboard.o
LOAD led.o
LOAD log.o
LOAD main.o
LOAD menu.o
LOAD mmc.o
LOAD mmcdrv.o
LOAD remcon.o
LOAD rtc.o
LOAD showtime.o
LOAD spidrv.o
LOAD threads.o
LOAD uart0driver.o
LOAD vs10xx.o
LOAD watchdog.o
                0x00000000                main = 0x0
LOAD c:/ethernut-4.3.3/build/gcc/atmega2561/lib/nutinit.o
LOAD c:/ethernut-4.3.3/build/gcc/atmega2561/lib\libnutpro.a
LOAD c:/ethernut-4.3.3/build/gcc/atmega2561/lib\libnutnet.a
LOAD c:/ethernut-4.3.3/build/gcc/atmega2561/lib\libnutpro.a
LOAD c:/ethernut-4.3.3/build/gcc/atmega2561/lib\libnutfs.a
LOAD c:/ethernut-4.3.3/build/gcc/atmega2561/lib\libnutos.a
LOAD c:/ethernut-4.3.3/build/gcc/atmega2561/lib\libnutdev.a
LOAD c:/ethernut-4.3.3/build/gcc/atmega2561/lib\libnutarch.a
LOAD c:/ethernut-4.3.3/build/gcc/atmega2561/lib\libnutnet.a
LOAD c:/ethernut-4.3.3/build/gcc/atmega2561/lib\libnutcrt.a
LOAD c:/ethernut-4.3.3/build/gcc/atmega2561/lib\libnutdev.a
LOAD c:/winavr-20070525/bin/../lib/gcc/avr/4.1.2/avr6\libgcc.a
LOAD c:/winavr-20070525/bin/../lib/gcc/avr/4.1.2/../../../../avr/lib/avr6\libc.a
LOAD c:/winavr-20070525/bin/../lib/gcc/avr/4.1.2/avr6\libgcc.a

.hash
 *(.hash)

.dynsym
 *(.dynsym)

.dynstr
 *(.dynstr)

.gnu.version
 *(.gnu.version)

.gnu.version_d
 *(.gnu.version_d)

.gnu.version_r
 *(.gnu.version_r)

.rel.init
 *(.rel.init)

.rela.init
 *(.rela.init)

.rel.text
 *(.rel.text)
 *(.rel.text.*)
 *(.rel.gnu.linkonce.t*)

.rela.text
 *(.rela.text)
 *(.rela.text.*)
 *(.rela.gnu.linkonce.t*)

.rel.fini
 *(.rel.fini)

.rela.fini
 *(.rela.fini)

.rel.rodata
 *(.rel.rodata)
 *(.rel.rodata.*)
 *(.rel.gnu.linkonce.r*)

.rela.rodata
 *(.rela.rodata)
 *(.rela.rodata.*)
 *(.rela.gnu.linkonce.r*)

.rel.data
 *(.rel.data)
 *(.rel.data.*)
 *(.rel.gnu.linkonce.d*)

.rela.data
 *(.rela.data)
 *(.rela.data.*)
 *(.rela.gnu.linkonce.d*)

.rel.ctors
 *(.rel.ctors)

.rela.ctors
 *(.rela.ctors)

.rel.dtors
 *(.rel.dtors)

.rela.dtors
 *(.rela.dtors)

.rel.got
 *(.rel.got)

.rela.got
 *(.rela.got)

.rel.bss
 *(.rel.bss)

.rela.bss
 *(.rela.bss)

.rel.plt
 *(.rel.plt)

.rela.plt
 *(.rela.plt)

.text           0x00000000     0x9f26
 *(.vectors)
 .vectors       0x00000000       0xcc c:/winavr-20070525/bin/../lib/gcc/avr/4.1.2/../../../../avr/lib/avr6/crtm2561.o
                0x00000000                __vectors
                0x00000000                __vector_default
 *(.vectors)
 *(.progmem.gcc*)
 .progmem.gcc_sw_table
                0x000000cc       0x28 c:/ethernut-4.3.3/build/gcc/atmega2561/lib\libnutarch.a(uartavr.o)
 *(.progmem*)
 .progmem.data  0x000000f4       0xea log.o
 .progmem.data  0x000001de        0xc main.o
 .progmem.data  0x000001ea       0x6e mmc.o
 .progmem.data  0x00000258       0x16 mmcdrv.o
 .progmem.data  0x0000026e        0xe spidrv.o
 .progmem.data  0x0000027c        0x8 uart0driver.o
 .progmem.data  0x00000284      0x541 vs10xx.o
                0x00000284                dtab
                0x000007c6                . = ALIGN (0x2)
 *fill*         0x000007c5        0x1 00
                0x000007c6                __trampolines_start = .
 *(.trampolines)
 .trampolines   0x000007c6        0x0 linker stubs
 *(.trampolines*)
                0x000007c6                __trampolines_end = .
 *(.jumptables)
 *(.jumptables*)
 *(.lowtext)
 *(.lowtext*)
                0x000007c6                __ctors_start = .
 *(.ctors)
                0x000007c6                __ctors_end = .
                0x000007c6                __dtors_start = .
 *(.dtors)
                0x000007c6                __dtors_end = .
 SORT(*)(.ctors)
 SORT(*)(.dtors)
 *(.init0)
 .init0         0x000008ca        0x0 c:/winavr-20070525/bin/../lib/gcc/avr/4.1.2/../../../../avr/lib/avr6/crtm2561.o
                0x000008ca                __init
 *(.init0)
 *(.init1)
 .init1         0x000008ca       0x54 c:/ethernut-4.3.3/build/gcc/atmega2561/lib/nutinit.o
 *(.init1)
 *(.init2)
 .init2         0x0000091e        0xc c:/winavr-20070525/bin/../lib/gcc/avr/4.1.2/../../../../avr/lib/avr6/crtm2561.o
 *(.init2)
 *(.init3)
 *(.init3)
 *(.init4)
 .init4         0x0000092a       0x1a c:/winavr-20070525/bin/../lib/gcc/avr/4.1.2/../../../../avr/lib/avr6/crtm2561.o
                0x0000092a                __do_copy_data
 .init4         0x00000944       0x10 c:/winavr-20070525/bin/../lib/gcc/avr/4.1.2/avr6\libgcc.a(_clear_bss.o)
                0x00000944                __do_clear_bss
 *(.init4)
 *(.init5)
 .init5         0x00000954       0x26 c:/ethernut-4.3.3/build/gcc/atmega2561/lib/nutinit.o
 *(.init5)
 *(.init6)
 *(.init6)
 *(.init7)
 *(.init7)
 *(.init8)
 .init8         0x0000097a       0x2c c:/ethernut-4.3.3/build/gcc/atmega2561/lib/nutinit.o
                0x0000097a                NutInit
 *(.init8)
 *(.init9)
 .init9         0x000009a6        0x8 c:/winavr-20070525/bin/../lib/gcc/avr/4.1.2/../../../../avr/lib/avr6/crtm2561.o
 *(.init9)
 *(.text)
 .text          0x000009ae        0x4 c:/winavr-20070525/bin/../lib/gcc/avr/4.1.2/../../../../avr/lib/avr6/crtm2561.o
                0x000009ae                __vector_22
                0x000009ae                __vector_28
                0x000009ae                __vector_1
                0x000009ae                __vector_32
                0x000009ae                __vector_34
                0x000009ae                __vector_24
                0x000009ae                __vector_12
                0x000009ae                __vector_46
                0x000009ae                __bad_interrupt
                0x000009ae                __vector_6
                0x000009ae                __vector_31
                0x000009ae                __vector_35
                0x000009ae                __vector_3
                0x000009ae                __vector_30
                0x000009ae                __vector_45
                0x000009ae                __vector_11
                0x000009ae                __vector_17
                0x000009ae                __vector_19
                0x000009ae                __vector_49
                0x000009ae                __vector_41
                0x000009ae                __vector_43
                0x000009ae                __vector_33
                0x000009ae                __vector_47
                0x000009ae                __vector_37
                0x000009ae                __vector_4
                0x000009ae                __vector_44
                0x000009ae                __vector_9
                0x000009ae                __vector_2
                0x000009ae                __vector_21
                0x000009ae                __vector_15
                0x000009ae                __vector_29
                0x000009ae                __vector_40
                0x000009ae                __vector_8
                0x000009ae                __vector_26
                0x000009ae                __vector_48
                0x000009ae                __vector_14
                0x000009ae                __vector_10
                0x000009ae                __vector_50
                0x000009ae                __vector_16
                0x000009ae                __vector_18
                0x000009ae                __vector_20
                0x000009ae                __vector_42
 .text          0x000009b2       0x9a alarm.o
                0x000009b2                compare_time
 .text          0x00000a4c      0x1b4 display.o
                0x00000b1e                LcdChar
                0x00000b68                LcdDDRamStartPos
                0x00000b40                LcdCursorBlink
                0x00000adc                LcdSetupDisplay
                0x00000b86                LcdClear
                0x00000b28                LcdStr
                0x00000aca                LcdMoveCursor
                0x00000af0                LcdMoveCursorPos
                0x00000b5e                LcdCursorOff
                0x00000a4c                LcdBackLight
                0x00000b96                LcdLowLevelInit
                0x00000ae6                LcdMoveCursorHome
 .text          0x00000c00     0x1616 fat.o
                0x00001822                FATIOCtl
                0x0000119c                FATFree
                0x00000c00                FATRelease
                0x000011b8                FATFileRead
                0x00001192                FATSemaInit
                0x000011a6                FATLock
                0x00001428                FATFileSize
 .text          0x00002216      0x3c2 flash.o
                0x00002216                At45dbChipErase
                0x0000232c                At45dbInit
                0x000022c6                At45dbGetStatus
                0x000024a0                At45dbPageWrite
                0x000025a0                At45dbPageErase
                0x000023a4                At45dbWaitReady
                0x00002404                At45dbSendCmd
                0x0000255a                At45dbPageRead
 .text          0x000025d8      0x32c keyboard.o
                0x0000262a                KbInit
                0x00002694                KbWaitForKeyEvent
                0x000025f0                KbGetKey
                0x000026b2                KbScan
                0x000025d8                KbSetKeyRepeating
                0x000025f8                KbInjectKey
 .text          0x00002904       0x50 led.o
                0x00002904                LedControl
                0x0000294c                LedGetStatus
                0x00002944                LedInit
 .text          0x00002954      0x44a log.o
                0x00002d6e                LogClose
                0x00002966                HexDump
                0x00002b12                LogMsg_P
                0x00002d84                LogOpen
                0x00002af8                LogChar_P
                0x00002d92                LogInit
                0x00002954                LogSetLevel
 .text          0x00002d9e      0x55c main.o
                0x00002e74                main_loop
                0x00003032                NutAppMain
                0x00002d9e                SysInitIO
                0x00002dd8                print_time
                0x000031ae                time_loop
                0x00002ed6                menu_loop
 .text          0x000032fa      0x4c2 menu.o
                0x00003680                init_menu
                0x0000335c                nextMenuItem
                0x00003604                ChildNode
                0x0000339a                prevMenuItem
                0x000033d8                childMenuItem
                0x0000364c                Level1Node
                0x00003482                nodeIndexFinder
                0x0000344c                nodeCounter
                0x0000332a                AddChildNode
                0x000034c2                showMenuItem
                0x000032fa                AddL1Node
                0x00003412                parentMenuItem
                0x000035dc                menuAction
 .text          0x000037bc      0x2ac mmc.o
                0x000037bc                CardCheckCard
                0x0000385a                CardCheckPresent
                0x0000386c                CardClose
                0x0000386e                CardInit
                0x000038ee                CardInitCard
                0x000039f0                CardPresent
                0x00003862                CardStatus
 .text          0x00003a68      0x708 mmcdrv.o
                0x000040d2                MMCInit
                0x00003a74                MMCUnMountDevice
                0x00003df0                MMCReadSectors
                0x00003a68                MMCIsCDROMDevice
                0x00003bee                MMCWriteSectors
                0x00003f3a                MMCGetSectorSize
                0x00003a6e                MMCIsZIPDevice
                0x00003f66                MMCMountAllDevices
                0x00003efe                MMCGetTotalSectors
 .text          0x00004170       0x4c remcon.o
                0x00004172                RcInit
 .text          0x000041bc      0xc10 rtc.o
                0x00004cd4                X12RtcIncrementClock
                0x000041f2                X12EepromRead
                0x000043a0                X12RtcGetClock
                0x00004a92                X12RtcSetClock
                0x0000426c                X12RtcReadRegs
                0x00004782                X12RtcSetAlarm
                0x000041bc                X12RtcClearStatus
                0x000042e2                X12RtcGetStatus
                0x00004368                X12Init
                0x0000470a                X12RtcWrite
                0x00004bea                X12RtcIncrementDate
                0x000048e2                X12RtcGetAlarm
                0x00004608                X12EepromWrite
 .text          0x00004dcc      0x15e showtime.o
                0x00004dcc                showTimeAndDate
 .text          0x00004f2a       0xc2 spidrv.o
                0x00004f40                SPIputByte
                0x00004f68                SPIinit
                0x00004f4a                SPIgetByte
                0x00004f38                SPIgetmode
                0x00004f5a                SPItransferByte
                0x00004f70                SPIselect
                0x00004f2a                SPIdeselect
                0x00004f32                SPImode
 .text          0x00004fec       0x54 threads.o
                0x00005010                tone
                0x00004fec                playTone
 .text          0x00005040      0x11c uart0driver.o
                0x00005144                Uart0DriverInit
                0x0000504a                Uart0DriverStop
                0x00005040                Uart0DriverGetStream
                0x00005064                Uart0DriverSetCookedMode
                0x000050ac                Uart0DriverStart
 .text          0x0000515c      0x6d6 vs10xx.o
                0x000051a6                VsGetStatus
                0x0000538c                VsBeepStart
                0x00005502                VsRegInfo
                0x00005186                VsPlayerStop
                0x000057d2                VsMemoryTest
                0x000054dc                VsGetVolume
                0x0000515c                VsPlayerInterrupts
                0x00005450                VsPlayerReset
                0x000052f6                VsPlayerSetMode
                0x00005322                VsBeepStartRaw
                0x000053ac                VsBeep
                0x00005748                VsPlayerKick
                0x000051b8                VsGetTypeHex
                0x0000552a                VsStreamValid
                0x000055ae                VsPlayerInit
                0x00005264                VsRegWrite
                0x000052b6                VsSetVolume
                0x000051fc                VsBeepStop
                0x000051ae                VsGetType
 .text          0x00005832       0xec watchdog.o
                0x000058c0                WatchDogRestart
                0x000058e4                WatchDogEnable
                0x000058c4                WatchDogDisable
                0x00005832                WatchDogStart
 .text          0x0000591e       0x58 c:/ethernut-4.3.3/build/gcc/atmega2561/lib/nutinit.o
                0x00005924                NutIdle
                0x0000591e                NutThreadSetSleepMode
 .text          0x00005976      0x202 c:/ethernut-4.3.3/build/gcc/atmega2561/lib\libnutos.a(heap.o)
                0x00005b44                NutHeapAvailable
                0x00005a5c                NutHeapFree
                0x00005976                NutHeapAlloc
                0x00005b36                NutHeapAdd
                0x00005b4e                NutHeapAllocClear
 .text          0x00005b78      0x436 c:/ethernut-4.3.3/build/gcc/atmega2561/lib\libnutos.a(bankmem.o)
                0x00005cb6                NutSegBufWriteCommit
                0x00005f56                NutSegBufUsed
                0x00005dfa                NutSegBufWriteLast
                0x00005b78                NutSegBufReset
                0x00005f68                NutBufRemovePage
                0x00005bec                NutSegBufWriteRequest
                0x00005d46                NutSegBufReadCommit
                0x00005c44                NutSegBufReadRequest
                0x00005f2c                NutSegBufAvailable
                0x00005e80                NutSegBufReadLast
                0x00005bb6                NutSegBufInit
 .text          0x00005fae      0x308 c:/ethernut-4.3.3/build/gcc/atmega2561/lib\libnutos.a(thread.o)
                0x000060c0                NutThreadWake
                0x0000617e                NutThreadSetPriority
                0x00006114                NutThreadDestroy
                0x000061f4                NutThreadExit
                0x0000604a                NutThreadRemoveQueue
                0x00005fae                NutThreadAddPriQueue
                0x000061fc                NutThreadResume
                0x00006132                NutThreadKill
                0x00006286                NutThreadYield
                0x000060d6                GetThreadByName
 .text          0x000062b6      0x68c c:/ethernut-4.3.3/build/gcc/atmega2561/lib\libnutos.a(timer.o)
                0x00006312                NutDelay
                0x00006536                NutSleep
                0x00006438                NutGetTickCount
                0x00006510                NutTimerStart
                0x0000671a                NutTimerProcessElapsed
                0x000063b8                NutTimerStop
                0x00006832                NutTimerInit
                0x000065e2                NutGetMillis
                0x000066da                NutGetSeconds
                0x000062de                NutMicroDelay
                0x0000632e                NutTimerInsert
                0x000064f2                NutTimerStartTicks
                0x00006454                NutTimerCreate
 .text          0x00006942      0x2b8 c:/ethernut-4.3.3/build/gcc/atmega2561/lib\libnutos.a(event.o)
                0x00006a4a                NutEventBroadcast
                0x00006b06                NutEventWait
                0x000069e0                NutEventBroadcastAsync
                0x00006bd8                NutEventWaitNext
                0x00006942                NutEventPostAsync
                0x00006a60                NutEventPost
                0x00006a76                NutEventTimeout
 .text          0x00006bfa       0x90 c:/ethernut-4.3.3/build/gcc/atmega2561/lib\libnutos.a(devreg.o)
                0x00006c32                NutRegisterDevice
                0x00006bfa                NutDeviceLookup
 .text          0x00006c8a       0x6a c:/ethernut-4.3.3/build/gcc/atmega2561/lib\libnutos.a(confos.o)
                0x00006cbc                NutLoadConfig
                0x00006c8a                NutSaveConfig
 .text          0x00006cf4      0x18c c:/ethernut-4.3.3/build/gcc/atmega2561/lib\libnutdev.a(ihndlr.o)
                0x00006cf4                CallHandler
                0x00006e0c                NutIrqSetMode
                0x00006d50                NutIrqEnable
                0x00006d74                NutIrqDisable
                0x00006d98                NutIrqSetPriority
                0x00006d10                NutRegisterIrqHandler
 .text          0x00006e80        0xc c:/ethernut-4.3.3/build/gcc/atmega2561/lib\libnutdev.a(nvmem.o)
                0x00006e86                NutNvMemLoad
                0x00006e80                NutNvMemSave
 .text          0x00006e8c      0x1cc c:/ethernut-4.3.3/build/gcc/atmega2561/lib\libnutarch.a(context_gcc.o)
                0x00006f1a                NutThreadCreate
                0x00006ed0                thread_start
                0x00006e9c                NutThreadSwitch
 .text          0x00007058       0x96 c:/ethernut-4.3.3/build/gcc/atmega2561/lib\libnutarch.a(ostimer.o)
                0x0000706a                NutGetTickClock
                0x00007074                NutRegisterTimer
                0x000070be                NutTimerMillisToTicks
                0x00007058                NutGetCpuClock
 .text          0x000070ee      0x178 c:/ethernut-4.3.3/build/gcc/atmega2561/lib\libnutarch.a(ih_int4.o)
                0x0000721a                __vector_5
 .text          0x00007266      0x178 c:/ethernut-4.3.3/build/gcc/atmega2561/lib\libnutarch.a(ih_int6.o)
                0x00007392                __vector_7
 .text          0x000073de       0xec c:/ethernut-4.3.3/build/gcc/atmega2561/lib\libnutarch.a(ih_timer0_ovf.o)
                0x0000747e                __vector_23
 .text          0x000074ca       0xec c:/ethernut-4.3.3/build/gcc/atmega2561/lib\libnutarch.a(ih_timer2_comp.o)
                0x0000756a                __vector_13
 .text          0x000075b6        0x0 c:/ethernut-4.3.3/build/gcc/atmega2561/lib\libnutarch.a(uart0.o)
 .text          0x000075b6      0xaee c:/ethernut-4.3.3/build/gcc/atmega2561/lib\libnutarch.a(uartavr.o)
                0x00007f3c                UartAvrWrite_P
                0x00007f4c                UartAvrWrite
                0x00007754                UartAvrOpen
                0x00007c8a                UartAvrInit
                0x00007d9a                UartAvrFlush
                0x00007728                UartAvrSize
                0x0000774a                UartAvrClose
                0x00007dec                UartAvrPut
                0x00007fb8                UartAvrRead
                0x00007804                UartAvrIOCtl
                0x000076a2                UartAvrOutput
                0x00007f5c                UartAvrInput
 .text          0x000080a4      0x9ba c:/ethernut-4.3.3/build/gcc/atmega2561/lib\libnutarch.a(twif.o)
                0x0000891e                TwMasterTransact
                0x00008716                TwInit
                0x0000879a                TwSlaveRespond
                0x0000885c                TwSlaveListen
                0x0000855a                TwMasterError
                0x00008572                TwIOCtl
                0x00008566                TwSlaveError
 .text          0x00008a5e       0x60 c:/ethernut-4.3.3/build/gcc/atmega2561/lib\libnutarch.a(eeprom.o)
                0x00008a5e                OnChipNvMemSave
                0x00008a9e                OnChipNvMemLoad
 .text          0x00008abe       0xf4 c:/ethernut-4.3.3/build/gcc/atmega2561/lib\libnutarch.a(ih_twi.o)
                0x00008b66                __vector_39
 .text          0x00008bb2       0xf4 c:/ethernut-4.3.3/build/gcc/atmega2561/lib\libnutarch.a(ih_usart0_rx.o)
                0x00008c5a                __vector_25
 .text          0x00008ca6       0xf6 c:/ethernut-4.3.3/build/gcc/atmega2561/lib\libnutarch.a(ih_usart0_tx.o)
                0x00008d50                __vector_27
 .text          0x00008d9c       0xf4 c:/ethernut-4.3.3/build/gcc/atmega2561/lib\libnutarch.a(ih_usart1_rx.o)
                0x00008e44                __vector_36
 .text          0x00008e90       0xf6 c:/ethernut-4.3.3/build/gcc/atmega2561/lib\libnutarch.a(ih_usart1_tx.o)
                0x00008f3a                __vector_38
 .text          0x00008f86       0x2c c:/ethernut-4.3.3/build/gcc/atmega2561/lib\libnutcrt.a(close.o)
                0x00008f86                _close
 .text          0x00008fb2       0x24 c:/ethernut-4.3.3/build/gcc/atmega2561/lib\libnutcrt.a(ioctl.o)
                0x00008fb2                _ioctl
 .text          0x00008fd6       0xb0 c:/ethernut-4.3.3/build/gcc/atmega2561/lib\libnutcrt.a(open.o)
                0x00008fd6                _open
 .text          0x00009086       0x80 c:/ethernut-4.3.3/build/gcc/atmega2561/lib\libnutcrt.a(fclose.o)
                0x00009086                fclose
 .text          0x00009106       0x22 c:/ethernut-4.3.3/build/gcc/atmega2561/lib\libnutcrt.a(fflush.o)
                0x00009106                fflush
 .text          0x00009128        0x8 c:/ethernut-4.3.3/build/gcc/atmega2561/lib\libnutcrt.a(fileno.o)
                0x00009128                _fileno
 .text          0x00009130       0xb8 c:/ethernut-4.3.3/build/gcc/atmega2561/lib\libnutcrt.a(fopen.o)
                0x00009130                fopen
 .text          0x000091e8       0xd6 c:/ethernut-4.3.3/build/gcc/atmega2561/lib\libnutcrt.a(freopen.o)
                0x000091e8                freopen
 .text          0x000092be       0x50 c:/ethernut-4.3.3/build/gcc/atmega2561/lib\libnutcrt.a(fputc.o)
                0x000092be                fputc
 .text          0x0000930e       0x22 c:/ethernut-4.3.3/build/gcc/atmega2561/lib\libnutcrt.a(fputs.o)
                0x0000930e                fputs
 .text          0x00009330       0x40 c:/ethernut-4.3.3/build/gcc/atmega2561/lib\libnutcrt.a(printf.o)
                0x00009330                printf
 .text          0x00009370       0x2e c:/ethernut-4.3.3/build/gcc/atmega2561/lib\libnutcrt.a(puts.o)
                0x00009370                puts
 .text          0x0000939e       0x16 c:/ethernut-4.3.3/build/gcc/atmega2561/lib\libnutcrt.a(vfprintf.o)
                0x0000939e                vfprintf
 .text          0x000093b4       0x28 c:/ethernut-4.3.3/build/gcc/atmega2561/lib\libnutcrt.a(fputs_p.o)
                0x000093b4                fputs_P
 .text          0x000093dc       0x72 c:/ethernut-4.3.3/build/gcc/atmega2561/lib\libnutcrt.a(vfprintf_p.o)
                0x000093dc                vfprintf_P
 .text          0x0000944e       0x3c c:/ethernut-4.3.3/build/gcc/atmega2561/lib\libnutcrt.a(sprintf.o)
                0x0000944e                sprintf
 .text          0x0000948a       0x72 c:/ethernut-4.3.3/build/gcc/atmega2561/lib\libnutcrt.a(vsprintf.o)
                0x0000948a                vsprintf
 .text          0x000094fc       0x80 c:/ethernut-4.3.3/build/gcc/atmega2561/lib\libnutcrt.a(time.o)
                0x00009538                time
                0x000094fc                stime
 .text          0x0000957c        0x0 c:/ethernut-4.3.3/build/gcc/atmega2561/lib\libnutcrt.a(errno.o)
 .text          0x0000957c       0x20 c:/ethernut-4.3.3/build/gcc/atmega2561/lib\libnutcrt.a(malloc.o)
                0x00009582                malloc
                0x0000957c                free
 .text          0x0000959c      0x6f2 c:/ethernut-4.3.3/build/gcc/atmega2561/lib\libnutcrt.a(putf.o)
                0x000095ec                _putf
 .text          0x00009c8e       0x26 c:/ethernut-4.3.3/build/gcc/atmega2561/lib\libnutcrt.a(write.o)
                0x00009c8e                _write
 .text          0x00009cb4       0x26 c:/ethernut-4.3.3/build/gcc/atmega2561/lib\libnutcrt.a(write_p.o)
                0x00009cb4                _write_P
 .text          0x00009cda       0x58 c:/ethernut-4.3.3/build/gcc/atmega2561/lib\libnutcrt.a(fmode.o)
                0x00009cda                _fmode
 .text          0x00009d32        0x0 c:/winavr-20070525/bin/../lib/gcc/avr/4.1.2/avr6\libgcc.a(_mulsi3.o)
 .text          0x00009d32        0x0 c:/winavr-20070525/bin/../lib/gcc/avr/4.1.2/avr6\libgcc.a(_udivmodqi4.o)
 .text          0x00009d32        0x0 c:/winavr-20070525/bin/../lib/gcc/avr/4.1.2/avr6\libgcc.a(_udivmodhi4.o)
 .text          0x00009d32        0x0 c:/winavr-20070525/bin/../lib/gcc/avr/4.1.2/avr6\libgcc.a(_divmodhi4.o)
 .text          0x00009d32        0x0 c:/winavr-20070525/bin/../lib/gcc/avr/4.1.2/avr6\libgcc.a(_udivmodsi4.o)
 .text          0x00009d32        0x0 c:/winavr-20070525/bin/../lib/gcc/avr/4.1.2/avr6\libgcc.a(_exit.o)
 .text          0x00009d32        0x0 c:/winavr-20070525/bin/../lib/gcc/avr/4.1.2/avr6\libgcc.a(_clear_bss.o)
 .text          0x00009d32        0x0 c:/winavr-20070525/bin/../lib/gcc/avr/4.1.2/../../../../avr/lib/avr6\libc.a(toupper.o)
 .text          0x00009d32       0x12 c:/winavr-20070525/bin/../lib/gcc/avr/4.1.2/../../../../avr/lib/avr6\libc.a(memcpy_P.o)
                0x00009d32                memcpy_P
 .text          0x00009d44        0xe c:/winavr-20070525/bin/../lib/gcc/avr/4.1.2/../../../../avr/lib/avr6\libc.a(strcpy_P.o)
                0x00009d44                strcpy_P
 .text          0x00009d52       0x12 c:/winavr-20070525/bin/../lib/gcc/avr/4.1.2/../../../../avr/lib/avr6\libc.a(strlen_P.o)
                0x00009d52                strlen_P
 .text          0x00009d64       0x1a c:/winavr-20070525/bin/../lib/gcc/avr/4.1.2/../../../../avr/lib/avr6\libc.a(memchr.o)
                0x00009d64                memchr
 .text          0x00009d7e       0x1a c:/winavr-20070525/bin/../lib/gcc/avr/4.1.2/../../../../avr/lib/avr6\libc.a(memcmp.o)
                0x00009d7e                memcmp
 .text          0x00009d98       0x12 c:/winavr-20070525/bin/../lib/gcc/avr/4.1.2/../../../../avr/lib/avr6\libc.a(memcpy.o)
                0x00009d98                memcpy
 .text          0x00009daa        0xe c:/winavr-20070525/bin/../lib/gcc/avr/4.1.2/../../../../avr/lib/avr6\libc.a(memset.o)
                0x00009daa                memset
 .text          0x00009db8       0x16 c:/winavr-20070525/bin/../lib/gcc/avr/4.1.2/../../../../avr/lib/avr6\libc.a(strchr.o)
                0x00009db8                strchr
 .text          0x00009dce       0x12 c:/winavr-20070525/bin/../lib/gcc/avr/4.1.2/../../../../avr/lib/avr6\libc.a(strcmp.o)
                0x00009dce                strcmp
 .text          0x00009de0        0xe c:/winavr-20070525/bin/../lib/gcc/avr/4.1.2/../../../../avr/lib/avr6\libc.a(strcpy.o)
                0x00009de0                strcpy
 .text          0x00009dee        0x0 c:/winavr-20070525/bin/../lib/gcc/avr/4.1.2/../../../../avr/lib/avr6\libc.a(ee_rb.1F2021.o)
 .text          0x00009dee        0x0 c:/winavr-20070525/bin/../lib/gcc/avr/4.1.2/../../../../avr/lib/avr6\libc.a(ee_wb.1F2021.o)
 .text          0x00009dee        0x0 c:/winavr-20070525/bin/../lib/gcc/avr/4.1.2/../../../../avr/lib/avr6\libc.a(isalpha.o)
 .text          0x00009dee        0x0 c:/winavr-20070525/bin/../lib/gcc/avr/4.1.2/../../../../avr/lib/avr6\libc.a(cty_isfalse.o)
                0x00009dee                . = ALIGN (0x2)
 *(.text.*)
 .text.libgcc   0x00009dee       0x3e c:/winavr-20070525/bin/../lib/gcc/avr/4.1.2/avr6\libgcc.a(_mulsi3.o)
                0x00009dee                __mulsi3
 .text.libgcc   0x00009e2c       0x18 c:/winavr-20070525/bin/../lib/gcc/avr/4.1.2/avr6\libgcc.a(_udivmodqi4.o)
                0x00009e2c                __udivmodqi4
 .text.libgcc   0x00009e44       0x28 c:/winavr-20070525/bin/../lib/gcc/avr/4.1.2/avr6\libgcc.a(_udivmodhi4.o)
                0x00009e44                __udivmodhi4
 .text.libgcc   0x00009e6c       0x26 c:/winavr-20070525/bin/../lib/gcc/avr/4.1.2/avr6\libgcc.a(_divmodhi4.o)
                0x00009e6c                __divmodhi4
                0x00009e6c                _div
 .text.libgcc   0x00009e92       0x44 c:/winavr-20070525/bin/../lib/gcc/avr/4.1.2/avr6\libgcc.a(_udivmodsi4.o)
                0x00009e92                __udivmodsi4
 .text.libgcc   0x00009ed6        0x0 c:/winavr-20070525/bin/../lib/gcc/avr/4.1.2/avr6\libgcc.a(_exit.o)
 .text.libgcc   0x00009ed6        0x0 c:/winavr-20070525/bin/../lib/gcc/avr/4.1.2/avr6\libgcc.a(_clear_bss.o)
 .text.ctype    0x00009ed6        0xc c:/winavr-20070525/bin/../lib/gcc/avr/4.1.2/../../../../avr/lib/avr6\libc.a(toupper.o)
                0x00009ed6                toupper
 .text.eeprom   0x00009ee2       0x10 c:/winavr-20070525/bin/../lib/gcc/avr/4.1.2/../../../../avr/lib/avr6\libc.a(ee_rb.1F2021.o)
                0x00009ee2                __eeprom_read_byte_1F2021
 .text.eeprom   0x00009ef2       0x18 c:/winavr-20070525/bin/../lib/gcc/avr/4.1.2/../../../../avr/lib/avr6\libc.a(ee_wb.1F2021.o)
                0x00009ef2                __eeprom_write_byte_1F2021
 .text.ctype    0x00009f0a       0x14 c:/winavr-20070525/bin/../lib/gcc/avr/4.1.2/../../../../avr/lib/avr6\libc.a(isalpha.o)
                0x00009f10                islower
                0x00009f0a                isupper
                0x00009f0e                isalpha
 .text.ctype    0x00009f1e        0x6 c:/winavr-20070525/bin/../lib/gcc/avr/4.1.2/../../../../avr/lib/avr6\libc.a(cty_isfalse.o)
                0x00009f22                __ctype_istrue
                0x00009f1e                __ctype_isfalse
                0x00009f24                . = ALIGN (0x2)
 *(.fini9)
 .fini9         0x00009f24        0x0 c:/winavr-20070525/bin/../lib/gcc/avr/4.1.2/avr6\libgcc.a(_exit.o)
                0x00009f24                exit
                0x00009f24                _exit
 *(.fini9)
 *(.fini8)
 *(.fini8)
 *(.fini7)
 *(.fini7)
 *(.fini6)
 *(.fini6)
 *(.fini5)
 *(.fini5)
 *(.fini4)
 *(.fini4)
 *(.fini3)
 *(.fini3)
 *(.fini2)
 *(.fini2)
 *(.fini1)
 *(.fini1)
 *(.fini0)
 .fini0         0x00009f24        0x2 c:/winavr-20070525/bin/../lib/gcc/avr/4.1.2/avr6\libgcc.a(_exit.o)
 *(.fini0)
                0x00009f26                _etext = .

.data           0x00800200      0x2d4 load address 0x00009f26
                0x00800200                PROVIDE (__data_start, .)
 *(.data)
 .data          0x00800200        0x0 c:/winavr-20070525/bin/../lib/gcc/avr/4.1.2/../../../../avr/lib/avr6/crtm2561.o
 .data          0x00800200        0xd alarm.o
 .data          0x0080020d        0x0 display.o
 .data          0x0080020d       0x64 fat.o
                0x0080020d                devFAT
                0x00800230                devFATMMC0
 .data          0x00800271       0x50 flash.o
                0x00800271                at45_devt
 .data          0x008002c1        0x0 keyboard.o
 .data          0x008002c1        0x0 led.o
 .data          0x008002c1       0x10 log.o
 .data          0x008002d1       0xe6 main.o
 .data          0x008003b7       0x57 menu.o
 .data          0x0080040e        0x0 mmc.o
 .data          0x0080040e        0x0 mmcdrv.o
 .data          0x0080040e        0x0 remcon.o
 .data          0x0080040e        0x0 rtc.o
 .data          0x0080040e        0x0 showtime.o
 .data          0x0080040e        0x0 spidrv.o
 .data          0x0080040e        0x0 threads.o
 .data          0x0080040e        0x0 uart0driver.o
 .data          0x0080040e        0x0 vs10xx.o
 .data          0x0080040e        0x0 watchdog.o
 .data          0x0080040e       0x14 c:/ethernut-4.3.3/build/gcc/atmega2561/lib/nutinit.o
                0x00800421                idle_sleep_mode
 .data          0x00800422        0x0 c:/ethernut-4.3.3/build/gcc/atmega2561/lib\libnutos.a(heap.o)
 .data          0x00800422        0x0 c:/ethernut-4.3.3/build/gcc/atmega2561/lib\libnutos.a(bankmem.o)
 .data          0x00800422        0x0 c:/ethernut-4.3.3/build/gcc/atmega2561/lib\libnutos.a(thread.o)
 .data          0x00800422        0x0 c:/ethernut-4.3.3/build/gcc/atmega2561/lib\libnutos.a(timer.o)
 .data          0x00800422        0x0 c:/ethernut-4.3.3/build/gcc/atmega2561/lib\libnutos.a(event.o)
 .data          0x00800422        0x0 c:/ethernut-4.3.3/build/gcc/atmega2561/lib\libnutos.a(devreg.o)
 .data          0x00800422        0x0 c:/ethernut-4.3.3/build/gcc/atmega2561/lib\libnutos.a(confos.o)
 .data          0x00800422        0x0 c:/ethernut-4.3.3/build/gcc/atmega2561/lib\libnutdev.a(ihndlr.o)
 .data          0x00800422        0x0 c:/ethernut-4.3.3/build/gcc/atmega2561/lib\libnutdev.a(nvmem.o)
 .data          0x00800422        0x0 c:/ethernut-4.3.3/build/gcc/atmega2561/lib\libnutarch.a(context_gcc.o)
 .data          0x00800422        0x0 c:/ethernut-4.3.3/build/gcc/atmega2561/lib\libnutarch.a(ostimer.o)
 .data          0x00800422        0x6 c:/ethernut-4.3.3/build/gcc/atmega2561/lib\libnutarch.a(ih_int4.o)
                0x00800422                sig_INTERRUPT4
 .data          0x00800428        0x6 c:/ethernut-4.3.3/build/gcc/atmega2561/lib\libnutarch.a(ih_int6.o)
                0x00800428                sig_INTERRUPT6
 .data          0x0080042e        0x6 c:/ethernut-4.3.3/build/gcc/atmega2561/lib\libnutarch.a(ih_timer0_ovf.o)
                0x0080042e                sig_OVERFLOW0
 .data          0x00800434        0x6 c:/ethernut-4.3.3/build/gcc/atmega2561/lib\libnutarch.a(ih_timer2_comp.o)
                0x00800434                sig_OUTPUT_COMPARE2
 .data          0x0080043a       0x23 c:/ethernut-4.3.3/build/gcc/atmega2561/lib\libnutarch.a(uart0.o)
                0x0080043a                devUart0
 .data          0x0080045d        0x0 c:/ethernut-4.3.3/build/gcc/atmega2561/lib\libnutarch.a(uartavr.o)
 .data          0x0080045d        0x0 c:/ethernut-4.3.3/build/gcc/atmega2561/lib\libnutarch.a(twif.o)
 .data          0x0080045d        0x0 c:/ethernut-4.3.3/build/gcc/atmega2561/lib\libnutarch.a(eeprom.o)
 .data          0x0080045d        0x6 c:/ethernut-4.3.3/build/gcc/atmega2561/lib\libnutarch.a(ih_twi.o)
                0x0080045d                sig_2WIRE_SERIAL
 .data          0x00800463        0x6 c:/ethernut-4.3.3/build/gcc/atmega2561/lib\libnutarch.a(ih_usart0_rx.o)
                0x00800463                sig_UART0_RECV
 .data          0x00800469        0x6 c:/ethernut-4.3.3/build/gcc/atmega2561/lib\libnutarch.a(ih_usart0_tx.o)
                0x00800469                sig_UART0_TRANS
 .data          0x0080046f        0x6 c:/ethernut-4.3.3/build/gcc/atmega2561/lib\libnutarch.a(ih_usart1_rx.o)
                0x0080046f                sig_UART1_RECV
 .data          0x00800475        0x6 c:/ethernut-4.3.3/build/gcc/atmega2561/lib\libnutarch.a(ih_usart1_tx.o)
                0x00800475                sig_UART1_TRANS
 .data          0x0080047b        0x0 c:/ethernut-4.3.3/build/gcc/atmega2561/lib\libnutcrt.a(close.o)
 .data          0x0080047b        0x0 c:/ethernut-4.3.3/build/gcc/atmega2561/lib\libnutcrt.a(ioctl.o)
 .data          0x0080047b        0x0 c:/ethernut-4.3.3/build/gcc/atmega2561/lib\libnutcrt.a(open.o)
 .data          0x0080047b        0x0 c:/ethernut-4.3.3/build/gcc/atmega2561/lib\libnutcrt.a(fclose.o)
 .data          0x0080047b        0x0 c:/ethernut-4.3.3/build/gcc/atmega2561/lib\libnutcrt.a(fflush.o)
 .data          0x0080047b        0x0 c:/ethernut-4.3.3/build/gcc/atmega2561/lib\libnutcrt.a(fileno.o)
 .data          0x0080047b       0x10 c:/ethernut-4.3.3/build/gcc/atmega2561/lib\libnutcrt.a(fopen.o)
                0x0080047b                __iob
 .data          0x0080048b        0x0 c:/ethernut-4.3.3/build/gcc/atmega2561/lib\libnutcrt.a(freopen.o)
 .data          0x0080048b        0x0 c:/ethernut-4.3.3/build/gcc/atmega2561/lib\libnutcrt.a(fputc.o)
 .data          0x0080048b        0x0 c:/ethernut-4.3.3/build/gcc/atmega2561/lib\libnutcrt.a(fputs.o)
 .data          0x0080048b        0x0 c:/ethernut-4.3.3/build/gcc/atmega2561/lib\libnutcrt.a(printf.o)
 .data          0x0080048b        0x0 c:/ethernut-4.3.3/build/gcc/atmega2561/lib\libnutcrt.a(puts.o)
 .data          0x0080048b        0x0 c:/ethernut-4.3.3/build/gcc/atmega2561/lib\libnutcrt.a(vfprintf.o)
 .data          0x0080048b        0x0 c:/ethernut-4.3.3/build/gcc/atmega2561/lib\libnutcrt.a(fputs_p.o)
 .data          0x0080048b        0x0 c:/ethernut-4.3.3/build/gcc/atmega2561/lib\libnutcrt.a(vfprintf_p.o)
 .data          0x0080048b        0x0 c:/ethernut-4.3.3/build/gcc/atmega2561/lib\libnutcrt.a(sprintf.o)
 .data          0x0080048b        0x0 c:/ethernut-4.3.3/build/gcc/atmega2561/lib\libnutcrt.a(vsprintf.o)
 .data          0x0080048b        0x0 c:/ethernut-4.3.3/build/gcc/atmega2561/lib\libnutcrt.a(time.o)
 .data          0x0080048b        0x0 c:/ethernut-4.3.3/build/gcc/atmega2561/lib\libnutcrt.a(errno.o)
 .data          0x0080048b        0x0 c:/ethernut-4.3.3/build/gcc/atmega2561/lib\libnutcrt.a(malloc.o)
 .data          0x0080048b       0x49 c:/ethernut-4.3.3/build/gcc/atmega2561/lib\libnutcrt.a(putf.o)
 .data          0x008004d4        0x0 c:/ethernut-4.3.3/build/gcc/atmega2561/lib\libnutcrt.a(write.o)
 .data          0x008004d4        0x0 c:/ethernut-4.3.3/build/gcc/atmega2561/lib\libnutcrt.a(write_p.o)
 .data          0x008004d4        0x0 c:/ethernut-4.3.3/build/gcc/atmega2561/lib\libnutcrt.a(fmode.o)
 .data          0x008004d4        0x0 c:/winavr-20070525/bin/../lib/gcc/avr/4.1.2/avr6\libgcc.a(_mulsi3.o)
 .data          0x008004d4        0x0 c:/winavr-20070525/bin/../lib/gcc/avr/4.1.2/avr6\libgcc.a(_udivmodqi4.o)
 .data          0x008004d4        0x0 c:/winavr-20070525/bin/../lib/gcc/avr/4.1.2/avr6\libgcc.a(_udivmodhi4.o)
 .data          0x008004d4        0x0 c:/winavr-20070525/bin/../lib/gcc/avr/4.1.2/avr6\libgcc.a(_divmodhi4.o)
 .data          0x008004d4        0x0 c:/winavr-20070525/bin/../lib/gcc/avr/4.1.2/avr6\libgcc.a(_udivmodsi4.o)
 .data          0x008004d4        0x0 c:/winavr-20070525/bin/../lib/gcc/avr/4.1.2/avr6\libgcc.a(_exit.o)
 .data          0x008004d4        0x0 c:/winavr-20070525/bin/../lib/gcc/avr/4.1.2/avr6\libgcc.a(_clear_bss.o)
 .data          0x008004d4        0x0 c:/winavr-20070525/bin/../lib/gcc/avr/4.1.2/../../../../avr/lib/avr6\libc.a(toupper.o)
 .data          0x008004d4        0x0 c:/winavr-20070525/bin/../lib/gcc/avr/4.1.2/../../../../avr/lib/avr6\libc.a(memcpy_P.o)
 .data          0x008004d4        0x0 c:/winavr-20070525/bin/../lib/gcc/avr/4.1.2/../../../../avr/lib/avr6\libc.a(strcpy_P.o)
 .data          0x008004d4        0x0 c:/winavr-20070525/bin/../lib/gcc/avr/4.1.2/../../../../avr/lib/avr6\libc.a(strlen_P.o)
 .data          0x008004d4        0x0 c:/winavr-20070525/bin/../lib/gcc/avr/4.1.2/../../../../avr/lib/avr6\libc.a(memchr.o)
 .data          0x008004d4        0x0 c:/winavr-20070525/bin/../lib/gcc/avr/4.1.2/../../../../avr/lib/avr6\libc.a(memcmp.o)
 .data          0x008004d4        0x0 c:/winavr-20070525/bin/../lib/gcc/avr/4.1.2/../../../../avr/lib/avr6\libc.a(memcpy.o)
 .data          0x008004d4        0x0 c:/winavr-20070525/bin/../lib/gcc/avr/4.1.2/../../../../avr/lib/avr6\libc.a(memset.o)
 .data          0x008004d4        0x0 c:/winavr-20070525/bin/../lib/gcc/avr/4.1.2/../../../../avr/lib/avr6\libc.a(strchr.o)
 .data          0x008004d4        0x0 c:/winavr-20070525/bin/../lib/gcc/avr/4.1.2/../../../../avr/lib/avr6\libc.a(strcmp.o)
 .data          0x008004d4        0x0 c:/winavr-20070525/bin/../lib/gcc/avr/4.1.2/../../../../avr/lib/avr6\libc.a(strcpy.o)
 .data          0x008004d4        0x0 c:/winavr-20070525/bin/../lib/gcc/avr/4.1.2/../../../../avr/lib/avr6\libc.a(ee_rb.1F2021.o)
 .data          0x008004d4        0x0 c:/winavr-20070525/bin/../lib/gcc/avr/4.1.2/../../../../avr/lib/avr6\libc.a(ee_wb.1F2021.o)
 .data          0x008004d4        0x0 c:/winavr-20070525/bin/../lib/gcc/avr/4.1.2/../../../../avr/lib/avr6\libc.a(isalpha.o)
 .data          0x008004d4        0x0 c:/winavr-20070525/bin/../lib/gcc/avr/4.1.2/../../../../avr/lib/avr6\libc.a(cty_isfalse.o)
 *(.data*)
 *(.rodata)
 *(.rodata*)
 *(.gnu.linkonce.d*)
                0x008004d4                . = ALIGN (0x2)
                0x008004d4                _edata = .
                0x008004d4                PROVIDE (__data_end, .)

.bss            0x008004d4      0x392
                0x008004d4                PROVIDE (__bss_start, .)
 *(.bss)
 .bss           0x008004d4        0x0 c:/winavr-20070525/bin/../lib/gcc/avr/4.1.2/../../../../avr/lib/avr6/crtm2561.o
 .bss           0x008004d4        0x0 alarm.o
 .bss           0x008004d4        0x0 display.o
 .bss           0x008004d4       0x70 fat.o
 .bss           0x00800544        0xa flash.o
 .bss           0x0080054e       0x18 keyboard.o
 .bss           0x00800566        0x1 led.o
 .bss           0x00800567        0x3 log.o
 .bss           0x0080056a        0x0 main.o
 .bss           0x0080056a        0x4 menu.o
                0x0080056c                head
                0x0080056a                currentMenuItem
 .bss           0x0080056e        0x7 mmc.o
 .bss           0x00800575        0xf mmcdrv.o
 .bss           0x00800584        0x2 remcon.o
 .bss           0x00800586        0x4 rtc.o
 .bss           0x0080058a        0x0 showtime.o
 .bss           0x0080058a        0x1 spidrv.o
 .bss           0x0080058b        0x0 threads.o
 .bss           0x0080058b        0x2 uart0driver.o
 .bss           0x0080058d        0x3 vs10xx.o
 .bss           0x00800590        0x2 watchdog.o
 .bss           0x00800592        0x1 c:/ethernut-4.3.3/build/gcc/atmega2561/lib/nutinit.o
                0x00800592                ms62_5
 .bss           0x00800593        0x2 c:/ethernut-4.3.3/build/gcc/atmega2561/lib\libnutos.a(heap.o)
 .bss           0x00800595       0x13 c:/ethernut-4.3.3/build/gcc/atmega2561/lib\libnutos.a(bankmem.o)
 .bss           0x008005a8        0x0 c:/ethernut-4.3.3/build/gcc/atmega2561/lib\libnutos.a(thread.o)
 .bss           0x008005a8        0x4 c:/ethernut-4.3.3/build/gcc/atmega2561/lib\libnutos.a(timer.o)
 .bss           0x008005ac        0x0 c:/ethernut-4.3.3/build/gcc/atmega2561/lib\libnutos.a(event.o)
 .bss           0x008005ac        0x2 c:/ethernut-4.3.3/build/gcc/atmega2561/lib\libnutos.a(devreg.o)
                0x008005ac                nutDeviceList
 .bss           0x008005ae        0x0 c:/ethernut-4.3.3/build/gcc/atmega2561/lib\libnutos.a(confos.o)
 .bss           0x008005ae        0x0 c:/ethernut-4.3.3/build/gcc/atmega2561/lib\libnutdev.a(ihndlr.o)
 .bss           0x008005ae        0x0 c:/ethernut-4.3.3/build/gcc/atmega2561/lib\libnutdev.a(nvmem.o)
 .bss           0x008005ae        0x0 c:/ethernut-4.3.3/build/gcc/atmega2561/lib\libnutarch.a(context_gcc.o)
 .bss           0x008005ae        0x4 c:/ethernut-4.3.3/build/gcc/atmega2561/lib\libnutarch.a(ostimer.o)
 .bss           0x008005b2        0x0 c:/ethernut-4.3.3/build/gcc/atmega2561/lib\libnutarch.a(ih_int4.o)
 .bss           0x008005b2        0x0 c:/ethernut-4.3.3/build/gcc/atmega2561/lib\libnutarch.a(ih_int6.o)
 .bss           0x008005b2        0x0 c:/ethernut-4.3.3/build/gcc/atmega2561/lib\libnutarch.a(ih_timer0_ovf.o)
 .bss           0x008005b2        0x0 c:/ethernut-4.3.3/build/gcc/atmega2561/lib\libnutarch.a(ih_timer2_comp.o)
 .bss           0x008005b2      0x21c c:/ethernut-4.3.3/build/gcc/atmega2561/lib\libnutarch.a(uart0.o)
 .bss           0x008007ce        0x0 c:/ethernut-4.3.3/build/gcc/atmega2561/lib\libnutarch.a(uartavr.o)
 .bss           0x008007ce       0x1f c:/ethernut-4.3.3/build/gcc/atmega2561/lib\libnutarch.a(twif.o)
 .bss           0x008007ed        0x0 c:/ethernut-4.3.3/build/gcc/atmega2561/lib\libnutarch.a(eeprom.o)
 .bss           0x008007ed        0x0 c:/ethernut-4.3.3/build/gcc/atmega2561/lib\libnutarch.a(ih_twi.o)
 .bss           0x008007ed        0x0 c:/ethernut-4.3.3/build/gcc/atmega2561/lib\libnutarch.a(ih_usart0_rx.o)
 .bss           0x008007ed        0x0 c:/ethernut-4.3.3/build/gcc/atmega2561/lib\libnutarch.a(ih_usart0_tx.o)
 .bss           0x008007ed        0x0 c:/ethernut-4.3.3/build/gcc/atmega2561/lib\libnutarch.a(ih_usart1_rx.o)
 .bss           0x008007ed        0x0 c:/ethernut-4.3.3/build/gcc/atmega2561/lib\libnutarch.a(ih_usart1_tx.o)
 .bss           0x008007ed        0x0 c:/ethernut-4.3.3/build/gcc/atmega2561/lib\libnutcrt.a(close.o)
 .bss           0x008007ed        0x0 c:/ethernut-4.3.3/build/gcc/atmega2561/lib\libnutcrt.a(ioctl.o)
 .bss           0x008007ed        0x0 c:/ethernut-4.3.3/build/gcc/atmega2561/lib\libnutcrt.a(open.o)
 .bss           0x008007ed        0x0 c:/ethernut-4.3.3/build/gcc/atmega2561/lib\libnutcrt.a(fclose.o)
 .bss           0x008007ed        0x0 c:/ethernut-4.3.3/build/gcc/atmega2561/lib\libnutcrt.a(fflush.o)
 .bss           0x008007ed        0x0 c:/ethernut-4.3.3/build/gcc/atmega2561/lib\libnutcrt.a(fileno.o)
 .bss           0x008007ed        0x0 c:/ethernut-4.3.3/build/gcc/atmega2561/lib\libnutcrt.a(fopen.o)
 .bss           0x008007ed        0x0 c:/ethernut-4.3.3/build/gcc/atmega2561/lib\libnutcrt.a(freopen.o)
 .bss           0x008007ed        0x0 c:/ethernut-4.3.3/build/gcc/atmega2561/lib\libnutcrt.a(fputc.o)
 .bss           0x008007ed        0x0 c:/ethernut-4.3.3/build/gcc/atmega2561/lib\libnutcrt.a(fputs.o)
 .bss           0x008007ed        0x0 c:/ethernut-4.3.3/build/gcc/atmega2561/lib\libnutcrt.a(printf.o)
 .bss           0x008007ed        0x0 c:/ethernut-4.3.3/build/gcc/atmega2561/lib\libnutcrt.a(puts.o)
 .bss           0x008007ed        0x0 c:/ethernut-4.3.3/build/gcc/atmega2561/lib\libnutcrt.a(vfprintf.o)
 .bss           0x008007ed        0x0 c:/ethernut-4.3.3/build/gcc/atmega2561/lib\libnutcrt.a(fputs_p.o)
 .bss           0x008007ed        0x0 c:/ethernut-4.3.3/build/gcc/atmega2561/lib\libnutcrt.a(vfprintf_p.o)
 .bss           0x008007ed        0x0 c:/ethernut-4.3.3/build/gcc/atmega2561/lib\libnutcrt.a(sprintf.o)
 .bss           0x008007ed        0x0 c:/ethernut-4.3.3/build/gcc/atmega2561/lib\libnutcrt.a(vsprintf.o)
 .bss           0x008007ed        0x4 c:/ethernut-4.3.3/build/gcc/atmega2561/lib\libnutcrt.a(time.o)
 .bss           0x008007f1        0x0 c:/ethernut-4.3.3/build/gcc/atmega2561/lib\libnutcrt.a(errno.o)
 .bss           0x008007f1        0x0 c:/ethernut-4.3.3/build/gcc/atmega2561/lib\libnutcrt.a(malloc.o)
 .bss           0x008007f1        0x0 c:/ethernut-4.3.3/build/gcc/atmega2561/lib\libnutcrt.a(putf.o)
 .bss           0x008007f1        0x0 c:/ethernut-4.3.3/build/gcc/atmega2561/lib\libnutcrt.a(write.o)
 .bss           0x008007f1        0x0 c:/ethernut-4.3.3/build/gcc/atmega2561/lib\libnutcrt.a(write_p.o)
 .bss           0x008007f1        0x0 c:/ethernut-4.3.3/build/gcc/atmega2561/lib\libnutcrt.a(fmode.o)
 .bss           0x008007f1        0x0 c:/winavr-20070525/bin/../lib/gcc/avr/4.1.2/avr6\libgcc.a(_mulsi3.o)
 .bss           0x008007f1        0x0 c:/winavr-20070525/bin/../lib/gcc/avr/4.1.2/avr6\libgcc.a(_udivmodqi4.o)
 .bss           0x008007f1        0x0 c:/winavr-20070525/bin/../lib/gcc/avr/4.1.2/avr6\libgcc.a(_udivmodhi4.o)
 .bss           0x008007f1        0x0 c:/winavr-20070525/bin/../lib/gcc/avr/4.1.2/avr6\libgcc.a(_divmodhi4.o)
 .bss           0x008007f1        0x0 c:/winavr-20070525/bin/../lib/gcc/avr/4.1.2/avr6\libgcc.a(_udivmodsi4.o)
 .bss           0x008007f1        0x0 c:/winavr-20070525/bin/../lib/gcc/avr/4.1.2/avr6\libgcc.a(_exit.o)
 .bss           0x008007f1        0x0 c:/winavr-20070525/bin/../lib/gcc/avr/4.1.2/avr6\libgcc.a(_clear_bss.o)
 .bss           0x008007f1        0x0 c:/winavr-20070525/bin/../lib/gcc/avr/4.1.2/../../../../avr/lib/avr6\libc.a(toupper.o)
 .bss           0x008007f1        0x0 c:/winavr-20070525/bin/../lib/gcc/avr/4.1.2/../../../../avr/lib/avr6\libc.a(memcpy_P.o)
 .bss           0x008007f1        0x0 c:/winavr-20070525/bin/../lib/gcc/avr/4.1.2/../../../../avr/lib/avr6\libc.a(strcpy_P.o)
 .bss           0x008007f1        0x0 c:/winavr-20070525/bin/../lib/gcc/avr/4.1.2/../../../../avr/lib/avr6\libc.a(strlen_P.o)
 .bss           0x008007f1        0x0 c:/winavr-20070525/bin/../lib/gcc/avr/4.1.2/../../../../avr/lib/avr6\libc.a(memchr.o)
 .bss           0x008007f1        0x0 c:/winavr-20070525/bin/../lib/gcc/avr/4.1.2/../../../../avr/lib/avr6\libc.a(memcmp.o)
 .bss           0x008007f1        0x0 c:/winavr-20070525/bin/../lib/gcc/avr/4.1.2/../../../../avr/lib/avr6\libc.a(memcpy.o)
 .bss           0x008007f1        0x0 c:/winavr-20070525/bin/../lib/gcc/avr/4.1.2/../../../../avr/lib/avr6\libc.a(memset.o)
 .bss           0x008007f1        0x0 c:/winavr-20070525/bin/../lib/gcc/avr/4.1.2/../../../../avr/lib/avr6\libc.a(strchr.o)
 .bss           0x008007f1        0x0 c:/winavr-20070525/bin/../lib/gcc/avr/4.1.2/../../../../avr/lib/avr6\libc.a(strcmp.o)
 .bss           0x008007f1        0x0 c:/winavr-20070525/bin/../lib/gcc/avr/4.1.2/../../../../avr/lib/avr6\libc.a(strcpy.o)
 .bss           0x008007f1        0x0 c:/winavr-20070525/bin/../lib/gcc/avr/4.1.2/../../../../avr/lib/avr6\libc.a(ee_rb.1F2021.o)
 .bss           0x008007f1        0x0 c:/winavr-20070525/bin/../lib/gcc/avr/4.1.2/../../../../avr/lib/avr6\libc.a(ee_wb.1F2021.o)
 .bss           0x008007f1        0x0 c:/winavr-20070525/bin/../lib/gcc/avr/4.1.2/../../../../avr/lib/avr6\libc.a(isalpha.o)
 .bss           0x008007f1        0x0 c:/winavr-20070525/bin/../lib/gcc/avr/4.1.2/../../../../avr/lib/avr6\libc.a(cty_isfalse.o)
 *(.bss*)
 *(COMMON)
 COMMON         0x008007f1        0x4 showtime.o
                0x008007f1                oldTime
                0x008007f3                oldDate
 COMMON         0x008007f5       0x40 c:/ethernut-4.3.3/build/gcc/atmega2561/lib/nutinit.o
                0x008007f5                nutmem_onchip
 COMMON         0x00800835        0x2 c:/ethernut-4.3.3/build/gcc/atmega2561/lib\libnutos.a(heap.o)
                0x00800835                heapFreeList
 COMMON         0x00800837        0x8 c:/ethernut-4.3.3/build/gcc/atmega2561/lib\libnutos.a(thread.o)
                0x00800837                nutThreadList
                0x00800839                runQueue
                0x0080083b                runningThread
                0x0080083d                killedThread
 COMMON         0x0080083f        0xa c:/ethernut-4.3.3/build/gcc/atmega2561/lib\libnutos.a(timer.o)
                0x0080083f                nut_delay_loops
                0x00800843                nutTimerList
                0x00800845                nut_ticks
 COMMON         0x00800849       0x13 c:/ethernut-4.3.3/build/gcc/atmega2561/lib\libnutos.a(confos.o)
                0x00800849                confos
 COMMON         0x0080085c        0x8 c:/ethernut-4.3.3/build/gcc/atmega2561/lib\libnutarch.a(twif.o)
                0x0080085c                tw_mm_mutex
                0x0080085e                tw_mm_que
                0x00800860                tw_sr_que
                0x00800862                tw_st_que
 COMMON         0x00800864        0x2 c:/ethernut-4.3.3/build/gcc/atmega2561/lib\libnutcrt.a(errno.o)
                0x00800864                errno
                0x00800866                PROVIDE (__bss_end, .)
                0x00009f26                __data_load_start = LOADADDR (.data)
                0x0000a1fa                __data_load_end = (__data_load_start + SIZEOF (.data))

.noinit         0x00800866        0x0
                0x00800866                PROVIDE (__noinit_start, .)
 *(.noinit*)
                0x00800866                PROVIDE (__noinit_end, .)
                0x00800866                _end = .
                0x00800866                PROVIDE (__heap_start, .)

.eeprom         0x00810000        0x0
 *(.eeprom*)
                0x00810000                __eeprom_end = .

.stab           0x00000000      0x414
 *(.stab)
 .stab          0x00000000      0x414 c:/winavr-20070525/bin/../lib/gcc/avr/4.1.2/../../../../avr/lib/avr6/crtm2561.o

.stabstr        0x00000000       0x71
 *(.stabstr)
 .stabstr       0x00000000       0x71 c:/winavr-20070525/bin/../lib/gcc/avr/4.1.2/../../../../avr/lib/avr6/crtm2561.o

.stab.excl
 *(.stab.excl)

.stab.exclstr
 *(.stab.exclstr)

.stab.index
 *(.stab.index)

.stab.indexstr
 *(.stab.indexstr)

.comment
 *(.comment)

.debug
 *(.debug)

.line
 *(.line)

.debug_srcinfo
 *(.debug_srcinfo)

.debug_sfnames
 *(.debug_sfnames)

.debug_aranges
 *(.debug_aranges)

.debug_pubnames
 *(.debug_pubnames)

.debug_info
 *(.debug_info)
 *(.gnu.linkonce.wi.*)

.debug_abbrev
 *(.debug_abbrev)

.debug_line
 *(.debug_line)

.debug_frame
 *(.debug_frame)

.debug_str
 *(.debug_str)

.debug_loc
 *(.debug_loc)

.debug_macinfo
 *(.debug_macinfo)
OUTPUT(ipac.elf elf32-avr)
LOAD linker stubs

Cross Reference Table

Symbol                                            File
AddChildNode                                      menu.o
AddL1Node                                         menu.o
At45dbChipErase                                   flash.o
At45dbGetStatus                                   flash.o
At45dbInit                                        flash.o
                                                  main.o
At45dbPageErase                                   flash.o
At45dbPageRead                                    flash.o
At45dbPageWrite                                   flash.o
At45dbSendCmd                                     flash.o
At45dbWaitReady                                   flash.o
CallHandler                                       c:/ethernut-4.3.3/build/gcc/atmega2561/lib\libnutdev.a(ihndlr.o)
                                                  c:/ethernut-4.3.3/build/gcc/atmega2561/lib\libnutarch.a(ih_usart1_tx.o)
                                                  c:/ethernut-4.3.3/build/gcc/atmega2561/lib\libnutarch.a(ih_usart1_rx.o)
                                                  c:/ethernut-4.3.3/build/gcc/atmega2561/lib\libnutarch.a(ih_usart0_tx.o)
                                                  c:/ethernut-4.3.3/build/gcc/atmega2561/lib\libnutarch.a(ih_usart0_rx.o)
                                                  c:/ethernut-4.3.3/build/gcc/atmega2561/lib\libnutarch.a(ih_twi.o)
                                                  c:/ethernut-4.3.3/build/gcc/atmega2561/lib\libnutarch.a(ih_timer2_comp.o)
                                                  c:/ethernut-4.3.3/build/gcc/atmega2561/lib\libnutarch.a(ih_timer0_ovf.o)
                                                  c:/ethernut-4.3.3/build/gcc/atmega2561/lib\libnutarch.a(ih_int6.o)
                                                  c:/ethernut-4.3.3/build/gcc/atmega2561/lib\libnutarch.a(ih_int4.o)
CardCheckCard                                     mmc.o
                                                  main.o
CardCheckPresent                                  mmc.o
CardClose                                         mmc.o
CardInit                                          mmc.o
                                                  main.o
CardInitCard                                      mmc.o
CardPresent                                       mmc.o
CardStatus                                        mmc.o
ChildNode                                         menu.o
FATFileRead                                       fat.o
FATFileSize                                       fat.o
FATFree                                           fat.o
FATIOCtl                                          fat.o
FATLock                                           fat.o
FATRelease                                        fat.o
                                                  mmc.o
FATSemaInit                                       fat.o
GetThreadByName                                   c:/ethernut-4.3.3/build/gcc/atmega2561/lib\libnutos.a(thread.o)
                                                  mmc.o
HexDump                                           log.o
KbGetKey                                          keyboard.o
                                                  main.o
KbInit                                            keyboard.o
                                                  main.o
KbInjectKey                                       keyboard.o
                                                  mmc.o
KbScan                                            keyboard.o
                                                  main.o
KbSetKeyRepeating                                 keyboard.o
KbWaitForKeyEvent                                 keyboard.o
LcdBackLight                                      display.o
                                                  main.o
LcdChar                                           display.o
                                                  showtime.o
LcdClear                                          display.o
                                                  main.o
LcdCursorBlink                                    display.o
LcdCursorOff                                      display.o
                                                  main.o
LcdDDRamStartPos                                  display.o
                                                  showtime.o
                                                  menu.o
LcdLowLevelInit                                   display.o
                                                  main.o
LcdMoveCursor                                     display.o
LcdMoveCursorHome                                 display.o
LcdMoveCursorPos                                  display.o
LcdSetupDisplay                                   display.o
                                                  main.o
LcdStr                                            display.o
                                                  showtime.o
                                                  menu.o
LedControl                                        led.o
LedGetStatus                                      led.o
LedInit                                           led.o
                                                  main.o
Level1Node                                        menu.o
LogChar_P                                         log.o
LogClose                                          log.o
LogInit                                           log.o
                                                  main.o
LogMsg_P                                          log.o
                                                  spidrv.o
                                                  mmcdrv.o
                                                  mmc.o
                                                  main.o
LogOpen                                           log.o
LogSetLevel                                       log.o
MMCGetSectorSize                                  mmcdrv.o
                                                  fat.o
MMCGetTotalSectors                                mmcdrv.o
                                                  fat.o
MMCInit                                           mmcdrv.o
                                                  fat.o
MMCIsCDROMDevice                                  mmcdrv.o
                                                  fat.o
MMCIsZIPDevice                                    mmcdrv.o
                                                  fat.o
MMCMountAllDevices                                mmcdrv.o
                                                  fat.o
MMCReadSectors                                    mmcdrv.o
                                                  fat.o
MMCUnMountDevice                                  mmcdrv.o
MMCWriteSectors                                   mmcdrv.o
                                                  fat.o
NutAppMain                                        main.o
                                                  c:/ethernut-4.3.3/build/gcc/atmega2561/lib/nutinit.o
NutBufRemovePage                                  c:/ethernut-4.3.3/build/gcc/atmega2561/lib\libnutos.a(bankmem.o)
NutDelay                                          c:/ethernut-4.3.3/build/gcc/atmega2561/lib\libnutos.a(timer.o)
                                                  c:/ethernut-4.3.3/build/gcc/atmega2561/lib\libnutarch.a(uartavr.o)
                                                  vs10xx.o
                                                  main.o
                                                  display.o
NutDeviceLookup                                   c:/ethernut-4.3.3/build/gcc/atmega2561/lib\libnutos.a(devreg.o)
                                                  c:/ethernut-4.3.3/build/gcc/atmega2561/lib\libnutcrt.a(open.o)
                                                  mmc.o
NutEventBroadcast                                 c:/ethernut-4.3.3/build/gcc/atmega2561/lib\libnutos.a(event.o)
NutEventBroadcastAsync                            c:/ethernut-4.3.3/build/gcc/atmega2561/lib\libnutos.a(event.o)
NutEventPost                                      c:/ethernut-4.3.3/build/gcc/atmega2561/lib\libnutos.a(event.o)
                                                  c:/ethernut-4.3.3/build/gcc/atmega2561/lib\libnutarch.a(twif.o)
                                                  mmcdrv.o
                                                  fat.o
NutEventPostAsync                                 c:/ethernut-4.3.3/build/gcc/atmega2561/lib\libnutos.a(event.o)
                                                  c:/ethernut-4.3.3/build/gcc/atmega2561/lib\libnutos.a(thread.o)
NutEventTimeout                                   c:/ethernut-4.3.3/build/gcc/atmega2561/lib\libnutos.a(event.o)
NutEventWait                                      c:/ethernut-4.3.3/build/gcc/atmega2561/lib\libnutos.a(event.o)
                                                  c:/ethernut-4.3.3/build/gcc/atmega2561/lib\libnutarch.a(twif.o)
                                                  c:/ethernut-4.3.3/build/gcc/atmega2561/lib\libnutarch.a(uartavr.o)
                                                  mmcdrv.o
                                                  keyboard.o
                                                  fat.o
NutEventWaitNext                                  c:/ethernut-4.3.3/build/gcc/atmega2561/lib\libnutos.a(event.o)
NutGetCpuClock                                    c:/ethernut-4.3.3/build/gcc/atmega2561/lib\libnutarch.a(ostimer.o)
                                                  c:/ethernut-4.3.3/build/gcc/atmega2561/lib\libnutarch.a(twif.o)
                                                  c:/ethernut-4.3.3/build/gcc/atmega2561/lib\libnutarch.a(uartavr.o)
NutGetMillis                                      c:/ethernut-4.3.3/build/gcc/atmega2561/lib\libnutos.a(timer.o)
NutGetSeconds                                     c:/ethernut-4.3.3/build/gcc/atmega2561/lib\libnutos.a(timer.o)
                                                  c:/ethernut-4.3.3/build/gcc/atmega2561/lib\libnutcrt.a(time.o)
NutGetTickClock                                   c:/ethernut-4.3.3/build/gcc/atmega2561/lib\libnutarch.a(ostimer.o)
                                                  c:/ethernut-4.3.3/build/gcc/atmega2561/lib\libnutos.a(timer.o)
NutGetTickCount                                   c:/ethernut-4.3.3/build/gcc/atmega2561/lib\libnutos.a(timer.o)
NutHeapAdd                                        c:/ethernut-4.3.3/build/gcc/atmega2561/lib\libnutos.a(heap.o)
                                                  c:/ethernut-4.3.3/build/gcc/atmega2561/lib/nutinit.o
NutHeapAlloc                                      c:/ethernut-4.3.3/build/gcc/atmega2561/lib\libnutos.a(heap.o)
                                                  c:/ethernut-4.3.3/build/gcc/atmega2561/lib\libnutcrt.a(malloc.o)
                                                  c:/ethernut-4.3.3/build/gcc/atmega2561/lib\libnutcrt.a(vfprintf_p.o)
                                                  c:/ethernut-4.3.3/build/gcc/atmega2561/lib\libnutarch.a(uartavr.o)
                                                  c:/ethernut-4.3.3/build/gcc/atmega2561/lib\libnutarch.a(context_gcc.o)
                                                  c:/ethernut-4.3.3/build/gcc/atmega2561/lib\libnutos.a(timer.o)
                                                  fat.o
NutHeapAllocClear                                 c:/ethernut-4.3.3/build/gcc/atmega2561/lib\libnutos.a(heap.o)
NutHeapAvailable                                  c:/ethernut-4.3.3/build/gcc/atmega2561/lib\libnutos.a(heap.o)
NutHeapFree                                       c:/ethernut-4.3.3/build/gcc/atmega2561/lib\libnutos.a(heap.o)
                                                  c:/ethernut-4.3.3/build/gcc/atmega2561/lib\libnutcrt.a(malloc.o)
                                                  c:/ethernut-4.3.3/build/gcc/atmega2561/lib\libnutcrt.a(vfprintf_p.o)
                                                  c:/ethernut-4.3.3/build/gcc/atmega2561/lib\libnutarch.a(uartavr.o)
                                                  c:/ethernut-4.3.3/build/gcc/atmega2561/lib\libnutos.a(timer.o)
                                                  c:/ethernut-4.3.3/build/gcc/atmega2561/lib\libnutos.a(thread.o)
                                                  fat.o
NutIdle                                           c:/ethernut-4.3.3/build/gcc/atmega2561/lib/nutinit.o
NutInit                                           c:/ethernut-4.3.3/build/gcc/atmega2561/lib/nutinit.o
NutIrqDisable                                     c:/ethernut-4.3.3/build/gcc/atmega2561/lib\libnutdev.a(ihndlr.o)
NutIrqEnable                                      c:/ethernut-4.3.3/build/gcc/atmega2561/lib\libnutdev.a(ihndlr.o)
NutIrqSetMode                                     c:/ethernut-4.3.3/build/gcc/atmega2561/lib\libnutdev.a(ihndlr.o)
                                                  vs10xx.o
NutIrqSetPriority                                 c:/ethernut-4.3.3/build/gcc/atmega2561/lib\libnutdev.a(ihndlr.o)
NutLoadConfig                                     c:/ethernut-4.3.3/build/gcc/atmega2561/lib\libnutos.a(confos.o)
                                                  c:/ethernut-4.3.3/build/gcc/atmega2561/lib/nutinit.o
NutMicroDelay                                     c:/ethernut-4.3.3/build/gcc/atmega2561/lib\libnutos.a(timer.o)
NutNvMemLoad                                      c:/ethernut-4.3.3/build/gcc/atmega2561/lib\libnutdev.a(nvmem.o)
                                                  c:/ethernut-4.3.3/build/gcc/atmega2561/lib\libnutos.a(confos.o)
NutNvMemSave                                      c:/ethernut-4.3.3/build/gcc/atmega2561/lib\libnutdev.a(nvmem.o)
                                                  c:/ethernut-4.3.3/build/gcc/atmega2561/lib\libnutos.a(confos.o)
NutRegisterDevice                                 c:/ethernut-4.3.3/build/gcc/atmega2561/lib\libnutos.a(devreg.o)
                                                  uart0driver.o
                                                  mmc.o
NutRegisterIrqHandler                             c:/ethernut-4.3.3/build/gcc/atmega2561/lib\libnutdev.a(ihndlr.o)
                                                  c:/ethernut-4.3.3/build/gcc/atmega2561/lib\libnutarch.a(twif.o)
                                                  c:/ethernut-4.3.3/build/gcc/atmega2561/lib\libnutarch.a(uartavr.o)
                                                  c:/ethernut-4.3.3/build/gcc/atmega2561/lib\libnutarch.a(ostimer.o)
                                                  vs10xx.o
                                                  remcon.o
                                                  main.o
NutRegisterTimer                                  c:/ethernut-4.3.3/build/gcc/atmega2561/lib\libnutarch.a(ostimer.o)
                                                  c:/ethernut-4.3.3/build/gcc/atmega2561/lib\libnutos.a(timer.o)
NutSaveConfig                                     c:/ethernut-4.3.3/build/gcc/atmega2561/lib\libnutos.a(confos.o)
                                                  c:/ethernut-4.3.3/build/gcc/atmega2561/lib/nutinit.o
NutSegBufAvailable                                c:/ethernut-4.3.3/build/gcc/atmega2561/lib\libnutos.a(bankmem.o)
NutSegBufInit                                     c:/ethernut-4.3.3/build/gcc/atmega2561/lib\libnutos.a(bankmem.o)
NutSegBufReadCommit                               c:/ethernut-4.3.3/build/gcc/atmega2561/lib\libnutos.a(bankmem.o)
                                                  vs10xx.o
NutSegBufReadLast                                 c:/ethernut-4.3.3/build/gcc/atmega2561/lib\libnutos.a(bankmem.o)
                                                  vs10xx.o
NutSegBufReadRequest                              c:/ethernut-4.3.3/build/gcc/atmega2561/lib\libnutos.a(bankmem.o)
                                                  vs10xx.o
NutSegBufReset                                    c:/ethernut-4.3.3/build/gcc/atmega2561/lib\libnutos.a(bankmem.o)
NutSegBufUsed                                     c:/ethernut-4.3.3/build/gcc/atmega2561/lib\libnutos.a(bankmem.o)
NutSegBufWriteCommit                              c:/ethernut-4.3.3/build/gcc/atmega2561/lib\libnutos.a(bankmem.o)
NutSegBufWriteLast                                c:/ethernut-4.3.3/build/gcc/atmega2561/lib\libnutos.a(bankmem.o)
NutSegBufWriteRequest                             c:/ethernut-4.3.3/build/gcc/atmega2561/lib\libnutos.a(bankmem.o)
NutSleep                                          c:/ethernut-4.3.3/build/gcc/atmega2561/lib\libnutos.a(timer.o)
                                                  c:/ethernut-4.3.3/build/gcc/atmega2561/lib\libnutarch.a(twif.o)
                                                  threads.o
                                                  rtc.o
                                                  mmc.o
                                                  main.o
                                                  flash.o
NutThreadAddPriQueue                              c:/ethernut-4.3.3/build/gcc/atmega2561/lib\libnutos.a(thread.o)
                                                  c:/ethernut-4.3.3/build/gcc/atmega2561/lib\libnutarch.a(context_gcc.o)
                                                  c:/ethernut-4.3.3/build/gcc/atmega2561/lib\libnutos.a(event.o)
NutThreadCreate                                   c:/ethernut-4.3.3/build/gcc/atmega2561/lib\libnutarch.a(context_gcc.o)
                                                  c:/ethernut-4.3.3/build/gcc/atmega2561/lib/nutinit.o
                                                  mmc.o
NutThreadDestroy                                  c:/ethernut-4.3.3/build/gcc/atmega2561/lib\libnutos.a(thread.o)
                                                  c:/ethernut-4.3.3/build/gcc/atmega2561/lib/nutinit.o
                                                  threads.o
NutThreadExit                                     c:/ethernut-4.3.3/build/gcc/atmega2561/lib\libnutos.a(thread.o)
                                                  threads.o
NutThreadKill                                     c:/ethernut-4.3.3/build/gcc/atmega2561/lib\libnutos.a(thread.o)
                                                  threads.o
NutThreadRemoveQueue                              c:/ethernut-4.3.3/build/gcc/atmega2561/lib\libnutos.a(thread.o)
                                                  c:/ethernut-4.3.3/build/gcc/atmega2561/lib\libnutos.a(event.o)
                                                  c:/ethernut-4.3.3/build/gcc/atmega2561/lib\libnutos.a(timer.o)
NutThreadResume                                   c:/ethernut-4.3.3/build/gcc/atmega2561/lib\libnutos.a(thread.o)
                                                  c:/ethernut-4.3.3/build/gcc/atmega2561/lib\libnutos.a(event.o)
                                                  c:/ethernut-4.3.3/build/gcc/atmega2561/lib\libnutos.a(timer.o)
NutThreadSetPriority                              c:/ethernut-4.3.3/build/gcc/atmega2561/lib\libnutos.a(thread.o)
                                                  c:/ethernut-4.3.3/build/gcc/atmega2561/lib/nutinit.o
                                                  main.o
NutThreadSetSleepMode                             c:/ethernut-4.3.3/build/gcc/atmega2561/lib/nutinit.o
NutThreadSwitch                                   c:/ethernut-4.3.3/build/gcc/atmega2561/lib\libnutarch.a(context_gcc.o)
                                                  c:/ethernut-4.3.3/build/gcc/atmega2561/lib\libnutos.a(thread.o)
NutThreadWake                                     c:/ethernut-4.3.3/build/gcc/atmega2561/lib\libnutos.a(thread.o)
                                                  c:/ethernut-4.3.3/build/gcc/atmega2561/lib\libnutos.a(timer.o)
NutThreadYield                                    c:/ethernut-4.3.3/build/gcc/atmega2561/lib\libnutos.a(thread.o)
                                                  c:/ethernut-4.3.3/build/gcc/atmega2561/lib\libnutos.a(event.o)
                                                  c:/ethernut-4.3.3/build/gcc/atmega2561/lib\libnutos.a(timer.o)
                                                  c:/ethernut-4.3.3/build/gcc/atmega2561/lib/nutinit.o
NutTimerCreate                                    c:/ethernut-4.3.3/build/gcc/atmega2561/lib\libnutos.a(timer.o)
NutTimerInit                                      c:/ethernut-4.3.3/build/gcc/atmega2561/lib\libnutos.a(timer.o)
                                                  c:/ethernut-4.3.3/build/gcc/atmega2561/lib/nutinit.o
NutTimerInsert                                    c:/ethernut-4.3.3/build/gcc/atmega2561/lib\libnutos.a(timer.o)
NutTimerMillisToTicks                             c:/ethernut-4.3.3/build/gcc/atmega2561/lib\libnutarch.a(ostimer.o)
                                                  c:/ethernut-4.3.3/build/gcc/atmega2561/lib\libnutos.a(timer.o)
NutTimerProcessElapsed                            c:/ethernut-4.3.3/build/gcc/atmega2561/lib\libnutos.a(timer.o)
                                                  c:/ethernut-4.3.3/build/gcc/atmega2561/lib\libnutos.a(thread.o)
NutTimerStart                                     c:/ethernut-4.3.3/build/gcc/atmega2561/lib\libnutos.a(timer.o)
                                                  c:/ethernut-4.3.3/build/gcc/atmega2561/lib\libnutos.a(event.o)
NutTimerStartTicks                                c:/ethernut-4.3.3/build/gcc/atmega2561/lib\libnutos.a(timer.o)
NutTimerStop                                      c:/ethernut-4.3.3/build/gcc/atmega2561/lib\libnutos.a(timer.o)
                                                  c:/ethernut-4.3.3/build/gcc/atmega2561/lib\libnutos.a(event.o)
OnChipNvMemLoad                                   c:/ethernut-4.3.3/build/gcc/atmega2561/lib\libnutarch.a(eeprom.o)
                                                  c:/ethernut-4.3.3/build/gcc/atmega2561/lib\libnutdev.a(nvmem.o)
OnChipNvMemSave                                   c:/ethernut-4.3.3/build/gcc/atmega2561/lib\libnutarch.a(eeprom.o)
                                                  c:/ethernut-4.3.3/build/gcc/atmega2561/lib\libnutdev.a(nvmem.o)
RcInit                                            remcon.o
                                                  main.o
SPIdeselect                                       spidrv.o
                                                  vs10xx.o
                                                  mmcdrv.o
                                                  flash.o
SPIgetByte                                        spidrv.o
                                                  vs10xx.o
                                                  mmcdrv.o
SPIgetmode                                        spidrv.o
                                                  vs10xx.o
SPIinit                                           spidrv.o
                                                  main.o
SPImode                                           spidrv.o
                                                  vs10xx.o
SPIputByte                                        spidrv.o
                                                  vs10xx.o
                                                  mmcdrv.o
SPIselect                                         spidrv.o
                                                  vs10xx.o
                                                  mmcdrv.o
                                                  flash.o
SPItransferByte                                   spidrv.o
                                                  flash.o
SysInitIO                                         main.o
TwIOCtl                                           c:/ethernut-4.3.3/build/gcc/atmega2561/lib\libnutarch.a(twif.o)
TwInit                                            c:/ethernut-4.3.3/build/gcc/atmega2561/lib\libnutarch.a(twif.o)
                                                  rtc.o
TwMasterError                                     c:/ethernut-4.3.3/build/gcc/atmega2561/lib\libnutarch.a(twif.o)
TwMasterTransact                                  c:/ethernut-4.3.3/build/gcc/atmega2561/lib\libnutarch.a(twif.o)
                                                  rtc.o
TwSlaveError                                      c:/ethernut-4.3.3/build/gcc/atmega2561/lib\libnutarch.a(twif.o)
TwSlaveListen                                     c:/ethernut-4.3.3/build/gcc/atmega2561/lib\libnutarch.a(twif.o)
TwSlaveRespond                                    c:/ethernut-4.3.3/build/gcc/atmega2561/lib\libnutarch.a(twif.o)
Uart0DriverGetStream                              uart0driver.o
                                                  log.o
Uart0DriverInit                                   uart0driver.o
                                                  main.o
Uart0DriverSetCookedMode                          uart0driver.o
Uart0DriverStart                                  uart0driver.o
                                                  main.o
Uart0DriverStop                                   uart0driver.o
UartAvrClose                                      c:/ethernut-4.3.3/build/gcc/atmega2561/lib\libnutarch.a(uartavr.o)
                                                  c:/ethernut-4.3.3/build/gcc/atmega2561/lib\libnutarch.a(uart0.o)
UartAvrFlush                                      c:/ethernut-4.3.3/build/gcc/atmega2561/lib\libnutarch.a(uartavr.o)
UartAvrIOCtl                                      c:/ethernut-4.3.3/build/gcc/atmega2561/lib\libnutarch.a(uartavr.o)
                                                  c:/ethernut-4.3.3/build/gcc/atmega2561/lib\libnutarch.a(uart0.o)
UartAvrInit                                       c:/ethernut-4.3.3/build/gcc/atmega2561/lib\libnutarch.a(uartavr.o)
                                                  c:/ethernut-4.3.3/build/gcc/atmega2561/lib\libnutarch.a(uart0.o)
UartAvrInput                                      c:/ethernut-4.3.3/build/gcc/atmega2561/lib\libnutarch.a(uartavr.o)
UartAvrOpen                                       c:/ethernut-4.3.3/build/gcc/atmega2561/lib\libnutarch.a(uartavr.o)
                                                  c:/ethernut-4.3.3/build/gcc/atmega2561/lib\libnutarch.a(uart0.o)
UartAvrOutput                                     c:/ethernut-4.3.3/build/gcc/atmega2561/lib\libnutarch.a(uartavr.o)
UartAvrPut                                        c:/ethernut-4.3.3/build/gcc/atmega2561/lib\libnutarch.a(uartavr.o)
UartAvrRead                                       c:/ethernut-4.3.3/build/gcc/atmega2561/lib\libnutarch.a(uartavr.o)
                                                  c:/ethernut-4.3.3/build/gcc/atmega2561/lib\libnutarch.a(uart0.o)
UartAvrSize                                       c:/ethernut-4.3.3/build/gcc/atmega2561/lib\libnutarch.a(uartavr.o)
                                                  c:/ethernut-4.3.3/build/gcc/atmega2561/lib\libnutarch.a(uart0.o)
UartAvrWrite                                      c:/ethernut-4.3.3/build/gcc/atmega2561/lib\libnutarch.a(uartavr.o)
                                                  c:/ethernut-4.3.3/build/gcc/atmega2561/lib\libnutarch.a(uart0.o)
UartAvrWrite_P                                    c:/ethernut-4.3.3/build/gcc/atmega2561/lib\libnutarch.a(uartavr.o)
                                                  c:/ethernut-4.3.3/build/gcc/atmega2561/lib\libnutarch.a(uart0.o)
VsBeep                                            vs10xx.o
VsBeepStart                                       vs10xx.o
                                                  threads.o
VsBeepStartRaw                                    vs10xx.o
VsBeepStop                                        vs10xx.o
                                                  threads.o
VsGetStatus                                       vs10xx.o
VsGetType                                         vs10xx.o
VsGetTypeHex                                      vs10xx.o
VsGetVolume                                       vs10xx.o
VsMemoryTest                                      vs10xx.o
VsPlayerInit                                      vs10xx.o
                                                  threads.o
VsPlayerInterrupts                                vs10xx.o
                                                  mmc.o
VsPlayerKick                                      vs10xx.o
VsPlayerReset                                     vs10xx.o
VsPlayerSetMode                                   vs10xx.o
VsPlayerStop                                      vs10xx.o
VsRegInfo                                         vs10xx.o
VsRegWrite                                        vs10xx.o
VsSetVolume                                       vs10xx.o
                                                  threads.o
VsStreamValid                                     vs10xx.o
WatchDogDisable                                   watchdog.o
                                                  main.o
WatchDogEnable                                    watchdog.o
WatchDogRestart                                   watchdog.o
                                                  vs10xx.o
WatchDogStart                                     watchdog.o
X12EepromRead                                     rtc.o
X12EepromWrite                                    rtc.o
X12Init                                           rtc.o
                                                  main.o
X12RtcClearStatus                                 rtc.o
X12RtcGetAlarm                                    rtc.o
                                                  main.o
X12RtcGetClock                                    rtc.o
                                                  main.o
X12RtcGetStatus                                   rtc.o
X12RtcIncrementClock                              rtc.o
                                                  main.o
X12RtcIncrementDate                               rtc.o
X12RtcReadRegs                                    rtc.o
X12RtcSetAlarm                                    rtc.o
                                                  main.o
X12RtcSetClock                                    rtc.o
                                                  main.o
X12RtcWrite                                       rtc.o
__bad_interrupt                                   c:/winavr-20070525/bin/../lib/gcc/avr/4.1.2/../../../../avr/lib/avr6/crtm2561.o
__bss_end                                         c:/winavr-20070525/bin/../lib/gcc/avr/4.1.2/avr6\libgcc.a(_clear_bss.o)
__bss_start                                       c:/winavr-20070525/bin/../lib/gcc/avr/4.1.2/avr6\libgcc.a(_clear_bss.o)
__ctype_isfalse                                   c:/winavr-20070525/bin/../lib/gcc/avr/4.1.2/../../../../avr/lib/avr6\libc.a(cty_isfalse.o)
                                                  c:/winavr-20070525/bin/../lib/gcc/avr/4.1.2/../../../../avr/lib/avr6\libc.a(isalpha.o)
__ctype_istrue                                    c:/winavr-20070525/bin/../lib/gcc/avr/4.1.2/../../../../avr/lib/avr6\libc.a(cty_isfalse.o)
__data_end                                        c:/winavr-20070525/bin/../lib/gcc/avr/4.1.2/../../../../avr/lib/avr6/crtm2561.o
__data_load_start                                 c:/winavr-20070525/bin/../lib/gcc/avr/4.1.2/../../../../avr/lib/avr6/crtm2561.o
__data_start                                      c:/winavr-20070525/bin/../lib/gcc/avr/4.1.2/../../../../avr/lib/avr6/crtm2561.o
__divmodhi4                                       c:/winavr-20070525/bin/../lib/gcc/avr/4.1.2/avr6\libgcc.a(_divmodhi4.o)
                                                  vs10xx.o
                                                  rtc.o
                                                  fat.o
__do_clear_bss                                    c:/winavr-20070525/bin/../lib/gcc/avr/4.1.2/avr6\libgcc.a(_clear_bss.o)
                                                  c:/ethernut-4.3.3/build/gcc/atmega2561/lib\libnutcrt.a(fmode.o)
                                                  c:/ethernut-4.3.3/build/gcc/atmega2561/lib\libnutcrt.a(write_p.o)
                                                  c:/ethernut-4.3.3/build/gcc/atmega2561/lib\libnutcrt.a(write.o)
                                                  c:/ethernut-4.3.3/build/gcc/atmega2561/lib\libnutcrt.a(putf.o)
                                                  c:/ethernut-4.3.3/build/gcc/atmega2561/lib\libnutcrt.a(malloc.o)
                                                  c:/ethernut-4.3.3/build/gcc/atmega2561/lib\libnutcrt.a(errno.o)
                                                  c:/ethernut-4.3.3/build/gcc/atmega2561/lib\libnutcrt.a(time.o)
                                                  c:/ethernut-4.3.3/build/gcc/atmega2561/lib\libnutcrt.a(vsprintf.o)
                                                  c:/ethernut-4.3.3/build/gcc/atmega2561/lib\libnutcrt.a(sprintf.o)
                                                  c:/ethernut-4.3.3/build/gcc/atmega2561/lib\libnutcrt.a(vfprintf_p.o)
                                                  c:/ethernut-4.3.3/build/gcc/atmega2561/lib\libnutcrt.a(fputs_p.o)
                                                  c:/ethernut-4.3.3/build/gcc/atmega2561/lib\libnutcrt.a(vfprintf.o)
                                                  c:/ethernut-4.3.3/build/gcc/atmega2561/lib\libnutcrt.a(puts.o)
                                                  c:/ethernut-4.3.3/build/gcc/atmega2561/lib\libnutcrt.a(printf.o)
                                                  c:/ethernut-4.3.3/build/gcc/atmega2561/lib\libnutcrt.a(fputs.o)
                                                  c:/ethernut-4.3.3/build/gcc/atmega2561/lib\libnutcrt.a(fputc.o)
                                                  c:/ethernut-4.3.3/build/gcc/atmega2561/lib\libnutcrt.a(freopen.o)
                                                  c:/ethernut-4.3.3/build/gcc/atmega2561/lib\libnutcrt.a(fopen.o)
                                                  c:/ethernut-4.3.3/build/gcc/atmega2561/lib\libnutcrt.a(fileno.o)
                                                  c:/ethernut-4.3.3/build/gcc/atmega2561/lib\libnutcrt.a(fflush.o)
                                                  c:/ethernut-4.3.3/build/gcc/atmega2561/lib\libnutcrt.a(fclose.o)
                                                  c:/ethernut-4.3.3/build/gcc/atmega2561/lib\libnutcrt.a(open.o)
                                                  c:/ethernut-4.3.3/build/gcc/atmega2561/lib\libnutcrt.a(ioctl.o)
                                                  c:/ethernut-4.3.3/build/gcc/atmega2561/lib\libnutcrt.a(close.o)
                                                  c:/ethernut-4.3.3/build/gcc/atmega2561/lib\libnutarch.a(ih_usart1_tx.o)
                                                  c:/ethernut-4.3.3/build/gcc/atmega2561/lib\libnutarch.a(ih_usart1_rx.o)
                                                  c:/ethernut-4.3.3/build/gcc/atmega2561/lib\libnutarch.a(ih_usart0_tx.o)
                                                  c:/ethernut-4.3.3/build/gcc/atmega2561/lib\libnutarch.a(ih_usart0_rx.o)
                                                  c:/ethernut-4.3.3/build/gcc/atmega2561/lib\libnutarch.a(ih_twi.o)
                                                  c:/ethernut-4.3.3/build/gcc/atmega2561/lib\libnutarch.a(eeprom.o)
                                                  c:/ethernut-4.3.3/build/gcc/atmega2561/lib\libnutarch.a(twif.o)
                                                  c:/ethernut-4.3.3/build/gcc/atmega2561/lib\libnutarch.a(uartavr.o)
                                                  c:/ethernut-4.3.3/build/gcc/atmega2561/lib\libnutarch.a(uart0.o)
                                                  c:/ethernut-4.3.3/build/gcc/atmega2561/lib\libnutarch.a(ih_timer2_comp.o)
                                                  c:/ethernut-4.3.3/build/gcc/atmega2561/lib\libnutarch.a(ih_timer0_ovf.o)
                                                  c:/ethernut-4.3.3/build/gcc/atmega2561/lib\libnutarch.a(ih_int6.o)
                                                  c:/ethernut-4.3.3/build/gcc/atmega2561/lib\libnutarch.a(ih_int4.o)
                                                  c:/ethernut-4.3.3/build/gcc/atmega2561/lib\libnutarch.a(ostimer.o)
                                                  c:/ethernut-4.3.3/build/gcc/atmega2561/lib\libnutarch.a(context_gcc.o)
                                                  c:/ethernut-4.3.3/build/gcc/atmega2561/lib\libnutdev.a(nvmem.o)
                                                  c:/ethernut-4.3.3/build/gcc/atmega2561/lib\libnutdev.a(ihndlr.o)
                                                  c:/ethernut-4.3.3/build/gcc/atmega2561/lib\libnutos.a(confos.o)
                                                  c:/ethernut-4.3.3/build/gcc/atmega2561/lib\libnutos.a(devreg.o)
                                                  c:/ethernut-4.3.3/build/gcc/atmega2561/lib\libnutos.a(event.o)
                                                  c:/ethernut-4.3.3/build/gcc/atmega2561/lib\libnutos.a(timer.o)
                                                  c:/ethernut-4.3.3/build/gcc/atmega2561/lib\libnutos.a(thread.o)
                                                  c:/ethernut-4.3.3/build/gcc/atmega2561/lib\libnutos.a(bankmem.o)
                                                  c:/ethernut-4.3.3/build/gcc/atmega2561/lib\libnutos.a(heap.o)
                                                  c:/ethernut-4.3.3/build/gcc/atmega2561/lib/nutinit.o
                                                  watchdog.o
                                                  vs10xx.o
                                                  uart0driver.o
                                                  threads.o
                                                  spidrv.o
                                                  showtime.o
                                                  rtc.o
                                                  remcon.o
                                                  mmcdrv.o
                                                  mmc.o
                                                  menu.o
                                                  main.o
                                                  log.o
                                                  led.o
                                                  keyboard.o
                                                  flash.o
                                                  fat.o
                                                  display.o
                                                  alarm.o
__do_copy_data                                    c:/winavr-20070525/bin/../lib/gcc/avr/4.1.2/../../../../avr/lib/avr6/crtm2561.o
                                                  c:/ethernut-4.3.3/build/gcc/atmega2561/lib\libnutcrt.a(fmode.o)