Archive member included because of file (symbol)

c:/ethernut-4.3.3/build/gcc/atmega2561/lib\libnutos.a(heap.o)
                              fat.o (NutHeapAlloc)
c:/ethernut-4.3.3/build/gcc/atmega2561/lib\libnutos.a(bankmem.o)
                              vs10xx.o (NutSegBufReadRequest)
c:/ethernut-4.3.3/build/gcc/atmega2561/lib\libnutos.a(thread.o)
                              mmc.o (GetThreadByName)
c:/ethernut-4.3.3/build/gcc/atmega2561/lib\libnutos.a(timer.o)
                              display.o (NutDelay)
c:/ethernut-4.3.3/build/gcc/atmega2561/lib\libnutos.a(event.o)
                              c:/ethernut-4.3.3/build/gcc/atmega2561/lib\libnutos.a(thread.o) (NutEventPostAsync)
c:/ethernut-4.3.3/build/gcc/atmega2561/lib\libnutos.a(devreg.o)
                              mmc.o (NutDeviceLookup)
c:/ethernut-4.3.3/build/gcc/atmega2561/lib\libnutos.a(confos.o)
                              c:/ethernut-4.3.3/build/gcc/atmega2561/lib/nutinit.o (NutSaveConfig)
c:/ethernut-4.3.3/build/gcc/atmega2561/lib\libnutdev.a(ihndlr.o)
                              main.o (NutRegisterIrqHandler)
c:/ethernut-4.3.3/build/gcc/atmega2561/lib\libnutdev.a(nvmem.o)
                              c:/ethernut-4.3.3/build/gcc/atmega2561/lib\libnutos.a(confos.o) (NutNvMemSave)
c:/ethernut-4.3.3/build/gcc/atmega2561/lib\libnutarch.a(context_gcc.o)
                              c:/ethernut-4.3.3/build/gcc/atmega2561/lib\libnutos.a(thread.o) (NutThreadSwitch)
c:/ethernut-4.3.3/build/gcc/atmega2561/lib\libnutarch.a(ostimer.o)
                              c:/ethernut-4.3.3/build/gcc/atmega2561/lib\libnutos.a(timer.o) (NutGetTickClock)
c:/ethernut-4.3.3/build/gcc/atmega2561/lib\libnutarch.a(ih_int4.o)
                              remcon.o (sig_INTERRUPT4)
c:/ethernut-4.3.3/build/gcc/atmega2561/lib\libnutarch.a(ih_int6.o)
                              vs10xx.o (sig_INTERRUPT6)
c:/ethernut-4.3.3/build/gcc/atmega2561/lib\libnutarch.a(ih_timer0_ovf.o)
                              main.o (sig_OVERFLOW0)
c:/ethernut-4.3.3/build/gcc/atmega2561/lib\libnutarch.a(ih_timer2_comp.o)
                              c:/ethernut-4.3.3/build/gcc/atmega2561/lib\libnutarch.a(ostimer.o) (sig_OUTPUT_COMPARE2)
c:/ethernut-4.3.3/build/gcc/atmega2561/lib\libnutarch.a(uart0.o)
                              uart0driver.o (devUart0)
c:/ethernut-4.3.3/build/gcc/atmega2561/lib\libnutarch.a(uartavr.o)
                              c:/ethernut-4.3.3/build/gcc/atmega2561/lib\libnutarch.a(uart0.o) (UartAvrSize)
c:/ethernut-4.3.3/build/gcc/atmega2561/lib\libnutarch.a(twif.o)
                              rtc.o (TwInit)
c:/ethernut-4.3.3/build/gcc/atmega2561/lib\libnutarch.a(eeprom.o)
                              c:/ethernut-4.3.3/build/gcc/atmega2561/lib\libnutdev.a(nvmem.o) (OnChipNvMemSave)
c:/ethernut-4.3.3/build/gcc/atmega2561/lib\libnutarch.a(ih_twi.o)
                              c:/ethernut-4.3.3/build/gcc/atmega2561/lib\libnutarch.a(twif.o) (sig_2WIRE_SERIAL)
c:/ethernut-4.3.3/build/gcc/atmega2561/lib\libnutarch.a(ih_usart0_rx.o)
                              c:/ethernut-4.3.3/build/gcc/atmega2561/lib\libnutarch.a(uartavr.o) (sig_UART0_RECV)
c:/ethernut-4.3.3/build/gcc/atmega2561/lib\libnutarch.a(ih_usart0_tx.o)
                              c:/ethernut-4.3.3/build/gcc/atmega2561/lib\libnutarch.a(uartavr.o) (sig_UART0_TRANS)
c:/ethernut-4.3.3/build/gcc/atmega2561/lib\libnutarch.a(ih_usart1_rx.o)
                              c:/ethernut-4.3.3/build/gcc/atmega2561/lib\libnutarch.a(uartavr.o) (sig_UART1_RECV)
c:/ethernut-4.3.3/build/gcc/atmega2561/lib\libnutarch.a(ih_usart1_tx.o)
                              c:/ethernut-4.3.3/build/gcc/atmega2561/lib\libnutarch.a(uartavr.o) (sig_UART1_TRANS)
c:/ethernut-4.3.3/build/gcc/atmega2561/lib\libnutcrt.a(close.o)
                              mmc.o (_close)
c:/ethernut-4.3.3/build/gcc/atmega2561/lib\libnutcrt.a(ioctl.o)
                              uart0driver.o (_ioctl)
c:/ethernut-4.3.3/build/gcc/atmega2561/lib\libnutcrt.a(open.o)
                              mmc.o (_open)
c:/ethernut-4.3.3/build/gcc/atmega2561/lib\libnutcrt.a(fclose.o)
                              uart0driver.o (fclose)
c:/ethernut-4.3.3/build/gcc/atmega2561/lib\libnutcrt.a(fflush.o)
                              log.o (fflush)
c:/ethernut-4.3.3/build/gcc/atmega2561/lib\libnutcrt.a(fileno.o)
                              uart0driver.o (_fileno)
c:/ethernut-4.3.3/build/gcc/atmega2561/lib\libnutcrt.a(fopen.o)
                              uart0driver.o (__iob)
c:/ethernut-4.3.3/build/gcc/atmega2561/lib\libnutcrt.a(freopen.o)
                              uart0driver.o (freopen)
c:/ethernut-4.3.3/build/gcc/atmega2561/lib\libnutcrt.a(fputc.o)
                              log.o (fputc)
c:/ethernut-4.3.3/build/gcc/atmega2561/lib\libnutcrt.a(fputs.o)
                              log.o (fputs)
c:/ethernut-4.3.3/build/gcc/atmega2561/lib\libnutcrt.a(fputs_p.o)
                              log.o (fputs_P)
[...]
Memory Configuration

Name             Origin             Length             Attributes
text             0x00000000         0x00100000         xr
data             0x00800060         0x0000ffa0         rw !x
eeprom           0x00810000         0x00010000         rw !x
*default*        0x00000000         0xffffffff

Linker script and memory map

Address of section .data set to 0x800200
LOAD c:/winavr-20070525/bin/../lib/gcc/avr/4.1.2/../../../../avr/lib/avr6/crtm2561.o
LOAD display.o
LOAD fat.o
LOAD flash.o
LOAD keyboard.o
LOAD led.o
LOAD log.o
LOAD main.o
LOAD menu.o
LOAD mmc.o
LOAD mmcdrv.o
LOAD remcon.o
LOAD rtc.o
LOAD showtime.o
LOAD spidrv.o
LOAD uart0driver.o
LOAD vs10xx.o
LOAD watchdog.o
                0x00000000                main = 0x0
LOAD c:/ethernut-4.3.3/build/gcc/atmega2561/lib/nutinit.o
LOAD c:/ethernut-4.3.3/build/gcc/atmega2561/lib\libnutpro.a
LOAD c:/ethernut-4.3.3/build/gcc/atmega2561/lib\libnutnet.a
LOAD c:/ethernut-4.3.3/build/gcc/atmega2561/lib\libnutpro.a
LOAD c:/ethernut-4.3.3/build/gcc/atmega2561/lib\libnutfs.a
LOAD c:/ethernut-4.3.3/build/gcc/atmega2561/lib\libnutos.a
LOAD c:/ethernut-4.3.3/build/gcc/atmega2561/lib\libnutdev.a
LOAD c:/ethernut-4.3.3/build/gcc/atmega2561/lib\libnutarch.a
LOAD c:/ethernut-4.3.3/build/gcc/atmega2561/lib\libnutnet.a
LOAD c:/ethernut-4.3.3/build/gcc/atmega2561/lib\libnutcrt.a
LOAD c:/ethernut-4.3.3/build/gcc/atmega2561/lib\libnutdev.a
LOAD c:/winavr-20070525/bin/../lib/gcc/avr/4.1.2/avr6\libgcc.a
LOAD c:/winavr-20070525/bin/../lib/gcc/avr/4.1.2/../../../../avr/lib/avr6\libc.a
LOAD c:/winavr-20070525/bin/../lib/gcc/avr/4.1.2/avr6\libgcc.a

.hash
 *(.hash)

.dynsym
 *(.dynsym)

.dynstr
 *(.dynstr)

.gnu.version
 *(.gnu.version)

.gnu.version_d
 *(.gnu.version_d)

.gnu.version_r
 *(.gnu.version_r)

.rel.init
 *(.rel.init)

.rela.init
 *(.rela.init)

.rel.text
 *(.rel.text)
 *(.rel.text.*)
 *(.rel.gnu.linkonce.t*)

.rela.text
 *(.rela.text)
 *(.rela.text.*)
 *(.rela.gnu.linkonce.t*)

.rel.fini
 *(.rel.fini)

.rela.fini
 *(.rela.fini)

.rel.rodata
 *(.rel.rodata)
 *(.rel.rodata.*)
 *(.rel.gnu.linkonce.r*)

.rela.rodata
 *(.rela.rodata)
 *(.rela.rodata.*)
 *(.rela.gnu.linkonce.r*)

.rel.data
 *(.rel.data)
 *(.rel.data.*)
 *(.rel.gnu.linkonce.d*)

.rela.data
 *(.rela.data)
 *(.rela.data.*)
 *(.rela.gnu.linkonce.d*)

.rel.ctors
 *(.rel.ctors)

.rela.ctors
 *(.rela.ctors)

.rel.dtors
 *(.rel.dtors)

.rela.dtors
 *(.rela.dtors)

.rel.got
 *(.rel.got)

.rela.got
 *(.rela.got)

.rel.bss
 *(.rel.bss)

.rela.bss
 *(.rela.bss)

.rel.plt
 *(.rel.plt)

.rela.plt
 *(.rela.plt)

.text           0x00000000     0x9570
 *(.vectors)
 .vectors       0x00000000       0xcc c:/winavr-20070525/bin/../lib/gcc/avr/4.1.2/../../../../avr/lib/avr6/crtm2561.o
                0x00000000                __vectors
                0x00000000                __vector_default
 *(.vectors)
 *(.progmem.gcc*)
 .progmem.gcc_sw_table
                0x000000cc       0x28 c:/ethernut-4.3.3/build/gcc/atmega2561/lib\libnutarch.a(uartavr.o)
 *(.progmem*)
 .progmem.data  0x000000f4       0xea log.o
 .progmem.data  0x000001de        0xc main.o
 .progmem.data  0x000001ea       0x6e mmc.o
 .progmem.data  0x00000258       0x16 mmcdrv.o
 .progmem.data  0x0000026e        0xe spidrv.o
 .progmem.data  0x0000027c        0x8 uart0driver.o
 .progmem.data  0x00000284      0x541 vs10xx.o
                0x00000284                dtab
                0x000007c6                . = ALIGN (0x2)
 *fill*         0x000007c5        0x1 00
                0x000007c6                __trampolines_start = .
 *(.trampolines)
 .trampolines   0x000007c6        0x0 linker stubs
 *(.trampolines*)
                0x000007c6                __trampolines_end = .
 *(.jumptables)
 *(.jumptables*)
 *(.lowtext)
 *(.lowtext*)
                0x000007c6                __ctors_start = .
 *(.ctors)
                0x000007c6                __ctors_end = .
                0x000007c6                __dtors_start = .
 *(.dtors)
                0x000007c6                __dtors_end = .
 SORT(*)(.ctors)
 SORT(*)(.dtors)
 *(.init0)
 .init0         0x000008c2        0x0 c:/winavr-20070525/bin/../lib/gcc/avr/4.1.2/../../../../avr/lib/avr6/crtm2561.o
                0x000008c2                __init
 *(.init0)
 *(.init1)
 .init1         0x000008c2       0x54 c:/ethernut-4.3.3/build/gcc/atmega2561/lib/nutinit.o
 *(.init1)
 *(.init2)
 .init2         0x00000916        0xc c:/winavr-20070525/bin/../lib/gcc/avr/4.1.2/../../../../avr/lib/avr6/crtm2561.o
 *(.init2)
 *(.init3)
 *(.init3)
 *(.init4)
 .init4         0x00000922       0x1a c:/winavr-20070525/bin/../lib/gcc/avr/4.1.2/../../../../avr/lib/avr6/crtm2561.o
                0x00000922                __do_copy_data
 .init4         0x0000093c       0x10 c:/winavr-20070525/bin/../lib/gcc/avr/4.1.2/avr6\libgcc.a(_clear_bss.o)
                0x0000093c                __do_clear_bss
 *(.init4)
 *(.init5)
 .init5         0x0000094c       0x26 c:/ethernut-4.3.3/build/gcc/atmega2561/lib/nutinit.o
 *(.init5)
 *(.init6)
 *(.init6)
 *(.init7)
 *(.init7)
 *(.init8)
 .init8         0x00000972       0x2c c:/ethernut-4.3.3/build/gcc/atmega2561/lib/nutinit.o
                0x00000972                NutInit
 *(.init8)
 *(.init9)
 .init9         0x0000099e        0x8 c:/winavr-20070525/bin/../lib/gcc/avr/4.1.2/../../../../avr/lib/avr6/crtm2561.o
 *(.init9)
 *(.text)
 .text          0x000009a6        0x4 c:/winavr-20070525/bin/../lib/gcc/avr/4.1.2/../../../../avr/lib/avr6/crtm2561.o
                0x000009a6                __vector_22
                0x000009a6                __vector_28
                0x000009a6                __vector_1
                0x000009a6                __vector_32
                0x000009a6                __vector_34
                0x000009a6                __vector_24
                0x000009a6                __vector_12
                0x000009a6                __vector_46
                0x000009a6                __bad_interrupt
                0x000009a6                __vector_6
                0x000009a6                __vector_31
                0x000009a6                __vector_35
                0x000009a6                __vector_3
                0x000009a6                __vector_30
                0x000009a6                __vector_45
                0x000009a6                __vector_11
                0x000009a6                __vector_17
                0x000009a6                __vector_19
                0x000009a6                __vector_49
                0x000009a6                __vector_41
                0x000009a6                __vector_43
                0x000009a6                __vector_33
                0x000009a6                __vector_47
                0x000009a6                __vector_37
                0x000009a6                __vector_4
                0x000009a6                __vector_44
                0x000009a6                __vector_9
                0x000009a6                __vector_2
                0x000009a6                __vector_21
                0x000009a6                __vector_15
                0x000009a6                __vector_29
                0x000009a6                __vector_40
                0x000009a6                __vector_8
                0x000009a6                __vector_26
                0x000009a6                __vector_48
                0x000009a6                __vector_14
                0x000009a6                __vector_10
                0x000009a6                __vector_50
                0x000009a6                __vector_16
                0x000009a6                __vector_18
                0x000009a6                __vector_20
                0x000009a6                __vector_42
 .text          0x000009aa      0x1b4 display.o
                0x00000a7c                LcdChar
                0x00000ac6                LcdDDRamStartPos
                0x00000a9e                LcdCursorBlink
                0x00000a3a                LcdSetupDisplay
                0x00000ae4                LcdClear
                0x00000a86                LcdStr
                0x00000a28                LcdMoveCursor
                0x00000a4e                LcdMoveCursorPos
                0x00000abc                LcdCursorOff
                0x000009aa                LcdBackLight
                0x00000af4                LcdLowLevelInit
                0x00000a44                LcdMoveCursorHome
 .text          0x00000b5e     0x1616 fat.o
                0x00001780                FATIOCtl
                0x000010fa                FATFree
                0x00000b5e                FATRelease
                0x00001116                FATFileRead
                0x000010f0                FATSemaInit
                0x00001104                FATLock
                0x00001386                FATFileSize
 .text          0x00002174      0x3c2 flash.o
                0x00002174                At45dbChipErase
                0x0000228a                At45dbInit
                0x00002224                At45dbGetStatus
                0x000023fe                At45dbPageWrite
                0x000024fe                At45dbPageErase
                0x00002302                At45dbWaitReady
                0x00002362                At45dbSendCmd
                0x000024b8                At45dbPageRead
 .text          0x00002536      0x32c keyboard.o
                0x00002588                KbInit
                0x000025f2                KbWaitForKeyEvent
                0x0000254e                KbGetKey
                0x00002610                KbScan
                0x00002536                KbSetKeyRepeating
                0x00002556                KbInjectKey
 .text          0x00002862       0x50 led.o
                0x00002862                LedControl
                0x000028aa                LedGetStatus
                0x000028a2                LedInit
 .text          0x000028b2      0x44a log.o
                0x00002ccc                LogClose
                0x000028c4                HexDump
                0x00002a70                LogMsg_P
                0x00002ce2                LogOpen
                0x00002a56                LogChar_P
                0x00002cf0                LogInit
                0x000028b2                LogSetLevel
 .text          0x00002cfc      0x15a main.o
                0x00002d36                NutAppMain
                0x00002cfc                SysInitIO
 .text          0x00002e56      0x276 menu.o
                0x00003006                init_menu
                0x00002e56                getCurrentName
                0x00002e64                nextMenuItem
                0x00002f54                ChildNode
                0x00002ea2                prevMenuItem
                0x00002ee0                childMenuItem
                0x00002f98                Level1Node
                0x00002f1a                parentMenuItem
 .text          0x000030cc      0x2ac mmc.o
                0x000030cc                CardCheckCard
                0x0000316a                CardCheckPresent
                0x0000317c                CardClose
                0x0000317e                CardInit
                0x000031fe                CardInitCard
                0x00003300                CardPresent
                0x00003172                CardStatus
 .text          0x00003378      0x708 mmcdrv.o
                0x000039e2                MMCInit
                0x00003384                MMCUnMountDevice
                0x00003700                MMCReadSectors
                0x00003378                MMCIsCDROMDevice
                0x000034fe                MMCWriteSectors
                0x0000384a                MMCGetSectorSize
                0x0000337e                MMCIsZIPDevice
                0x00003876                MMCMountAllDevices
                0x0000380e                MMCGetTotalSectors
 .text          0x00003a80       0x4c remcon.o
                0x00003a82                RcInit
 .text          0x00003acc      0xbf4 rtc.o
                0x000045da                X12RtcIncrementClock
                0x00003b02                X12EepromRead
                0x00003cb0                X12RtcGetClock
                0x00004398                X12RtcSetClock
                0x00003b7c                X12RtcReadRegs
                0x00004092                X12RtcSetAlarm
                0x00003acc                X12RtcClearStatus
                0x00003bf2                X12RtcGetStatus
                0x00003c78                X12Init
                0x0000401a                X12RtcWrite
                0x000044f0                X12RtcIncrementDate
                0x000041f2                X12RtcGetAlarm
                0x00003f18                X12EepromWrite
 .text          0x000046c0       0x3a showtime.o
                0x000046c0                showTimeAndDate
 .text          0x000046fa       0xc2 spidrv.o
                0x00004710                SPIputByte
                0x00004738                SPIinit
                0x0000471a                SPIgetByte
                0x00004708                SPIgetmode
                0x0000472a                SPItransferByte
                0x00004740                SPIselect
                0x000046fa                SPIdeselect
                0x00004702                SPImode
 .text          0x000047bc      0x11c uart0driver.o
                0x000048c0                Uart0DriverInit
                0x000047c6                Uart0DriverStop
                0x000047bc                Uart0DriverGetStream
                0x000047e0                Uart0DriverSetCookedMode
                0x00004828                Uart0DriverStart
 .text          0x000048d8      0x6d6 vs10xx.o
                0x00004922                VsGetStatus
                0x00004b08                VsBeepStart
                0x00004c7e                VsRegInfo
                0x00004902                VsPlayerStop
                0x00004f4e                VsMemoryTest
                0x00004c58                VsGetVolume
                0x000048d8                VsPlayerInterrupts
                0x00004bcc                VsPlayerReset
                0x00004a72                VsPlayerSetMode
                0x00004a9e                VsBeepStartRaw
                0x00004b28                VsBeep
                0x00004ec4                VsPlayerKick
                0x00004934                VsGetTypeHex
                0x00004ca6                VsStreamValid
                0x00004d2a                VsPlayerInit
                0x000049e0                VsRegWrite
                0x00004a32                VsSetVolume
                0x00004978                VsBeepStop
                0x0000492a                VsGetType
 .text          0x00004fae       0xec watchdog.o
                0x0000503c                WatchDogRestart
                0x00005060                WatchDogEnable
                0x00005040                WatchDogDisable
                0x00004fae                WatchDogStart
 .text          0x0000509a       0x58 c:/ethernut-4.3.3/build/gcc/atmega2561/lib/nutinit.o
                0x000050a0                NutIdle
                0x0000509a                NutThreadSetSleepMode
 .text          0x000050f2      0x202 c:/ethernut-4.3.3/build/gcc/atmega2561/lib\libnutos.a(heap.o)
                0x000052c0                NutHeapAvailable
                0x000051d8                NutHeapFree
                0x000050f2                NutHeapAlloc
                0x000052b2                NutHeapAdd
                0x000052ca                NutHeapAllocClear
 .text          0x000052f4      0x436 c:/ethernut-4.3.3/build/gcc/atmega2561/lib\libnutos.a(bankmem.o)
                0x00005432                NutSegBufWriteCommit
                0x000056d2                NutSegBufUsed
                0x00005576                NutSegBufWriteLast
                0x000052f4                NutSegBufReset
                0x000056e4                NutBufRemovePage
                0x00005368                NutSegBufWriteRequest
                0x000054c2                NutSegBufReadCommit
                0x000053c0                NutSegBufReadRequest
                0x000056a8                NutSegBufAvailable
                0x000055fc                NutSegBufReadLast
                0x00005332                NutSegBufInit
 .text          0x0000572a      0x308 c:/ethernut-4.3.3/build/gcc/atmega2561/lib\libnutos.a(thread.o)
                0x0000583c                NutThreadWake
                0x000058fa                NutThreadSetPriority
                0x00005890                NutThreadDestroy
                0x00005970                NutThreadExit
                0x000057c6                NutThreadRemoveQueue
                0x0000572a                NutThreadAddPriQueue
                0x00005978                NutThreadResume
                0x000058ae                NutThreadKill
                0x00005a02                NutThreadYield
                0x00005852                GetThreadByName
 .text          0x00005a32      0x68c c:/ethernut-4.3.3/build/gcc/atmega2561/lib\libnutos.a(timer.o)
                0x00005a8e                NutDelay
                0x00005cb2                NutSleep
                0x00005bb4                NutGetTickCount
                0x00005c8c                NutTimerStart
                0x00005e96                NutTimerProcessElapsed
                0x00005b34                NutTimerStop
                0x00005fae                NutTimerInit
                0x00005d5e                NutGetMillis
                0x00005e56                NutGetSeconds
                0x00005a5a                NutMicroDelay
                0x00005aaa                NutTimerInsert
                0x00005c6e                NutTimerStartTicks
                0x00005bd0                NutTimerCreate
 .text          0x000060be      0x2b8 c:/ethernut-4.3.3/build/gcc/atmega2561/lib\libnutos.a(event.o)
                0x000061c6                NutEventBroadcast
                0x00006282                NutEventWait
                0x0000615c                NutEventBroadcastAsync
                0x00006354                NutEventWaitNext
                0x000060be                NutEventPostAsync
                0x000061dc                NutEventPost
                0x000061f2                NutEventTimeout
 .text          0x00006376       0x90 c:/ethernut-4.3.3/build/gcc/atmega2561/lib\libnutos.a(devreg.o)
                0x000063ae                NutRegisterDevice
                0x00006376                NutDeviceLookup
 .text          0x00006406       0x6a c:/ethernut-4.3.3/build/gcc/atmega2561/lib\libnutos.a(confos.o)
                0x00006438                NutLoadConfig
                0x00006406                NutSaveConfig
 .text          0x00006470      0x18c c:/ethernut-4.3.3/build/gcc/atmega2561/lib\libnutdev.a(ihndlr.o)
                0x00006470                CallHandler
                0x00006588                NutIrqSetMode
                0x000064cc                NutIrqEnable
                0x000064f0                NutIrqDisable
                0x00006514                NutIrqSetPriority
                0x0000648c                NutRegisterIrqHandler
 .text          0x000065fc        0xc c:/ethernut-4.3.3/build/gcc/atmega2561/lib\libnutdev.a(nvmem.o)
                0x00006602                NutNvMemLoad
                0x000065fc                NutNvMemSave
 .text          0x00006608      0x1cc c:/ethernut-4.3.3/build/gcc/atmega2561/lib\libnutarch.a(context_gcc.o)
                0x00006696                NutThreadCreate
                0x0000664c                thread_start
                0x00006618                NutThreadSwitch
 .text          0x000067d4       0x96 c:/ethernut-4.3.3/build/gcc/atmega2561/lib\libnutarch.a(ostimer.o)
                0x000067e6                NutGetTickClock
                0x000067f0                NutRegisterTimer
                0x0000683a                NutTimerMillisToTicks
                0x000067d4                NutGetCpuClock
 .text          0x0000686a      0x178 c:/ethernut-4.3.3/build/gcc/atmega2561/lib\libnutarch.a(ih_int4.o)
                0x00006996                __vector_5
 .text          0x000069e2      0x178 c:/ethernut-4.3.3/build/gcc/atmega2561/lib\libnutarch.a(ih_int6.o)
                0x00006b0e                __vector_7
 .text          0x00006b5a       0xec c:/ethernut-4.3.3/build/gcc/atmega2561/lib\libnutarch.a(ih_timer0_ovf.o)
                0x00006bfa                __vector_23
 .text          0x00006c46       0xec c:/ethernut-4.3.3/build/gcc/atmega2561/lib\libnutarch.a(ih_timer2_comp.o)
                0x00006ce6                __vector_13
 .text          0x00006d32        0x0 c:/ethernut-4.3.3/build/gcc/atmega2561/lib\libnutarch.a(uart0.o)
 .text          0x00006d32      0xaee c:/ethernut-4.3.3/build/gcc/atmega2561/lib\libnutarch.a(uartavr.o)
                0x000076b8                UartAvrWrite_P
                0x000076c8                UartAvrWrite
                0x00006ed0                UartAvrOpen
                0x00007406                UartAvrInit
                0x00007516                UartAvrFlush
                0x00006ea4                UartAvrSize
                0x00006ec6                UartAvrClose
                0x00007568                UartAvrPut
                0x00007734                UartAvrRead
                0x00006f80                UartAvrIOCtl
                0x00006e1e                UartAvrOutput
                0x000076d8                UartAvrInput
 .text          0x00007820      0x9ba c:/ethernut-4.3.3/build/gcc/atmega2561/lib\libnutarch.a(twif.o)
                0x0000809a                TwMasterTransact
                0x00007e92                TwInit
                0x00007f16                TwSlaveRespond
                0x00007fd8                TwSlaveListen
                0x00007cd6                TwMasterError
                0x00007cee                TwIOCtl
                0x00007ce2                TwSlaveError
 .text          0x000081da       0x60 c:/ethernut-4.3.3/build/gcc/atmega2561/lib\libnutarch.a(eeprom.o)
                0x000081da                OnChipNvMemSave
                0x0000821a                OnChipNvMemLoad
 .text          0x0000823a       0xf4 c:/ethernut-4.3.3/build/gcc/atmega2561/lib\libnutarch.a(ih_twi.o)
                0x000082e2                __vector_39
 .text          0x0000832e       0xf4 c:/ethernut-4.3.3/build/gcc/atmega2561/lib\libnutarch.a(ih_usart0_rx.o)
                0x000083d6                __vector_25
 .text          0x00008422       0xf6 c:/ethernut-4.3.3/build/gcc/atmega2561/lib\libnutarch.a(ih_usart0_tx.o)
                0x000084cc                __vector_27
 .text          0x00008518       0xf4 c:/ethernut-4.3.3/build/gcc/atmega2561/lib\libnutarch.a(ih_usart1_rx.o)
                0x000085c0                __vector_36
 .text          0x0000860c       0xf6 c:/ethernut-4.3.3/build/gcc/atmega2561/lib\libnutarch.a(ih_usart1_tx.o)
                0x000086b6                __vector_38
 .text          0x00008702       0x2c c:/ethernut-4.3.3/build/gcc/atmega2561/lib\libnutcrt.a(close.o)
                0x00008702                _close
 .text          0x0000872e       0x24 c:/ethernut-4.3.3/build/gcc/atmega2561/lib\libnutcrt.a(ioctl.o)
                0x0000872e                _ioctl
 .text          0x00008752       0xb0 c:/ethernut-4.3.3/build/gcc/atmega2561/lib\libnutcrt.a(open.o)
                0x00008752                _open
 .text          0x00008802       0x80 c:/ethernut-4.3.3/build/gcc/atmega2561/lib\libnutcrt.a(fclose.o)
                0x00008802                fclose
 .text          0x00008882       0x22 c:/ethernut-4.3.3/build/gcc/atmega2561/lib\libnutcrt.a(fflush.o)
                0x00008882                fflush
 .text          0x000088a4        0x8 c:/ethernut-4.3.3/build/gcc/atmega2561/lib\libnutcrt.a(fileno.o)
                0x000088a4                _fileno
 .text          0x000088ac       0xb8 c:/ethernut-4.3.3/build/gcc/atmega2561/lib\libnutcrt.a(fopen.o)
                0x000088ac                fopen
 .text          0x00008964       0xd6 c:/ethernut-4.3.3/build/gcc/atmega2561/lib\libnutcrt.a(freopen.o)
                0x00008964                freopen
 .text          0x00008a3a       0x50 c:/ethernut-4.3.3/build/gcc/atmega2561/lib\libnutcrt.a(fputc.o)
                0x00008a3a                fputc
 .text          0x00008a8a       0x22 c:/ethernut-4.3.3/build/gcc/atmega2561/lib\libnutcrt.a(fputs.o)
                0x00008a8a                fputs
 .text          0x00008aac       0x28 c:/ethernut-4.3.3/build/gcc/atmega2561/lib\libnutcrt.a(fputs_p.o)
                0x00008aac                fputs_P
 .text          0x00008ad4       0x72 c:/ethernut-4.3.3/build/gcc/atmega2561/lib\libnutcrt.a(vfprintf_p.o)
                0x00008ad4                vfprintf_P
 .text          0x00008b46       0x80 c:/ethernut-4.3.3/build/gcc/atmega2561/lib\libnutcrt.a(time.o)
                0x00008b82                time
                0x00008b46                stime
 .text          0x00008bc6        0x0 c:/ethernut-4.3.3/build/gcc/atmega2561/lib\libnutcrt.a(errno.o)
 .text          0x00008bc6       0x20 c:/ethernut-4.3.3/build/gcc/atmega2561/lib\libnutcrt.a(malloc.o)
                0x00008bcc                malloc
                0x00008bc6                free
 .text          0x00008be6      0x6f2 c:/ethernut-4.3.3/build/gcc/atmega2561/lib\libnutcrt.a(putf.o)
                0x00008c36                _putf
 .text          0x000092d8       0x26 c:/ethernut-4.3.3/build/gcc/atmega2561/lib\libnutcrt.a(write.o)
                0x000092d8                _write
 .text          0x000092fe       0x26 c:/ethernut-4.3.3/build/gcc/atmega2561/lib\libnutcrt.a(write_p.o)
                0x000092fe                _write_P
 .text          0x00009324       0x58 c:/ethernut-4.3.3/build/gcc/atmega2561/lib\libnutcrt.a(fmode.o)
                0x00009324                _fmode
 .text          0x0000937c        0x0 c:/winavr-20070525/bin/../lib/gcc/avr/4.1.2/avr6\libgcc.a(_mulsi3.o)
 .text          0x0000937c        0x0 c:/winavr-20070525/bin/../lib/gcc/avr/4.1.2/avr6\libgcc.a(_udivmodqi4.o)
 .text          0x0000937c        0x0 c:/winavr-20070525/bin/../lib/gcc/avr/4.1.2/avr6\libgcc.a(_udivmodhi4.o)
 .text          0x0000937c        0x0 c:/winavr-20070525/bin/../lib/gcc/avr/4.1.2/avr6\libgcc.a(_divmodhi4.o)
 .text          0x0000937c        0x0 c:/winavr-20070525/bin/../lib/gcc/avr/4.1.2/avr6\libgcc.a(_udivmodsi4.o)
 .text          0x0000937c        0x0 c:/winavr-20070525/bin/../lib/gcc/avr/4.1.2/avr6\libgcc.a(_exit.o)
 .text          0x0000937c        0x0 c:/winavr-20070525/bin/../lib/gcc/avr/4.1.2/avr6\libgcc.a(_clear_bss.o)
 .text          0x0000937c        0x0 c:/winavr-20070525/bin/../lib/gcc/avr/4.1.2/../../../../avr/lib/avr6\libc.a(toupper.o)
 .text          0x0000937c       0x12 c:/winavr-20070525/bin/../lib/gcc/avr/4.1.2/../../../../avr/lib/avr6\libc.a(memcpy_P.o)
                0x0000937c                memcpy_P
 .text          0x0000938e        0xe c:/winavr-20070525/bin/../lib/gcc/avr/4.1.2/../../../../avr/lib/avr6\libc.a(strcpy_P.o)
                0x0000938e                strcpy_P
 .text          0x0000939c       0x12 c:/winavr-20070525/bin/../lib/gcc/avr/4.1.2/../../../../avr/lib/avr6\libc.a(strlen_P.o)
                0x0000939c                strlen_P
 .text          0x000093ae       0x1a c:/winavr-20070525/bin/../lib/gcc/avr/4.1.2/../../../../avr/lib/avr6\libc.a(memchr.o)
                0x000093ae                memchr
 .text          0x000093c8       0x1a c:/winavr-20070525/bin/../lib/gcc/avr/4.1.2/../../../../avr/lib/avr6\libc.a(memcmp.o)
                0x000093c8                memcmp
 .text          0x000093e2       0x12 c:/winavr-20070525/bin/../lib/gcc/avr/4.1.2/../../../../avr/lib/avr6\libc.a(memcpy.o)
                0x000093e2                memcpy
 .text          0x000093f4        0xe c:/winavr-20070525/bin/../lib/gcc/avr/4.1.2/../../../../avr/lib/avr6\libc.a(memset.o)
                0x000093f4                memset
 .text          0x00009402       0x16 c:/winavr-20070525/bin/../lib/gcc/avr/4.1.2/../../../../avr/lib/avr6\libc.a(strchr.o)
                0x00009402                strchr
 .text          0x00009418       0x12 c:/winavr-20070525/bin/../lib/gcc/avr/4.1.2/../../../../avr/lib/avr6\libc.a(strcmp.o)
                0x00009418                strcmp
 .text          0x0000942a        0xe c:/winavr-20070525/bin/../lib/gcc/avr/4.1.2/../../../../avr/lib/avr6\libc.a(strcpy.o)
                0x0000942a                strcpy
 .text          0x00009438        0x0 c:/winavr-20070525/bin/../lib/gcc/avr/4.1.2/../../../../avr/lib/avr6\libc.a(ee_rb.1F2021.o)
 .text          0x00009438        0x0 c:/winavr-20070525/bin/../lib/gcc/avr/4.1.2/../../../../avr/lib/avr6\libc.a(ee_wb.1F2021.o)
 .text          0x00009438        0x0 c:/winavr-20070525/bin/../lib/gcc/avr/4.1.2/../../../../avr/lib/avr6\libc.a(isalpha.o)
 .text          0x00009438        0x0 c:/winavr-20070525/bin/../lib/gcc/avr/4.1.2/../../../../avr/lib/avr6\libc.a(cty_isfalse.o)
                0x00009438                . = ALIGN (0x2)
 *(.text.*)
 .text.libgcc   0x00009438       0x3e c:/winavr-20070525/bin/../lib/gcc/avr/4.1.2/avr6\libgcc.a(_mulsi3.o)
                0x00009438                __mulsi3
 .text.libgcc   0x00009476       0x18 c:/winavr-20070525/bin/../lib/gcc/avr/4.1.2/avr6\libgcc.a(_udivmodqi4.o)
                0x00009476                __udivmodqi4
 .text.libgcc   0x0000948e       0x28 c:/winavr-20070525/bin/../lib/gcc/avr/4.1.2/avr6\libgcc.a(_udivmodhi4.o)
                0x0000948e                __udivmodhi4
 .text.libgcc   0x000094b6       0x26 c:/winavr-20070525/bin/../lib/gcc/avr/4.1.2/avr6\libgcc.a(_divmodhi4.o)
                0x000094b6                __divmodhi4
                0x000094b6                _div
 .text.libgcc   0x000094dc       0x44 c:/winavr-20070525/bin/../lib/gcc/avr/4.1.2/avr6\libgcc.a(_udivmodsi4.o)
                0x000094dc                __udivmodsi4
 .text.libgcc   0x00009520        0x0 c:/winavr-20070525/bin/../lib/gcc/avr/4.1.2/avr6\libgcc.a(_exit.o)
 .text.libgcc   0x00009520        0x0 c:/winavr-20070525/bin/../lib/gcc/avr/4.1.2/avr6\libgcc.a(_clear_bss.o)
 .text.ctype    0x00009520        0xc c:/winavr-20070525/bin/../lib/gcc/avr/4.1.2/../../../../avr/lib/avr6\libc.a(toupper.o)
                0x00009520                toupper
 .text.eeprom   0x0000952c       0x10 c:/winavr-20070525/bin/../lib/gcc/avr/4.1.2/../../../../avr/lib/avr6\libc.a(ee_rb.1F2021.o)
                0x0000952c                __eeprom_read_byte_1F2021
 .text.eeprom   0x0000953c       0x18 c:/winavr-20070525/bin/../lib/gcc/avr/4.1.2/../../../../avr/lib/avr6\libc.a(ee_wb.1F2021.o)
                0x0000953c                __eeprom_write_byte_1F2021
 .text.ctype    0x00009554       0x14 c:/winavr-20070525/bin/../lib/gcc/avr/4.1.2/../../../../avr/lib/avr6\libc.a(isalpha.o)
                0x0000955a                islower
                0x00009554                isupper
                0x00009558                isalpha
 .text.ctype    0x00009568        0x6 c:/winavr-20070525/bin/../lib/gcc/avr/4.1.2/../../../../avr/lib/avr6\libc.a(cty_isfalse.o)
                0x0000956c                __ctype_istrue
                0x00009568                __ctype_isfalse
                0x0000956e                . = ALIGN (0x2)
 *(.fini9)
 .fini9         0x0000956e        0x0 c:/winavr-20070525/bin/../lib/gcc/avr/4.1.2/avr6\libgcc.a(_exit.o)
                0x0000956e                exit
                0x0000956e                _exit
 *(.fini9)
 *(.fini8)
 *(.fini8)
 *(.fini7)
 *(.fini7)
 *(.fini6)
 *(.fini6)
 *(.fini5)
 *(.fini5)
 *(.fini4)
 *(.fini4)
 *(.fini3)
 *(.fini3)
 *(.fini2)
 *(.fini2)
 *(.fini1)
 *(.fini1)
 *(.fini0)
 .fini0         0x0000956e        0x2 c:/winavr-20070525/bin/../lib/gcc/avr/4.1.2/avr6\libgcc.a(_exit.o)
 *(.fini0)
                0x00009570                _etext = .

.data           0x00800200      0x1ba load address 0x00009570
                0x00800200                PROVIDE (__data_start, .)
 *(.data)
 .data          0x00800200        0x0 c:/winavr-20070525/bin/../lib/gcc/avr/4.1.2/../../../../avr/lib/avr6/crtm2561.o
 .data          0x00800200        0x0 display.o
 .data          0x00800200       0x64 fat.o
                0x00800200                devFAT
                0x00800223                devFATMMC0
 .data          0x00800264       0x50 flash.o
                0x00800264                at45_devt
 .data          0x008002b4        0x0 keyboard.o
 .data          0x008002b4        0x0 led.o
 .data          0x008002b4       0x10 log.o
 .data          0x008002c4        0x0 main.o
 .data          0x008002c4       0x2f menu.o
 .data          0x008002f3        0x0 mmc.o
 .data          0x008002f3        0x0 mmcdrv.o
 .data          0x008002f3        0x0 remcon.o
 .data          0x008002f3        0x0 rtc.o
 .data          0x008002f3        0x0 showtime.o
 .data          0x008002f3        0x0 spidrv.o
 .data          0x008002f3        0x0 uart0driver.o
 .data          0x008002f3        0x0 vs10xx.o
 .data          0x008002f3        0x0 watchdog.o
 .data          0x008002f3       0x14 c:/ethernut-4.3.3/build/gcc/atmega2561/lib/nutinit.o
                0x00800306                idle_sleep_mode
 .data          0x00800307        0x0 c:/ethernut-4.3.3/build/gcc/atmega2561/lib\libnutos.a(heap.o)
 .data          0x00800307        0x0 c:/ethernut-4.3.3/build/gcc/atmega2561/lib\libnutos.a(bankmem.o)
 .data          0x00800307        0x0 c:/ethernut-4.3.3/build/gcc/atmega2561/lib\libnutos.a(thread.o)
 .data          0x00800307        0x0 c:/ethernut-4.3.3/build/gcc/atmega2561/lib\libnutos.a(timer.o)
 .data          0x00800307        0x0 c:/ethernut-4.3.3/build/gcc/atmega2561/lib\libnutos.a(event.o)
 .data          0x00800307        0x0 c:/ethernut-4.3.3/build/gcc/atmega2561/lib\libnutos.a(devreg.o)
 .data          0x00800307        0x0 c:/ethernut-4.3.3/build/gcc/atmega2561/lib\libnutos.a(confos.o)
 .data          0x00800307        0x0 c:/ethernut-4.3.3/build/gcc/atmega2561/lib\libnutdev.a(ihndlr.o)
 .data          0x00800307        0x0 c:/ethernut-4.3.3/build/gcc/atmega2561/lib\libnutdev.a(nvmem.o)
 .data          0x00800307        0x0 c:/ethernut-4.3.3/build/gcc/atmega2561/lib\libnutarch.a(context_gcc.o)
 .data          0x00800307        0x0 c:/ethernut-4.3.3/build/gcc/atmega2561/lib\libnutarch.a(ostimer.o)
 .data          0x00800307        0x6 c:/ethernut-4.3.3/build/gcc/atmega2561/lib\libnutarch.a(ih_int4.o)
                0x00800307                sig_INTERRUPT4
 .data          0x0080030d        0x6 c:/ethernut-4.3.3/build/gcc/atmega2561/lib\libnutarch.a(ih_int6.o)
                0x0080030d                sig_INTERRUPT6
 .data          0x00800313        0x6 c:/ethernut-4.3.3/build/gcc/atmega2561/lib\libnutarch.a(ih_timer0_ovf.o)
                0x00800313                sig_OVERFLOW0
 .data          0x00800319        0x6 c:/ethernut-4.3.3/build/gcc/atmega2561/lib\libnutarch.a(ih_timer2_comp.o)
                0x00800319                sig_OUTPUT_COMPARE2
 .data          0x0080031f       0x23 c:/ethernut-4.3.3/build/gcc/atmega2561/lib\libnutarch.a(uart0.o)
                0x0080031f                devUart0
 .data          0x00800342        0x0 c:/ethernut-4.3.3/build/gcc/atmega2561/lib\libnutarch.a(uartavr.o)
 .data          0x00800342        0x0 c:/ethernut-4.3.3/build/gcc/atmega2561/lib\libnutarch.a(twif.o)
 .data          0x00800342        0x0 c:/ethernut-4.3.3/build/gcc/atmega2561/lib\libnutarch.a(eeprom.o)
 .data          0x00800342        0x6 c:/ethernut-4.3.3/build/gcc/atmega2561/lib\libnutarch.a(ih_twi.o)
                0x00800342                sig_2WIRE_SERIAL
 .data          0x00800348        0x6 c:/ethernut-4.3.3/build/gcc/atmega2561/lib\libnutarch.a(ih_usart0_rx.o)
                0x00800348                sig_UART0_RECV
 .data          0x0080034e        0x6 c:/ethernut-4.3.3/build/gcc/atmega2561/lib\libnutarch.a(ih_usart0_tx.o)
                0x0080034e                sig_UART0_TRANS
 .data          0x00800354        0x6 c:/ethernut-4.3.3/build/gcc/atmega2561/lib\libnutarch.a(ih_usart1_rx.o)
                0x00800354                sig_UART1_RECV
 .data          0x0080035a        0x6 c:/ethernut-4.3.3/build/gcc/atmega2561/lib\libnutarch.a(ih_usart1_tx.o)
                0x0080035a                sig_UART1_TRANS
 .data          0x00800360        0x0 c:/ethernut-4.3.3/build/gcc/atmega2561/lib\libnutcrt.a(close.o)
 .data          0x00800360        0x0 c:/ethernut-4.3.3/build/gcc/atmega2561/lib\libnutcrt.a(ioctl.o)
 .data          0x00800360        0x0 c:/ethernut-4.3.3/build/gcc/atmega2561/lib\libnutcrt.a(open.o)
 .data          0x00800360        0x0 c:/ethernut-4.3.3/build/gcc/atmega2561/lib\libnutcrt.a(fclose.o)
 .data          0x00800360        0x0 c:/ethernut-4.3.3/build/gcc/atmega2561/lib\libnutcrt.a(fflush.o)
 .data          0x00800360        0x0 c:/ethernut-4.3.3/build/gcc/atmega2561/lib\libnutcrt.a(fileno.o)
 .data          0x00800360       0x10 c:/ethernut-4.3.3/build/gcc/atmega2561/lib\libnutcrt.a(fopen.o)
                0x00800360                __iob
 .data          0x00800370        0x0 c:/ethernut-4.3.3/build/gcc/atmega2561/lib\libnutcrt.a(freopen.o)
 .data          0x00800370        0x0 c:/ethernut-4.3.3/build/gcc/atmega2561/lib\libnutcrt.a(fputc.o)
 .data          0x00800370        0x0 c:/ethernut-4.3.3/build/gcc/atmega2561/lib\libnutcrt.a(fputs.o)
 .data          0x00800370        0x0 c:/ethernut-4.3.3/build/gcc/atmega2561/lib\libnutcrt.a(fputs_p.o)
 .data          0x00800370        0x0 c:/ethernut-4.3.3/build/gcc/atmega2561/lib\libnutcrt.a(vfprintf_p.o)
 .data          0x00800370        0x0 c:/ethernut-4.3.3/build/gcc/atmega2561/lib\libnutcrt.a(time.o)
 .data          0x00800370        0x0 c:/ethernut-4.3.3/build/gcc/atmega2561/lib\libnutcrt.a(errno.o)
 .data          0x00800370        0x0 c:/ethernut-4.3.3/build/gcc/atmega2561/lib\libnutcrt.a(malloc.o)
 .data          0x00800370       0x49 c:/ethernut-4.3.3/build/gcc/atmega2561/lib\libnutcrt.a(putf.o)
 .data          0x008003b9        0x0 c:/ethernut-4.3.3/build/gcc/atmega2561/lib\libnutcrt.a(write.o)
 .data          0x008003b9        0x0 c:/ethernut-4.3.3/build/gcc/atmega2561/lib\libnutcrt.a(write_p.o)
 .data          0x008003b9        0x0 c:/ethernut-4.3.3/build/gcc/atmega2561/lib\libnutcrt.a(fmode.o)
 .data          0x008003b9        0x0 c:/winavr-20070525/bin/../lib/gcc/avr/4.1.2/avr6\libgcc.a(_mulsi3.o)
 .data          0x008003b9        0x0 c:/winavr-20070525/bin/../lib/gcc/avr/4.1.2/avr6\libgcc.a(_udivmodqi4.o)
 .data          0x008003b9        0x0 c:/winavr-20070525/bin/../lib/gcc/avr/4.1.2/avr6\libgcc.a(_udivmodhi4.o)
 .data          0x008003b9        0x0 c:/winavr-20070525/bin/../lib/gcc/avr/4.1.2/avr6\libgcc.a(_divmodhi4.o)
 .data          0x008003b9        0x0 c:/winavr-20070525/bin/../lib/gcc/avr/4.1.2/avr6\libgcc.a(_udivmodsi4.o)
 .data          0x008003b9        0x0 c:/winavr-20070525/bin/../lib/gcc/avr/4.1.2/avr6\libgcc.a(_exit.o)
 .data          0x008003b9        0x0 c:/winavr-20070525/bin/../lib/gcc/avr/4.1.2/avr6\libgcc.a(_clear_bss.o)
 .data          0x008003b9        0x0 c:/winavr-20070525/bin/../lib/gcc/avr/4.1.2/../../../../avr/lib/avr6\libc.a(toupper.o)
 .data          0x008003b9        0x0 c:/winavr-20070525/bin/../lib/gcc/avr/4.1.2/../../../../avr/lib/avr6\libc.a(memcpy_P.o)
 .data          0x008003b9        0x0 c:/winavr-20070525/bin/../lib/gcc/avr/4.1.2/../../../../avr/lib/avr6\libc.a(strcpy_P.o)
 .data          0x008003b9        0x0 c:/winavr-20070525/bin/../lib/gcc/avr/4.1.2/../../../../avr/lib/avr6\libc.a(strlen_P.o)
 .data          0x008003b9        0x0 c:/winavr-20070525/bin/../lib/gcc/avr/4.1.2/../../../../avr/lib/avr6\libc.a(memchr.o)
 .data          0x008003b9        0x0 c:/winavr-20070525/bin/../lib/gcc/avr/4.1.2/../../../../avr/lib/avr6\libc.a(memcmp.o)
 .data          0x008003b9        0x0 c:/winavr-20070525/bin/../lib/gcc/avr/4.1.2/../../../../avr/lib/avr6\libc.a(memcpy.o)
 .data          0x008003b9        0x0 c:/winavr-20070525/bin/../lib/gcc/avr/4.1.2/../../../../avr/lib/avr6\libc.a(memset.o)
 .data          0x008003b9        0x0 c:/winavr-20070525/bin/../lib/gcc/avr/4.1.2/../../../../avr/lib/avr6\libc.a(strchr.o)
 .data          0x008003b9        0x0 c:/winavr-20070525/bin/../lib/gcc/avr/4.1.2/../../../../avr/lib/avr6\libc.a(strcmp.o)
 .data          0x008003b9        0x0 c:/winavr-20070525/bin/../lib/gcc/avr/4.1.2/../../../../avr/lib/avr6\libc.a(strcpy.o)
 .data          0x008003b9        0x0 c:/winavr-20070525/bin/../lib/gcc/avr/4.1.2/../../../../avr/lib/avr6\libc.a(ee_rb.1F2021.o)
 .data          0x008003b9        0x0 c:/winavr-20070525/bin/../lib/gcc/avr/4.1.2/../../../../avr/lib/avr6\libc.a(ee_wb.1F2021.o)
 .data          0x008003b9        0x0 c:/winavr-20070525/bin/../lib/gcc/avr/4.1.2/../../../../avr/lib/avr6\libc.a(isalpha.o)
 .data          0x008003b9        0x0 c:/winavr-20070525/bin/../lib/gcc/avr/4.1.2/../../../../avr/lib/avr6\libc.a(cty_isfalse.o)
 *(.data*)
 *(.rodata)
 *(.rodata*)
 *(.gnu.linkonce.d*)
                0x008003ba                . = ALIGN (0x2)
 *fill*         0x008003b9        0x1 00
                0x008003ba                _edata = .
                0x008003ba                PROVIDE (__data_end, .)

.bss            0x008003ba      0x390
                0x008003ba                PROVIDE (__bss_start, .)
 *(.bss)
 .bss           0x008003ba        0x0 c:/winavr-20070525/bin/../lib/gcc/avr/4.1.2/../../../../avr/lib/avr6/crtm2561.o
 .bss           0x008003ba        0x0 display.o
 .bss           0x008003ba       0x70 fat.o
 .bss           0x0080042a        0xa flash.o
 .bss           0x00800434       0x18 keyboard.o
 .bss           0x0080044c        0x1 led.o
 .bss           0x0080044d        0x3 log.o
 .bss           0x00800450        0x0 main.o
 .bss           0x00800450        0x4 menu.o
                0x00800452                head
                0x00800450                currentMenuItem
 .bss           0x00800454        0x7 mmc.o
 .bss           0x0080045b        0xf mmcdrv.o
 .bss           0x0080046a        0x2 remcon.o
 .bss           0x0080046c        0x4 rtc.o
 .bss           0x00800470        0x0 showtime.o
 .bss           0x00800470        0x1 spidrv.o
 .bss           0x00800471        0x2 uart0driver.o
 .bss           0x00800473        0x3 vs10xx.o
 .bss           0x00800476        0x2 watchdog.o
 .bss           0x00800478        0x1 c:/ethernut-4.3.3/build/gcc/atmega2561/lib/nutinit.o
                0x00800478                ms62_5
 .bss           0x00800479        0x2 c:/ethernut-4.3.3/build/gcc/atmega2561/lib\libnutos.a(heap.o)
 .bss           0x0080047b       0x13 c:/ethernut-4.3.3/build/gcc/atmega2561/lib\libnutos.a(bankmem.o)
 .bss           0x0080048e        0x0 c:/ethernut-4.3.3/build/gcc/atmega2561/lib\libnutos.a(thread.o)
 .bss           0x0080048e        0x4 c:/ethernut-4.3.3/build/gcc/atmega2561/lib\libnutos.a(timer.o)
 .bss           0x00800492        0x0 c:/ethernut-4.3.3/build/gcc/atmega2561/lib\libnutos.a(event.o)
 .bss           0x00800492        0x2 c:/ethernut-4.3.3/build/gcc/atmega2561/lib\libnutos.a(devreg.o)
                0x00800492                nutDeviceList
 .bss           0x00800494        0x0 c:/ethernut-4.3.3/build/gcc/atmega2561/lib\libnutos.a(confos.o)
 .bss           0x00800494        0x0 c:/ethernut-4.3.3/build/gcc/atmega2561/lib\libnutdev.a(ihndlr.o)
 .bss           0x00800494        0x0 c:/ethernut-4.3.3/build/gcc/atmega2561/lib\libnutdev.a(nvmem.o)
 .bss           0x00800494        0x0 c:/ethernut-4.3.3/build/gcc/atmega2561/lib\libnutarch.a(context_gcc.o)
 .bss           0x00800494        0x4 c:/ethernut-4.3.3/build/gcc/atmega2561/lib\libnutarch.a(ostimer.o)
 .bss           0x00800498        0x0 c:/ethernut-4.3.3/build/gcc/atmega2561/lib\libnutarch.a(ih_int4.o)
 .bss           0x00800498        0x0 c:/ethernut-4.3.3/build/gcc/atmega2561/lib\libnutarch.a(ih_int6.o)
 .bss           0x00800498        0x0 c:/ethernut-4.3.3/build/gcc/atmega2561/lib\libnutarch.a(ih_timer0_ovf.o)
 .bss           0x00800498        0x0 c:/ethernut-4.3.3/build/gcc/atmega2561/lib\libnutarch.a(ih_timer2_comp.o)
 .bss           0x00800498      0x21c c:/ethernut-4.3.3/build/gcc/atmega2561/lib\libnutarch.a(uart0.o)
 .bss           0x008006b4        0x0 c:/ethernut-4.3.3/build/gcc/atmega2561/lib\libnutarch.a(uartavr.o)
 .bss           0x008006b4       0x1f c:/ethernut-4.3.3/build/gcc/atmega2561/lib\libnutarch.a(twif.o)
 .bss           0x008006d3        0x0 c:/ethernut-4.3.3/build/gcc/atmega2561/lib\libnutarch.a(eeprom.o)
 .bss           0x008006d3        0x0 c:/ethernut-4.3.3/build/gcc/atmega2561/lib\libnutarch.a(ih_twi.o)
 .bss           0x008006d3        0x0 c:/ethernut-4.3.3/build/gcc/atmega2561/lib\libnutarch.a(ih_usart0_rx.o)
 .bss           0x008006d3        0x0 c:/ethernut-4.3.3/build/gcc/atmega2561/lib\libnutarch.a(ih_usart0_tx.o)
 .bss           0x008006d3        0x0 c:/ethernut-4.3.3/build/gcc/atmega2561/lib\libnutarch.a(ih_usart1_rx.o)
 .bss           0x008006d3        0x0 c:/ethernut-4.3.3/build/gcc/atmega2561/lib\libnutarch.a(ih_usart1_tx.o)
 .bss           0x008006d3        0x0 c:/ethernut-4.3.3/build/gcc/atmega2561/lib\libnutcrt.a(close.o)
 .bss           0x008006d3        0x0 c:/ethernut-4.3.3/build/gcc/atmega2561/lib\libnutcrt.a(ioctl.o)
 .bss           0x008006d3        0x0 c:/ethernut-4.3.3/build/gcc/atmega2561/lib\libnutcrt.a(open.o)
 .bss           0x008006d3        0x0 c:/ethernut-4.3.3/build/gcc/atmega2561/lib\libnutcrt.a(fclose.o)
 .bss           0x008006d3        0x0 c:/ethernut-4.3.3/build/gcc/atmega2561/lib\libnutcrt.a(fflush.o)
 .bss           0x008006d3        0x0 c:/ethernut-4.3.3/build/gcc/atmega2561/lib\libnutcrt.a(fileno.o)
 .bss           0x008006d3        0x0 c:/ethernut-4.3.3/build/gcc/atmega2561/lib\libnutcrt.a(fopen.o)
 .bss           0x008006d3        0x0 c:/ethernut-4.3.3/build/gcc/atmega2561/lib\libnutcrt.a(freopen.o)
 .bss           0x008006d3        0x0 c:/ethernut-4.3.3/build/gcc/atmega2561/lib\libnutcrt.a(fputc.o)
 .bss           0x008006d3        0x0 c:/ethernut-4.3.3/build/gcc/atmega2561/lib\libnutcrt.a(fputs.o)
 .bss           0x008006d3        0x0 c:/ethernut-4.3.3/build/gcc/atmega2561/lib\libnutcrt.a(fputs_p.o)
 .bss           0x008006d3        0x0 c:/ethernut-4.3.3/build/gcc/atmega2561/lib\libnutcrt.a(vfprintf_p.o)
 .bss           0x008006d3        0x4 c:/ethernut-4.3.3/build/gcc/atmega2561/lib\libnutcrt.a(time.o)
 .bss           0x008006d7        0x0 c:/ethernut-4.3.3/build/gcc/atmega2561/lib\libnutcrt.a(errno.o)
 .bss           0x008006d7        0x0 c:/ethernut-4.3.3/build/gcc/atmega2561/lib\libnutcrt.a(malloc.o)
 .bss           0x008006d7        0x0 c:/ethernut-4.3.3/build/gcc/atmega2561/lib\libnutcrt.a(putf.o)
 .bss           0x008006d7        0x0 c:/ethernut-4.3.3/build/gcc/atmega2561/lib\libnutcrt.a(write.o)
 .bss           0x008006d7        0x0 c:/ethernut-4.3.3/build/gcc/atmega2561/lib\libnutcrt.a(write_p.o)
 .bss           0x008006d7        0x0 c:/ethernut-4.3.3/build/gcc/atmega2561/lib\libnutcrt.a(fmode.o)
 .bss           0x008006d7        0x0 c:/winavr-20070525/bin/../lib/gcc/avr/4.1.2/avr6\libgcc.a(_mulsi3.o)
 .bss           0x008006d7        0x0 c:/winavr-20070525/bin/../lib/gcc/avr/4.1.2/avr6\libgcc.a(_udivmodqi4.o)
 .bss           0x008006d7        0x0 c:/winavr-20070525/bin/../lib/gcc/avr/4.1.2/avr6\libgcc.a(_udivmodhi4.o)
 .bss           0x008006d7        0x0 c:/winavr-20070525/bin/../lib/gcc/avr/4.1.2/avr6\libgcc.a(_divmodhi4.o)
 .bss           0x008006d7        0x0 c:/winavr-20070525/bin/../lib/gcc/avr/4.1.2/avr6\libgcc.a(_udivmodsi4.o)
 .bss           0x008006d7        0x0 c:/winavr-20070525/bin/../lib/gcc/avr/4.1.2/avr6\libgcc.a(_exit.o)
 .bss           0x008006d7        0x0 c:/winavr-20070525/bin/../lib/gcc/avr/4.1.2/avr6\libgcc.a(_clear_bss.o)
 .bss           0x008006d7        0x0 c:/winavr-20070525/bin/../lib/gcc/avr/4.1.2/../../../../avr/lib/avr6\libc.a(toupper.o)
 .bss           0x008006d7        0x0 c:/winavr-20070525/bin/../lib/gcc/avr/4.1.2/../../../../avr/lib/avr6\libc.a(memcpy_P.o)
 .bss           0x008006d7        0x0 c:/winavr-20070525/bin/../lib/gcc/avr/4.1.2/../../../../avr/lib/avr6\libc.a(strcpy_P.o)
 .bss           0x008006d7        0x0 c:/winavr-20070525/bin/../lib/gcc/avr/4.1.2/../../../../avr/lib/avr6\libc.a(strlen_P.o)
 .bss           0x008006d7        0x0 c:/winavr-20070525/bin/../lib/gcc/avr/4.1.2/../../../../avr/lib/avr6\libc.a(memchr.o)
 .bss           0x008006d7        0x0 c:/winavr-20070525/bin/../lib/gcc/avr/4.1.2/../../../../avr/lib/avr6\libc.a(memcmp.o)
 .bss           0x008006d7        0x0 c:/winavr-20070525/bin/../lib/gcc/avr/4.1.2/../../../../avr/lib/avr6\libc.a(memcpy.o)
 .bss           0x008006d7        0x0 c:/winavr-20070525/bin/../lib/gcc/avr/4.1.2/../../../../avr/lib/avr6\libc.a(memset.o)
 .bss           0x008006d7        0x0 c:/winavr-20070525/bin/../lib/gcc/avr/4.1.2/../../../../avr/lib/avr6\libc.a(strchr.o)
 .bss           0x008006d7        0x0 c:/winavr-20070525/bin/../lib/gcc/avr/4.1.2/../../../../avr/lib/avr6\libc.a(strcmp.o)
 .bss           0x008006d7        0x0 c:/winavr-20070525/bin/../lib/gcc/avr/4.1.2/../../../../avr/lib/avr6\libc.a(strcpy.o)
 .bss           0x008006d7        0x0 c:/winavr-20070525/bin/../lib/gcc/avr/4.1.2/../../../../avr/lib/avr6\libc.a(ee_rb.1F2021.o)
 .bss           0x008006d7        0x0 c:/winavr-20070525/bin/../lib/gcc/avr/4.1.2/../../../../avr/lib/avr6\libc.a(ee_wb.1F2021.o)
 .bss           0x008006d7        0x0 c:/winavr-20070525/bin/../lib/gcc/avr/4.1.2/../../../../avr/lib/avr6\libc.a(isalpha.o)
 .bss           0x008006d7        0x0 c:/winavr-20070525/bin/../lib/gcc/avr/4.1.2/../../../../avr/lib/avr6\libc.a(cty_isfalse.o)
 *(.bss*)
 *(COMMON)
 COMMON         0x008006d7        0x2 main.o
                0x008006d7                menuItemIndex
 COMMON         0x008006d9       0x40 c:/ethernut-4.3.3/build/gcc/atmega2561/lib/nutinit.o
                0x008006d9                nutmem_onchip
 COMMON         0x00800719        0x2 c:/ethernut-4.3.3/build/gcc/atmega2561/lib\libnutos.a(heap.o)
                0x00800719                heapFreeList
 COMMON         0x0080071b        0x8 c:/ethernut-4.3.3/build/gcc/atmega2561/lib\libnutos.a(thread.o)
                0x0080071b                nutThreadList
                0x0080071d                runQueue
                0x0080071f                runningThread
                0x00800721                killedThread
 COMMON         0x00800723        0xa c:/ethernut-4.3.3/build/gcc/atmega2561/lib\libnutos.a(timer.o)
                0x00800723                nut_delay_loops
                0x00800727                nutTimerList
                0x00800729                nut_ticks
 COMMON         0x0080072d       0x13 c:/ethernut-4.3.3/build/gcc/atmega2561/lib\libnutos.a(confos.o)
                0x0080072d                confos
 COMMON         0x00800740        0x8 c:/ethernut-4.3.3/build/gcc/atmega2561/lib\libnutarch.a(twif.o)
                0x00800740                tw_mm_mutex
                0x00800742                tw_mm_que
                0x00800744                tw_sr_que
                0x00800746                tw_st_que
 COMMON         0x00800748        0x2 c:/ethernut-4.3.3/build/gcc/atmega2561/lib\libnutcrt.a(errno.o)
                0x00800748                errno
                0x0080074a                PROVIDE (__bss_end, .)
                0x00009570                __data_load_start = LOADADDR (.data)
                0x0000972a                __data_load_end = (__data_load_start + SIZEOF (.data))

.noinit         0x0080074a        0x0
                0x0080074a                PROVIDE (__noinit_start, .)
 *(.noinit*)
                0x0080074a                PROVIDE (__noinit_end, .)
                0x0080074a                _end = .
                0x0080074a                PROVIDE (__heap_start, .)

.eeprom         0x00810000        0x0
 *(.eeprom*)
                0x00810000                __eeprom_end = .

.stab           0x00000000      0x414
 *(.stab)
 .stab          0x00000000      0x414 c:/winavr-20070525/bin/../lib/gcc/avr/4.1.2/../../../../avr/lib/avr6/crtm2561.o

.stabstr        0x00000000       0x71
 *(.stabstr)
 .stabstr       0x00000000       0x71 c:/winavr-20070525/bin/../lib/gcc/avr/4.1.2/../../../../avr/lib/avr6/crtm2561.o

.stab.excl
 *(.stab.excl)

.stab.exclstr
 *(.stab.exclstr)

.stab.index
 *(.stab.index)

.stab.indexstr
 *(.stab.indexstr)

.comment
 *(.comment)

.debug
 *(.debug)

.line
 *(.line)

.debug_srcinfo
 *(.debug_srcinfo)

.debug_sfnames
 *(.debug_sfnames)

.debug_aranges
 *(.debug_aranges)

.debug_pubnames
 *(.debug_pubnames)

.debug_info
 *(.debug_info)
 *(.gnu.linkonce.wi.*)

.debug_abbrev
 *(.debug_abbrev)

.debug_line
 *(.debug_line)

.debug_frame
 *(.debug_frame)

.debug_str
 *(.debug_str)

.debug_loc
 *(.debug_loc)

.debug_macinfo
 *(.debug_macinfo)
OUTPUT(ipac.elf elf32-avr)
LOAD linker stubs

Cross Reference Table

Symbol                                            File
At45dbChipErase                                   flash.o
At45dbGetStatus                                   flash.o
At45dbInit                                        flash.o
                                                  main.o
At45dbPageErase                                   flash.o
At45dbPageRead                                    flash.o
At45dbPageWrite                                   flash.o
At45dbSendCmd                                     flash.o
At45dbWaitReady                                   flash.o
CallHandler                                       c:/ethernut-4.3.3/build/gcc/atmega2561/lib\libnutdev.a(ihndlr.o)
                                                  c:/ethernut-4.3.3/build/gcc/atmega2561/lib\libnutarch.a(ih_usart1_tx.o)
                                                  c:/ethernut-4.3.3/build/gcc/atmega2561/lib\libnutarch.a(ih_usart1_rx.o)
                                                  c:/ethernut-4.3.3/build/gcc/atmega2561/lib\libnutarch.a(ih_usart0_tx.o)
                                                  c:/ethernut-4.3.3/build/gcc/atmega2561/lib\libnutarch.a(ih_usart0_rx.o)
                                                  c:/ethernut-4.3.3/build/gcc/atmega2561/lib\libnutarch.a(ih_twi.o)
                                                  c:/ethernut-4.3.3/build/gcc/atmega2561/lib\libnutarch.a(ih_timer2_comp.o)
                                                  c:/ethernut-4.3.3/build/gcc/atmega2561/lib\libnutarch.a(ih_timer0_ovf.o)
                                                  c:/ethernut-4.3.3/build/gcc/atmega2561/lib\libnutarch.a(ih_int6.o)
                                                  c:/ethernut-4.3.3/build/gcc/atmega2561/lib\libnutarch.a(ih_int4.o)
CardCheckCard                                     mmc.o
                                                  main.o
CardCheckPresent                                  mmc.o
CardClose                                         mmc.o
CardInit                                          mmc.o
                                                  main.o
CardInitCard                                      mmc.o
CardPresent                                       mmc.o
CardStatus                                        mmc.o
ChildNode                                         menu.o
FATFileRead                                       fat.o
FATFileSize                                       fat.o
FATFree                                           fat.o
FATIOCtl                                          fat.o
FATLock                                           fat.o
FATRelease                                        fat.o
                                                  mmc.o
FATSemaInit                                       fat.o
GetThreadByName                                   c:/ethernut-4.3.3/build/gcc/atmega2561/lib\libnutos.a(thread.o)
                                                  mmc.o
HexDump                                           log.o
KbGetKey                                          keyboard.o
                                                  main.o
KbInit                                            keyboard.o
                                                  main.o
KbInjectKey                                       keyboard.o
                                                  mmc.o
KbScan                                            keyboard.o
                                                  main.o
KbSetKeyRepeating                                 keyboard.o
KbWaitForKeyEvent                                 keyboard.o
LcdBackLight                                      display.o
LcdChar                                           display.o
LcdClear                                          display.o
                                                  main.o
LcdCursorBlink                                    display.o
LcdCursorOff                                      display.o
LcdDDRamStartPos                                  display.o
                                                  showtime.o
LcdLowLevelInit                                   display.o
                                                  main.o
LcdMoveCursor                                     display.o
LcdMoveCursorHome                                 display.o
LcdMoveCursorPos                                  display.o
LcdSetupDisplay                                   display.o
                                                  main.o
LcdStr                                            display.o
                                                  showtime.o
                                                  main.o
LedControl                                        led.o
LedGetStatus                                      led.o
LedInit                                           led.o
                                                  main.o
Level1Node                                        menu.o
LogChar_P                                         log.o
LogClose                                          log.o
LogInit                                           log.o
                                                  main.o
LogMsg_P                                          log.o
                                                  spidrv.o
                                                  mmcdrv.o
                                                  mmc.o
                                                  main.o
LogOpen                                           log.o
LogSetLevel                                       log.o
MMCGetSectorSize                                  mmcdrv.o
                                                  fat.o
MMCGetTotalSectors                                mmcdrv.o
                                                  fat.o
MMCInit                                           mmcdrv.o
                                                  fat.o
MMCIsCDROMDevice                                  mmcdrv.o
                                                  fat.o
MMCIsZIPDevice                                    mmcdrv.o
                                                  fat.o
MMCMountAllDevices                                mmcdrv.o
                                                  fat.o
MMCReadSectors                                    mmcdrv.o
                                                  fat.o
MMCUnMountDevice                                  mmcdrv.o
MMCWriteSectors                                   mmcdrv.o
                                                  fat.o
NutAppMain                                        main.o
                                                  c:/ethernut-4.3.3/build/gcc/atmega2561/lib/nutinit.o
NutBufRemovePage                                  c:/ethernut-4.3.3/build/gcc/atmega2561/lib\libnutos.a(bankmem.o)
NutDelay                                          c:/ethernut-4.3.3/build/gcc/atmega2561/lib\libnutos.a(timer.o)
                                                  c:/ethernut-4.3.3/build/gcc/atmega2561/lib\libnutarch.a(uartavr.o)
                                                  vs10xx.o
                                                  main.o
                                                  display.o
NutDeviceLookup                                   c:/ethernut-4.3.3/build/gcc/atmega2561/lib\libnutos.a(devreg.o)
                                                  c:/ethernut-4.3.3/build/gcc/atmega2561/lib\libnutcrt.a(open.o)
                                                  mmc.o
NutEventBroadcast                                 c:/ethernut-4.3.3/build/gcc/atmega2561/lib\libnutos.a(event.o)
NutEventBroadcastAsync                            c:/ethernut-4.3.3/build/gcc/atmega2561/lib\libnutos.a(event.o)
NutEventPost                                      c:/ethernut-4.3.3/build/gcc/atmega2561/lib\libnutos.a(event.o)
                                                  c:/ethernut-4.3.3/build/gcc/atmega2561/lib\libnutarch.a(twif.o)
                                                  mmcdrv.o
                                                  fat.o
NutEventPostAsync                                 c:/ethernut-4.3.3/build/gcc/atmega2561/lib\libnutos.a(event.o)
                                                  c:/ethernut-4.3.3/build/gcc/atmega2561/lib\libnutos.a(thread.o)
NutEventTimeout                                   c:/ethernut-4.3.3/build/gcc/atmega2561/lib\libnutos.a(event.o)
NutEventWait                                      c:/ethernut-4.3.3/build/gcc/atmega2561/lib\libnutos.a(event.o)
                                                  c:/ethernut-4.3.3/build/gcc/atmega2561/lib\libnutarch.a(twif.o)
                                                  c:/ethernut-4.3.3/build/gcc/atmega2561/lib\libnutarch.a(uartavr.o)
                                                  mmcdrv.o
                                                  keyboard.o
                                                  fat.o
NutEventWaitNext                                  c:/ethernut-4.3.3/build/gcc/atmega2561/lib\libnutos.a(event.o)
NutGetCpuClock                                    c:/ethernut-4.3.3/build/gcc/atmega2561/lib\libnutarch.a(ostimer.o)
                                                  c:/ethernut-4.3.3/build/gcc/atmega2561/lib\libnutarch.a(twif.o)
                                                  c:/ethernut-4.3.3/build/gcc/atmega2561/lib\libnutarch.a(uartavr.o)
NutGetMillis                                      c:/ethernut-4.3.3/build/gcc/atmega2561/lib\libnutos.a(timer.o)
NutGetSeconds                                     c:/ethernut-4.3.3/build/gcc/atmega2561/lib\libnutos.a(timer.o)
                                                  c:/ethernut-4.3.3/build/gcc/atmega2561/lib\libnutcrt.a(time.o)
NutGetTickClock                                   c:/ethernut-4.3.3/build/gcc/atmega2561/lib\libnutarch.a(ostimer.o)
                                                  c:/ethernut-4.3.3/build/gcc/atmega2561/lib\libnutos.a(timer.o)
NutGetTickCount                                   c:/ethernut-4.3.3/build/gcc/atmega2561/lib\libnutos.a(timer.o)
NutHeapAdd                                        c:/ethernut-4.3.3/build/gcc/atmega2561/lib\libnutos.a(heap.o)
                                                  c:/ethernut-4.3.3/build/gcc/atmega2561/lib/nutinit.o
NutHeapAlloc                                      c:/ethernut-4.3.3/build/gcc/atmega2561/lib\libnutos.a(heap.o)
                                                  c:/ethernut-4.3.3/build/gcc/atmega2561/lib\libnutcrt.a(malloc.o)
                                                  c:/ethernut-4.3.3/build/gcc/atmega2561/lib\libnutcrt.a(vfprintf_p.o)
                                                  c:/ethernut-4.3.3/build/gcc/atmega2561/lib\libnutarch.a(uartavr.o)
                                                  c:/ethernut-4.3.3/build/gcc/atmega2561/lib\libnutarch.a(context_gcc.o)
                                                  c:/ethernut-4.3.3/build/gcc/atmega2561/lib\libnutos.a(timer.o)
                                                  fat.o
NutHeapAllocClear                                 c:/ethernut-4.3.3/build/gcc/atmega2561/lib\libnutos.a(heap.o)
NutHeapAvailable                                  c:/ethernut-4.3.3/build/gcc/atmega2561/lib\libnutos.a(heap.o)
NutHeapFree                                       c:/ethernut-4.3.3/build/gcc/atmega2561/lib\libnutos.a(heap.o)
                                                  c:/ethernut-4.3.3/build/gcc/atmega2561/lib\libnutcrt.a(malloc.o)
                                                  c:/ethernut-4.3.3/build/gcc/atmega2561/lib\libnutcrt.a(vfprintf_p.o)
                                                  c:/ethernut-4.3.3/build/gcc/atmega2561/lib\libnutarch.a(uartavr.o)
                                                  c:/ethernut-4.3.3/build/gcc/atmega2561/lib\libnutos.a(timer.o)
                                                  c:/ethernut-4.3.3/build/gcc/atmega2561/lib\libnutos.a(thread.o)
                                                  fat.o
NutIdle                                           c:/ethernut-4.3.3/build/gcc/atmega2561/lib/nutinit.o
NutInit                                           c:/ethernut-4.3.3/build/gcc/atmega2561/lib/nutinit.o
NutIrqDisable                                     c:/ethernut-4.3.3/build/gcc/atmega2561/lib\libnutdev.a(ihndlr.o)
NutIrqEnable                                      c:/ethernut-4.3.3/build/gcc/atmega2561/lib\libnutdev.a(ihndlr.o)
NutIrqSetMode                                     c:/ethernut-4.3.3/build/gcc/atmega2561/lib\libnutdev.a(ihndlr.o)
                                                  vs10xx.o
NutIrqSetPriority                                 c:/ethernut-4.3.3/build/gcc/atmega2561/lib\libnutdev.a(ihndlr.o)
NutLoadConfig                                     c:/ethernut-4.3.3/build/gcc/atmega2561/lib\libnutos.a(confos.o)
                                                  c:/ethernut-4.3.3/build/gcc/atmega2561/lib/nutinit.o
NutMicroDelay                                     c:/ethernut-4.3.3/build/gcc/atmega2561/lib\libnutos.a(timer.o)
NutNvMemLoad                                      c:/ethernut-4.3.3/build/gcc/atmega2561/lib\libnutdev.a(nvmem.o)
                                                  c:/ethernut-4.3.3/build/gcc/atmega2561/lib\libnutos.a(confos.o)
NutNvMemSave                                      c:/ethernut-4.3.3/build/gcc/atmega2561/lib\libnutdev.a(nvmem.o)
                                                  c:/ethernut-4.3.3/build/gcc/atmega2561/lib\libnutos.a(confos.o)
NutRegisterDevice                                 c:/ethernut-4.3.3/build/gcc/atmega2561/lib\libnutos.a(devreg.o)
                                                  uart0driver.o
                                                  mmc.o
NutRegisterIrqHandler                             c:/ethernut-4.3.3/build/gcc/atmega2561/lib\libnutdev.a(ihndlr.o)
                                                  c:/ethernut-4.3.3/build/gcc/atmega2561/lib\libnutarch.a(twif.o)
                                                  c:/ethernut-4.3.3/build/gcc/atmega2561/lib\libnutarch.a(uartavr.o)
                                                  c:/ethernut-4.3.3/build/gcc/atmega2561/lib\libnutarch.a(ostimer.o)
                                                  vs10xx.o
                                                  remcon.o
                                                  main.o
NutRegisterTimer                                  c:/ethernut-4.3.3/build/gcc/atmega2561/lib\libnutarch.a(ostimer.o)
                                                  c:/ethernut-4.3.3/build/gcc/atmega2561/lib\libnutos.a(timer.o)
NutSaveConfig                                     c:/ethernut-4.3.3/build/gcc/atmega2561/lib\libnutos.a(confos.o)
                                                  c:/ethernut-4.3.3/build/gcc/atmega2561/lib/nutinit.o
NutSegBufAvailable                                c:/ethernut-4.3.3/build/gcc/atmega2561/lib\libnutos.a(bankmem.o)
NutSegBufInit                                     c:/ethernut-4.3.3/build/gcc/atmega2561/lib\libnutos.a(bankmem.o)
NutSegBufReadCommit                               c:/ethernut-4.3.3/build/gcc/atmega2561/lib\libnutos.a(bankmem.o)
                                                  vs10xx.o
NutSegBufReadLast                                 c:/ethernut-4.3.3/build/gcc/atmega2561/lib\libnutos.a(bankmem.o)
                                                  vs10xx.o
NutSegBufReadRequest                              c:/ethernut-4.3.3/build/gcc/atmega2561/lib\libnutos.a(bankmem.o)
                                                  vs10xx.o
NutSegBufReset                                    c:/ethernut-4.3.3/build/gcc/atmega2561/lib\libnutos.a(bankmem.o)
NutSegBufUsed                                     c:/ethernut-4.3.3/build/gcc/atmega2561/lib\libnutos.a(bankmem.o)
NutSegBufWriteCommit                              c:/ethernut-4.3.3/build/gcc/atmega2561/lib\libnutos.a(bankmem.o)
NutSegBufWriteLast                                c:/ethernut-4.3.3/build/gcc/atmega2561/lib\libnutos.a(bankmem.o)
NutSegBufWriteRequest                             c:/ethernut-4.3.3/build/gcc/atmega2561/lib\libnutos.a(bankmem.o)
NutSleep                                          c:/ethernut-4.3.3/build/gcc/atmega2561/lib\libnutos.a(timer.o)
                                                  c:/ethernut-4.3.3/build/gcc/atmega2561/lib\libnutarch.a(twif.o)
                                                  rtc.o
                                                  mmc.o
                                                  main.o
                                                  flash.o
NutThreadAddPriQueue                              c:/ethernut-4.3.3/build/gcc/atmega2561/lib\libnutos.a(thread.o)
                                                  c:/ethernut-4.3.3/build/gcc/atmega2561/lib\libnutarch.a(context_gcc.o)
                                                  c:/ethernut-4.3.3/build/gcc/atmega2561/lib\libnutos.a(event.o)
NutThreadCreate                                   c:/ethernut-4.3.3/build/gcc/atmega2561/lib\libnutarch.a(context_gcc.o)
                                                  c:/ethernut-4.3.3/build/gcc/atmega2561/lib/nutinit.o
                                                  mmc.o
NutThreadDestroy                                  c:/ethernut-4.3.3/build/gcc/atmega2561/lib\libnutos.a(thread.o)
                                                  c:/ethernut-4.3.3/build/gcc/atmega2561/lib/nutinit.o
NutThreadExit                                     c:/ethernut-4.3.3/build/gcc/atmega2561/lib\libnutos.a(thread.o)
NutThreadKill                                     c:/ethernut-4.3.3/build/gcc/atmega2561/lib\libnutos.a(thread.o)
NutThreadRemoveQueue                              c:/ethernut-4.3.3/build/gcc/atmega2561/lib\libnutos.a(thread.o)
                                                  c:/ethernut-4.3.3/build/gcc/atmega2561/lib\libnutos.a(event.o)
                                                  c:/ethernut-4.3.3/build/gcc/atmega2561/lib\libnutos.a(timer.o)
NutThreadResume                                   c:/ethernut-4.3.3/build/gcc/atmega2561/lib\libnutos.a(thread.o)
                                                  c:/ethernut-4.3.3/build/gcc/atmega2561/lib\libnutos.a(event.o)
                                                  c:/ethernut-4.3.3/build/gcc/atmega2561/lib\libnutos.a(timer.o)
NutThreadSetPriority                              c:/ethernut-4.3.3/build/gcc/atmega2561/lib\libnutos.a(thread.o)
                                                  c:/ethernut-4.3.3/build/gcc/atmega2561/lib/nutinit.o
                                                  main.o
NutThreadSetSleepMode                             c:/ethernut-4.3.3/build/gcc/atmega2561/lib/nutinit.o
NutThreadSwitch                                   c:/ethernut-4.3.3/build/gcc/atmega2561/lib\libnutarch.a(context_gcc.o)
                                                  c:/ethernut-4.3.3/build/gcc/atmega2561/lib\libnutos.a(thread.o)
NutThreadWake                                     c:/ethernut-4.3.3/build/gcc/atmega2561/lib\libnutos.a(thread.o)
                                                  c:/ethernut-4.3.3/build/gcc/atmega2561/lib\libnutos.a(timer.o)
NutThreadYield                                    c:/ethernut-4.3.3/build/gcc/atmega2561/lib\libnutos.a(thread.o)
                                                  c:/ethernut-4.3.3/build/gcc/atmega2561/lib\libnutos.a(event.o)
                                                  c:/ethernut-4.3.3/build/gcc/atmega2561/lib\libnutos.a(timer.o)
                                                  c:/ethernut-4.3.3/build/gcc/atmega2561/lib/nutinit.o
NutTimerCreate                                    c:/ethernut-4.3.3/build/gcc/atmega2561/lib\libnutos.a(timer.o)
NutTimerInit                                      c:/ethernut-4.3.3/build/gcc/atmega2561/lib\libnutos.a(timer.o)
                                                  c:/ethernut-4.3.3/build/gcc/atmega2561/lib/nutinit.o
NutTimerInsert                                    c:/ethernut-4.3.3/build/gcc/atmega2561/lib\libnutos.a(timer.o)
NutTimerMillisToTicks                             c:/ethernut-4.3.3/build/gcc/atmega2561/lib\libnutarch.a(ostimer.o)
                                                  c:/ethernut-4.3.3/build/gcc/atmega2561/lib\libnutos.a(timer.o)
NutTimerProcessElapsed                            c:/ethernut-4.3.3/build/gcc/atmega2561/lib\libnutos.a(timer.o)
                                                  c:/ethernut-4.3.3/build/gcc/atmega2561/lib\libnutos.a(thread.o)
NutTimerStart                                     c:/ethernut-4.3.3/build/gcc/atmega2561/lib\libnutos.a(timer.o)
                                                  c:/ethernut-4.3.3/build/gcc/atmega2561/lib\libnutos.a(event.o)
NutTimerStartTicks                                c:/ethernut-4.3.3/build/gcc/atmega2561/lib\libnutos.a(timer.o)
NutTimerStop                                      c:/ethernut-4.3.3/build/gcc/atmega2561/lib\libnutos.a(timer.o)
                                                  c:/ethernut-4.3.3/build/gcc/atmega2561/lib\libnutos.a(event.o)
OnChipNvMemLoad                                   c:/ethernut-4.3.3/build/gcc/atmega2561/lib\libnutarch.a(eeprom.o)
                                                  c:/ethernut-4.3.3/build/gcc/atmega2561/lib\libnutdev.a(nvmem.o)
OnChipNvMemSave                                   c:/ethernut-4.3.3/build/gcc/atmega2561/lib\libnutarch.a(eeprom.o)
                                                  c:/ethernut-4.3.3/build/gcc/atmega2561/lib\libnutdev.a(nvmem.o)
RcInit                                            remcon.o
                                                  main.o
SPIdeselect                                       spidrv.o
                                                  vs10xx.o
                                                  mmcdrv.o
                                                  flash.o
SPIgetByte                                        spidrv.o
                                                  vs10xx.o
                                                  mmcdrv.o
SPIgetmode                                        spidrv.o
                                                  vs10xx.o
SPIinit                                           spidrv.o
                                                  main.o
SPImode                                           spidrv.o
                                                  vs10xx.o
SPIputByte                                        spidrv.o
                                                  vs10xx.o
                                                  mmcdrv.o
SPIselect                                         spidrv.o
                                                  vs10xx.o
                                                  mmcdrv.o
                                                  flash.o
SPItransferByte                                   spidrv.o
                                                  flash.o
SysInitIO                                         main.o
TwIOCtl                                           c:/ethernut-4.3.3/build/gcc/atmega2561/lib\libnutarch.a(twif.o)
TwInit                                            c:/ethernut-4.3.3/build/gcc/atmega2561/lib\libnutarch.a(twif.o)
                                                  rtc.o
TwMasterError                                     c:/ethernut-4.3.3/build/gcc/atmega2561/lib\libnutarch.a(twif.o)
TwMasterTransact                                  c:/ethernut-4.3.3/build/gcc/atmega2561/lib\libnutarch.a(twif.o)
                                                  rtc.o
TwSlaveError                                      c:/ethernut-4.3.3/build/gcc/atmega2561/lib\libnutarch.a(twif.o)
TwSlaveListen                                     c:/ethernut-4.3.3/build/gcc/atmega2561/lib\libnutarch.a(twif.o)
TwSlaveRespond                                    c:/ethernut-4.3.3/build/gcc/atmega2561/lib\libnutarch.a(twif.o)
Uart0DriverGetStream                              uart0driver.o
                                                  log.o
Uart0DriverInit                                   uart0driver.o
                                                  main.o
Uart0DriverSetCookedMode                          uart0driver.o
Uart0DriverStart                                  uart0driver.o
                                                  main.o
Uart0DriverStop                                   uart0driver.o
UartAvrClose                                      c:/ethernut-4.3.3/build/gcc/atmega2561/lib\libnutarch.a(uartavr.o)
                                                  c:/ethernut-4.3.3/build/gcc/atmega2561/lib\libnutarch.a(uart0.o)
UartAvrFlush                                      c:/ethernut-4.3.3/build/gcc/atmega2561/lib\libnutarch.a(uartavr.o)
UartAvrIOCtl                                      c:/ethernut-4.3.3/build/gcc/atmega2561/lib\libnutarch.a(uartavr.o)
                                                  c:/ethernut-4.3.3/build/gcc/atmega2561/lib\libnutarch.a(uart0.o)
UartAvrInit                                       c:/ethernut-4.3.3/build/gcc/atmega2561/lib\libnutarch.a(uartavr.o)
                                                  c:/ethernut-4.3.3/build/gcc/atmega2561/lib\libnutarch.a(uart0.o)
UartAvrInput                                      c:/ethernut-4.3.3/build/gcc/atmega2561/lib\libnutarch.a(uartavr.o)
UartAvrOpen                                       c:/ethernut-4.3.3/build/gcc/atmega2561/lib\libnutarch.a(uartavr.o)
                                                  c:/ethernut-4.3.3/build/gcc/atmega2561/lib\libnutarch.a(uart0.o)
UartAvrOutput                                     c:/ethernut-4.3.3/build/gcc/atmega2561/lib\libnutarch.a(uartavr.o)
UartAvrPut                                        c:/ethernut-4.3.3/build/gcc/atmega2561/lib\libnutarch.a(uartavr.o)
UartAvrRead                                       c:/ethernut-4.3.3/build/gcc/atmega2561/lib\libnutarch.a(uartavr.o)
                                                  c:/ethernut-4.3.3/build/gcc/atmega2561/lib\libnutarch.a(uart0.o)
UartAvrSize                                       c:/ethernut-4.3.3/build/gcc/atmega2561/lib\libnutarch.a(uartavr.o)
                                                  c:/ethernut-4.3.3/build/gcc/atmega2561/lib\libnutarch.a(uart0.o)
UartAvrWrite                                      c:/ethernut-4.3.3/build/gcc/atmega2561/lib\libnutarch.a(uartavr.o)
                                                  c:/ethernut-4.3.3/build/gcc/atmega2561/lib\libnutarch.a(uart0.o)
UartAvrWrite_P                                    c:/ethernut-4.3.3/build/gcc/atmega2561/lib\libnutarch.a(uartavr.o)
                                                  c:/ethernut-4.3.3/build/gcc/atmega2561/lib\libnutarch.a(uart0.o)
VsBeep                                            vs10xx.o
VsBeepStart                                       vs10xx.o
VsBeepStartRaw                                    vs10xx.o
VsBeepStop                                        vs10xx.o
VsGetStatus                                       vs10xx.o
VsGetType                                         vs10xx.o
VsGetTypeHex                                      vs10xx.o
VsGetVolume                                       vs10xx.o
VsMemoryTest                                      vs10xx.o
VsPlayerInit                                      vs10xx.o
VsPlayerInterrupts                                vs10xx.o
                                                  mmc.o
VsPlayerKick                                      vs10xx.o
VsPlayerReset                                     vs10xx.o
VsPlayerSetMode                                   vs10xx.o
VsPlayerStop                                      vs10xx.o
VsRegInfo                                         vs10xx.o
VsRegWrite                                        vs10xx.o
VsSetVolume                                       vs10xx.o
VsStreamValid                                     vs10xx.o
WatchDogDisable                                   watchdog.o
                                                  main.o
WatchDogEnable                                    watchdog.o
WatchDogRestart                                   watchdog.o
                                                  vs10xx.o
WatchDogStart                                     watchdog.o
X12EepromRead                                     rtc.o
X12EepromWrite                                    rtc.o
X12Init                                           rtc.o
                                                  main.o
X12RtcClearStatus                                 rtc.o
X12RtcGetAlarm                                    rtc.o
X12RtcGetClock                                    rtc.o
                                                  main.o
X12RtcGetStatus                                   rtc.o
X12RtcIncrementClock                              rtc.o
X12RtcIncrementDate                               rtc.o
X12RtcReadRegs                                    rtc.o
X12RtcSetAlarm                                    rtc.o
X12RtcSetClock                                    rtc.o
                                                  main.o
X12RtcWrite                                       rtc.o
__bad_interrupt                                   c:/winavr-20070525/bin/../lib/gcc/avr/4.1.2/../../../../avr/lib/avr6/crtm2561.o
__bss_end                                         c:/winavr-20070525/bin/../lib/gcc/avr/4.1.2/avr6\libgcc.a(_clear_bss.o)
__bss_start                                       c:/winavr-20070525/bin/../lib/gcc/avr/4.1.2/avr6\libgcc.a(_clear_bss.o)
__ctype_isfalse                                   c:/winavr-20070525/bin/../lib/gcc/avr/4.1.2/../../../../avr/lib/avr6\libc.a(cty_isfalse.o)
                                                  c:/winavr-20070525/bin/../lib/gcc/avr/4.1.2/../../../../avr/lib/avr6\libc.a(isalpha.o)
__ctype_istrue                                    c:/winavr-20070525/bin/../lib/gcc/avr/4.1.2/../../../../avr/lib/avr6\libc.a(cty_isfalse.o)
__data_end                                        c:/winavr-20070525/bin/../lib/gcc/avr/4.1.2/../../../../avr/lib/avr6/crtm2561.o
__data_load_start                                 c:/winavr-20070525/bin/../lib/gcc/avr/4.1.2/../../../../avr/lib/avr6/crtm2561.o
__data_start                                      c:/winavr-20070525/bin/../lib/gcc/avr/4.1.2/../../../../avr/lib/avr6/crtm2561.o
__divmodhi4                                       c:/winavr-20070525/bin/../lib/gcc/avr/4.1.2/avr6\libgcc.a(_divmodhi4.o)
                                                  vs10xx.o
                                                  rtc.o
                                                  fat.o
__do_clear_bss                                    c:/winavr-20070525/bin/../lib/gcc/avr/4.1.2/avr6\libgcc.a(_clear_bss.o)
                                                  c:/ethernut-4.3.3/build/gcc/atmega2561/lib\libnutcrt.a(fmode.o)
                                                  c:/ethernut-4.3.3/build/gcc/atmega2561/lib\libnutcrt.a(write_p.o)
                                                  c:/ethernut-4.3.3/build/gcc/atmega2561/lib\libnutcrt.a(write.o)
                                                  c:/ethernut-4.3.3/build/gcc/atmega2561/lib\libnutcrt.a(putf.o)
                                                  c:/ethernut-4.3.3/build/gcc/atmega2561/lib\libnutcrt.a(malloc.o)
                                                  c:/ethernut-4.3.3/build/gcc/atmega2561/lib\libnutcrt.a(errno.o)
                                                  c:/ethernut-4.3.3/build/gcc/atmega2561/lib\libnutcrt.a(time.o)
                                                  c:/ethernut-4.3.3/build/gcc/atmega2561/lib\libnutcrt.a(vfprintf_p.o)
                                                  c:/ethernut-4.3.3/build/gcc/atmega2561/lib\libnutcrt.a(fputs_p.o)
                                                  c:/ethernut-4.3.3/build/gcc/atmega2561/lib\libnutcrt.a(fputs.o)
                                                  c:/ethernut-4.3.3/build/gcc/atmega2561/lib\libnutcrt.a(fputc.o)
                                                  c:/ethernut-4.3.3/build/gcc/atmega2561/lib\libnutcrt.a(freopen.o)
                                                  c:/ethernut-4.3.3/build/gcc/atmega2561/lib\libnutcrt.a(fopen.o)
                                                  c:/ethernut-4.3.3/build/gcc/atmega2561/lib\libnutcrt.a(fileno.o)
                                                  c:/ethernut-4.3.3/build/gcc/atmega2561/lib\libnutcrt.a(fflush.o)
                                                  c:/ethernut-4.3.3/build/gcc/atmega2561/lib\libnutcrt.a(fclose.o)
                                                  c:/ethernut-4.3.3/build/gcc/atmega2561/lib\libnutcrt.a(open.o)
                                                  c:/ethernut-4.3.3/build/gcc/atmega2561/lib\libnutcrt.a(ioctl.o)
                                                  c:/ethernut-4.3.3/build/gcc/atmega2561/lib\libnutcrt.a(close.o)
                                                  c:/ethernut-4.3.3/build/gcc/atmega2561/lib\libnutarch.a(ih_usart1_tx.o)
                                                  c:/ethernut-4.3.3/build/gcc/atmega2561/lib\libnutarch.a(ih_usart1_rx.o)
                                                  c:/ethernut-4.3.3/build/gcc/atmega2561/lib\libnutarch.a(ih_usart0_tx.o)
                                                  c:/ethernut-4.3.3/build/gcc/atmega2561/lib\libnutarch.a(ih_usart0_rx.o)
                                                  c:/ethernut-4.3.3/build/gcc/atmega2561/lib\libnutarch.a(ih_twi.o)
                                                  c:/ethernut-4.3.3/build/gcc/atmega2561/lib\libnutarch.a(eeprom.o)
                                                  c:/ethernut-4.3.3/build/gcc/atmega2561/lib\libnutarch.a(twif.o)
                                                  c:/ethernut-4.3.3/build/gcc/atmega2561/lib\libnutarch.a(uartavr.o)
                                                  c:/ethernut-4.3.3/build/gcc/atmega2561/lib\libnutarch.a(uart0.o)
                                                  c:/ethernut-4.3.3/build/gcc/atmega2561/lib\libnutarch.a(ih_timer2_comp.o)
                                                  c:/ethernut-4.3.3/build/gcc/atmega2561/lib\libnutarch.a(ih_timer0_ovf.o)
                                                  c:/ethernut-4.3.3/build/gcc/atmega2561/lib\libnutarch.a(ih_int6.o)
                                                  c:/ethernut-4.3.3/build/gcc/atmega2561/lib\libnutarch.a(ih_int4.o)
                                                  c:/ethernut-4.3.3/build/gcc/atmega2561/lib\libnutarch.a(ostimer.o)
                                                  c:/ethernut-4.3.3/build/gcc/atmega2561/lib\libnutarch.a(context_gcc.o)
                                                  c:/ethernut-4.3.3/build/gcc/atmega2561/lib\libnutdev.a(nvmem.o)
                                                  c:/ethernut-4.3.3/build/gcc/atmega2561/lib\libnutdev.a(ihndlr.o)
                                                  c:/ethernut-4.3.3/build/gcc/atmega2561/lib\libnutos.a(confos.o)
                                                  c:/ethernut-4.3.3/build/gcc/atmega2561/lib\libnutos.a(devreg.o)
                                                  c:/ethernut-4.3.3/build/gcc/atmega2561/lib\libnutos.a(event.o)
                                                  c:/ethernut-4.3.3/build/gcc/atmega2561/lib\libnutos.a(timer.o)
                                                  c:/ethernut-4.3.3/build/gcc/atmega2561/lib\libnutos.a(thread.o)
                                                  c:/ethernut-4.3.3/build/gcc/atmega2561/lib\libnutos.a(bankmem.o)
                                                  c:/ethernut-4.3.3/build/gcc/atmega2561/lib\libnutos.a(heap.o)
                                                  c:/ethernut-4.3.3/build/gcc/atmega2561/lib/nutinit.o
                                                  watchdog.o
                                                  vs10xx.o
                                                  uart0driver.o
                                                  spidrv.o
                                                  showtime.o
                                                  rtc.o
                                                  remcon.o
                                                  mmcdrv.o
                                                  mmc.o
                                                  menu.o
                                                  main.o
                                                  log.o
                                                  led.o
                                                  keyboard.o
                                                  flash.o
                                                  fat.o
                                                  display.o
__do_copy_data                                    c:/winavr-20070525/bin/../lib/gcc/avr/4.1.2/../../../../avr/lib/avr6/crtm2561.o
                                                  c:/ethernut-4.3.3/build/gcc/atmega2561/lib\libnutcrt.a(fmode.o)
                                                  c:/ethernut-4.3.3/build/gcc/atmega2561/lib\libnutcrt.a(write_p.o)
                                                  c:/ethernut-4.3.3/build/gcc/atmega2561/lib\libnutcrt.a(write.o)
                                                  c:/ethernut-4.3.3/build/gcc/atmega2561/lib\libnutcrt.a(putf.o)
                                                  c:/ethernut-4.3.3/build/gcc/atmega2561/lib\libnutcrt.a(malloc.o)
                                                  c:/ethernut-4.3.3/build/gcc/atmega2561/lib\libnutcrt.a(errno.o)
                                                  c:/ethernut-4.3.3/build/gcc/atmega2561/lib\libnutcrt.a(time.o)
                                                  c:/ethernut-4.3.3/build/gcc/atmega2561/lib\libnutcrt.a(vfprintf_p.o)
                                                  c:/ethernut-4.3.3/build/gcc/atmega2561/lib\libnutcrt.a(fputs_p.o)
                                                  c:/ethernut-4.3.3/build/gcc/atmega2561/lib\libnutcrt.a(fputs.o)
                                                  c:/ethernut-4.3.3/build/gcc/atmega2561/lib\libnutcrt.a(fputc.o)
                                                  c:/ethernut-4.3.3/build/gcc/atmega2561/lib\libnutcrt.a(freopen.o)
                                                  c:/ethernut-4.3.3/build/gcc/atmega2561/lib\libnutcrt.a(fopen.o)
                                                  c:/ethernut-4.3.3/build/gcc/atmega2561/lib\libnutcrt.a(fileno.o)
                                                  c:/ethernut-4.3.3/build/gcc/atmega2561/lib\libnutcrt.a(fflush.o)
                                                  c:/ethernut-4.3.3/build/gcc/atmega2561/lib\libnutcrt.a(fclose.o)
                                                  c:/ethernut-4.3.3/build/gcc/atmega2561/lib\libnutcrt.a(open.o)
                                                  c:/ethernut-4.3.3/build/gcc/atmega2561/lib\libnutcrt.a(ioctl.o)
                                                  c:/ethernut-4.3.3/build/gcc/atmega2561/lib\libnutcrt.a(close.o)
                                                  c:/ethernut-4.3.3/build/gcc/atmega2561/lib\libnutarch.a(ih_usart1_tx.o)
                                                  c:/ethernut-4.3.3/build/gcc/atmega2561/lib\libnutarch.a(ih_usart1_rx.o)
                                                  c:/ethernut-4.3.3/build/gcc/atmega2561/lib\libnutarch.a(ih_usart0_tx.o)
                                                  c:/ethernut-4.3.3/build/gcc/atmega2561/lib\libnutarch.a(ih_usart0_rx.o)
                                                  c:/ethernut-4.3.3/build/gcc/atmega2561/lib\libnutarch.a(ih_twi.o)
                                                  c:/ethernut-4.3.3/build/gcc/atmega2561/lib\libnutarch.a(eeprom.o)
                                                  c:/ethernut-4.3.3/build/gcc/atmega2561/lib\libnutarch.a(twif.o)
                                                  c:/ethernut-4.3.3/build/gcc/atmega2561/lib\libnutarch.a(uartavr.o)
                                                  c:/ethernut-4.3.3/build/gcc/atmega2561/lib\libnutarch.a(uart0.o)
                                                  c:/ethernut-4.3.3/build/gcc/atmega2561/lib\libnutarch.a(ih_timer2_comp.o)
                                                  c:/ethernut-4.3.3/build/gcc/atmega2561/lib\libnutarch.a(ih_timer0_ovf.o)
                                                  c:/ethernut-4.3.3/build/gcc/atmega2561/lib\libnutarch.a(ih_int6.o)
                                                  c:/ethernut-4.3.3/build/gcc/atmega2561/lib\libnutarch.a(ih_int4.o)
                                                  c:/ethernut-4.3.3/build/gcc/atmega2561/lib\libnutarch.a(ostimer.o)
                                                  c:/ethernut-4.3.3/build/gcc/atmega2561/lib\libnutarch.a(context_gcc.o)
                                                  c:/ethernut-4.3.3/build/gcc/atmega2561/lib\libnutdev.a(nvmem.o)
                                                  c:/ethernut-4.3.3/build/gcc/atmega2561/lib\libnutdev.a(ihndlr.o)
                                                  c:/ethernut-4.3.3/build/gcc/atmega2561/lib\libnutos.a(confos.o)
                                                  c:/ethernut-4.3.3/build/gcc/atmega2561/lib\libnutos.a(devreg.o)
                                                  c:/ethernut-4.3.3/build/gcc/atmega2561/lib\libnutos.a(event.o)
                                                  c:/ethernut-4.3.3/build/gcc/atmega2561/lib\libnutos.a(timer.o)