Archive member included because of file (symbol)

c:/ethernut-4.3.3/build/gcc/atmega2561/lib\libnutpro.a(dhcpc.o)
                              audiostream.o (NutDhcpIfConfig)
c:/ethernut-4.3.3/build/gcc/atmega2561/lib\libnutpro.a(resolv.o)
                              c:/ethernut-4.3.3/build/gcc/atmega2561/lib\libnutpro.a(dhcpc.o) (NutDnsConfig2)
c:/ethernut-4.3.3/build/gcc/atmega2561/lib\libnutpro.a(sntp.o)
                              NTP.o (NutSNTPGetTime)
c:/ethernut-4.3.3/build/gcc/atmega2561/lib\libnutnet.a(tcpsock.o)
                              audiostream.o (NutTcpError)
c:/ethernut-4.3.3/build/gcc/atmega2561/lib\libnutnet.a(udpsock.o)
                              c:/ethernut-4.3.3/build/gcc/atmega2561/lib\libnutpro.a(dhcpc.o) (NutUdpSetSockOpt)
c:/ethernut-4.3.3/build/gcc/atmega2561/lib\libnutnet.a(route.o)
                              c:/ethernut-4.3.3/build/gcc/atmega2561/lib\libnutnet.a(tcpsock.o) (NutIpRouteQuery)
c:/ethernut-4.3.3/build/gcc/atmega2561/lib\libnutnet.a(inet.o)
                              audiostream.o (inet_addr)
c:/ethernut-4.3.3/build/gcc/atmega2561/lib\libnutnet.a(ifconfig.o)
                              c:/ethernut-4.3.3/build/gcc/atmega2561/lib\libnutpro.a(dhcpc.o) (NutNetIfSetup)
c:/ethernut-4.3.3/build/gcc/atmega2561/lib\libnutnet.a(confnet.o)
                              c:/ethernut-4.3.3/build/gcc/atmega2561/lib\libnutnet.a(ifconfig.o) (NutNetSaveConfig)
c:/ethernut-4.3.3/build/gcc/atmega2561/lib\libnutnet.a(tcpout.o)
                              c:/ethernut-4.3.3/build/gcc/atmega2561/lib\libnutnet.a(tcpsock.o) (NutTcpOutput)
c:/ethernut-4.3.3/build/gcc/atmega2561/lib\libnutnet.a(tcpsm.o)
                              c:/ethernut-4.3.3/build/gcc/atmega2561/lib\libnutnet.a(tcpsock.o) (NutTcpInitStateMachine)
c:/ethernut-4.3.3/build/gcc/atmega2561/lib\libnutnet.a(tcputil.o)
                              c:/ethernut-4.3.3/build/gcc/atmega2561/lib\libnutnet.a(tcpsm.o) (IsInLimits)
c:/ethernut-4.3.3/build/gcc/atmega2561/lib\libnutnet.a(udpout.o)
                              c:/ethernut-4.3.3/build/gcc/atmega2561/lib\libnutnet.a(udpsock.o) (NutUdpOutput)
c:/ethernut-4.3.3/build/gcc/atmega2561/lib\libnutnet.a(ipcsum.o)
                              c:/ethernut-4.3.3/build/gcc/atmega2561/lib\libnutnet.a(tcpout.o) (NutIpChkSumPartial)
c:/ethernut-4.3.3/build/gcc/atmega2561/lib\libnutnet.a(ipout.o)
                              c:/ethernut-4.3.3/build/gcc/atmega2561/lib\libnutnet.a(tcpout.o) (NutIpOutput)
c:/ethernut-4.3.3/build/gcc/atmega2561/lib\libnutnet.a(arpcache.o)
                              c:/ethernut-4.3.3/build/gcc/atmega2561/lib\libnutnet.a(ipout.o) (NutArpCacheQuery)
c:/ethernut-4.3.3/build/gcc/atmega2561/lib\libnutnet.a(arpout.o)
                              c:/ethernut-4.3.3/build/gcc/atmega2561/lib\libnutnet.a(arpcache.o) (NutArpOutput)
c:/ethernut-4.3.3/build/gcc/atmega2561/lib\libnutos.a(heap.o)
                              fat.o (NutHeapAlloc)
c:/ethernut-4.3.3/build/gcc/atmega2561/lib\libnutos.a(bankmem.o)
                              audiostream.o (NutSegBufReset)
c:/ethernut-4.3.3/build/gcc/atmega2561/lib\libnutos.a(thread.o)
                              mmc.o (GetThreadByName)
c:/ethernut-4.3.3/build/gcc/atmega2561/lib\libnutos.a(timer.o)
                              display.o (NutDelay)
c:/ethernut-4.3.3/build/gcc/atmega2561/lib\libnutos.a(event.o)
                              c:/ethernut-4.3.3/build/gcc/atmega2561/lib\libnutnet.a(tcpsm.o) (NutEventPostAsync)
c:/ethernut-4.3.3/build/gcc/atmega2561/lib\libnutos.a(devreg.o)
                              mmc.o (NutDeviceLookup)
c:/ethernut-4.3.3/build/gcc/atmega2561/lib\libnutos.a(confos.o)
                              c:/ethernut-4.3.3/build/gcc/atmega2561/lib/nutinit.o (NutSaveConfig)
c:/ethernut-4.3.3/build/gcc/atmega2561/lib\libnutos.a(version.o)
                              audiostream.o (NutVersionString)
c:/ethernut-4.3.3/build/gcc/atmega2561/lib\libnutdev.a(ihndlr.o)
                              main.o (NutRegisterIrqHandler)
c:/ethernut-4.3.3/build/gcc/atmega2561/lib\libnutdev.a(netbuf.o)
                              c:/ethernut-4.3.3/build/gcc/atmega2561/lib\libnutnet.a(udpsock.o) (NutNetBufAlloc)
c:/ethernut-4.3.3/build/gcc/atmega2561/lib\libnutdev.a(nvmem.o)
                              memory.o (NutNvMemSave)
c:/ethernut-4.3.3/build/gcc/atmega2561/lib\libnutarch.a(context_gcc.o)
                              c:/ethernut-4.3.3/build/gcc/atmega2561/lib\libnutos.a(thread.o) (NutThreadSwitch)
c:/ethernut-4.3.3/build/gcc/atmega2561/lib\libnutarch.a(ostimer.o)
                              c:/ethernut-4.3.3/build/gcc/atmega2561/lib\libnutos.a(timer.o) (NutGetTickClock)
c:/ethernut-4.3.3/build/gcc/atmega2561/lib\libnutarch.a(ih_int4.o)
                              remcon.o (sig_INTERRUPT4)
c:/ethernut-4.3.3/build/gcc/atmega2561/lib\libnutarch.a(ih_int6.o)
                              vs10xx.o (sig_INTERRUPT6)
[...]
Memory Configuration

Name             Origin             Length             Attributes
text             0x00000000         0x00100000         xr
data             0x00800060         0x0000ffa0         rw !x
eeprom           0x00810000         0x00010000         rw !x
*default*        0x00000000         0xffffffff

Linker script and memory map

Address of section .data set to 0x800200
LOAD c:/winavr-20070525/bin/../lib/gcc/avr/4.1.2/../../../../avr/lib/avr6/crtm2561.o
LOAD alarm.o
LOAD audiostream.o
LOAD display.o
LOAD fat.o
LOAD flash.o
LOAD keyboard.o
LOAD led.o
LOAD log.o
LOAD main.o
LOAD memory.o
LOAD menu.o
LOAD mmc.o
LOAD mmcdrv.o
LOAD NTP.o
LOAD remcon.o
LOAD rtc.o
LOAD showtime.o
LOAD spidrv.o
LOAD threads.o
LOAD uart0driver.o
LOAD vs10xx.o
LOAD watchdog.o
                0x00000000                main = 0x0
LOAD c:/ethernut-4.3.3/build/gcc/atmega2561/lib/nutinit.o
LOAD c:/ethernut-4.3.3/build/gcc/atmega2561/lib\libnutpro.a
LOAD c:/ethernut-4.3.3/build/gcc/atmega2561/lib\libnutnet.a
LOAD c:/ethernut-4.3.3/build/gcc/atmega2561/lib\libnutpro.a
LOAD c:/ethernut-4.3.3/build/gcc/atmega2561/lib\libnutfs.a
LOAD c:/ethernut-4.3.3/build/gcc/atmega2561/lib\libnutos.a
LOAD c:/ethernut-4.3.3/build/gcc/atmega2561/lib\libnutdev.a
LOAD c:/ethernut-4.3.3/build/gcc/atmega2561/lib\libnutarch.a
LOAD c:/ethernut-4.3.3/build/gcc/atmega2561/lib\libnutnet.a
LOAD c:/ethernut-4.3.3/build/gcc/atmega2561/lib\libnutcrt.a
LOAD c:/ethernut-4.3.3/build/gcc/atmega2561/lib\libnutdev.a
LOAD c:/winavr-20070525/bin/../lib/gcc/avr/4.1.2/avr6\libgcc.a
LOAD c:/winavr-20070525/bin/../lib/gcc/avr/4.1.2/../../../../avr/lib/avr6\libc.a
LOAD c:/winavr-20070525/bin/../lib/gcc/avr/4.1.2/avr6\libgcc.a

.hash
 *(.hash)

.dynsym
 *(.dynsym)

.dynstr
 *(.dynstr)

.gnu.version
 *(.gnu.version)

.gnu.version_d
 *(.gnu.version_d)

.gnu.version_r
 *(.gnu.version_r)

.rel.init
 *(.rel.init)

.rela.init
 *(.rela.init)

.rel.text
 *(.rel.text)
 *(.rel.text.*)
 *(.rel.gnu.linkonce.t*)

.rela.text
 *(.rela.text)
 *(.rela.text.*)
 *(.rela.gnu.linkonce.t*)

.rel.fini
 *(.rel.fini)

.rela.fini
 *(.rela.fini)

.rel.rodata
 *(.rel.rodata)
 *(.rel.rodata.*)
 *(.rel.gnu.linkonce.r*)

.rela.rodata
 *(.rela.rodata)
 *(.rela.rodata.*)
 *(.rela.gnu.linkonce.r*)

.rel.data
 *(.rel.data)
 *(.rel.data.*)
 *(.rel.gnu.linkonce.d*)

.rela.data
 *(.rela.data)
 *(.rela.data.*)
 *(.rela.gnu.linkonce.d*)

.rel.ctors
 *(.rel.ctors)

.rela.ctors
 *(.rela.ctors)

.rel.dtors
 *(.rel.dtors)

.rela.dtors
 *(.rela.dtors)

.rel.got
 *(.rel.got)

.rela.got
 *(.rela.got)

.rel.bss
 *(.rel.bss)

.rela.bss
 *(.rela.bss)

.rel.plt
 *(.rel.plt)

.rela.plt
 *(.rela.plt)

.text           0x00000000    0x1329c
 *(.vectors)
 .vectors       0x00000000       0xcc c:/winavr-20070525/bin/../lib/gcc/avr/4.1.2/../../../../avr/lib/avr6/crtm2561.o
                0x00000000                __vectors
                0x00000000                __vector_default
 *(.vectors)
 *(.progmem.gcc*)
 .progmem.gcc_sw_table
                0x000000cc       0x28 c:/ethernut-4.3.3/build/gcc/atmega2561/lib\libnutarch.a(uartavr.o)
 *(.progmem*)
 .progmem.data  0x000000f4       0xea log.o
 .progmem.data  0x000001de        0xc main.o
 .progmem.data  0x000001ea       0x6e mmc.o
 .progmem.data  0x00000258       0x16 mmcdrv.o
 .progmem.data  0x0000026e        0xe spidrv.o
 .progmem.data  0x0000027c        0x8 uart0driver.o
 .progmem.data  0x00000284      0x38c vs10xx.o
                0x00000284                dtab
 .progmem.data  0x00000610       0x12 c:/ethernut-4.3.3/build/gcc/atmega2561/lib\libnutarch.a(nicrtl.o)
                0x00000622                . = ALIGN (0x2)
                0x00000622                __trampolines_start = .
 *(.trampolines)
 .trampolines   0x00000622        0x0 linker stubs
 *(.trampolines*)
                0x00000622                __trampolines_end = .
 *(.jumptables)
 *(.jumptables*)
 *(.lowtext)
 *(.lowtext*)
                0x00000622                __ctors_start = .
 *(.ctors)
                0x00000622                __ctors_end = .
                0x00000622                __dtors_start = .
 *(.dtors)
                0x00000622                __dtors_end = .
 SORT(*)(.ctors)
 SORT(*)(.dtors)
 *(.init0)
 .init0         0x0000078a        0x0 c:/winavr-20070525/bin/../lib/gcc/avr/4.1.2/../../../../avr/lib/avr6/crtm2561.o
                0x0000078a                __init
 *(.init0)
 *(.init1)
 .init1         0x0000078a       0x54 c:/ethernut-4.3.3/build/gcc/atmega2561/lib/nutinit.o
 *(.init1)
 *(.init2)
 .init2         0x000007de        0xc c:/winavr-20070525/bin/../lib/gcc/avr/4.1.2/../../../../avr/lib/avr6/crtm2561.o
 *(.init2)
 *(.init3)
 *(.init3)
 *(.init4)
 .init4         0x000007ea       0x1a c:/winavr-20070525/bin/../lib/gcc/avr/4.1.2/../../../../avr/lib/avr6/crtm2561.o
                0x000007ea                __do_copy_data
 .init4         0x00000804       0x10 c:/winavr-20070525/bin/../lib/gcc/avr/4.1.2/avr6\libgcc.a(_clear_bss.o)
                0x00000804                __do_clear_bss
 *(.init4)
 *(.init5)
 .init5         0x00000814       0x26 c:/ethernut-4.3.3/build/gcc/atmega2561/lib/nutinit.o
 *(.init5)
 *(.init6)
 *(.init6)
 *(.init7)
 *(.init7)
 *(.init8)
 .init8         0x0000083a       0x2c c:/ethernut-4.3.3/build/gcc/atmega2561/lib/nutinit.o
                0x0000083a                NutInit
 *(.init8)
 *(.init9)
 .init9         0x00000866        0x8 c:/winavr-20070525/bin/../lib/gcc/avr/4.1.2/../../../../avr/lib/avr6/crtm2561.o
 *(.init9)
 *(.text)
 .text          0x0000086e        0x4 c:/winavr-20070525/bin/../lib/gcc/avr/4.1.2/../../../../avr/lib/avr6/crtm2561.o
                0x0000086e                __vector_22
                0x0000086e                __vector_28
                0x0000086e                __vector_1
                0x0000086e                __vector_32
                0x0000086e                __vector_34
                0x0000086e                __vector_24
                0x0000086e                __vector_12
                0x0000086e                __vector_46
                0x0000086e                __bad_interrupt
                0x0000086e                __vector_31
                0x0000086e                __vector_35
                0x0000086e                __vector_3
                0x0000086e                __vector_30
                0x0000086e                __vector_45
                0x0000086e                __vector_11
                0x0000086e                __vector_17
                0x0000086e                __vector_19
                0x0000086e                __vector_49
                0x0000086e                __vector_41
                0x0000086e                __vector_43
                0x0000086e                __vector_33
                0x0000086e                __vector_47
                0x0000086e                __vector_37
                0x0000086e                __vector_4
                0x0000086e                __vector_44
                0x0000086e                __vector_9
                0x0000086e                __vector_2
                0x0000086e                __vector_21
                0x0000086e                __vector_15
                0x0000086e                __vector_29
                0x0000086e                __vector_40
                0x0000086e                __vector_8
                0x0000086e                __vector_26
                0x0000086e                __vector_48
                0x0000086e                __vector_14
                0x0000086e                __vector_10
                0x0000086e                __vector_50
                0x0000086e                __vector_16
                0x0000086e                __vector_18
                0x0000086e                __vector_20
                0x0000086e                __vector_42
 .text          0x00000872      0x150 alarm.o
                0x0000094a                set_alarm
                0x00000966                get_alarm
                0x00000872                compare_time
                0x000008fc                compare_time_minhour
 .text          0x000009c2      0x97a audiostream.o
                0x000009f6                ProcessMetaData
                0x00001324                PlayStream
                0x00000ee6                ConfigureLan
                0x00000d26                ConnectStation
                0x00001126                play_stream
                0x000009c2                initAudioStreams
                0x00000af4                PlayMp3Stream
 .text          0x0000133c      0x1b4 display.o
                0x0000140e                LcdChar
                0x00001458                LcdDDRamStartPos
                0x00001430                LcdCursorBlink
                0x000013cc                LcdSetupDisplay
                0x00001476                LcdClear
                0x00001418                LcdStr
                0x000013ba                LcdMoveCursor
                0x000013e0                LcdMoveCursorPos
                0x0000144e                LcdCursorOff
                0x0000133c                LcdBackLight
                0x00001486                LcdLowLevelInit
                0x000013d6                LcdMoveCursorHome
 .text          0x000014f0     0x1616 fat.o
                0x00002112                FATIOCtl
                0x00001a8c                FATFree
                0x000014f0                FATRelease
                0x00001aa8                FATFileRead
                0x00001a82                FATSemaInit
                0x00001a96                FATLock
                0x00001d18                FATFileSize
 .text          0x00002b06      0x3c2 flash.o
                0x00002b06                At45dbChipErase
                0x00002c1c                At45dbInit
                0x00002bb6                At45dbGetStatus
                0x00002d90                At45dbPageWrite
                0x00002e90                At45dbPageErase
                0x00002c94                At45dbWaitReady
                0x00002cf4                At45dbSendCmd
                0x00002e4a                At45dbPageRead
 .text          0x00002ec8      0x32c keyboard.o
                0x00002f1a                KbInit
                0x00002f84                KbWaitForKeyEvent
                0x00002ee0                KbGetKey
                0x00002fa2                KbScan
                0x00002ec8                KbSetKeyRepeating
                0x00002ee8                KbInjectKey
 .text          0x000031f4       0x50 led.o
                0x000031f4                LedControl
                0x0000323c                LedGetStatus
                0x00003234                LedInit
 .text          0x00003244      0x44a log.o
                0x0000365e                LogClose
                0x00003256                HexDump
                0x00003402                LogMsg_P
                0x00003674                LogOpen
                0x000033e8                LogChar_P
                0x00003682                LogInit
                0x00003244                LogSetLevel
 .text          0x0000368e      0xcb2 main.o
                0x000036d2                checkAlarm
                0x00003bf0                main_loop
                0x000041ec                NutAppMain
                0x00003754                alarm_afspeel_loop
                0x00003b26                time_show
                0x000040bc                timezone_loop
                0x0000368e                SysInitIO
                0x00003a24                volume_loop
                0x00003dde                set_alarm_loop
                0x00003fa8                alarm_loop
                0x00003992                print_time
                0x00003920                bass_loop
                0x00003c72                time_loop
                0x00003a96                menu_loop
 .text          0x00004340      0x132 memory.o
                0x000043d4                set_timezone
                0x00004340                reset
                0x000043b8                save_bass
                0x00004370                get_timezone
                0x00004366                get_bootcount
                0x00004398                save
                0x000043aa                set_timezone_set
                0x00004384                get_bass
                0x000043c6                save_volume
                0x0000437a                get_volume
                0x000043ee                memory_init
                0x0000438e                get_timezone_set
 .text          0x00004472      0x478 menu.o
                0x000047f8                init_menu
                0x000044d4                nextMenuItem
                0x0000477c                ChildNode
                0x00004512                prevMenuItem
                0x00004550                childMenuItem
                0x000047c4                Level1Node
                0x000045fa                nodeIndexFinder
                0x000045c4                nodeCounter
                0x000044a2                AddChildNode
                0x0000463a                showMenuItem
                0x00004472                AddL1Node
                0x0000458a                parentMenuItem
                0x00004754                menuAction
 .text          0x000048ea      0x2ac mmc.o
                0x000048ea                CardCheckCard
                0x00004988                CardCheckPresent
                0x0000499a                CardClose
                0x0000499c                CardInit
                0x00004a1c                CardInitCard
                0x00004b1e                CardPresent
                0x00004990                CardStatus
 .text          0x00004b96      0x708 mmcdrv.o
                0x00005200                MMCInit
                0x00004ba2                MMCUnMountDevice
                0x00004f1e                MMCReadSectors
                0x00004b96                MMCIsCDROMDevice
                0x00004d1c                MMCWriteSectors
                0x00005068                MMCGetSectorSize
                0x00004b9c                MMCIsZIPDevice
                0x00005094                MMCMountAllDevices
                0x0000502c                MMCGetTotalSectors
 .text          0x0000529e      0x17c NTP.o
                0x0000529e                initNtp
 .text          0x0000541a       0x4c remcon.o
                0x0000541c                RcInit
 .text          0x00005466      0xd02 rtc.o
                0x00006070                X12RtcIncrementClock
                0x00005c04                X12RtcIncrementAlarm
                0x0000549c                X12EepromRead
                0x00005e34                X12RtcGetClock
                0x00005cdc                X12RtcSetClock
                0x00005516                X12RtcReadRegs
                0x000058f4                X12RtcSetAlarm
                0x00005466                X12RtcClearStatus
                0x0000558c                X12RtcGetStatus
                0x00005612                X12Init
                0x0000587c                X12RtcWrite
                0x00005f86                X12RtcIncrementDate
                0x00005a54                X12RtcGetAlarm
                0x0000577a                X12EepromWrite
 .text          0x00006168      0x336 showtime.o
                0x000063d4                showAlarmTime
                0x00006168                showTimeNoSeconds
                0x00006276                showTimeAndDate
 .text          0x0000649e       0xc2 spidrv.o
                0x000064b4                SPIputByte
                0x000064dc                SPIinit
                0x000064be                SPIgetByte
                0x000064ac                SPIgetmode
                0x000064ce                SPItransferByte
                0x000064e4                SPIselect
                0x0000649e                SPIdeselect
                0x000064a6                SPImode
 .text          0x00006560       0x54 threads.o
                0x00006584                tone
                0x00006560                playTone
 .text          0x000065b4      0x11c uart0driver.o
                0x000066b8                Uart0DriverInit
                0x000065be                Uart0DriverStop
                0x000065b4                Uart0DriverGetStream
                0x000065d8                Uart0DriverSetCookedMode
                0x00006620                Uart0DriverStart
 .text          0x000066d0      0x83c vs10xx.o
                0x0000682a                VsSetBass
                0x0000671a                VsGetStatus
                0x00006940                VsBeepStart
                0x00006ab6                VsRegInfo
                0x000066fa                VsPlayerStop
                0x00006eac                VsMemoryTest
                0x00006c64                volume_up
                0x00006cc8                bass_down
                0x00006a90                VsGetVolume
                0x00006bf2                set_volume
                0x000066d0                VsPlayerInterrupts
                0x00006b62                showVolume
                0x00006c76                set_bass
                0x00006a04                VsPlayerReset
                0x000068aa                VsPlayerSetMode
                0x000068d6                VsBeepStartRaw
                0x00006cd8                bass_up
                0x00006960                VsBeep
                0x00006e84                VsPlayerKick
                0x0000672c                VsGetTypeHex
                0x00006ade                VsStreamValid
                0x00006c54                volume_down
                0x00006cea                VsPlayerInit
                0x000067d8                VsRegWrite
                0x0000686a                VsSetVolume
                0x00006770                VsBeepStop
                0x00006baa                showBass
                0x00006722                VsGetType
 .text          0x00006f0c       0xec watchdog.o
                0x00006f9a                WatchDogRestart
                0x00006fbe                WatchDogEnable
                0x00006f9e                WatchDogDisable
                0x00006f0c                WatchDogStart
 .text          0x00006ff8       0x58 c:/ethernut-4.3.3/build/gcc/atmega2561/lib/nutinit.o
                0x00006ffe                NutIdle
                0x00006ff8                NutThreadSetSleepMode
 .text          0x00007050     0x18b0 c:/ethernut-4.3.3/build/gcc/atmega2561/lib\libnutpro.a(dhcpc.o)
                0x00007192                NutDhcpRelease
                0x00007096                NutDhcpIsConfigured
                0x00007084                NutDhcpError
                0x0000707c                NutDhcpStatus
                0x000072d4                NutDhcpIfConfig
                0x00007168                NutDhcpInform
                0x00007bb8                NutDhcpClient
 .text          0x00008900      0x7f4 c:/ethernut-4.3.3/build/gcc/atmega2561/lib\libnutpro.a(resolv.o)
                0x00008af2                NutDnsGetResource
                0x00008934                NutGetDnsServers
                0x000090e0                NutDnsGetMxByDomain
                0x000090ea                NutDnsGetHostByName
                0x00008ad6                NutDnsConfig
                0x00008a02                NutDnsConfig2
 .text          0x000090f4      0x2ba c:/ethernut-4.3.3/build/gcc/atmega2561/lib\libnutpro.a(sntp.o)
                0x000092f8                SNTP_resync
                0x0000916a                NutSNTPGetTime
                0x000090f4                NutSNTPStartThread
 .text          0x000093ae      0xab0 c:/ethernut-4.3.3/build/gcc/atmega2561/lib\libnutnet.a(tcpsock.o)
                0x00009566                NutTcpDiscardBuffers
                0x0000950c                NutTcpDeviceIOCtl
                0x000093ae                NutTcpFindSocket
                0x000098de                NutTcpDeviceWrite
                0x00009ad6                NutTcpCloseSocket
                0x000095ca                NutTcpReceive
                0x00009cc6                NutTcpDestroySocket
                0x000097a6                NutTcpSend
                0x00009af4                NutTcpSetSockOpt
                0x00009d36                NutTcpConnect
                0x000094f6                NutTcpError
                0x00009a70                NutTcpDeviceWrite_P
                0x0000942c                NutTcpGetSockOpt
                0x00009c02                NutTcpCreateSocket
                0x00009d24                NutTcpAccept
                0x000097a0                NutTcpDeviceRead
 .text          0x00009e5e      0x2ba c:/ethernut-4.3.3/build/gcc/atmega2561/lib\libnutnet.a(udpsock.o)
                0x00009eb6                NutUdpGetSockOpt
                0x0000a044                NutUdpReceiveFrom
                0x00009eec                NutUdpDestroySocket
                0x00009e5e                NutUdpFindSocket
                0x00009f44                NutUdpSendTo
                0x00009e88                NutUdpSetSockOpt
                0x00009fc6                NutUdpCreateSocket
 .text          0x0000a118      0x33a c:/ethernut-4.3.3/build/gcc/atmega2561/lib\libnutnet.a(route.o)
                0x0000a406                NutIpRouteDelAll
                0x0000a2dc                NutIpRouteList
                0x0000a346                NutIpRouteDel
                0x0000a1ac                NutIpRouteQuery
                0x0000a1ee                NutIpRouteAdd
 .text          0x0000a452      0x184 c:/ethernut-4.3.3/build/gcc/atmega2561/lib\libnutnet.a(inet.o)
                0x0000a452                inet_addr
                0x0000a4fe                inet_ntoa
 .text          0x0000a5d6      0x36c c:/ethernut-4.3.3/build/gcc/atmega2561/lib\libnutnet.a(ifconfig.o)
                0x0000a7cc                NutNetIfConfig2
                0x0000a5d6                NutNetIfSetup
                0x0000a916                NutNetIfConfig
 .text          0x0000a942       0x84 c:/ethernut-4.3.3/build/gcc/atmega2561/lib\libnutnet.a(confnet.o)
                0x0000a942                NutNetSaveConfig
                0x0000a968                NutNetLoadConfig
 .text          0x0000a9c6      0x49c c:/ethernut-4.3.3/build/gcc/atmega2561/lib\libnutnet.a(tcpout.o)
                0x0000a9c6                NutTcpReject
                0x0000aaf6                NutTcpOutput
 .text          0x0000ae62     0x1146 c:/ethernut-4.3.3/build/gcc/atmega2561/lib\libnutnet.a(tcpsm.o)
                0x0000b256                NutTcpStatePassiveOpenEvent
                0x0000aec0                NutTcpInitStateMachine
                0x0000b5ea                NutTcpSm
                0x0000ae62                NutTcpAbortSocket
                0x0000b370                NutTcpStateRetranTimeout
                0x0000b21c                NutTcpStateActiveOpenEvent
                0x0000bf4a                NutTcpStateCloseEvent
                0x0000afb6                NutTcpStateWindowEvent
                0x0000aef8                NutTcpStateMachine
 .text          0x0000bfa8       0xc8 c:/ethernut-4.3.3/build/gcc/atmega2561/lib\libnutnet.a(tcputil.o)
                0x0000c002                NutTcpCalcRtt
                0x0000bfa8                IsInLimits
 .text          0x0000c070      0x132 c:/ethernut-4.3.3/build/gcc/atmega2561/lib\libnutnet.a(udpout.o)
                0x0000c070                NutUdpOutput
 .text          0x0000c1a2       0xde c:/ethernut-4.3.3/build/gcc/atmega2561/lib\libnutnet.a(ipcsum.o)
                0x0000c212                NutIpChkSum
                0x0000c1a2                NutIpChkSumPartial
                0x0000c21c                NutIpPseudoChkSumPartial
 .text          0x0000c280      0x292 c:/ethernut-4.3.3/build/gcc/atmega2561/lib\libnutnet.a(ipout.o)
                0x0000c280                NutIpOutput
 .text          0x0000c512      0x3e0 c:/ethernut-4.3.3/build/gcc/atmega2561/lib\libnutnet.a(arpcache.o)
                0x0000c6f6                NutArpCacheQuery
                0x0000c694                NutArpCacheUpdate
 .text          0x0000c8f2      0x112 c:/ethernut-4.3.3/build/gcc/atmega2561/lib\libnutnet.a(arpout.o)
                0x0000c950                NutArpAllocNetBuf
                0x0000c8f2                NutArpOutput
 .text          0x0000ca04      0x202 c:/ethernut-4.3.3/build/gcc/atmega2561/lib\libnutos.a(heap.o)
                0x0000cbd2                NutHeapAvailable
                0x0000caea                NutHeapFree
                0x0000ca04                NutHeapAlloc
                0x0000cbc4                NutHeapAdd
                0x0000cbdc                NutHeapAllocClear
 .text          0x0000cc06      0x436 c:/ethernut-4.3.3/build/gcc/atmega2561/lib\libnutos.a(bankmem.o)
                0x0000cd44                NutSegBufWriteCommit
                0x0000cfe4                NutSegBufUsed
                0x0000ce88                NutSegBufWriteLast
                0x0000cc06                NutSegBufReset
                0x0000cff6                NutBufRemovePage
                0x0000cc7a                NutSegBufWriteRequest
                0x0000cdd4                NutSegBufReadCommit
                0x0000ccd2                NutSegBufReadRequest
                0x0000cfba                NutSegBufAvailable
                0x0000cf0e                NutSegBufReadLast
                0x0000cc44                NutSegBufInit
 .text          0x0000d03c      0x308 c:/ethernut-4.3.3/build/gcc/atmega2561/lib\libnutos.a(thread.o)
                0x0000d14e                NutThreadWake
                0x0000d20c                NutThreadSetPriority
                0x0000d1a2                NutThreadDestroy
                0x0000d282                NutThreadExit
                0x0000d0d8                NutThreadRemoveQueue
                0x0000d03c                NutThreadAddPriQueue
                0x0000d28a                NutThreadResume
                0x0000d1c0                NutThreadKill
                0x0000d314                NutThreadYield
                0x0000d164                GetThreadByName
 .text          0x0000d344      0x68c c:/ethernut-4.3.3/build/gcc/atmega2561/lib\libnutos.a(timer.o)
                0x0000d3a0                NutDelay
                0x0000d5c4                NutSleep
                0x0000d4c6                NutGetTickCount
                0x0000d59e                NutTimerStart
                0x0000d7a8                NutTimerProcessElapsed
                0x0000d446                NutTimerStop
                0x0000d8c0                NutTimerInit
                0x0000d670                NutGetMillis
                0x0000d768                NutGetSeconds
                0x0000d36c                NutMicroDelay
                0x0000d3bc                NutTimerInsert
                0x0000d580                NutTimerStartTicks
                0x0000d4e2                NutTimerCreate
 .text          0x0000d9d0      0x2b8 c:/ethernut-4.3.3/build/gcc/atmega2561/lib\libnutos.a(event.o)
                0x0000dad8                NutEventBroadcast
                0x0000db94                NutEventWait
                0x0000da6e                NutEventBroadcastAsync
                0x0000dc66                NutEventWaitNext
                0x0000d9d0                NutEventPostAsync
                0x0000daee                NutEventPost
                0x0000db04                NutEventTimeout
 .text          0x0000dc88       0x90 c:/ethernut-4.3.3/build/gcc/atmega2561/lib\libnutos.a(devreg.o)
                0x0000dcc0                NutRegisterDevice
                0x0000dc88                NutDeviceLookup
 .text          0x0000dd18       0x6a c:/ethernut-4.3.3/build/gcc/atmega2561/lib\libnutos.a(confos.o)
                0x0000dd4a                NutLoadConfig
                0x0000dd18                NutSaveConfig
 .text          0x0000dd82       0x10 c:/ethernut-4.3.3/build/gcc/atmega2561/lib\libnutos.a(version.o)
                0x0000dd8c                NutVersionString
                0x0000dd82                NutVersion
 .text          0x0000dd92      0x18c c:/ethernut-4.3.3/build/gcc/atmega2561/lib\libnutdev.a(ihndlr.o)
                0x0000dd92                CallHandler
                0x0000deaa                NutIrqSetMode
                0x0000ddee                NutIrqEnable
                0x0000de12                NutIrqDisable
                0x0000de36                NutIrqSetPriority
                0x0000ddae                NutRegisterIrqHandler
 .text          0x0000df1e      0x310 c:/ethernut-4.3.3/build/gcc/atmega2561/lib\libnutdev.a(netbuf.o)
                0x0000df74                NutNetBufAlloc
                0x0000e132                NutNetBufClone
                0x0000e104                NutNetBufFree
 .text          0x0000e22e        0xc c:/ethernut-4.3.3/build/gcc/atmega2561/lib\libnutdev.a(nvmem.o)
                0x0000e234                NutNvMemLoad
                0x0000e22e                NutNvMemSave
 .text          0x0000e23a      0x1cc c:/ethernut-4.3.3/build/gcc/atmega2561/lib\libnutarch.a(context_gcc.o)
                0x0000e2c8                NutThreadCreate
                0x0000e27e                thread_start
                0x0000e24a                NutThreadSwitch
 .text          0x0000e406       0x96 c:/ethernut-4.3.3/build/gcc/atmega2561/lib\libnutarch.a(ostimer.o)
                0x0000e418                NutGetTickClock
                0x0000e422                NutRegisterTimer
                0x0000e46c                NutTimerMillisToTicks
                0x0000e406                NutGetCpuClock
 .text          0x0000e49c      0x178 c:/ethernut-4.3.3/build/gcc/atmega2561/lib\libnutarch.a(ih_int4.o)
                0x0000e5c8                __vector_5
 .text          0x0000e614      0x178 c:/ethernut-4.3.3/build/gcc/atmega2561/lib\libnutarch.a(ih_int6.o)
                0x0000e740                __vector_7
 .text          0x0000e78c       0xec c:/ethernut-4.3.3/build/gcc/atmega2561/lib\libnutarch.a(ih_timer0_ovf.o)
                0x0000e82c                __vector_23
 .text          0x0000e878       0xec c:/ethernut-4.3.3/build/gcc/atmega2561/lib\libnutarch.a(ih_timer2_comp.o)
                0x0000e918                __vector_13
 .text          0x0000e964      0x112 c:/ethernut-4.3.3/build/gcc/atmega2561/lib\libnutarch.a(debug0.o)
 .text          0x0000ea76        0x0 c:/ethernut-4.3.3/build/gcc/atmega2561/lib\libnutarch.a(uart0.o)
 .text          0x0000ea76      0xaee c:/ethernut-4.3.3/build/gcc/atmega2561/lib\libnutarch.a(uartavr.o)
                0x0000f3fc                UartAvrWrite_P
                0x0000f40c                UartAvrWrite
                0x0000ec14                UartAvrOpen
                0x0000f14a                UartAvrInit
                0x0000f25a                UartAvrFlush
                0x0000ebe8                UartAvrSize
                0x0000ec0a                UartAvrClose
                0x0000f2ac                UartAvrPut
                0x0000f478                UartAvrRead
                0x0000ecc4                UartAvrIOCtl
                0x0000eb62                UartAvrOutput
                0x0000f41c                UartAvrInput
 .text          0x0000f564        0x0 c:/ethernut-4.3.3/build/gcc/atmega2561/lib\libnutarch.a(eth0rtl.o)
 .text          0x0000f564      0x9ba c:/ethernut-4.3.3/build/gcc/atmega2561/lib\libnutarch.a(twif.o)
                0x0000fdde                TwMasterTransact
                0x0000fbd6                TwInit
                0x0000fc5a                TwSlaveRespond
                0x0000fd1c                TwSlaveListen
                0x0000fa1a                TwMasterError
                0x0000fa32                TwIOCtl
                0x0000fa26                TwSlaveError
 .text          0x0000ff1e       0x60 c:/ethernut-4.3.3/build/gcc/atmega2561/lib\libnutarch.a(eeprom.o)
                0x0000ff1e                OnChipNvMemSave
                0x0000ff5e                OnChipNvMemLoad
 .text          0x0000ff7e       0xf4 c:/ethernut-4.3.3/build/gcc/atmega2561/lib\libnutarch.a(ih_twi.o)
                0x00010026                __vector_39
 .text          0x00010072       0xf4 c:/ethernut-4.3.3/build/gcc/atmega2561/lib\libnutarch.a(ih_usart0_rx.o)
                0x0001011a                __vector_25
 .text          0x00010166       0xf6 c:/ethernut-4.3.3/build/gcc/atmega2561/lib\libnutarch.a(ih_usart0_tx.o)
                0x00010210                __vector_27
 .text          0x0001025c       0xf4 c:/ethernut-4.3.3/build/gcc/atmega2561/lib\libnutarch.a(ih_usart1_rx.o)
                0x00010304                __vector_36
 .text          0x00010350       0xf6 c:/ethernut-4.3.3/build/gcc/atmega2561/lib\libnutarch.a(ih_usart1_tx.o)
                0x000103fa                __vector_38
 .text          0x00010446      0x79a c:/ethernut-4.3.3/build/gcc/atmega2561/lib\libnutarch.a(nicrtl.o)
                0x00010832                NicInit
                0x000109fe                NicRx
                0x000108dc                NicOutput
 .text          0x00010be0      0x172 c:/ethernut-4.3.3/build/gcc/atmega2561/lib\libnutarch.a(ih_int5.o)
                0x00010d06                __vector_6
 .text          0x00010d52       0x5c c:/ethernut-4.3.3/build/gcc/atmega2561/lib\libnutnet.a(ethin.o)
                0x00010d52                NutEtherInput
 .text          0x00010dae       0xb6 c:/ethernut-4.3.3/build/gcc/atmega2561/lib\libnutnet.a(ethout.o)
                0x00010dae                NutEtherOutput
 .text          0x00010e64      0x1ec c:/ethernut-4.3.3/build/gcc/atmega2561/lib\libnutnet.a(ipin.o)
                0x00010e6e                NutIpInput
                0x00010e64                NutIpSetInputFilter
 .text          0x00011050       0xd4 c:/ethernut-4.3.3/build/gcc/atmega2561/lib\libnutnet.a(icmpin.o)
                0x00011050                NutIcmpInput
 .text          0x00011124      0x186 c:/ethernut-4.3.3/build/gcc/atmega2561/lib\libnutnet.a(icmpout.o)
                0x00011124                NutIcmpOutput
                0x0001118c                NutIcmpReply
                0x00011200                NutIcmpResponse
 .text          0x000112aa       0x30 c:/ethernut-4.3.3/build/gcc/atmega2561/lib\libnutnet.a(igmpin.o)
                0x000112aa                NutIgmpInput
 .text          0x000112da       0xd2 c:/ethernut-4.3.3/build/gcc/atmega2561/lib\libnutnet.a(arpin.o)
                0x000112da                NutArpInput
 .text          0x000113ac       0x66 c:/ethernut-4.3.3/build/gcc/atmega2561/lib\libnutnet.a(tcpin.o)
                0x000113ac                NutTcpInput
 .text          0x00011412       0xe8 c:/ethernut-4.3.3/build/gcc/atmega2561/lib\libnutnet.a(udpin.o)
                0x00011412                NutUdpInput
 .text          0x000114fa       0x2c c:/ethernut-4.3.3/build/gcc/atmega2561/lib\libnutcrt.a(close.o)
                0x000114fa                _close
 .text          0x00011526       0x24 c:/ethernut-4.3.3/build/gcc/atmega2561/lib\libnutcrt.a(ioctl.o)
                0x00011526                _ioctl
 .text          0x0001154a       0xb0 c:/ethernut-4.3.3/build/gcc/atmega2561/lib\libnutcrt.a(open.o)
                0x0001154a                _open
 .text          0x000115fa       0x80 c:/ethernut-4.3.3/build/gcc/atmega2561/lib\libnutcrt.a(fclose.o)
                0x000115fa                fclose
 .text          0x0001167a       0xa2 c:/ethernut-4.3.3/build/gcc/atmega2561/lib\libnutcrt.a(fdopen.o)
                0x0001167a                _fdopen
 .text          0x0001171c       0x22 c:/ethernut-4.3.3/build/gcc/atmega2561/lib\libnutcrt.a(fflush.o)
                0x0001171c                fflush
 .text          0x0001173e        0x8 c:/ethernut-4.3.3/build/gcc/atmega2561/lib\libnutcrt.a(fileno.o)
                0x0001173e                _fileno
 .text          0x00011746       0x58 c:/ethernut-4.3.3/build/gcc/atmega2561/lib\libnutcrt.a(fmode.o)
                0x00011746                _fmode
 .text          0x0001179e       0xb8 c:/ethernut-4.3.3/build/gcc/atmega2561/lib\libnutcrt.a(fopen.o)
                0x0001179e                fopen
 .text          0x00011856       0xd6 c:/ethernut-4.3.3/build/gcc/atmega2561/lib\libnutcrt.a(freopen.o)
                0x00011856                freopen
 .text          0x0001192c       0x56 c:/ethernut-4.3.3/build/gcc/atmega2561/lib\libnutcrt.a(fgets.o)
                0x0001192c                fgets
 .text          0x00011982       0x92 c:/ethernut-4.3.3/build/gcc/atmega2561/lib\libnutcrt.a(fread.o)
                0x00011982                fread
 .text          0x00011a14       0x3c c:/ethernut-4.3.3/build/gcc/atmega2561/lib\libnutcrt.a(fprintf.o)
                0x00011a14                fprintf
 .text          0x00011a50       0x50 c:/ethernut-4.3.3/build/gcc/atmega2561/lib\libnutcrt.a(fputc.o)
                0x00011a50                fputc
 .text          0x00011aa0       0x22 c:/ethernut-4.3.3/build/gcc/atmega2561/lib\libnutcrt.a(fputs.o)
                0x00011aa0                fputs
 .text          0x00011ac2       0x40 c:/ethernut-4.3.3/build/gcc/atmega2561/lib\libnutcrt.a(printf.o)
                0x00011ac2                printf
 .text          0x00011b02        0xe c:/ethernut-4.3.3/build/gcc/atmega2561/lib\libnutcrt.a(putchar.o)
                0x00011b02                putchar
 .text          0x00011b10       0x2e c:/ethernut-4.3.3/build/gcc/atmega2561/lib\libnutcrt.a(puts.o)
                0x00011b10                puts
 .text          0x00011b3e       0x16 c:/ethernut-4.3.3/build/gcc/atmega2561/lib\libnutcrt.a(vfprintf.o)
                0x00011b3e                vfprintf
 .text          0x00011b54       0x28 c:/ethernut-4.3.3/build/gcc/atmega2561/lib\libnutcrt.a(fputs_p.o)
                0x00011b54                fputs_P
 .text          0x00011b7c       0x72 c:/ethernut-4.3.3/build/gcc/atmega2561/lib\libnutcrt.a(vfprintf_p.o)
                0x00011b7c                vfprintf_P
 .text          0x00011bee       0x3c c:/ethernut-4.3.3/build/gcc/atmega2561/lib\libnutcrt.a(sprintf.o)
                0x00011bee                sprintf
 .text          0x00011c2a       0x72 c:/ethernut-4.3.3/build/gcc/atmega2561/lib\libnutcrt.a(vsprintf.o)
                0x00011c2a                vsprintf
 .text          0x00011c9c      0x35c c:/ethernut-4.3.3/build/gcc/atmega2561/lib\libnutcrt.a(localtim.o)
                0x00011fe0                localtime
                0x00011c9c                localtime_r
 .text          0x00011ff8       0x80 c:/ethernut-4.3.3/build/gcc/atmega2561/lib\libnutcrt.a(time.o)
                0x00012034                time
                0x00011ff8                stime
 .text          0x00012078      0x4d6 c:/ethernut-4.3.3/build/gcc/atmega2561/lib\libnutcrt.a(tzset.o)
                0x00012382                _isindst
 .text          0x0001254e        0x0 c:/ethernut-4.3.3/build/gcc/atmega2561/lib\libnutcrt.a(errno.o)
 .text          0x0001254e       0x20 c:/ethernut-4.3.3/build/gcc/atmega2561/lib\libnutcrt.a(malloc.o)
                0x00012554                malloc
                0x0001254e                free
 .text          0x0001256e       0x26 c:/ethernut-4.3.3/build/gcc/atmega2561/lib\libnutcrt.a(read.o)
                0x0001256e                _read
 .text          0x00012594      0x6f2 c:/ethernut-4.3.3/build/gcc/atmega2561/lib\libnutcrt.a(putf.o)
                0x000125e4                _putf
 .text          0x00012c86       0x26 c:/ethernut-4.3.3/build/gcc/atmega2561/lib\libnutcrt.a(write.o)
                0x00012c86                _write
 .text          0x00012cac       0x26 c:/ethernut-4.3.3/build/gcc/atmega2561/lib\libnutcrt.a(write_p.o)
                0x00012cac                _write_P
 .text          0x00012cd2       0x78 c:/ethernut-4.3.3/build/gcc/atmega2561/lib\libnutcrt.a(fgetc.o)
                0x00012cd2                fgetc
 .text          0x00012d4a      0x294 c:/ethernut-4.3.3/build/gcc/atmega2561/lib\libnutcrt.a(gmtime.o)
                0x00012d4a                gmtime_r
                0x00012fc6                gmtime
 .text          0x00012fde        0x0 c:/winavr-20070525/bin/../lib/gcc/avr/4.1.2/avr6\libgcc.a(_mulsi3.o)
 .text          0x00012fde        0x0 c:/winavr-20070525/bin/../lib/gcc/avr/4.1.2/avr6\libgcc.a(_udivmodqi4.o)
 .text          0x00012fde        0x0 c:/winavr-20070525/bin/../lib/gcc/avr/4.1.2/avr6\libgcc.a(_udivmodhi4.o)
 .text          0x00012fde        0x0 c:/winavr-20070525/bin/../lib/gcc/avr/4.1.2/avr6\libgcc.a(_divmodhi4.o)
 .text          0x00012fde        0x0 c:/winavr-20070525/bin/../lib/gcc/avr/4.1.2/avr6\libgcc.a(_udivmodsi4.o)
 .text          0x00012fde        0x0 c:/winavr-20070525/bin/../lib/gcc/avr/4.1.2/avr6\libgcc.a(_divmodsi4.o)
 .text          0x00012fde        0x0 c:/winavr-20070525/bin/../lib/gcc/avr/4.1.2/avr6\libgcc.a(_exit.o)
 .text          0x00012fde        0x0 c:/winavr-20070525/bin/../lib/gcc/avr/4.1.2/avr6\libgcc.a(_clear_bss.o)
 .text          0x00012fde       0x4e c:/winavr-20070525/bin/../lib/gcc/avr/4.1.2/../../../../avr/lib/avr6\libc.a(atol.o)
                0x00012fde                atol
 .text          0x0001302c        0x0 c:/winavr-20070525/bin/../lib/gcc/avr/4.1.2/../../../../avr/lib/avr6\libc.a(toupper.o)
 .text          0x0001302c       0x12 c:/winavr-20070525/bin/../lib/gcc/avr/4.1.2/../../../../avr/lib/avr6\libc.a(memcpy_P.o)
                0x0001302c                memcpy_P
 .text          0x0001303e        0xe c:/winavr-20070525/bin/../lib/gcc/avr/4.1.2/../../../../avr/lib/avr6\libc.a(strcpy_P.o)
                0x0001303e                strcpy_P
 .text          0x0001304c       0x12 c:/winavr-20070525/bin/../lib/gcc/avr/4.1.2/../../../../avr/lib/avr6\libc.a(strlen_P.o)
                0x0001304c                strlen_P
 .text          0x0001305e       0x1a c:/winavr-20070525/bin/../lib/gcc/avr/4.1.2/../../../../avr/lib/avr6\libc.a(memchr.o)
                0x0001305e                memchr
 .text          0x00013078       0x1a c:/winavr-20070525/bin/../lib/gcc/avr/4.1.2/../../../../avr/lib/avr6\libc.a(memcmp.o)
                0x00013078                memcmp
 .text          0x00013092       0x12 c:/winavr-20070525/bin/../lib/gcc/avr/4.1.2/../../../../avr/lib/avr6\libc.a(memcpy.o)
                0x00013092                memcpy
 .text          0x000130a4        0xe c:/winavr-20070525/bin/../lib/gcc/avr/4.1.2/../../../../avr/lib/avr6\libc.a(memset.o)
                0x000130a4                memset
 .text          0x000130b2       0x16 c:/winavr-20070525/bin/../lib/gcc/avr/4.1.2/../../../../avr/lib/avr6\libc.a(strchr.o)
                0x000130b2                strchr
 .text          0x000130c8       0x12 c:/winavr-20070525/bin/../lib/gcc/avr/4.1.2/../../../../avr/lib/avr6\libc.a(strcmp.o)
                0x000130c8                strcmp
 .text          0x000130da        0xe c:/winavr-20070525/bin/../lib/gcc/avr/4.1.2/../../../../avr/lib/avr6\libc.a(strcpy.o)
                0x000130da                strcpy
 .text          0x000130e8       0x1c c:/winavr-20070525/bin/../lib/gcc/avr/4.1.2/../../../../avr/lib/avr6\libc.a(strncmp.o)
                0x000130e8                strncmp
 .text          0x00013104       0x2a c:/winavr-20070525/bin/../lib/gcc/avr/4.1.2/../../../../avr/lib/avr6\libc.a(mulsi10.o)
                0x00013104                __mulsi_const_10
 .text          0x0001312e        0x0 c:/winavr-20070525/bin/../lib/gcc/avr/4.1.2/../../../../avr/lib/avr6\libc.a(ee_rb.1F2021.o)
 .text          0x0001312e        0x0 c:/winavr-20070525/bin/../lib/gcc/avr/4.1.2/../../../../avr/lib/avr6\libc.a(ee_wb.1F2021.o)
 .text          0x0001312e        0x0 c:/winavr-20070525/bin/../lib/gcc/avr/4.1.2/../../../../avr/lib/avr6\libc.a(isalpha.o)
 .text          0x0001312e        0x0 c:/winavr-20070525/bin/../lib/gcc/avr/4.1.2/../../../../avr/lib/avr6\libc.a(cty_isfalse.o)
                0x0001312e                . = ALIGN (0x2)
 *(.text.*)
 .text.libgcc   0x0001312e       0x3e c:/winavr-20070525/bin/../lib/gcc/avr/4.1.2/avr6\libgcc.a(_mulsi3.o)
                0x0001312e                __mulsi3
 .text.libgcc   0x0001316c       0x18 c:/winavr-20070525/bin/../lib/gcc/avr/4.1.2/avr6\libgcc.a(_udivmodqi4.o)
                0x0001316c                __udivmodqi4
 .text.libgcc   0x00013184       0x28 c:/winavr-20070525/bin/../lib/gcc/avr/4.1.2/avr6\libgcc.a(_udivmodhi4.o)
                0x00013184                __udivmodhi4
 .text.libgcc   0x000131ac       0x26 c:/winavr-20070525/bin/../lib/gcc/avr/4.1.2/avr6\libgcc.a(_divmodhi4.o)
                0x000131ac                __divmodhi4
                0x000131ac                _div
 .text.libgcc   0x000131d2       0x44 c:/winavr-20070525/bin/../lib/gcc/avr/4.1.2/avr6\libgcc.a(_udivmodsi4.o)
                0x000131d2                __udivmodsi4
 .text.libgcc   0x00013216       0x36 c:/winavr-20070525/bin/../lib/gcc/avr/4.1.2/avr6\libgcc.a(_divmodsi4.o)
                0x00013216                __divmodsi4
 .text.libgcc   0x0001324c        0x0 c:/winavr-20070525/bin/../lib/gcc/avr/4.1.2/avr6\libgcc.a(_exit.o)
 .text.libgcc   0x0001324c        0x0 c:/winavr-20070525/bin/../lib/gcc/avr/4.1.2/avr6\libgcc.a(_clear_bss.o)
 .text.ctype    0x0001324c        0xc c:/winavr-20070525/bin/../lib/gcc/avr/4.1.2/../../../../avr/lib/avr6\libc.a(toupper.o)
                0x0001324c                toupper
 .text.eeprom   0x00013258       0x10 c:/winavr-20070525/bin/../lib/gcc/avr/4.1.2/../../../../avr/lib/avr6\libc.a(ee_rb.1F2021.o)
                0x00013258                __eeprom_read_byte_1F2021
 .text.eeprom   0x00013268       0x18 c:/winavr-20070525/bin/../lib/gcc/avr/4.1.2/../../../../avr/lib/avr6\libc.a(ee_wb.1F2021.o)
                0x00013268                __eeprom_write_byte_1F2021
 .text.ctype    0x00013280       0x14 c:/winavr-20070525/bin/../lib/gcc/avr/4.1.2/../../../../avr/lib/avr6\libc.a(isalpha.o)
                0x00013286                islower
                0x00013280                isupper
                0x00013284                isalpha
 .text.ctype    0x00013294        0x6 c:/winavr-20070525/bin/../lib/gcc/avr/4.1.2/../../../../avr/lib/avr6\libc.a(cty_isfalse.o)
                0x00013298                __ctype_istrue
                0x00013294                __ctype_isfalse
                0x0001329a                . = ALIGN (0x2)
 *(.fini9)
 .fini9         0x0001329a        0x0 c:/winavr-20070525/bin/../lib/gcc/avr/4.1.2/avr6\libgcc.a(_exit.o)
                0x0001329a                exit
                0x0001329a                _exit
 *(.fini9)
 *(.fini8)
 *(.fini8)
 *(.fini7)
 *(.fini7)
 *(.fini6)
 *(.fini6)
 *(.fini5)
 *(.fini5)
 *(.fini4)
 *(.fini4)
 *(.fini3)
 *(.fini3)
 *(.fini2)
 *(.fini2)
 *(.fini1)
 *(.fini1)
 *(.fini0)
 .fini0         0x0001329a        0x2 c:/winavr-20070525/bin/../lib/gcc/avr/4.1.2/avr6\libgcc.a(_exit.o)
 *(.fini0)
                0x0001329c                _etext = .

.data           0x00800200      0x96e load address 0x0001329c
                0x00800200                PROVIDE (__data_start, .)
 *(.data)
 .data          0x00800200        0x0 c:/winavr-20070525/bin/../lib/gcc/avr/4.1.2/../../../../avr/lib/avr6/crtm2561.o
 .data          0x00800200        0x0 alarm.o
 .data          0x00800200      0x3ef audiostream.o
 .data          0x008005ef        0x0 display.o
 .data          0x008005ef       0x64 fat.o
                0x008005ef                devFAT
                0x00800612                devFATMMC0
 .data          0x00800653       0x50 flash.o
                0x00800653                at45_devt
 .data          0x008006a3        0x0 keyboard.o
 .data          0x008006a3        0x0 led.o
 .data          0x008006a3       0x10 log.o
 .data          0x008006b3      0x115 main.o
 .data          0x008007c8       0xac memory.o
 .data          0x00800874       0x4c menu.o
 .data          0x008008c0        0x0 mmc.o
 .data          0x008008c0        0x0 mmcdrv.o
 .data          0x008008c0       0xb7 NTP.o
 .data          0x00800977        0x0 remcon.o
 .data          0x00800977        0x0 rtc.o
 .data          0x00800977       0x1d showtime.o
 .data          0x00800994        0x0 spidrv.o
 .data          0x00800994        0x0 threads.o
 .data          0x00800994        0x0 uart0driver.o
 .data          0x00800994       0x1e vs10xx.o
 .data          0x008009b2        0x0 watchdog.o
 .data          0x008009b2       0x14 c:/ethernut-4.3.3/build/gcc/atmega2561/lib/nutinit.o
                0x008009c5                idle_sleep_mode
 .data          0x008009c6        0x6 c:/ethernut-4.3.3/build/gcc/atmega2561/lib\libnutpro.a(dhcpc.o)
 .data          0x008009cc        0x0 c:/ethernut-4.3.3/build/gcc/atmega2561/lib\libnutpro.a(resolv.o)
 .data          0x008009cc        0x6 c:/ethernut-4.3.3/build/gcc/atmega2561/lib\libnutpro.a(sntp.o)
 .data          0x008009d2        0x2 c:/ethernut-4.3.3/build/gcc/atmega2561/lib\libnutnet.a(tcpsock.o)
 .data          0x008009d4        0x2 c:/ethernut-4.3.3/build/gcc/atmega2561/lib\libnutnet.a(udpsock.o)
 .data          0x008009d6        0x0 c:/ethernut-4.3.3/build/gcc/atmega2561/lib\libnutnet.a(route.o)
 .data          0x008009d6        0x0 c:/ethernut-4.3.3/build/gcc/atmega2561/lib\libnutnet.a(inet.o)
 .data          0x008009d6        0xe c:/ethernut-4.3.3/build/gcc/atmega2561/lib\libnutnet.a(ifconfig.o)
 .data          0x008009e4        0x0 c:/ethernut-4.3.3/build/gcc/atmega2561/lib\libnutnet.a(confnet.o)
 .data          0x008009e4        0x0 c:/ethernut-4.3.3/build/gcc/atmega2561/lib\libnutnet.a(tcpout.o)
 .data          0x008009e4        0x6 c:/ethernut-4.3.3/build/gcc/atmega2561/lib\libnutnet.a(tcpsm.o)
 .data          0x008009ea        0x0 c:/ethernut-4.3.3/build/gcc/atmega2561/lib\libnutnet.a(tcputil.o)
 .data          0x008009ea        0x0 c:/ethernut-4.3.3/build/gcc/atmega2561/lib\libnutnet.a(udpout.o)
 .data          0x008009ea        0x0 c:/ethernut-4.3.3/build/gcc/atmega2561/lib\libnutnet.a(ipcsum.o)
 .data          0x008009ea        0x0 c:/ethernut-4.3.3/build/gcc/atmega2561/lib\libnutnet.a(ipout.o)
 .data          0x008009ea        0x0 c:/ethernut-4.3.3/build/gcc/atmega2561/lib\libnutnet.a(arpcache.o)
 .data          0x008009ea        0x0 c:/ethernut-4.3.3/build/gcc/atmega2561/lib\libnutnet.a(arpout.o)
 .data          0x008009ea        0x0 c:/ethernut-4.3.3/build/gcc/atmega2561/lib\libnutos.a(heap.o)
 .data          0x008009ea        0x0 c:/ethernut-4.3.3/build/gcc/atmega2561/lib\libnutos.a(bankmem.o)
 .data          0x008009ea        0x0 c:/ethernut-4.3.3/build/gcc/atmega2561/lib\libnutos.a(thread.o)
 .data          0x008009ea        0x0 c:/ethernut-4.3.3/build/gcc/atmega2561/lib\libnutos.a(timer.o)
 .data          0x008009ea        0x0 c:/ethernut-4.3.3/build/gcc/atmega2561/lib\libnutos.a(event.o)
 .data          0x008009ea        0x0 c:/ethernut-4.3.3/build/gcc/atmega2561/lib\libnutos.a(devreg.o)
 .data          0x008009ea        0x0 c:/ethernut-4.3.3/build/gcc/atmega2561/lib\libnutos.a(confos.o)
 .data          0x008009ea       0x11 c:/ethernut-4.3.3/build/gcc/atmega2561/lib\libnutos.a(version.o)
 .data          0x008009fb        0x0 c:/ethernut-4.3.3/build/gcc/atmega2561/lib\libnutdev.a(ihndlr.o)
 .data          0x008009fb        0x0 c:/ethernut-4.3.3/build/gcc/atmega2561/lib\libnutdev.a(netbuf.o)
 .data          0x008009fb        0x0 c:/ethernut-4.3.3/build/gcc/atmega2561/lib\libnutdev.a(nvmem.o)
 .data          0x008009fb        0x0 c:/ethernut-4.3.3/build/gcc/atmega2561/lib\libnutarch.a(context_gcc.o)
 .data          0x008009fb        0x0 c:/ethernut-4.3.3/build/gcc/atmega2561/lib\libnutarch.a(ostimer.o)
 .data          0x008009fb        0x6 c:/ethernut-4.3.3/build/gcc/atmega2561/lib\libnutarch.a(ih_int4.o)
                0x008009fb                sig_INTERRUPT4
 .data          0x00800a01        0x6 c:/ethernut-4.3.3/build/gcc/atmega2561/lib\libnutarch.a(ih_int6.o)
                0x00800a01                sig_INTERRUPT6
 .data          0x00800a07        0x6 c:/ethernut-4.3.3/build/gcc/atmega2561/lib\libnutarch.a(ih_timer0_ovf.o)
                0x00800a07                sig_OVERFLOW0
 .data          0x00800a0d        0x6 c:/ethernut-4.3.3/build/gcc/atmega2561/lib\libnutarch.a(ih_timer2_comp.o)
                0x00800a0d                sig_OUTPUT_COMPARE2
 .data          0x00800a13       0x23 c:/ethernut-4.3.3/build/gcc/atmega2561/lib\libnutarch.a(debug0.o)
                0x00800a13                devDebug0
 .data          0x00800a36       0x23 c:/ethernut-4.3.3/build/gcc/atmega2561/lib\libnutarch.a(uart0.o)
                0x00800a36                devUart0
 .data          0x00800a59        0x0 c:/ethernut-4.3.3/build/gcc/atmega2561/lib\libnutarch.a(uartavr.o)
 .data          0x00800a59       0x46 c:/ethernut-4.3.3/build/gcc/atmega2561/lib\libnutarch.a(eth0rtl.o)
                0x00800a59                devEth0
 .data          0x00800a9f        0x0 c:/ethernut-4.3.3/build/gcc/atmega2561/lib\libnutarch.a(twif.o)
 .data          0x00800a9f        0x0 c:/ethernut-4.3.3/build/gcc/atmega2561/lib\libnutarch.a(eeprom.o)
 .data          0x00800a9f        0x6 c:/ethernut-4.3.3/build/gcc/atmega2561/lib\libnutarch.a(ih_twi.o)
                0x00800a9f                sig_2WIRE_SERIAL
 .data          0x00800aa5        0x6 c:/ethernut-4.3.3/build/gcc/atmega2561/lib\libnutarch.a(ih_usart0_rx.o)
                0x00800aa5                sig_UART0_RECV
 .data          0x00800aab        0x6 c:/ethernut-4.3.3/build/gcc/atmega2561/lib\libnutarch.a(ih_usart0_tx.o)
                0x00800aab                sig_UART0_TRANS
 .data          0x00800ab1        0x6 c:/ethernut-4.3.3/build/gcc/atmega2561/lib\libnutarch.a(ih_usart1_rx.o)
                0x00800ab1                sig_UART1_RECV
 .data          0x00800ab7        0x6 c:/ethernut-4.3.3/build/gcc/atmega2561/lib\libnutarch.a(ih_usart1_tx.o)
                0x00800ab7                sig_UART1_TRANS
 .data          0x00800abd        0x5 c:/ethernut-4.3.3/build/gcc/atmega2561/lib\libnutarch.a(nicrtl.o)
 .data          0x00800ac2        0x6 c:/ethernut-4.3.3/build/gcc/atmega2561/lib\libnutarch.a(ih_int5.o)
                0x00800ac2                sig_INTERRUPT5
 .data          0x00800ac8        0x0 c:/ethernut-4.3.3/build/gcc/atmega2561/lib\libnutnet.a(ethin.o)
 .data          0x00800ac8        0x0 c:/ethernut-4.3.3/build/gcc/atmega2561/lib\libnutnet.a(ethout.o)
 .data          0x00800ac8        0x0 c:/ethernut-4.3.3/build/gcc/atmega2561/lib\libnutnet.a(ipin.o)
 .data          0x00800ac8        0x0 c:/ethernut-4.3.3/build/gcc/atmega2561/lib\libnutnet.a(icmpin.o)
 .data          0x00800ac8        0x0 c:/ethernut-4.3.3/build/gcc/atmega2561/lib\libnutnet.a(icmpout.o)
 .data          0x00800ac8        0x0 c:/ethernut-4.3.3/build/gcc/atmega2561/lib\libnutnet.a(igmpin.o)
 .data          0x00800ac8        0x0 c:/ethernut-4.3.3/build/gcc/atmega2561/lib\libnutnet.a(arpin.o)
 .data          0x00800ac8        0x0 c:/ethernut-4.3.3/build/gcc/atmega2561/lib\libnutnet.a(tcpin.o)
 .data          0x00800ac8        0x0 c:/ethernut-4.3.3/build/gcc/atmega2561/lib\libnutnet.a(udpin.o)
 .data          0x00800ac8        0x0 c:/ethernut-4.3.3/build/gcc/atmega2561/lib\libnutcrt.a(close.o)
 .data          0x00800ac8        0x0 c:/ethernut-4.3.3/build/gcc/atmega2561/lib\libnutcrt.a(ioctl.o)
 .data          0x00800ac8        0x0 c:/ethernut-4.3.3/build/gcc/atmega2561/lib\libnutcrt.a(open.o)
 .data          0x00800ac8        0x0 c:/ethernut-4.3.3/build/gcc/atmega2561/lib\libnutcrt.a(fclose.o)
 .data          0x00800ac8        0x0 c:/ethernut-4.3.3/build/gcc/atmega2561/lib\libnutcrt.a(fdopen.o)
 .data          0x00800ac8        0x0 c:/ethernut-4.3.3/build/gcc/atmega2561/lib\libnutcrt.a(fflush.o)
 .data          0x00800ac8        0x0 c:/ethernut-4.3.3/build/gcc/atmega2561/lib\libnutcrt.a(fileno.o)
 .data          0x00800ac8        0x0 c:/ethernut-4.3.3/build/gcc/atmega2561/lib\libnutcrt.a(fmode.o)
 .data          0x00800ac8       0x10 c:/ethernut-4.3.3/build/gcc/atmega2561/lib\libnutcrt.a(fopen.o)
                0x00800ac8                __iob
 .data          0x00800ad8        0x0 c:/ethernut-4.3.3/build/gcc/atmega2561/lib\libnutcrt.a(freopen.o)
 .data          0x00800ad8        0x0 c:/ethernut-4.3.3/build/gcc/atmega2561/lib\libnutcrt.a(fgets.o)
 .data          0x00800ad8        0x0 c:/ethernut-4.3.3/build/gcc/atmega2561/lib\libnutcrt.a(fread.o)
 .data          0x00800ad8        0x0 c:/ethernut-4.3.3/build/gcc/atmega2561/lib\libnutcrt.a(fprintf.o)
 .data          0x00800ad8        0x0 c:/ethernut-4.3.3/build/gcc/atmega2561/lib\libnutcrt.a(fputc.o)
 .data          0x00800ad8        0x0 c:/ethernut-4.3.3/build/gcc/atmega2561/lib\libnutcrt.a(fputs.o)
 .data          0x00800ad8        0x0 c:/ethernut-4.3.3/build/gcc/atmega2561/lib\libnutcrt.a(printf.o)
 .data          0x00800ad8        0x0 c:/ethernut-4.3.3/build/gcc/atmega2561/lib\libnutcrt.a(putchar.o)
 .data          0x00800ad8        0x0 c:/ethernut-4.3.3/build/gcc/atmega2561/lib\libnutcrt.a(puts.o)
 .data          0x00800ad8        0x0 c:/ethernut-4.3.3/build/gcc/atmega2561/lib\libnutcrt.a(vfprintf.o)
 .data          0x00800ad8        0x0 c:/ethernut-4.3.3/build/gcc/atmega2561/lib\libnutcrt.a(fputs_p.o)
 .data          0x00800ad8        0x0 c:/ethernut-4.3.3/build/gcc/atmega2561/lib\libnutcrt.a(vfprintf_p.o)
 .data          0x00800ad8        0x0 c:/ethernut-4.3.3/build/gcc/atmega2561/lib\libnutcrt.a(sprintf.o)
 .data          0x00800ad8        0x0 c:/ethernut-4.3.3/build/gcc/atmega2561/lib\libnutcrt.a(vsprintf.o)
 .data          0x00800ad8        0x0 c:/ethernut-4.3.3/build/gcc/atmega2561/lib\libnutcrt.a(localtim.o)
 .data          0x00800ad8        0x0 c:/ethernut-4.3.3/build/gcc/atmega2561/lib\libnutcrt.a(time.o)
 .data          0x00800ad8       0x19 c:/ethernut-4.3.3/build/gcc/atmega2561/lib\libnutcrt.a(tzset.o)
                0x00800ad8                _daylight
                0x00800ad9                _dstbias
                0x00800add                _timezone
 .data          0x00800af1        0x0 c:/ethernut-4.3.3/build/gcc/atmega2561/lib\libnutcrt.a(errno.o)
 .data          0x00800af1        0x0 c:/ethernut-4.3.3/build/gcc/atmega2561/lib\libnutcrt.a(malloc.o)
 .data          0x00800af1        0x0 c:/ethernut-4.3.3/build/gcc/atmega2561/lib\libnutcrt.a(read.o)
 .data          0x00800af1       0x49 c:/ethernut-4.3.3/build/gcc/atmega2561/lib\libnutcrt.a(putf.o)
 .data          0x00800b3a        0x0 c:/ethernut-4.3.3/build/gcc/atmega2561/lib\libnutcrt.a(write.o)
 .data          0x00800b3a        0x0 c:/ethernut-4.3.3/build/gcc/atmega2561/lib\libnutcrt.a(write_p.o)
 .data          0x00800b3a        0x0 c:/ethernut-4.3.3/build/gcc/atmega2561/lib\libnutcrt.a(fgetc.o)
 .data          0x00800b3a       0x34 c:/ethernut-4.3.3/build/gcc/atmega2561/lib\libnutcrt.a(gmtime.o)
                0x00800b3a                _lpdays
                0x00800b54                _days
 .data          0x00800b6e        0x0 c:/winavr-20070525/bin/../lib/gcc/avr/4.1.2/avr6\libgcc.a(_mulsi3.o)
 .data          0x00800b6e        0x0 c:/winavr-20070525/bin/../lib/gcc/avr/4.1.2/avr6\libgcc.a(_udivmodqi4.o)
 .data          0x00800b6e        0x0 c:/winavr-20070525/bin/../lib/gcc/avr/4.1.2/avr6\libgcc.a(_udivmodhi4.o)
 .data          0x00800b6e        0x0 c:/winavr-20070525/bin/../lib/gcc/avr/4.1.2/avr6\libgcc.a(_divmodhi4.o)
 .data          0x00800b6e        0x0 c:/winavr-20070525/bin/../lib/gcc/avr/4.1.2/avr6\libgcc.a(_udivmodsi4.o)
 .data          0x00800b6e        0x0 c:/winavr-20070525/bin/../lib/gcc/avr/4.1.2/avr6\libgcc.a(_divmodsi4.o)
 .data          0x00800b6e        0x0 c:/winavr-20070525/bin/../lib/gcc/avr/4.1.2/avr6\libgcc.a(_exit.o)
 .data          0x00800b6e        0x0 c:/winavr-20070525/bin/../lib/gcc/avr/4.1.2/avr6\libgcc.a(_clear_bss.o)
 .data          0x00800b6e        0x0 c:/winavr-20070525/bin/../lib/gcc/avr/4.1.2/../../../../avr/lib/avr6\libc.a(atol.o)
 .data          0x00800b6e        0x0 c:/winavr-20070525/bin/../lib/gcc/avr/4.1.2/../../../../avr/lib/avr6\libc.a(toupper.o)
 .data          0x00800b6e        0x0 c:/winavr-20070525/bin/../lib/gcc/avr/4.1.2/../../../../avr/lib/avr6\libc.a(memcpy_P.o)
 .data          0x00800b6e        0x0 c:/winavr-20070525/bin/../lib/gcc/avr/4.1.2/../../../../avr/lib/avr6\libc.a(strcpy_P.o)
 .data          0x00800b6e        0x0 c:/winavr-20070525/bin/../lib/gcc/avr/4.1.2/../../../../avr/lib/avr6\libc.a(strlen_P.o)
 .data          0x00800b6e        0x0 c:/winavr-20070525/bin/../lib/gcc/avr/4.1.2/../../../../avr/lib/avr6\libc.a(memchr.o)
 .data          0x00800b6e        0x0 c:/winavr-20070525/bin/../lib/gcc/avr/4.1.2/../../../../avr/lib/avr6\libc.a(memcmp.o)
 .data          0x00800b6e        0x0 c:/winavr-20070525/bin/../lib/gcc/avr/4.1.2/../../../../avr/lib/avr6\libc.a(memcpy.o)
 .data          0x00800b6e        0x0 c:/winavr-20070525/bin/../lib/gcc/avr/4.1.2/../../../../avr/lib/avr6\libc.a(memset.o)
 .data          0x00800b6e        0x0 c:/winavr-20070525/bin/../lib/gcc/avr/4.1.2/../../../../avr/lib/avr6\libc.a(strchr.o)
 .data          0x00800b6e        0x0 c:/winavr-20070525/bin/../lib/gcc/avr/4.1.2/../../../../avr/lib/avr6\libc.a(strcmp.o)
 .data          0x00800b6e        0x0 c:/winavr-20070525/bin/../lib/gcc/avr/4.1.2/../../../../avr/lib/avr6\libc.a(strcpy.o)
 .data          0x00800b6e        0x0 c:/winavr-20070525/bin/../lib/gcc/avr/4.1.2/../../../../avr/lib/avr6\libc.a(strncmp.o)
 .data          0x00800b6e        0x0 c:/winavr-20070525/bin/../lib/gcc/avr/4.1.2/../../../../avr/lib/avr6\libc.a(mulsi10.o)
 .data          0x00800b6e        0x0 c:/winavr-20070525/bin/../lib/gcc/avr/4.1.2/../../../../avr/lib/avr6\libc.a(ee_rb.1F2021.o)
 .data          0x00800b6e        0x0 c:/winavr-20070525/bin/../lib/gcc/avr/4.1.2/../../../../avr/lib/avr6\libc.a(ee_wb.1F2021.o)
 .data          0x00800b6e        0x0 c:/winavr-20070525/bin/../lib/gcc/avr/4.1.2/../../../../avr/lib/avr6\libc.a(isalpha.o)
 .data          0x00800b6e        0x0 c:/winavr-20070525/bin/../lib/gcc/avr/4.1.2/../../../../avr/lib/avr6\libc.a(cty_isfalse.o)
 *(.data*)
 *(.rodata)
 *(.rodata*)
 *(.gnu.linkonce.d*)
                0x00800b6e                . = ALIGN (0x2)
                0x00800b6e                _edata = .
                0x00800b6e                PROVIDE (__data_end, .)

.bss            0x00800b6e      0x44c
                0x00800b6e                PROVIDE (__bss_start, .)
 *(.bss)
 .bss           0x00800b6e        0x0 c:/winavr-20070525/bin/../lib/gcc/avr/4.1.2/../../../../avr/lib/avr6/crtm2561.o
 .bss           0x00800b6e        0x0 alarm.o
 .bss           0x00800b6e        0x0 audiostream.o
 .bss           0x00800b6e        0x0 display.o
 .bss           0x00800b6e       0x70 fat.o
 .bss           0x00800bde        0xa flash.o
 .bss           0x00800be8       0x18 keyboard.o
 .bss           0x00800c00        0x1 led.o
 .bss           0x00800c01        0x3 log.o
 .bss           0x00800c04        0x6 main.o
                0x00800c06                theSnoozes
                0x00800c08                aantalSnoozes
                0x00800c04                aan
 .bss           0x00800c0a        0x0 memory.o
 .bss           0x00800c0a        0x4 menu.o
                0x00800c0c                head
                0x00800c0a                currentMenuItem
 .bss           0x00800c0e        0x7 mmc.o
 .bss           0x00800c15        0xf mmcdrv.o
 .bss           0x00800c24        0x0 NTP.o
 .bss           0x00800c24        0x2 remcon.o
 .bss           0x00800c26        0x4 rtc.o
 .bss           0x00800c2a        0x0 showtime.o
 .bss           0x00800c2a        0x1 spidrv.o
 .bss           0x00800c2b        0x0 threads.o
 .bss           0x00800c2b        0x2 uart0driver.o
 .bss           0x00800c2d        0x3 vs10xx.o
 .bss           0x00800c30        0x2 watchdog.o
 .bss           0x00800c32        0x1 c:/ethernut-4.3.3/build/gcc/atmega2561/lib/nutinit.o
                0x00800c32                ms62_5
 .bss           0x00800c33       0x13 c:/ethernut-4.3.3/build/gcc/atmega2561/lib\libnutpro.a(dhcpc.o)
 .bss           0x00800c46        0xc c:/ethernut-4.3.3/build/gcc/atmega2561/lib\libnutpro.a(resolv.o)
 .bss           0x00800c52        0x0 c:/ethernut-4.3.3/build/gcc/atmega2561/lib\libnutpro.a(sntp.o)
 .bss           0x00800c52        0x3 c:/ethernut-4.3.3/build/gcc/atmega2561/lib\libnutnet.a(tcpsock.o)
                0x00800c52                tcpSocketList
 .bss           0x00800c55        0x0 c:/ethernut-4.3.3/build/gcc/atmega2561/lib\libnutnet.a(udpsock.o)
 .bss           0x00800c55        0x0 c:/ethernut-4.3.3/build/gcc/atmega2561/lib\libnutnet.a(route.o)
 .bss           0x00800c55       0x10 c:/ethernut-4.3.3/build/gcc/atmega2561/lib\libnutnet.a(inet.o)
 .bss           0x00800c65        0x0 c:/ethernut-4.3.3/build/gcc/atmega2561/lib\libnutnet.a(ifconfig.o)
 .bss           0x00800c65        0x0 c:/ethernut-4.3.3/build/gcc/atmega2561/lib\libnutnet.a(confnet.o)
 .bss           0x00800c65        0x0 c:/ethernut-4.3.3/build/gcc/atmega2561/lib\libnutnet.a(tcpout.o)
 .bss           0x00800c65        0x4 c:/ethernut-4.3.3/build/gcc/atmega2561/lib\libnutnet.a(tcpsm.o)
 .bss           0x00800c69        0x0 c:/ethernut-4.3.3/build/gcc/atmega2561/lib\libnutnet.a(tcputil.o)
 .bss           0x00800c69        0x0 c:/ethernut-4.3.3/build/gcc/atmega2561/lib\libnutnet.a(udpout.o)
 .bss           0x00800c69        0x0 c:/ethernut-4.3.3/build/gcc/atmega2561/lib\libnutnet.a(ipcsum.o)
 .bss           0x00800c69        0x0 c:/ethernut-4.3.3/build/gcc/atmega2561/lib\libnutnet.a(ipout.o)
 .bss           0x00800c69        0x4 c:/ethernut-4.3.3/build/gcc/atmega2561/lib\libnutnet.a(arpcache.o)
 .bss           0x00800c6d        0x0 c:/ethernut-4.3.3/build/gcc/atmega2561/lib\libnutnet.a(arpout.o)
 .bss           0x00800c6d        0x2 c:/ethernut-4.3.3/build/gcc/atmega2561/lib\libnutos.a(heap.o)
 .bss           0x00800c6f       0x13 c:/ethernut-4.3.3/build/gcc/atmega2561/lib\libnutos.a(bankmem.o)
 .bss           0x00800c82        0x0 c:/ethernut-4.3.3/build/gcc/atmega2561/lib\libnutos.a(thread.o)
 .bss           0x00800c82        0x4 c:/ethernut-4.3.3/build/gcc/atmega2561/lib\libnutos.a(timer.o)
 .bss           0x00800c86        0x0 c:/ethernut-4.3.3/build/gcc/atmega2561/lib\libnutos.a(event.o)
 .bss           0x00800c86        0x2 c:/ethernut-4.3.3/build/gcc/atmega2561/lib\libnutos.a(devreg.o)
                0x00800c86                nutDeviceList
 .bss           0x00800c88        0x0 c:/ethernut-4.3.3/build/gcc/atmega2561/lib\libnutos.a(confos.o)
 .bss           0x00800c88        0x0 c:/ethernut-4.3.3/build/gcc/atmega2561/lib\libnutos.a(version.o)
 .bss           0x00800c88        0x0 c:/ethernut-4.3.3/build/gcc/atmega2561/lib\libnutdev.a(ihndlr.o)
 .bss           0x00800c88        0x0 c:/ethernut-4.3.3/build/gcc/atmega2561/lib\libnutdev.a(netbuf.o)
 .bss           0x00800c88        0x0 c:/ethernut-4.3.3/build/gcc/atmega2561/lib\libnutdev.a(nvmem.o)
 .bss           0x00800c88        0x0 c:/ethernut-4.3.3/build/gcc/atmega2561/lib\libnutarch.a(context_gcc.o)
 .bss           0x00800c88        0x4 c:/ethernut-4.3.3/build/gcc/atmega2561/lib\libnutarch.a(ostimer.o)
 .bss           0x00800c8c        0x0 c:/ethernut-4.3.3/build/gcc/atmega2561/lib\libnutarch.a(ih_int4.o)
 .bss           0x00800c8c        0x0 c:/ethernut-4.3.3/build/gcc/atmega2561/lib\libnutarch.a(ih_int6.o)
 .bss           0x00800c8c        0x0 c:/ethernut-4.3.3/build/gcc/atmega2561/lib\libnutarch.a(ih_timer0_ovf.o)
 .bss           0x00800c8c        0x0 c:/ethernut-4.3.3/build/gcc/atmega2561/lib\libnutarch.a(ih_timer2_comp.o)
 .bss           0x00800c8c        0x6 c:/ethernut-4.3.3/build/gcc/atmega2561/lib\libnutarch.a(debug0.o)
 .bss           0x00800c92      0x21c c:/ethernut-4.3.3/build/gcc/atmega2561/lib\libnutarch.a(uart0.o)
 .bss           0x00800eae        0x0 c:/ethernut-4.3.3/build/gcc/atmega2561/lib\libnutarch.a(uartavr.o)
 .bss           0x00800eae       0x26 c:/ethernut-4.3.3/build/gcc/atmega2561/lib\libnutarch.a(eth0rtl.o)
 .bss           0x00800ed4       0x1f c:/ethernut-4.3.3/build/gcc/atmega2561/lib\libnutarch.a(twif.o)
 .bss           0x00800ef3        0x0 c:/ethernut-4.3.3/build/gcc/atmega2561/lib\libnutarch.a(eeprom.o)
 .bss           0x00800ef3        0x0 c:/ethernut-4.3.3/build/gcc/atmega2561/lib\libnutarch.a(ih_twi.o)
 .bss           0x00800ef3        0x0 c:/ethernut-4.3.3/build/gcc/atmega2561/lib\libnutarch.a(ih_usart0_rx.o)
 .bss           0x00800ef3        0x0 c:/ethernut-4.3.3/build/gcc/atmega2561/lib\libnutarch.a(ih_usart0_tx.o)
 .bss           0x00800ef3        0x0 c:/ethernut-4.3.3/build/gcc/atmega2561/lib\libnutarch.a(ih_usart1_rx.o)
 .bss           0x00800ef3        0x0 c:/ethernut-4.3.3/build/gcc/atmega2561/lib\libnutarch.a(ih_usart1_tx.o)
 .bss           0x00800ef3        0x0 c:/ethernut-4.3.3/build/gcc/atmega2561/lib\libnutarch.a(nicrtl.o)
 .bss           0x00800ef3        0x0 c:/ethernut-4.3.3/build/gcc/atmega2561/lib\libnutarch.a(ih_int5.o)
 .bss           0x00800ef3        0x0 c:/ethernut-4.3.3/build/gcc/atmega2561/lib\libnutnet.a(ethin.o)
 .bss           0x00800ef3        0x0 c:/ethernut-4.3.3/build/gcc/atmega2561/lib\libnutnet.a(ethout.o)
 .bss           0x00800ef3        0x2 c:/ethernut-4.3.3/build/gcc/atmega2561/lib\libnutnet.a(ipin.o)
 .bss           0x00800ef5        0x0 c:/ethernut-4.3.3/build/gcc/atmega2561/lib\libnutnet.a(icmpin.o)
 .bss           0x00800ef5        0x0 c:/ethernut-4.3.3/build/gcc/atmega2561/lib\libnutnet.a(icmpout.o)
 .bss           0x00800ef5        0x0 c:/ethernut-4.3.3/build/gcc/atmega2561/lib\libnutnet.a(igmpin.o)
 .bss           0x00800ef5        0x0 c:/ethernut-4.3.3/build/gcc/atmega2561/lib\libnutnet.a(arpin.o)
 .bss           0x00800ef5        0x0 c:/ethernut-4.3.3/build/gcc/atmega2561/lib\libnutnet.a(tcpin.o)
 .bss           0x00800ef5        0x0 c:/ethernut-4.3.3/build/gcc/atmega2561/lib\libnutnet.a(udpin.o)
 .bss           0x00800ef5        0x0 c:/ethernut-4.3.3/build/gcc/atmega2561/lib\libnutcrt.a(close.o)
 .bss           0x00800ef5        0x0 c:/ethernut-4.3.3/build/gcc/atmega2561/lib\libnutcrt.a(ioctl.o)
 .bss           0x00800ef5        0x0 c:/ethernut-4.3.3/build/gcc/atmega2561/lib\libnutcrt.a(open.o)
 .bss           0x00800ef5        0x0 c:/ethernut-4.3.3/build/gcc/atmega2561/lib\libnutcrt.a(fclose.o)
 .bss           0x00800ef5        0x0 c:/ethernut-4.3.3/build/gcc/atmega2561/lib\libnutcrt.a(fdopen.o)
 .bss           0x00800ef5        0x0 c:/ethernut-4.3.3/build/gcc/atmega2561/lib\libnutcrt.a(fflush.o)
 .bss           0x00800ef5        0x0 c:/ethernut-4.3.3/build/gcc/atmega2561/lib\libnutcrt.a(fileno.o)
 .bss           0x00800ef5        0x0 c:/ethernut-4.3.3/build/gcc/atmega2561/lib\libnutcrt.a(fmode.o)
 .bss           0x00800ef5        0x0 c:/ethernut-4.3.3/build/gcc/atmega2561/lib\libnutcrt.a(fopen.o)
 .bss           0x00800ef5        0x0 c:/ethernut-4.3.3/build/gcc/atmega2561/lib\libnutcrt.a(freopen.o)
 .bss           0x00800ef5        0x0 c:/ethernut-4.3.3/build/gcc/atmega2561/lib\libnutcrt.a(fgets.o)
 .bss           0x00800ef5        0x0 c:/ethernut-4.3.3/build/gcc/atmega2561/lib\libnutcrt.a(fread.o)
 .bss           0x00800ef5        0x0 c:/ethernut-4.3.3/build/gcc/atmega2561/lib\libnutcrt.a(fprintf.o)
 .bss           0x00800ef5        0x0 c:/ethernut-4.3.3/build/gcc/atmega2561/lib\libnutcrt.a(fputc.o)
 .bss           0x00800ef5        0x0 c:/ethernut-4.3.3/build/gcc/atmega2561/lib\libnutcrt.a(fputs.o)
 .bss           0x00800ef5        0x0 c:/ethernut-4.3.3/build/gcc/atmega2561/lib\libnutcrt.a(printf.o)
 .bss           0x00800ef5        0x0 c:/ethernut-4.3.3/build/gcc/atmega2561/lib\libnutcrt.a(putchar.o)
 .bss           0x00800ef5        0x0 c:/ethernut-4.3.3/build/gcc/atmega2561/lib\libnutcrt.a(puts.o)
 .bss           0x00800ef5        0x0 c:/ethernut-4.3.3/build/gcc/atmega2561/lib\libnutcrt.a(vfprintf.o)
 .bss           0x00800ef5        0x0 c:/ethernut-4.3.3/build/gcc/atmega2561/lib\libnutcrt.a(fputs_p.o)
 .bss           0x00800ef5        0x0 c:/ethernut-4.3.3/build/gcc/atmega2561/lib\libnutcrt.a(vfprintf_p.o)
 .bss           0x00800ef5        0x0 c:/ethernut-4.3.3/build/gcc/atmega2561/lib\libnutcrt.a(sprintf.o)
 .bss           0x00800ef5        0x0 c:/ethernut-4.3.3/build/gcc/atmega2561/lib\libnutcrt.a(vsprintf.o)
 .bss           0x00800ef5        0x0 c:/ethernut-4.3.3/build/gcc/atmega2561/lib\libnutcrt.a(localtim.o)
 .bss           0x00800ef5        0x4 c:/ethernut-4.3.3/build/gcc/atmega2561/lib\libnutcrt.a(time.o)
 .bss           0x00800ef9        0x0 c:/ethernut-4.3.3/build/gcc/atmega2561/lib\libnutcrt.a(tzset.o)
 .bss           0x00800ef9        0x0 c:/ethernut-4.3.3/build/gcc/atmega2561/lib\libnutcrt.a(errno.o)
 .bss           0x00800ef9        0x0 c:/ethernut-4.3.3/build/gcc/atmega2561/lib\libnutcrt.a(malloc.o)
 .bss           0x00800ef9        0x0 c:/ethernut-4.3.3/build/gcc/atmega2561/lib\libnutcrt.a(read.o)
 .bss           0x00800ef9        0x0 c:/ethernut-4.3.3/build/gcc/atmega2561/lib\libnutcrt.a(putf.o)
 .bss           0x00800ef9        0x0 c:/ethernut-4.3.3/build/gcc/atmega2561/lib\libnutcrt.a(write.o)
 .bss           0x00800ef9        0x0 c:/ethernut-4.3.3/build/gcc/atmega2561/lib\libnutcrt.a(write_p.o)
 .bss           0x00800ef9        0x0 c:/ethernut-4.3.3/build/gcc/atmega2561/lib\libnutcrt.a(fgetc.o)
 .bss           0x00800ef9        0x0 c:/ethernut-4.3.3/build/gcc/atmega2561/lib\libnutcrt.a(gmtime.o)
 .bss           0x00800ef9        0x0 c:/winavr-20070525/bin/../lib/gcc/avr/4.1.2/avr6\libgcc.a(_mulsi3.o)
 .bss           0x00800ef9        0x0 c:/winavr-20070525/bin/../lib/gcc/avr/4.1.2/avr6\libgcc.a(_udivmodqi4.o)
 .bss           0x00800ef9        0x0 c:/winavr-20070525/bin/../lib/gcc/avr/4.1.2/avr6\libgcc.a(_udivmodhi4.o)
 .bss           0x00800ef9        0x0 c:/winavr-20070525/bin/../lib/gcc/avr/4.1.2/avr6\libgcc.a(_divmodhi4.o)
 .bss           0x00800ef9        0x0 c:/winavr-20070525/bin/../lib/gcc/avr/4.1.2/avr6\libgcc.a(_udivmodsi4.o)
 .bss           0x00800ef9        0x0 c:/winavr-20070525/bin/../lib/gcc/avr/4.1.2/avr6\libgcc.a(_divmodsi4.o)
 .bss           0x00800ef9        0x0 c:/winavr-20070525/bin/../lib/gcc/avr/4.1.2/avr6\libgcc.a(_exit.o)
 .bss           0x00800ef9        0x0 c:/winavr-20070525/bin/../lib/gcc/avr/4.1.2/avr6\libgcc.a(_clear_bss.o)
 .bss           0x00800ef9        0x0 c:/winavr-20070525/bin/../lib/gcc/avr/4.1.2/../../../../avr/lib/avr6\libc.a(atol.o)
 .bss           0x00800ef9        0x0 c:/winavr-20070525/bin/../lib/gcc/avr/4.1.2/../../../../avr/lib/avr6\libc.a(toupper.o)
 .bss           0x00800ef9        0x0 c:/winavr-20070525/bin/../lib/gcc/avr/4.1.2/../../../../avr/lib/avr6\libc.a(memcpy_P.o)
 .bss           0x00800ef9        0x0 c:/winavr-20070525/bin/../lib/gcc/avr/4.1.2/../../../../avr/lib/avr6\libc.a(strcpy_P.o)
 .bss           0x00800ef9        0x0 c:/winavr-20070525/bin/../lib/gcc/avr/4.1.2/../../../../avr/lib/avr6\libc.a(strlen_P.o)
 .bss           0x00800ef9        0x0 c:/winavr-20070525/bin/../lib/gcc/avr/4.1.2/../../../../avr/lib/avr6\libc.a(memchr.o)
 .bss           0x00800ef9        0x0 c:/winavr-20070525/bin/../lib/gcc/avr/4.1.2/../../../../avr/lib/avr6\libc.a(memcmp.o)
 .bss           0x00800ef9        0x0 c:/winavr-20070525/bin/../lib/gcc/avr/4.1.2/../../../../avr/lib/avr6\libc.a(memcpy.o)
 .bss           0x00800ef9        0x0 c:/winavr-20070525/bin/../lib/gcc/avr/4.1.2/../../../../avr/lib/avr6\libc.a(memset.o)
 .bss           0x00800ef9        0x0 c:/winavr-20070525/bin/../lib/gcc/avr/4.1.2/../../../../avr/lib/avr6\libc.a(strchr.o)
 .bss           0x00800ef9        0x0 c:/winavr-20070525/bin/../lib/gcc/avr/4.1.2/../../../../avr/lib/avr6\libc.a(strcmp.o)
 .bss           0x00800ef9        0x0 c:/winavr-20070525/bin/../lib/gcc/avr/4.1.2/../../../../avr/lib/avr6\libc.a(strcpy.o)
 .bss           0x00800ef9        0x0 c:/winavr-20070525/bin/../lib/gcc/avr/4.1.2/../../../../avr/lib/avr6\libc.a(strncmp.o)
 .bss           0x00800ef9        0x0 c:/winavr-20070525/bin/../lib/gcc/avr/4.1.2/../../../../avr/lib/avr6\libc.a(mulsi10.o)
 .bss           0x00800ef9        0x0 c:/winavr-20070525/bin/../lib/gcc/avr/4.1.2/../../../../avr/lib/avr6\libc.a(ee_rb.1F2021.o)
 .bss           0x00800ef9        0x0 c:/winavr-20070525/bin/../lib/gcc/avr/4.1.2/../../../../avr/lib/avr6\libc.a(ee_wb.1F2021.o)
 .bss           0x00800ef9        0x0 c:/winavr-20070525/bin/../lib/gcc/avr/4.1.2/../../../../avr/lib/avr6\libc.a(isalpha.o)
 .bss           0x00800ef9        0x0 c:/winavr-20070525/bin/../lib/gcc/avr/4.1.2/../../../../avr/lib/avr6\libc.a(cty_isfalse.o)
 *(.bss*)
 *(COMMON)
 COMMON         0x00800ef9        0x6 audiostream.o
                0x00800ef9                yorick
                0x00800efb                STOP_THREAD
                0x00800efd                radio_3fm
 COMMON         0x00800eff        0xb memory.o
                0x00800eff                uconf
 COMMON         0x00800f0a        0x4 showtime.o
                0x00800f0a                oldTime
                0x00800f0c                oldDate
 COMMON         0x00800f0e       0x40 c:/ethernut-4.3.3/build/gcc/atmega2561/lib/nutinit.o
                0x00800f0e                nutmem_onchip
 COMMON         0x00800f4e        0x2 c:/ethernut-4.3.3/build/gcc/atmega2561/lib\libnutnet.a(udpsock.o)
                0x00800f4e                udpSocketList
 COMMON         0x00800f50        0x2 c:/ethernut-4.3.3/build/gcc/atmega2561/lib\libnutnet.a(route.o)
                0x00800f50                rteList
 COMMON         0x00800f52        0x1 c:/ethernut-4.3.3/build/gcc/atmega2561/lib\libnutnet.a(ifconfig.o)
                0x00800f52                ppp_hackup
 COMMON         0x00800f53       0x20 c:/ethernut-4.3.3/build/gcc/atmega2561/lib\libnutnet.a(confnet.o)
                0x00800f53                confnet
 COMMON         0x00800f73        0x4 c:/ethernut-4.3.3/build/gcc/atmega2561/lib\libnutnet.a(tcpsm.o)
                0x00800f73                tcp_in_nbq
                0x00800f75                tcp_in_rdy
 COMMON         0x00800f77        0x2 c:/ethernut-4.3.3/build/gcc/atmega2561/lib\libnutos.a(heap.o)
                0x00800f77                heapFreeList
 COMMON         0x00800f79        0x8 c:/ethernut-4.3.3/build/gcc/atmega2561/lib\libnutos.a(thread.o)
                0x00800f79                nutThreadList
                0x00800f7b                runQueue
                0x00800f7d                runningThread
                0x00800f7f                killedThread
 COMMON         0x00800f81        0xa c:/ethernut-4.3.3/build/gcc/atmega2561/lib\libnutos.a(timer.o)
                0x00800f81                nut_delay_loops
                0x00800f85                nutTimerList
                0x00800f87                nut_ticks
 COMMON         0x00800f8b       0x13 c:/ethernut-4.3.3/build/gcc/atmega2561/lib\libnutos.a(confos.o)
                0x00800f8b                confos
 COMMON         0x00800f9e        0x8 c:/ethernut-4.3.3/build/gcc/atmega2561/lib\libnutarch.a(twif.o)
                0x00800f9e                tw_mm_mutex
                0x00800fa0                tw_mm_que
                0x00800fa2                tw_sr_que
                0x00800fa4                tw_st_que
 COMMON         0x00800fa6        0x2 c:/ethernut-4.3.3/build/gcc/atmega2561/lib\libnutcrt.a(errno.o)
                0x00800fa6                errno
 COMMON         0x00800fa8       0x12 c:/ethernut-4.3.3/build/gcc/atmega2561/lib\libnutcrt.a(gmtime.o)
                0x00800fa8                _tb
                0x00800fba                PROVIDE (__bss_end, .)
                0x0001329c                __data_load_start = LOADADDR (.data)
                0x00013c0a                __data_load_end = (__data_load_start + SIZEOF (.data))

.noinit         0x00800fba        0x0
                0x00800fba                PROVIDE (__noinit_start, .)
 *(.noinit*)
                0x00800fba                PROVIDE (__noinit_end, .)
                0x00800fba                _end = .
                0x00800fba                PROVIDE (__heap_start, .)

.eeprom         0x00810000        0x0
 *(.eeprom*)
                0x00810000                __eeprom_end = .

.stab           0x00000000      0x414
 *(.stab)
 .stab          0x00000000      0x414 c:/winavr-20070525/bin/../lib/gcc/avr/4.1.2/../../../../avr/lib/avr6/crtm2561.o

.stabstr        0x00000000       0x71
 *(.stabstr)
 .stabstr       0x00000000       0x71 c:/winavr-20070525/bin/../lib/gcc/avr/4.1.2/../../../../avr/lib/avr6/crtm2561.o

.stab.excl
 *(.stab.excl)

.stab.exclstr
 *(.stab.exclstr)

.stab.index
 *(.stab.index)

.stab.indexstr
 *(.stab.indexstr)

.comment
 *(.comment)

.debug
 *(.debug)

.line
 *(.line)

.debug_srcinfo
 *(.debug_srcinfo)

.debug_sfnames
 *(.debug_sfnames)

.debug_aranges
 *(.debug_aranges)

.debug_pubnames
 *(.debug_pubnames)

.debug_info
 *(.debug_info)
 *(.gnu.linkonce.wi.*)

.debug_abbrev
 *(.debug_abbrev)

.debug_line
 *(.debug_line)

.debug_frame
 *(.debug_frame)

.debug_str
 *(.debug_str)

.debug_loc
 *(.debug_loc)

.debug_macinfo
 *(.debug_macinfo)
OUTPUT(ipac.elf elf32-avr)
LOAD linker stubs

Cross Reference Table

Symbol                                            File
AddChildNode                                      menu.o
AddL1Node                                         menu.o
At45dbChipErase                                   flash.o
At45dbGetStatus                                   flash.o
At45dbInit                                        flash.o
At45dbPageErase                                   flash.o
At45dbPageRead                                    flash.o
At45dbPageWrite                                   flash.o
At45dbSendCmd                                     flash.o
At45dbWaitReady                                   flash.o
CallHandler                                       c:/ethernut-4.3.3/build/gcc/atmega2561/lib\libnutdev.a(ihndlr.o)
                                                  c:/ethernut-4.3.3/build/gcc/atmega2561/lib\libnutarch.a(ih_int5.o)
                                                  c:/ethernut-4.3.3/build/gcc/atmega2561/lib\libnutarch.a(ih_usart1_tx.o)
                                                  c:/ethernut-4.3.3/build/gcc/atmega2561/lib\libnutarch.a(ih_usart1_rx.o)
                                                  c:/ethernut-4.3.3/build/gcc/atmega2561/lib\libnutarch.a(ih_usart0_tx.o)
                                                  c:/ethernut-4.3.3/build/gcc/atmega2561/lib\libnutarch.a(ih_usart0_rx.o)
                                                  c:/ethernut-4.3.3/build/gcc/atmega2561/lib\libnutarch.a(ih_twi.o)
                                                  c:/ethernut-4.3.3/build/gcc/atmega2561/lib\libnutarch.a(ih_timer2_comp.o)
                                                  c:/ethernut-4.3.3/build/gcc/atmega2561/lib\libnutarch.a(ih_timer0_ovf.o)
                                                  c:/ethernut-4.3.3/build/gcc/atmega2561/lib\libnutarch.a(ih_int6.o)
                                                  c:/ethernut-4.3.3/build/gcc/atmega2561/lib\libnutarch.a(ih_int4.o)
CardCheckCard                                     mmc.o
                                                  main.o
CardCheckPresent                                  mmc.o
CardClose                                         mmc.o
CardInit                                          mmc.o
                                                  main.o
CardInitCard                                      mmc.o
CardPresent                                       mmc.o
CardStatus                                        mmc.o
ChildNode                                         menu.o
ConfigureLan                                      audiostream.o
ConnectStation                                    audiostream.o
FATFileRead                                       fat.o
FATFileSize                                       fat.o
FATFree                                           fat.o
FATIOCtl                                          fat.o
FATLock                                           fat.o
FATRelease                                        fat.o
                                                  mmc.o
FATSemaInit                                       fat.o
GetThreadByName                                   c:/ethernut-4.3.3/build/gcc/atmega2561/lib\libnutos.a(thread.o)
                                                  mmc.o
HexDump                                           log.o
IsInLimits                                        c:/ethernut-4.3.3/build/gcc/atmega2561/lib\libnutnet.a(tcputil.o)
                                                  c:/ethernut-4.3.3/build/gcc/atmega2561/lib\libnutnet.a(tcpsm.o)
KbGetKey                                          keyboard.o
                                                  main.o
KbInit                                            keyboard.o
                                                  main.o
KbInjectKey                                       keyboard.o
                                                  mmc.o
KbScan                                            keyboard.o
                                                  main.o
KbSetKeyRepeating                                 keyboard.o
KbWaitForKeyEvent                                 keyboard.o
LcdBackLight                                      display.o
                                                  main.o
LcdChar                                           display.o
                                                  showtime.o
LcdClear                                          display.o
                                                  main.o
LcdCursorBlink                                    display.o
                                                  main.o
LcdCursorOff                                      display.o
                                                  main.o
LcdDDRamStartPos                                  display.o
                                                  vs10xx.o
                                                  showtime.o
                                                  menu.o
                                                  main.o
LcdLowLevelInit                                   display.o
                                                  main.o
LcdMoveCursor                                     display.o
LcdMoveCursorHome                                 display.o
LcdMoveCursorPos                                  display.o
                                                  main.o
LcdSetupDisplay                                   display.o
                                                  main.o
LcdStr                                            display.o
                                                  vs10xx.o
                                                  showtime.o
                                                  menu.o
                                                  main.o
LedControl                                        led.o
LedGetStatus                                      led.o
LedInit                                           led.o
                                                  main.o
Level1Node                                        menu.o
LogChar_P                                         log.o
LogClose                                          log.o
LogInit                                           log.o
                                                  main.o
LogMsg_P                                          log.o
                                                  spidrv.o
                                                  mmcdrv.o
                                                  mmc.o
                                                  main.o
LogOpen                                           log.o
LogSetLevel                                       log.o
MMCGetSectorSize                                  mmcdrv.o
                                                  fat.o
MMCGetTotalSectors                                mmcdrv.o
                                                  fat.o
MMCInit                                           mmcdrv.o
                                                  fat.o
MMCIsCDROMDevice                                  mmcdrv.o
                                                  fat.o
MMCIsZIPDevice                                    mmcdrv.o
                                                  fat.o
MMCMountAllDevices                                mmcdrv.o
                                                  fat.o
MMCReadSectors                                    mmcdrv.o
                                                  fat.o
MMCUnMountDevice                                  mmcdrv.o
MMCWriteSectors                                   mmcdrv.o
                                                  fat.o
NicInit                                           c:/ethernut-4.3.3/build/gcc/atmega2561/lib\libnutarch.a(nicrtl.o)
                                                  c:/ethernut-4.3.3/build/gcc/atmega2561/lib\libnutarch.a(eth0rtl.o)
NicOutput                                         c:/ethernut-4.3.3/build/gcc/atmega2561/lib\libnutarch.a(nicrtl.o)
                                                  c:/ethernut-4.3.3/build/gcc/atmega2561/lib\libnutarch.a(eth0rtl.o)
NicRx                                             c:/ethernut-4.3.3/build/gcc/atmega2561/lib\libnutarch.a(nicrtl.o)
NutAppMain                                        main.o
                                                  c:/ethernut-4.3.3/build/gcc/atmega2561/lib/nutinit.o
NutArpAllocNetBuf                                 c:/ethernut-4.3.3/build/gcc/atmega2561/lib\libnutnet.a(arpout.o)
                                                  c:/ethernut-4.3.3/build/gcc/atmega2561/lib\libnutnet.a(arpin.o)
                                                  c:/ethernut-4.3.3/build/gcc/atmega2561/lib\libnutnet.a(arpcache.o)
NutArpCacheQuery                                  c:/ethernut-4.3.3/build/gcc/atmega2561/lib\libnutnet.a(arpcache.o)
                                                  c:/ethernut-4.3.3/build/gcc/atmega2561/lib\libnutnet.a(ipout.o)
NutArpCacheUpdate                                 c:/ethernut-4.3.3/build/gcc/atmega2561/lib\libnutnet.a(arpcache.o)
                                                  c:/ethernut-4.3.3/build/gcc/atmega2561/lib\libnutnet.a(arpin.o)
NutArpInput                                       c:/ethernut-4.3.3/build/gcc/atmega2561/lib\libnutnet.a(arpin.o)
                                                  c:/ethernut-4.3.3/build/gcc/atmega2561/lib\libnutnet.a(ethin.o)
NutArpOutput                                      c:/ethernut-4.3.3/build/gcc/atmega2561/lib\libnutnet.a(arpout.o)
                                                  c:/ethernut-4.3.3/build/gcc/atmega2561/lib\libnutnet.a(arpin.o)
                                                  c:/ethernut-4.3.3/build/gcc/atmega2561/lib\libnutnet.a(arpcache.o)
NutBufRemovePage                                  c:/ethernut-4.3.3/build/gcc/atmega2561/lib\libnutos.a(bankmem.o)
NutDelay                                          c:/ethernut-4.3.3/build/gcc/atmega2561/lib\libnutos.a(timer.o)
                                                  c:/ethernut-4.3.3/build/gcc/atmega2561/lib\libnutarch.a(nicrtl.o)
                                                  c:/ethernut-4.3.3/build/gcc/atmega2561/lib\libnutarch.a(uartavr.o)
                                                  vs10xx.o
                                                  main.o
                                                  display.o
NutDeviceLookup                                   c:/ethernut-4.3.3/build/gcc/atmega2561/lib\libnutos.a(devreg.o)
                                                  c:/ethernut-4.3.3/build/gcc/atmega2561/lib\libnutcrt.a(open.o)
                                                  c:/ethernut-4.3.3/build/gcc/atmega2561/lib\libnutnet.a(ifconfig.o)
                                                  c:/ethernut-4.3.3/build/gcc/atmega2561/lib\libnutpro.a(dhcpc.o)
                                                  mmc.o
NutDhcpClient                                     c:/ethernut-4.3.3/build/gcc/atmega2561/lib\libnutpro.a(dhcpc.o)
NutDhcpError                                      c:/ethernut-4.3.3/build/gcc/atmega2561/lib\libnutpro.a(dhcpc.o)
NutDhcpIfConfig                                   c:/ethernut-4.3.3/build/gcc/atmega2561/lib\libnutpro.a(dhcpc.o)
                                                  NTP.o
                                                  audiostream.o
NutDhcpInform                                     c:/ethernut-4.3.3/build/gcc/atmega2561/lib\libnutpro.a(dhcpc.o)
NutDhcpIsConfigured                               c:/ethernut-4.3.3/build/gcc/atmega2561/lib\libnutpro.a(dhcpc.o)
NutDhcpRelease                                    c:/ethernut-4.3.3/build/gcc/atmega2561/lib\libnutpro.a(dhcpc.o)
NutDhcpStatus                                     c:/ethernut-4.3.3/build/gcc/atmega2561/lib\libnutpro.a(dhcpc.o)
NutDnsConfig                                      c:/ethernut-4.3.3/build/gcc/atmega2561/lib\libnutpro.a(resolv.o)
NutDnsConfig2                                     c:/ethernut-4.3.3/build/gcc/atmega2561/lib\libnutpro.a(resolv.o)
                                                  c:/ethernut-4.3.3/build/gcc/atmega2561/lib\libnutpro.a(dhcpc.o)
NutDnsGetHostByName                               c:/ethernut-4.3.3/build/gcc/atmega2561/lib\libnutpro.a(resolv.o)
NutDnsGetMxByDomain                               c:/ethernut-4.3.3/build/gcc/atmega2561/lib\libnutpro.a(resolv.o)
NutDnsGetResource                                 c:/ethernut-4.3.3/build/gcc/atmega2561/lib\libnutpro.a(resolv.o)
NutEtherInput                                     c:/ethernut-4.3.3/build/gcc/atmega2561/lib\libnutnet.a(ethin.o)
                                                  c:/ethernut-4.3.3/build/gcc/atmega2561/lib\libnutarch.a(eth0rtl.o)
NutEtherOutput                                    c:/ethernut-4.3.3/build/gcc/atmega2561/lib\libnutnet.a(ethout.o)
                                                  c:/ethernut-4.3.3/build/gcc/atmega2561/lib\libnutarch.a(eth0rtl.o)
NutEventBroadcast                                 c:/ethernut-4.3.3/build/gcc/atmega2561/lib\libnutos.a(event.o)
                                                  c:/ethernut-4.3.3/build/gcc/atmega2561/lib\libnutnet.a(arpcache.o)
                                                  c:/ethernut-4.3.3/build/gcc/atmega2561/lib\libnutnet.a(tcpsm.o)