Archive member included because of file (symbol)

c:/ethernut-4.3.3/build/gcc/atmega2561/lib\libnutpro.a(dhcpc.o)
                              audiostream.o (NutDhcpIfConfig)
c:/ethernut-4.3.3/build/gcc/atmega2561/lib\libnutpro.a(resolv.o)
                              c:/ethernut-4.3.3/build/gcc/atmega2561/lib\libnutpro.a(dhcpc.o) (NutDnsConfig2)
c:/ethernut-4.3.3/build/gcc/atmega2561/lib\libnutnet.a(tcpsock.o)
                              audiostream.o (NutTcpError)
c:/ethernut-4.3.3/build/gcc/atmega2561/lib\libnutnet.a(udpsock.o)
                              c:/ethernut-4.3.3/build/gcc/atmega2561/lib\libnutpro.a(dhcpc.o) (NutUdpSetSockOpt)
c:/ethernut-4.3.3/build/gcc/atmega2561/lib\libnutnet.a(route.o)
                              c:/ethernut-4.3.3/build/gcc/atmega2561/lib\libnutnet.a(tcpsock.o) (NutIpRouteQuery)
c:/ethernut-4.3.3/build/gcc/atmega2561/lib\libnutnet.a(inet.o)
                              audiostream.o (inet_addr)
c:/ethernut-4.3.3/build/gcc/atmega2561/lib\libnutnet.a(ifconfig.o)
                              c:/ethernut-4.3.3/build/gcc/atmega2561/lib\libnutpro.a(dhcpc.o) (NutNetIfSetup)
c:/ethernut-4.3.3/build/gcc/atmega2561/lib\libnutnet.a(confnet.o)
                              c:/ethernut-4.3.3/build/gcc/atmega2561/lib\libnutnet.a(ifconfig.o) (NutNetSaveConfig)
c:/ethernut-4.3.3/build/gcc/atmega2561/lib\libnutnet.a(tcpout.o)
                              c:/ethernut-4.3.3/build/gcc/atmega2561/lib\libnutnet.a(tcpsock.o) (NutTcpOutput)
c:/ethernut-4.3.3/build/gcc/atmega2561/lib\libnutnet.a(tcpsm.o)
                              c:/ethernut-4.3.3/build/gcc/atmega2561/lib\libnutnet.a(tcpsock.o) (NutTcpInitStateMachine)
c:/ethernut-4.3.3/build/gcc/atmega2561/lib\libnutnet.a(tcputil.o)
                              c:/ethernut-4.3.3/build/gcc/atmega2561/lib\libnutnet.a(tcpsm.o) (IsInLimits)
c:/ethernut-4.3.3/build/gcc/atmega2561/lib\libnutnet.a(udpout.o)
                              c:/ethernut-4.3.3/build/gcc/atmega2561/lib\libnutnet.a(udpsock.o) (NutUdpOutput)
c:/ethernut-4.3.3/build/gcc/atmega2561/lib\libnutnet.a(ipcsum.o)
                              c:/ethernut-4.3.3/build/gcc/atmega2561/lib\libnutnet.a(tcpout.o) (NutIpChkSumPartial)
c:/ethernut-4.3.3/build/gcc/atmega2561/lib\libnutnet.a(ipout.o)
                              c:/ethernut-4.3.3/build/gcc/atmega2561/lib\libnutnet.a(tcpout.o) (NutIpOutput)
c:/ethernut-4.3.3/build/gcc/atmega2561/lib\libnutnet.a(arpcache.o)
                              c:/ethernut-4.3.3/build/gcc/atmega2561/lib\libnutnet.a(ipout.o) (NutArpCacheQuery)
c:/ethernut-4.3.3/build/gcc/atmega2561/lib\libnutnet.a(arpout.o)
                              c:/ethernut-4.3.3/build/gcc/atmega2561/lib\libnutnet.a(arpcache.o) (NutArpOutput)
c:/ethernut-4.3.3/build/gcc/atmega2561/lib\libnutos.a(heap.o)
                              fat.o (NutHeapAlloc)
c:/ethernut-4.3.3/build/gcc/atmega2561/lib\libnutos.a(bankmem.o)
                              audiostream.o (NutSegBufReset)
c:/ethernut-4.3.3/build/gcc/atmega2561/lib\libnutos.a(thread.o)
                              mmc.o (GetThreadByName)
c:/ethernut-4.3.3/build/gcc/atmega2561/lib\libnutos.a(timer.o)
                              display.o (NutDelay)
c:/ethernut-4.3.3/build/gcc/atmega2561/lib\libnutos.a(event.o)
                              c:/ethernut-4.3.3/build/gcc/atmega2561/lib\libnutnet.a(tcpsm.o) (NutEventPostAsync)
c:/ethernut-4.3.3/build/gcc/atmega2561/lib\libnutos.a(devreg.o)
                              mmc.o (NutDeviceLookup)
c:/ethernut-4.3.3/build/gcc/atmega2561/lib\libnutos.a(confos.o)
                              c:/ethernut-4.3.3/build/gcc/atmega2561/lib/nutinit.o (NutSaveConfig)
c:/ethernut-4.3.3/build/gcc/atmega2561/lib\libnutos.a(version.o)
                              audiostream.o (NutVersionString)
c:/ethernut-4.3.3/build/gcc/atmega2561/lib\libnutdev.a(ihndlr.o)
                              main.o (NutRegisterIrqHandler)
c:/ethernut-4.3.3/build/gcc/atmega2561/lib\libnutdev.a(netbuf.o)
                              c:/ethernut-4.3.3/build/gcc/atmega2561/lib\libnutnet.a(udpsock.o) (NutNetBufAlloc)
c:/ethernut-4.3.3/build/gcc/atmega2561/lib\libnutdev.a(nvmem.o)
                              memory.o (NutNvMemSave)
c:/ethernut-4.3.3/build/gcc/atmega2561/lib\libnutarch.a(context_gcc.o)
                              c:/ethernut-4.3.3/build/gcc/atmega2561/lib\libnutos.a(thread.o) (NutThreadSwitch)
c:/ethernut-4.3.3/build/gcc/atmega2561/lib\libnutarch.a(ostimer.o)
                              c:/ethernut-4.3.3/build/gcc/atmega2561/lib\libnutos.a(timer.o) (NutGetTickClock)
c:/ethernut-4.3.3/build/gcc/atmega2561/lib\libnutarch.a(ih_int4.o)
                              remcon.o (sig_INTERRUPT4)
c:/ethernut-4.3.3/build/gcc/atmega2561/lib\libnutarch.a(ih_int6.o)
                              vs10xx.o (sig_INTERRUPT6)
c:/ethernut-4.3.3/build/gcc/atmega2561/lib\libnutarch.a(ih_timer0_ovf.o)
                              main.o (sig_OVERFLOW0)
[...]
Memory Configuration

Name             Origin             Length             Attributes
text             0x00000000         0x00100000         xr
data             0x00800060         0x0000ffa0         rw !x
eeprom           0x00810000         0x00010000         rw !x
*default*        0x00000000         0xffffffff

Linker script and memory map

Address of section .data set to 0x800200
LOAD c:/winavr-20070525/bin/../lib/gcc/avr/4.1.2/../../../../avr/lib/avr6/crtm2561.o
LOAD alarm.o
LOAD audiostream.o
LOAD display.o
LOAD fat.o
LOAD flash.o
LOAD keyboard.o
LOAD led.o
LOAD log.o
LOAD main.o
LOAD memory.o
LOAD menu.o
LOAD mmc.o
LOAD mmcdrv.o
LOAD remcon.o
LOAD rtc.o
LOAD showtime.o
LOAD spidrv.o
LOAD threads.o
LOAD uart0driver.o
LOAD vs10xx.o
LOAD watchdog.o
                0x00000000                main = 0x0
LOAD c:/ethernut-4.3.3/build/gcc/atmega2561/lib/nutinit.o
LOAD c:/ethernut-4.3.3/build/gcc/atmega2561/lib\libnutpro.a
LOAD c:/ethernut-4.3.3/build/gcc/atmega2561/lib\libnutnet.a
LOAD c:/ethernut-4.3.3/build/gcc/atmega2561/lib\libnutpro.a
LOAD c:/ethernut-4.3.3/build/gcc/atmega2561/lib\libnutfs.a
LOAD c:/ethernut-4.3.3/build/gcc/atmega2561/lib\libnutos.a
LOAD c:/ethernut-4.3.3/build/gcc/atmega2561/lib\libnutdev.a
LOAD c:/ethernut-4.3.3/build/gcc/atmega2561/lib\libnutarch.a
LOAD c:/ethernut-4.3.3/build/gcc/atmega2561/lib\libnutnet.a
LOAD c:/ethernut-4.3.3/build/gcc/atmega2561/lib\libnutcrt.a
LOAD c:/ethernut-4.3.3/build/gcc/atmega2561/lib\libnutdev.a
LOAD c:/winavr-20070525/bin/../lib/gcc/avr/4.1.2/avr6\libgcc.a
LOAD c:/winavr-20070525/bin/../lib/gcc/avr/4.1.2/../../../../avr/lib/avr6\libc.a
LOAD c:/winavr-20070525/bin/../lib/gcc/avr/4.1.2/avr6\libgcc.a

.hash
 *(.hash)

.dynsym
 *(.dynsym)

.dynstr
 *(.dynstr)

.gnu.version
 *(.gnu.version)

.gnu.version_d
 *(.gnu.version_d)

.gnu.version_r
 *(.gnu.version_r)

.rel.init
 *(.rel.init)

.rela.init
 *(.rela.init)

.rel.text
 *(.rel.text)
 *(.rel.text.*)
 *(.rel.gnu.linkonce.t*)

.rela.text
 *(.rela.text)
 *(.rela.text.*)
 *(.rela.gnu.linkonce.t*)

.rel.fini
 *(.rel.fini)

.rela.fini
 *(.rela.fini)

.rel.rodata
 *(.rel.rodata)
 *(.rel.rodata.*)
 *(.rel.gnu.linkonce.r*)

.rela.rodata
 *(.rela.rodata)
 *(.rela.rodata.*)
 *(.rela.gnu.linkonce.r*)

.rel.data
 *(.rel.data)
 *(.rel.data.*)
 *(.rel.gnu.linkonce.d*)

.rela.data
 *(.rela.data)
 *(.rela.data.*)
 *(.rela.gnu.linkonce.d*)

.rel.ctors
 *(.rel.ctors)

.rela.ctors
 *(.rela.ctors)

.rel.dtors
 *(.rel.dtors)

.rela.dtors
 *(.rela.dtors)

.rel.got
 *(.rel.got)

.rela.got
 *(.rela.got)

.rel.bss
 *(.rel.bss)

.rela.bss
 *(.rela.bss)

.rel.plt
 *(.rel.plt)

.rela.plt
 *(.rela.plt)

.text           0x00000000    0x11d38
 *(.vectors)
 .vectors       0x00000000       0xcc c:/winavr-20070525/bin/../lib/gcc/avr/4.1.2/../../../../avr/lib/avr6/crtm2561.o
                0x00000000                __vectors
                0x00000000                __vector_default
 *(.vectors)
 *(.progmem.gcc*)
 .progmem.gcc_sw_table
                0x000000cc       0x28 c:/ethernut-4.3.3/build/gcc/atmega2561/lib\libnutarch.a(uartavr.o)
 *(.progmem*)
 .progmem.data  0x000000f4       0xea log.o
 .progmem.data  0x000001de        0xc main.o
 .progmem.data  0x000001ea       0x6e mmc.o
 .progmem.data  0x00000258       0x16 mmcdrv.o
 .progmem.data  0x0000026e        0xe spidrv.o
 .progmem.data  0x0000027c        0x8 uart0driver.o
 .progmem.data  0x00000284      0x38c vs10xx.o
                0x00000284                dtab
 .progmem.data  0x00000610       0x12 c:/ethernut-4.3.3/build/gcc/atmega2561/lib\libnutarch.a(nicrtl.o)
                0x00000622                . = ALIGN (0x2)
                0x00000622                __trampolines_start = .
 *(.trampolines)
 .trampolines   0x00000622        0x0 linker stubs
 *(.trampolines*)
                0x00000622                __trampolines_end = .
 *(.jumptables)
 *(.jumptables*)
 *(.lowtext)
 *(.lowtext*)
                0x00000622                __ctors_start = .
 *(.ctors)
                0x00000622                __ctors_end = .
                0x00000622                __dtors_start = .
 *(.dtors)
                0x00000622                __dtors_end = .
 SORT(*)(.ctors)
 SORT(*)(.dtors)
 *(.init0)
 .init0         0x00000776        0x0 c:/winavr-20070525/bin/../lib/gcc/avr/4.1.2/../../../../avr/lib/avr6/crtm2561.o
                0x00000776                __init
 *(.init0)
 *(.init1)
 .init1         0x00000776       0x54 c:/ethernut-4.3.3/build/gcc/atmega2561/lib/nutinit.o
 *(.init1)
 *(.init2)
 .init2         0x000007ca        0xc c:/winavr-20070525/bin/../lib/gcc/avr/4.1.2/../../../../avr/lib/avr6/crtm2561.o
 *(.init2)
 *(.init3)
 *(.init3)
 *(.init4)
 .init4         0x000007d6       0x1a c:/winavr-20070525/bin/../lib/gcc/avr/4.1.2/../../../../avr/lib/avr6/crtm2561.o
                0x000007d6                __do_copy_data
 .init4         0x000007f0       0x10 c:/winavr-20070525/bin/../lib/gcc/avr/4.1.2/avr6\libgcc.a(_clear_bss.o)
                0x000007f0                __do_clear_bss
 *(.init4)
 *(.init5)
 .init5         0x00000800       0x26 c:/ethernut-4.3.3/build/gcc/atmega2561/lib/nutinit.o
 *(.init5)
 *(.init6)
 *(.init6)
 *(.init7)
 *(.init7)
 *(.init8)
 .init8         0x00000826       0x2c c:/ethernut-4.3.3/build/gcc/atmega2561/lib/nutinit.o
                0x00000826                NutInit
 *(.init8)
 *(.init9)
 .init9         0x00000852        0x8 c:/winavr-20070525/bin/../lib/gcc/avr/4.1.2/../../../../avr/lib/avr6/crtm2561.o
 *(.init9)
 *(.text)
 .text          0x0000085a        0x4 c:/winavr-20070525/bin/../lib/gcc/avr/4.1.2/../../../../avr/lib/avr6/crtm2561.o
                0x0000085a                __vector_22
                0x0000085a                __vector_28
                0x0000085a                __vector_1
                0x0000085a                __vector_32
                0x0000085a                __vector_34
                0x0000085a                __vector_24
                0x0000085a                __vector_12
                0x0000085a                __vector_46
                0x0000085a                __bad_interrupt
                0x0000085a                __vector_31
                0x0000085a                __vector_35
                0x0000085a                __vector_3
                0x0000085a                __vector_30
                0x0000085a                __vector_45
                0x0000085a                __vector_11
                0x0000085a                __vector_17
                0x0000085a                __vector_19
                0x0000085a                __vector_49
                0x0000085a                __vector_41
                0x0000085a                __vector_43
                0x0000085a                __vector_33
                0x0000085a                __vector_47
                0x0000085a                __vector_37
                0x0000085a                __vector_4
                0x0000085a                __vector_44
                0x0000085a                __vector_9
                0x0000085a                __vector_2
                0x0000085a                __vector_21
                0x0000085a                __vector_15
                0x0000085a                __vector_29
                0x0000085a                __vector_40
                0x0000085a                __vector_8
                0x0000085a                __vector_26
                0x0000085a                __vector_48
                0x0000085a                __vector_14
                0x0000085a                __vector_10
                0x0000085a                __vector_50
                0x0000085a                __vector_16
                0x0000085a                __vector_18
                0x0000085a                __vector_20
                0x0000085a                __vector_42
 .text          0x0000085e      0x172 alarm.o
                0x0000085e                set_alarm
                0x0000087a                get_alarm
                0x00000936                compare_time
                0x000008d6                compare_time_minhour
 .text          0x000009d0      0x8f4 audiostream.o
                0x000009d0                ProcessMetaData
                0x00000e9e                ConfigureLan
                0x00000cde                ConnectStation
                0x000010de                play_stream
                0x00000ace                PlayMp3Stream
 .text          0x000012c4      0x1b4 display.o
                0x00001396                LcdChar
                0x000013e0                LcdDDRamStartPos
                0x000013b8                LcdCursorBlink
                0x00001354                LcdSetupDisplay
                0x000013fe                LcdClear
                0x000013a0                LcdStr
                0x00001342                LcdMoveCursor
                0x00001368                LcdMoveCursorPos
                0x000013d6                LcdCursorOff
                0x000012c4                LcdBackLight
                0x0000140e                LcdLowLevelInit
                0x0000135e                LcdMoveCursorHome
 .text          0x00001478     0x1616 fat.o
                0x0000209a                FATIOCtl
                0x00001a14                FATFree
                0x00001478                FATRelease
                0x00001a30                FATFileRead
                0x00001a0a                FATSemaInit
                0x00001a1e                FATLock
                0x00001ca0                FATFileSize
 .text          0x00002a8e      0x3c2 flash.o
                0x00002a8e                At45dbChipErase
                0x00002ba4                At45dbInit
                0x00002b3e                At45dbGetStatus
                0x00002d18                At45dbPageWrite
                0x00002e18                At45dbPageErase
                0x00002c1c                At45dbWaitReady
                0x00002c7c                At45dbSendCmd
                0x00002dd2                At45dbPageRead
 .text          0x00002e50      0x32c keyboard.o
                0x00002ea2                KbInit
                0x00002f0c                KbWaitForKeyEvent
                0x00002e68                KbGetKey
                0x00002f2a                KbScan
                0x00002e50                KbSetKeyRepeating
                0x00002e70                KbInjectKey
 .text          0x0000317c       0x50 led.o
                0x0000317c                LedControl
                0x000031c4                LedGetStatus
                0x000031bc                LedInit
 .text          0x000031cc      0x44a log.o
                0x000035e6                LogClose
                0x000031de                HexDump
                0x0000338a                LogMsg_P
                0x000035fc                LogOpen
                0x00003370                LogChar_P
                0x0000360a                LogInit
                0x000031cc                LogSetLevel
 .text          0x00003616      0x9ee main.o
                0x0000389a                checkAlarm
                0x000039aa                main_loop
                0x00003a2c                NutAppMain
                0x0000365a                alarm_afspeel_loop
                0x0000373e                time_show
                0x00003616                SysInitIO
                0x00003d2a                set_alarm_loop
                0x00003ef4                alarm_loop
                0x00003808                print_time
                0x00003bbe                time_loop
                0x0000391e                menu_loop
 .text          0x00004004       0x9a memory.o
                0x00004020                set_timezone
                0x00004004                get_timezone
                0x0000400e                save
                0x0000402e                memory_init
 .text          0x0000409e      0x3fc menu.o
                0x00004424                init_menu
                0x00004100                nextMenuItem
                0x000043a8                ChildNode
                0x0000413e                prevMenuItem
                0x0000417c                childMenuItem
                0x000043f0                Level1Node
                0x00004226                nodeIndexFinder
                0x000041f0                nodeCounter
                0x000040ce                AddChildNode
                0x00004266                showMenuItem
                0x0000409e                AddL1Node
                0x000041b6                parentMenuItem
                0x00004380                menuAction
 .text          0x0000449a      0x2ac mmc.o
                0x0000449a                CardCheckCard
                0x00004538                CardCheckPresent
                0x0000454a                CardClose
                0x0000454c                CardInit
                0x000045cc                CardInitCard
                0x000046ce                CardPresent
                0x00004540                CardStatus
 .text          0x00004746      0x708 mmcdrv.o
                0x00004db0                MMCInit
                0x00004752                MMCUnMountDevice
                0x00004ace                MMCReadSectors
                0x00004746                MMCIsCDROMDevice
                0x000048cc                MMCWriteSectors
                0x00004c18                MMCGetSectorSize
                0x0000474c                MMCIsZIPDevice
                0x00004c44                MMCMountAllDevices
                0x00004bdc                MMCGetTotalSectors
 .text          0x00004e4e       0x4c remcon.o
                0x00004e50                RcInit
 .text          0x00004e9a      0xce8 rtc.o
                0x00005a8a                X12RtcIncrementClock
                0x00005770                X12RtcIncrementAlarm
                0x00004ed0                X12EepromRead
                0x0000507e                X12RtcGetClock
                0x00005848                X12RtcSetClock
                0x00004f4a                X12RtcReadRegs
                0x00005460                X12RtcSetAlarm
                0x00004e9a                X12RtcClearStatus
                0x00004fc0                X12RtcGetStatus
                0x00005046                X12Init
                0x000053e8                X12RtcWrite
                0x000059a0                X12RtcIncrementDate
                0x000055c0                X12RtcGetAlarm
                0x000052e6                X12EepromWrite
 .text          0x00005b82      0x336 showtime.o
                0x00005dee                showAlarmTime
                0x00005b82                showTimeNoSeconds
                0x00005c90                showTimeAndDate
 .text          0x00005eb8       0xc2 spidrv.o
                0x00005ece                SPIputByte
                0x00005ef6                SPIinit
                0x00005ed8                SPIgetByte
                0x00005ec6                SPIgetmode
                0x00005ee8                SPItransferByte
                0x00005efe                SPIselect
                0x00005eb8                SPIdeselect
                0x00005ec0                SPImode
 .text          0x00005f7a       0x54 threads.o
                0x00005f9e                tone
                0x00005f7a                playTone
 .text          0x00005fce      0x11c uart0driver.o
                0x000060d2                Uart0DriverInit
                0x00005fd8                Uart0DriverStop
                0x00005fce                Uart0DriverGetStream
                0x00005ff2                Uart0DriverSetCookedMode
                0x0000603a                Uart0DriverStart
 .text          0x000060ea      0x674 vs10xx.o
                0x00006134                VsGetStatus
                0x0000631a                VsBeepStart
                0x00006490                VsRegInfo
                0x00006114                VsPlayerStop
                0x000066fe                VsMemoryTest
                0x0000646a                VsGetVolume
                0x000060ea                VsPlayerInterrupts
                0x000063de                VsPlayerReset
                0x00006284                VsPlayerSetMode
                0x000062b0                VsBeepStartRaw
                0x0000633a                VsBeep
                0x000066d6                VsPlayerKick
                0x00006146                VsGetTypeHex
                0x000064b8                VsStreamValid
                0x0000653c                VsPlayerInit
                0x000061f2                VsRegWrite
                0x00006244                VsSetVolume
                0x0000618a                VsBeepStop
                0x0000613c                VsGetType
 .text          0x0000675e       0xec watchdog.o
                0x000067ec                WatchDogRestart
                0x00006810                WatchDogEnable
                0x000067f0                WatchDogDisable
                0x0000675e                WatchDogStart
 .text          0x0000684a       0x58 c:/ethernut-4.3.3/build/gcc/atmega2561/lib/nutinit.o
                0x00006850                NutIdle
                0x0000684a                NutThreadSetSleepMode
 .text          0x000068a2     0x18b0 c:/ethernut-4.3.3/build/gcc/atmega2561/lib\libnutpro.a(dhcpc.o)
                0x000069e4                NutDhcpRelease
                0x000068e8                NutDhcpIsConfigured
                0x000068d6                NutDhcpError
                0x000068ce                NutDhcpStatus
                0x00006b26                NutDhcpIfConfig
                0x000069ba                NutDhcpInform
                0x0000740a                NutDhcpClient
 .text          0x00008152      0x7f4 c:/ethernut-4.3.3/build/gcc/atmega2561/lib\libnutpro.a(resolv.o)
                0x00008344                NutDnsGetResource
                0x00008186                NutGetDnsServers
                0x00008932                NutDnsGetMxByDomain
                0x0000893c                NutDnsGetHostByName
                0x00008328                NutDnsConfig
                0x00008254                NutDnsConfig2
 .text          0x00008946      0xab0 c:/ethernut-4.3.3/build/gcc/atmega2561/lib\libnutnet.a(tcpsock.o)
                0x00008afe                NutTcpDiscardBuffers
                0x00008aa4                NutTcpDeviceIOCtl
                0x00008946                NutTcpFindSocket
                0x00008e76                NutTcpDeviceWrite
                0x0000906e                NutTcpCloseSocket
                0x00008b62                NutTcpReceive
                0x0000925e                NutTcpDestroySocket
                0x00008d3e                NutTcpSend
                0x0000908c                NutTcpSetSockOpt
                0x000092ce                NutTcpConnect
                0x00008a8e                NutTcpError
                0x00009008                NutTcpDeviceWrite_P
                0x000089c4                NutTcpGetSockOpt
                0x0000919a                NutTcpCreateSocket
                0x000092bc                NutTcpAccept
                0x00008d38                NutTcpDeviceRead
 .text          0x000093f6      0x2ba c:/ethernut-4.3.3/build/gcc/atmega2561/lib\libnutnet.a(udpsock.o)
                0x0000944e                NutUdpGetSockOpt
                0x000095dc                NutUdpReceiveFrom
                0x00009484                NutUdpDestroySocket
                0x000093f6                NutUdpFindSocket
                0x000094dc                NutUdpSendTo
                0x00009420                NutUdpSetSockOpt
                0x0000955e                NutUdpCreateSocket
 .text          0x000096b0      0x33a c:/ethernut-4.3.3/build/gcc/atmega2561/lib\libnutnet.a(route.o)
                0x0000999e                NutIpRouteDelAll
                0x00009874                NutIpRouteList
                0x000098de                NutIpRouteDel
                0x00009744                NutIpRouteQuery
                0x00009786                NutIpRouteAdd
 .text          0x000099ea      0x184 c:/ethernut-4.3.3/build/gcc/atmega2561/lib\libnutnet.a(inet.o)
                0x000099ea                inet_addr
                0x00009a96                inet_ntoa
 .text          0x00009b6e      0x36c c:/ethernut-4.3.3/build/gcc/atmega2561/lib\libnutnet.a(ifconfig.o)
                0x00009d64                NutNetIfConfig2
                0x00009b6e                NutNetIfSetup
                0x00009eae                NutNetIfConfig
 .text          0x00009eda       0x84 c:/ethernut-4.3.3/build/gcc/atmega2561/lib\libnutnet.a(confnet.o)
                0x00009eda                NutNetSaveConfig
                0x00009f00                NutNetLoadConfig
 .text          0x00009f5e      0x49c c:/ethernut-4.3.3/build/gcc/atmega2561/lib\libnutnet.a(tcpout.o)
                0x00009f5e                NutTcpReject
                0x0000a08e                NutTcpOutput
 .text          0x0000a3fa     0x1146 c:/ethernut-4.3.3/build/gcc/atmega2561/lib\libnutnet.a(tcpsm.o)
                0x0000a7ee                NutTcpStatePassiveOpenEvent
                0x0000a458                NutTcpInitStateMachine
                0x0000ab82                NutTcpSm
                0x0000a3fa                NutTcpAbortSocket
                0x0000a908                NutTcpStateRetranTimeout
                0x0000a7b4                NutTcpStateActiveOpenEvent
                0x0000b4e2                NutTcpStateCloseEvent
                0x0000a54e                NutTcpStateWindowEvent
                0x0000a490                NutTcpStateMachine
 .text          0x0000b540       0xc8 c:/ethernut-4.3.3/build/gcc/atmega2561/lib\libnutnet.a(tcputil.o)
                0x0000b59a                NutTcpCalcRtt
                0x0000b540                IsInLimits
 .text          0x0000b608      0x132 c:/ethernut-4.3.3/build/gcc/atmega2561/lib\libnutnet.a(udpout.o)
                0x0000b608                NutUdpOutput
 .text          0x0000b73a       0xde c:/ethernut-4.3.3/build/gcc/atmega2561/lib\libnutnet.a(ipcsum.o)
                0x0000b7aa                NutIpChkSum
                0x0000b73a                NutIpChkSumPartial
                0x0000b7b4                NutIpPseudoChkSumPartial
 .text          0x0000b818      0x292 c:/ethernut-4.3.3/build/gcc/atmega2561/lib\libnutnet.a(ipout.o)
                0x0000b818                NutIpOutput
 .text          0x0000baaa      0x3e0 c:/ethernut-4.3.3/build/gcc/atmega2561/lib\libnutnet.a(arpcache.o)
                0x0000bc8e                NutArpCacheQuery
                0x0000bc2c                NutArpCacheUpdate
 .text          0x0000be8a      0x112 c:/ethernut-4.3.3/build/gcc/atmega2561/lib\libnutnet.a(arpout.o)
                0x0000bee8                NutArpAllocNetBuf
                0x0000be8a                NutArpOutput
 .text          0x0000bf9c      0x202 c:/ethernut-4.3.3/build/gcc/atmega2561/lib\libnutos.a(heap.o)
                0x0000c16a                NutHeapAvailable
                0x0000c082                NutHeapFree
                0x0000bf9c                NutHeapAlloc
                0x0000c15c                NutHeapAdd
                0x0000c174                NutHeapAllocClear
 .text          0x0000c19e      0x436 c:/ethernut-4.3.3/build/gcc/atmega2561/lib\libnutos.a(bankmem.o)
                0x0000c2dc                NutSegBufWriteCommit
                0x0000c57c                NutSegBufUsed
                0x0000c420                NutSegBufWriteLast
                0x0000c19e                NutSegBufReset
                0x0000c58e                NutBufRemovePage
                0x0000c212                NutSegBufWriteRequest
                0x0000c36c                NutSegBufReadCommit
                0x0000c26a                NutSegBufReadRequest
                0x0000c552                NutSegBufAvailable
                0x0000c4a6                NutSegBufReadLast
                0x0000c1dc                NutSegBufInit
 .text          0x0000c5d4      0x308 c:/ethernut-4.3.3/build/gcc/atmega2561/lib\libnutos.a(thread.o)
                0x0000c6e6                NutThreadWake
                0x0000c7a4                NutThreadSetPriority
                0x0000c73a                NutThreadDestroy
                0x0000c81a                NutThreadExit
                0x0000c670                NutThreadRemoveQueue
                0x0000c5d4                NutThreadAddPriQueue
                0x0000c822                NutThreadResume
                0x0000c758                NutThreadKill
                0x0000c8ac                NutThreadYield
                0x0000c6fc                GetThreadByName
 .text          0x0000c8dc      0x68c c:/ethernut-4.3.3/build/gcc/atmega2561/lib\libnutos.a(timer.o)
                0x0000c938                NutDelay
                0x0000cb5c                NutSleep
                0x0000ca5e                NutGetTickCount
                0x0000cb36                NutTimerStart
                0x0000cd40                NutTimerProcessElapsed
                0x0000c9de                NutTimerStop
                0x0000ce58                NutTimerInit
                0x0000cc08                NutGetMillis
                0x0000cd00                NutGetSeconds
                0x0000c904                NutMicroDelay
                0x0000c954                NutTimerInsert
                0x0000cb18                NutTimerStartTicks
                0x0000ca7a                NutTimerCreate
 .text          0x0000cf68      0x2b8 c:/ethernut-4.3.3/build/gcc/atmega2561/lib\libnutos.a(event.o)
                0x0000d070                NutEventBroadcast
                0x0000d12c                NutEventWait
                0x0000d006                NutEventBroadcastAsync
                0x0000d1fe                NutEventWaitNext
                0x0000cf68                NutEventPostAsync
                0x0000d086                NutEventPost
                0x0000d09c                NutEventTimeout
 .text          0x0000d220       0x90 c:/ethernut-4.3.3/build/gcc/atmega2561/lib\libnutos.a(devreg.o)
                0x0000d258                NutRegisterDevice
                0x0000d220                NutDeviceLookup
 .text          0x0000d2b0       0x6a c:/ethernut-4.3.3/build/gcc/atmega2561/lib\libnutos.a(confos.o)
                0x0000d2e2                NutLoadConfig
                0x0000d2b0                NutSaveConfig
 .text          0x0000d31a       0x10 c:/ethernut-4.3.3/build/gcc/atmega2561/lib\libnutos.a(version.o)
                0x0000d324                NutVersionString
                0x0000d31a                NutVersion
 .text          0x0000d32a      0x18c c:/ethernut-4.3.3/build/gcc/atmega2561/lib\libnutdev.a(ihndlr.o)
                0x0000d32a                CallHandler
                0x0000d442                NutIrqSetMode
                0x0000d386                NutIrqEnable
                0x0000d3aa                NutIrqDisable
                0x0000d3ce                NutIrqSetPriority
                0x0000d346                NutRegisterIrqHandler
 .text          0x0000d4b6      0x310 c:/ethernut-4.3.3/build/gcc/atmega2561/lib\libnutdev.a(netbuf.o)
                0x0000d50c                NutNetBufAlloc
                0x0000d6ca                NutNetBufClone
                0x0000d69c                NutNetBufFree
 .text          0x0000d7c6        0xc c:/ethernut-4.3.3/build/gcc/atmega2561/lib\libnutdev.a(nvmem.o)
                0x0000d7cc                NutNvMemLoad
                0x0000d7c6                NutNvMemSave
 .text          0x0000d7d2      0x1cc c:/ethernut-4.3.3/build/gcc/atmega2561/lib\libnutarch.a(context_gcc.o)
                0x0000d860                NutThreadCreate
                0x0000d816                thread_start
                0x0000d7e2                NutThreadSwitch
 .text          0x0000d99e       0x96 c:/ethernut-4.3.3/build/gcc/atmega2561/lib\libnutarch.a(ostimer.o)
                0x0000d9b0                NutGetTickClock
                0x0000d9ba                NutRegisterTimer
                0x0000da04                NutTimerMillisToTicks
                0x0000d99e                NutGetCpuClock
 .text          0x0000da34      0x178 c:/ethernut-4.3.3/build/gcc/atmega2561/lib\libnutarch.a(ih_int4.o)
                0x0000db60                __vector_5
 .text          0x0000dbac      0x178 c:/ethernut-4.3.3/build/gcc/atmega2561/lib\libnutarch.a(ih_int6.o)
                0x0000dcd8                __vector_7
 .text          0x0000dd24       0xec c:/ethernut-4.3.3/build/gcc/atmega2561/lib\libnutarch.a(ih_timer0_ovf.o)
                0x0000ddc4                __vector_23
 .text          0x0000de10       0xec c:/ethernut-4.3.3/build/gcc/atmega2561/lib\libnutarch.a(ih_timer2_comp.o)
                0x0000deb0                __vector_13
 .text          0x0000defc      0x112 c:/ethernut-4.3.3/build/gcc/atmega2561/lib\libnutarch.a(debug0.o)
 .text          0x0000e00e        0x0 c:/ethernut-4.3.3/build/gcc/atmega2561/lib\libnutarch.a(uart0.o)
 .text          0x0000e00e      0xaee c:/ethernut-4.3.3/build/gcc/atmega2561/lib\libnutarch.a(uartavr.o)
                0x0000e994                UartAvrWrite_P
                0x0000e9a4                UartAvrWrite
                0x0000e1ac                UartAvrOpen
                0x0000e6e2                UartAvrInit
                0x0000e7f2                UartAvrFlush
                0x0000e180                UartAvrSize
                0x0000e1a2                UartAvrClose
                0x0000e844                UartAvrPut
                0x0000ea10                UartAvrRead
                0x0000e25c                UartAvrIOCtl
                0x0000e0fa                UartAvrOutput
                0x0000e9b4                UartAvrInput
 .text          0x0000eafc        0x0 c:/ethernut-4.3.3/build/gcc/atmega2561/lib\libnutarch.a(eth0rtl.o)
 .text          0x0000eafc      0x9ba c:/ethernut-4.3.3/build/gcc/atmega2561/lib\libnutarch.a(twif.o)
                0x0000f376                TwMasterTransact
                0x0000f16e                TwInit
                0x0000f1f2                TwSlaveRespond
                0x0000f2b4                TwSlaveListen
                0x0000efb2                TwMasterError
                0x0000efca                TwIOCtl
                0x0000efbe                TwSlaveError
 .text          0x0000f4b6       0x60 c:/ethernut-4.3.3/build/gcc/atmega2561/lib\libnutarch.a(eeprom.o)
                0x0000f4b6                OnChipNvMemSave
                0x0000f4f6                OnChipNvMemLoad
 .text          0x0000f516       0xf4 c:/ethernut-4.3.3/build/gcc/atmega2561/lib\libnutarch.a(ih_twi.o)
                0x0000f5be                __vector_39
 .text          0x0000f60a       0xf4 c:/ethernut-4.3.3/build/gcc/atmega2561/lib\libnutarch.a(ih_usart0_rx.o)
                0x0000f6b2                __vector_25
 .text          0x0000f6fe       0xf6 c:/ethernut-4.3.3/build/gcc/atmega2561/lib\libnutarch.a(ih_usart0_tx.o)
                0x0000f7a8                __vector_27
 .text          0x0000f7f4       0xf4 c:/ethernut-4.3.3/build/gcc/atmega2561/lib\libnutarch.a(ih_usart1_rx.o)
                0x0000f89c                __vector_36
 .text          0x0000f8e8       0xf6 c:/ethernut-4.3.3/build/gcc/atmega2561/lib\libnutarch.a(ih_usart1_tx.o)
                0x0000f992                __vector_38
 .text          0x0000f9de      0x79a c:/ethernut-4.3.3/build/gcc/atmega2561/lib\libnutarch.a(nicrtl.o)
                0x0000fdca                NicInit
                0x0000ff96                NicRx
                0x0000fe74                NicOutput
 .text          0x00010178      0x172 c:/ethernut-4.3.3/build/gcc/atmega2561/lib\libnutarch.a(ih_int5.o)
                0x0001029e                __vector_6
 .text          0x000102ea       0x5c c:/ethernut-4.3.3/build/gcc/atmega2561/lib\libnutnet.a(ethin.o)
                0x000102ea                NutEtherInput
 .text          0x00010346       0xb6 c:/ethernut-4.3.3/build/gcc/atmega2561/lib\libnutnet.a(ethout.o)
                0x00010346                NutEtherOutput
 .text          0x000103fc      0x1ec c:/ethernut-4.3.3/build/gcc/atmega2561/lib\libnutnet.a(ipin.o)
                0x00010406                NutIpInput
                0x000103fc                NutIpSetInputFilter
 .text          0x000105e8       0xd4 c:/ethernut-4.3.3/build/gcc/atmega2561/lib\libnutnet.a(icmpin.o)
                0x000105e8                NutIcmpInput
 .text          0x000106bc      0x186 c:/ethernut-4.3.3/build/gcc/atmega2561/lib\libnutnet.a(icmpout.o)
                0x000106bc                NutIcmpOutput
                0x00010724                NutIcmpReply
                0x00010798                NutIcmpResponse
 .text          0x00010842       0x30 c:/ethernut-4.3.3/build/gcc/atmega2561/lib\libnutnet.a(igmpin.o)
                0x00010842                NutIgmpInput
 .text          0x00010872       0xd2 c:/ethernut-4.3.3/build/gcc/atmega2561/lib\libnutnet.a(arpin.o)
                0x00010872                NutArpInput
 .text          0x00010944       0x66 c:/ethernut-4.3.3/build/gcc/atmega2561/lib\libnutnet.a(tcpin.o)
                0x00010944                NutTcpInput
 .text          0x000109aa       0xe8 c:/ethernut-4.3.3/build/gcc/atmega2561/lib\libnutnet.a(udpin.o)
                0x000109aa                NutUdpInput
 .text          0x00010a92       0x2c c:/ethernut-4.3.3/build/gcc/atmega2561/lib\libnutcrt.a(close.o)
                0x00010a92                _close
 .text          0x00010abe       0x24 c:/ethernut-4.3.3/build/gcc/atmega2561/lib\libnutcrt.a(ioctl.o)
                0x00010abe                _ioctl
 .text          0x00010ae2       0xb0 c:/ethernut-4.3.3/build/gcc/atmega2561/lib\libnutcrt.a(open.o)
                0x00010ae2                _open
 .text          0x00010b92       0x80 c:/ethernut-4.3.3/build/gcc/atmega2561/lib\libnutcrt.a(fclose.o)
                0x00010b92                fclose
 .text          0x00010c12       0xa2 c:/ethernut-4.3.3/build/gcc/atmega2561/lib\libnutcrt.a(fdopen.o)
                0x00010c12                _fdopen
 .text          0x00010cb4       0x22 c:/ethernut-4.3.3/build/gcc/atmega2561/lib\libnutcrt.a(fflush.o)
                0x00010cb4                fflush
 .text          0x00010cd6        0x8 c:/ethernut-4.3.3/build/gcc/atmega2561/lib\libnutcrt.a(fileno.o)
                0x00010cd6                _fileno
 .text          0x00010cde       0x58 c:/ethernut-4.3.3/build/gcc/atmega2561/lib\libnutcrt.a(fmode.o)
                0x00010cde                _fmode
 .text          0x00010d36       0xb8 c:/ethernut-4.3.3/build/gcc/atmega2561/lib\libnutcrt.a(fopen.o)
                0x00010d36                fopen
 .text          0x00010dee       0xd6 c:/ethernut-4.3.3/build/gcc/atmega2561/lib\libnutcrt.a(freopen.o)
                0x00010dee                freopen
 .text          0x00010ec4       0x56 c:/ethernut-4.3.3/build/gcc/atmega2561/lib\libnutcrt.a(fgets.o)
                0x00010ec4                fgets
 .text          0x00010f1a       0x92 c:/ethernut-4.3.3/build/gcc/atmega2561/lib\libnutcrt.a(fread.o)
                0x00010f1a                fread
 .text          0x00010fac       0x3c c:/ethernut-4.3.3/build/gcc/atmega2561/lib\libnutcrt.a(fprintf.o)
                0x00010fac                fprintf
 .text          0x00010fe8       0x50 c:/ethernut-4.3.3/build/gcc/atmega2561/lib\libnutcrt.a(fputc.o)
                0x00010fe8                fputc
 .text          0x00011038       0x22 c:/ethernut-4.3.3/build/gcc/atmega2561/lib\libnutcrt.a(fputs.o)
                0x00011038                fputs
 .text          0x0001105a       0x40 c:/ethernut-4.3.3/build/gcc/atmega2561/lib\libnutcrt.a(printf.o)
                0x0001105a                printf
 .text          0x0001109a        0xe c:/ethernut-4.3.3/build/gcc/atmega2561/lib\libnutcrt.a(putchar.o)
                0x0001109a                putchar
 .text          0x000110a8       0x2e c:/ethernut-4.3.3/build/gcc/atmega2561/lib\libnutcrt.a(puts.o)
                0x000110a8                puts
 .text          0x000110d6       0x16 c:/ethernut-4.3.3/build/gcc/atmega2561/lib\libnutcrt.a(vfprintf.o)
                0x000110d6                vfprintf
 .text          0x000110ec       0x28 c:/ethernut-4.3.3/build/gcc/atmega2561/lib\libnutcrt.a(fputs_p.o)
                0x000110ec                fputs_P
 .text          0x00011114       0x72 c:/ethernut-4.3.3/build/gcc/atmega2561/lib\libnutcrt.a(vfprintf_p.o)
                0x00011114                vfprintf_P
 .text          0x00011186       0x3c c:/ethernut-4.3.3/build/gcc/atmega2561/lib\libnutcrt.a(sprintf.o)
                0x00011186                sprintf
 .text          0x000111c2       0x72 c:/ethernut-4.3.3/build/gcc/atmega2561/lib\libnutcrt.a(vsprintf.o)
                0x000111c2                vsprintf
 .text          0x00011234       0x80 c:/ethernut-4.3.3/build/gcc/atmega2561/lib\libnutcrt.a(time.o)
                0x00011270                time
                0x00011234                stime
 .text          0x000112b4        0x0 c:/ethernut-4.3.3/build/gcc/atmega2561/lib\libnutcrt.a(errno.o)
 .text          0x000112b4       0x20 c:/ethernut-4.3.3/build/gcc/atmega2561/lib\libnutcrt.a(malloc.o)
                0x000112ba                malloc
                0x000112b4                free
 .text          0x000112d4       0x26 c:/ethernut-4.3.3/build/gcc/atmega2561/lib\libnutcrt.a(read.o)
                0x000112d4                _read
 .text          0x000112fa      0x6f2 c:/ethernut-4.3.3/build/gcc/atmega2561/lib\libnutcrt.a(putf.o)
                0x0001134a                _putf
 .text          0x000119ec       0x26 c:/ethernut-4.3.3/build/gcc/atmega2561/lib\libnutcrt.a(write.o)
                0x000119ec                _write
 .text          0x00011a12       0x26 c:/ethernut-4.3.3/build/gcc/atmega2561/lib\libnutcrt.a(write_p.o)
                0x00011a12                _write_P
 .text          0x00011a38       0x78 c:/ethernut-4.3.3/build/gcc/atmega2561/lib\libnutcrt.a(fgetc.o)
                0x00011a38                fgetc
 .text          0x00011ab0        0x0 c:/winavr-20070525/bin/../lib/gcc/avr/4.1.2/avr6\libgcc.a(_mulsi3.o)
 .text          0x00011ab0        0x0 c:/winavr-20070525/bin/../lib/gcc/avr/4.1.2/avr6\libgcc.a(_udivmodqi4.o)
 .text          0x00011ab0        0x0 c:/winavr-20070525/bin/../lib/gcc/avr/4.1.2/avr6\libgcc.a(_udivmodhi4.o)
 .text          0x00011ab0        0x0 c:/winavr-20070525/bin/../lib/gcc/avr/4.1.2/avr6\libgcc.a(_divmodhi4.o)
 .text          0x00011ab0        0x0 c:/winavr-20070525/bin/../lib/gcc/avr/4.1.2/avr6\libgcc.a(_udivmodsi4.o)
 .text          0x00011ab0        0x0 c:/winavr-20070525/bin/../lib/gcc/avr/4.1.2/avr6\libgcc.a(_exit.o)
 .text          0x00011ab0        0x0 c:/winavr-20070525/bin/../lib/gcc/avr/4.1.2/avr6\libgcc.a(_clear_bss.o)
 .text          0x00011ab0       0x4e c:/winavr-20070525/bin/../lib/gcc/avr/4.1.2/../../../../avr/lib/avr6\libc.a(atol.o)
                0x00011ab0                atol
 .text          0x00011afe        0x0 c:/winavr-20070525/bin/../lib/gcc/avr/4.1.2/../../../../avr/lib/avr6\libc.a(toupper.o)
 .text          0x00011afe       0x12 c:/winavr-20070525/bin/../lib/gcc/avr/4.1.2/../../../../avr/lib/avr6\libc.a(memcpy_P.o)
                0x00011afe                memcpy_P
 .text          0x00011b10        0xe c:/winavr-20070525/bin/../lib/gcc/avr/4.1.2/../../../../avr/lib/avr6\libc.a(strcpy_P.o)
                0x00011b10                strcpy_P
 .text          0x00011b1e       0x12 c:/winavr-20070525/bin/../lib/gcc/avr/4.1.2/../../../../avr/lib/avr6\libc.a(strlen_P.o)
                0x00011b1e                strlen_P
 .text          0x00011b30       0x1a c:/winavr-20070525/bin/../lib/gcc/avr/4.1.2/../../../../avr/lib/avr6\libc.a(memchr.o)
                0x00011b30                memchr
 .text          0x00011b4a       0x1a c:/winavr-20070525/bin/../lib/gcc/avr/4.1.2/../../../../avr/lib/avr6\libc.a(memcmp.o)
                0x00011b4a                memcmp
 .text          0x00011b64       0x12 c:/winavr-20070525/bin/../lib/gcc/avr/4.1.2/../../../../avr/lib/avr6\libc.a(memcpy.o)
                0x00011b64                memcpy
 .text          0x00011b76        0xe c:/winavr-20070525/bin/../lib/gcc/avr/4.1.2/../../../../avr/lib/avr6\libc.a(memset.o)
                0x00011b76                memset
 .text          0x00011b84       0x16 c:/winavr-20070525/bin/../lib/gcc/avr/4.1.2/../../../../avr/lib/avr6\libc.a(strchr.o)
                0x00011b84                strchr
 .text          0x00011b9a       0x12 c:/winavr-20070525/bin/../lib/gcc/avr/4.1.2/../../../../avr/lib/avr6\libc.a(strcmp.o)
                0x00011b9a                strcmp
 .text          0x00011bac        0xe c:/winavr-20070525/bin/../lib/gcc/avr/4.1.2/../../../../avr/lib/avr6\libc.a(strcpy.o)
                0x00011bac                strcpy
 .text          0x00011bba       0x1c c:/winavr-20070525/bin/../lib/gcc/avr/4.1.2/../../../../avr/lib/avr6\libc.a(strncmp.o)
                0x00011bba                strncmp
 .text          0x00011bd6       0x2a c:/winavr-20070525/bin/../lib/gcc/avr/4.1.2/../../../../avr/lib/avr6\libc.a(mulsi10.o)
                0x00011bd6                __mulsi_const_10
 .text          0x00011c00        0x0 c:/winavr-20070525/bin/../lib/gcc/avr/4.1.2/../../../../avr/lib/avr6\libc.a(ee_rb.1F2021.o)
 .text          0x00011c00        0x0 c:/winavr-20070525/bin/../lib/gcc/avr/4.1.2/../../../../avr/lib/avr6\libc.a(ee_wb.1F2021.o)
 .text          0x00011c00        0x0 c:/winavr-20070525/bin/../lib/gcc/avr/4.1.2/../../../../avr/lib/avr6\libc.a(isalpha.o)
 .text          0x00011c00        0x0 c:/winavr-20070525/bin/../lib/gcc/avr/4.1.2/../../../../avr/lib/avr6\libc.a(cty_isfalse.o)
                0x00011c00                . = ALIGN (0x2)
 *(.text.*)
 .text.libgcc   0x00011c00       0x3e c:/winavr-20070525/bin/../lib/gcc/avr/4.1.2/avr6\libgcc.a(_mulsi3.o)
                0x00011c00                __mulsi3
 .text.libgcc   0x00011c3e       0x18 c:/winavr-20070525/bin/../lib/gcc/avr/4.1.2/avr6\libgcc.a(_udivmodqi4.o)
                0x00011c3e                __udivmodqi4
 .text.libgcc   0x00011c56       0x28 c:/winavr-20070525/bin/../lib/gcc/avr/4.1.2/avr6\libgcc.a(_udivmodhi4.o)
                0x00011c56                __udivmodhi4
 .text.libgcc   0x00011c7e       0x26 c:/winavr-20070525/bin/../lib/gcc/avr/4.1.2/avr6\libgcc.a(_divmodhi4.o)
                0x00011c7e                __divmodhi4
                0x00011c7e                _div
 .text.libgcc   0x00011ca4       0x44 c:/winavr-20070525/bin/../lib/gcc/avr/4.1.2/avr6\libgcc.a(_udivmodsi4.o)
                0x00011ca4                __udivmodsi4
 .text.libgcc   0x00011ce8        0x0 c:/winavr-20070525/bin/../lib/gcc/avr/4.1.2/avr6\libgcc.a(_exit.o)
 .text.libgcc   0x00011ce8        0x0 c:/winavr-20070525/bin/../lib/gcc/avr/4.1.2/avr6\libgcc.a(_clear_bss.o)
 .text.ctype    0x00011ce8        0xc c:/winavr-20070525/bin/../lib/gcc/avr/4.1.2/../../../../avr/lib/avr6\libc.a(toupper.o)
                0x00011ce8                toupper
 .text.eeprom   0x00011cf4       0x10 c:/winavr-20070525/bin/../lib/gcc/avr/4.1.2/../../../../avr/lib/avr6\libc.a(ee_rb.1F2021.o)
                0x00011cf4                __eeprom_read_byte_1F2021
 .text.eeprom   0x00011d04       0x18 c:/winavr-20070525/bin/../lib/gcc/avr/4.1.2/../../../../avr/lib/avr6\libc.a(ee_wb.1F2021.o)
                0x00011d04                __eeprom_write_byte_1F2021
 .text.ctype    0x00011d1c       0x14 c:/winavr-20070525/bin/../lib/gcc/avr/4.1.2/../../../../avr/lib/avr6\libc.a(isalpha.o)
                0x00011d22                islower
                0x00011d1c                isupper
                0x00011d20                isalpha
 .text.ctype    0x00011d30        0x6 c:/winavr-20070525/bin/../lib/gcc/avr/4.1.2/../../../../avr/lib/avr6\libc.a(cty_isfalse.o)
                0x00011d34                __ctype_istrue
                0x00011d30                __ctype_isfalse
                0x00011d36                . = ALIGN (0x2)
 *(.fini9)
 .fini9         0x00011d36        0x0 c:/winavr-20070525/bin/../lib/gcc/avr/4.1.2/avr6\libgcc.a(_exit.o)
                0x00011d36                exit
                0x00011d36                _exit
 *(.fini9)
 *(.fini8)
 *(.fini8)
 *(.fini7)
 *(.fini7)
 *(.fini6)
 *(.fini6)
 *(.fini5)
 *(.fini5)
 *(.fini4)
 *(.fini4)
 *(.fini3)
 *(.fini3)
 *(.fini2)
 *(.fini2)
 *(.fini1)
 *(.fini1)
 *(.fini0)
 .fini0         0x00011d36        0x2 c:/winavr-20070525/bin/../lib/gcc/avr/4.1.2/avr6\libgcc.a(_exit.o)
 *(.fini0)
                0x00011d38                _etext = .

.data           0x00800200      0x7ce load address 0x00011d38
                0x00800200                PROVIDE (__data_start, .)
 *(.data)
 .data          0x00800200        0x0 c:/winavr-20070525/bin/../lib/gcc/avr/4.1.2/../../../../avr/lib/avr6/crtm2561.o
 .data          0x00800200        0xd alarm.o
 .data          0x0080020d      0x3d5 audiostream.o
 .data          0x008005e2        0x0 display.o
 .data          0x008005e2       0x64 fat.o
                0x008005e2                devFAT
                0x00800605                devFATMMC0
 .data          0x00800646       0x50 flash.o
                0x00800646                at45_devt
 .data          0x00800696        0x0 keyboard.o
 .data          0x00800696        0x0 led.o
 .data          0x00800696       0x10 log.o
 .data          0x008006a6       0xc4 main.o
 .data          0x0080076a       0xac memory.o
 .data          0x00800816       0x31 menu.o
 .data          0x00800847        0x0 mmc.o
 .data          0x00800847        0x0 mmcdrv.o
 .data          0x00800847        0x0 remcon.o
 .data          0x00800847        0x0 rtc.o
 .data          0x00800847       0x1d showtime.o
 .data          0x00800864        0x0 spidrv.o
 .data          0x00800864        0x0 threads.o
 .data          0x00800864        0x0 uart0driver.o
 .data          0x00800864        0x0 vs10xx.o
 .data          0x00800864        0x0 watchdog.o
 .data          0x00800864       0x14 c:/ethernut-4.3.3/build/gcc/atmega2561/lib/nutinit.o
                0x00800877                idle_sleep_mode
 .data          0x00800878        0x6 c:/ethernut-4.3.3/build/gcc/atmega2561/lib\libnutpro.a(dhcpc.o)
 .data          0x0080087e        0x0 c:/ethernut-4.3.3/build/gcc/atmega2561/lib\libnutpro.a(resolv.o)
 .data          0x0080087e        0x2 c:/ethernut-4.3.3/build/gcc/atmega2561/lib\libnutnet.a(tcpsock.o)
 .data          0x00800880        0x2 c:/ethernut-4.3.3/build/gcc/atmega2561/lib\libnutnet.a(udpsock.o)
 .data          0x00800882        0x0 c:/ethernut-4.3.3/build/gcc/atmega2561/lib\libnutnet.a(route.o)
 .data          0x00800882        0x0 c:/ethernut-4.3.3/build/gcc/atmega2561/lib\libnutnet.a(inet.o)
 .data          0x00800882        0xe c:/ethernut-4.3.3/build/gcc/atmega2561/lib\libnutnet.a(ifconfig.o)
 .data          0x00800890        0x0 c:/ethernut-4.3.3/build/gcc/atmega2561/lib\libnutnet.a(confnet.o)
 .data          0x00800890        0x0 c:/ethernut-4.3.3/build/gcc/atmega2561/lib\libnutnet.a(tcpout.o)
 .data          0x00800890        0x6 c:/ethernut-4.3.3/build/gcc/atmega2561/lib\libnutnet.a(tcpsm.o)
 .data          0x00800896        0x0 c:/ethernut-4.3.3/build/gcc/atmega2561/lib\libnutnet.a(tcputil.o)
 .data          0x00800896        0x0 c:/ethernut-4.3.3/build/gcc/atmega2561/lib\libnutnet.a(udpout.o)
 .data          0x00800896        0x0 c:/ethernut-4.3.3/build/gcc/atmega2561/lib\libnutnet.a(ipcsum.o)
 .data          0x00800896        0x0 c:/ethernut-4.3.3/build/gcc/atmega2561/lib\libnutnet.a(ipout.o)
 .data          0x00800896        0x0 c:/ethernut-4.3.3/build/gcc/atmega2561/lib\libnutnet.a(arpcache.o)
 .data          0x00800896        0x0 c:/ethernut-4.3.3/build/gcc/atmega2561/lib\libnutnet.a(arpout.o)
 .data          0x00800896        0x0 c:/ethernut-4.3.3/build/gcc/atmega2561/lib\libnutos.a(heap.o)
 .data          0x00800896        0x0 c:/ethernut-4.3.3/build/gcc/atmega2561/lib\libnutos.a(bankmem.o)
 .data          0x00800896        0x0 c:/ethernut-4.3.3/build/gcc/atmega2561/lib\libnutos.a(thread.o)
 .data          0x00800896        0x0 c:/ethernut-4.3.3/build/gcc/atmega2561/lib\libnutos.a(timer.o)
 .data          0x00800896        0x0 c:/ethernut-4.3.3/build/gcc/atmega2561/lib\libnutos.a(event.o)
 .data          0x00800896        0x0 c:/ethernut-4.3.3/build/gcc/atmega2561/lib\libnutos.a(devreg.o)
 .data          0x00800896        0x0 c:/ethernut-4.3.3/build/gcc/atmega2561/lib\libnutos.a(confos.o)
 .data          0x00800896       0x11 c:/ethernut-4.3.3/build/gcc/atmega2561/lib\libnutos.a(version.o)
 .data          0x008008a7        0x0 c:/ethernut-4.3.3/build/gcc/atmega2561/lib\libnutdev.a(ihndlr.o)
 .data          0x008008a7        0x0 c:/ethernut-4.3.3/build/gcc/atmega2561/lib\libnutdev.a(netbuf.o)
 .data          0x008008a7        0x0 c:/ethernut-4.3.3/build/gcc/atmega2561/lib\libnutdev.a(nvmem.o)
 .data          0x008008a7        0x0 c:/ethernut-4.3.3/build/gcc/atmega2561/lib\libnutarch.a(context_gcc.o)
 .data          0x008008a7        0x0 c:/ethernut-4.3.3/build/gcc/atmega2561/lib\libnutarch.a(ostimer.o)
 .data          0x008008a7        0x6 c:/ethernut-4.3.3/build/gcc/atmega2561/lib\libnutarch.a(ih_int4.o)
                0x008008a7                sig_INTERRUPT4
 .data          0x008008ad        0x6 c:/ethernut-4.3.3/build/gcc/atmega2561/lib\libnutarch.a(ih_int6.o)
                0x008008ad                sig_INTERRUPT6
 .data          0x008008b3        0x6 c:/ethernut-4.3.3/build/gcc/atmega2561/lib\libnutarch.a(ih_timer0_ovf.o)
                0x008008b3                sig_OVERFLOW0
 .data          0x008008b9        0x6 c:/ethernut-4.3.3/build/gcc/atmega2561/lib\libnutarch.a(ih_timer2_comp.o)
                0x008008b9                sig_OUTPUT_COMPARE2
 .data          0x008008bf       0x23 c:/ethernut-4.3.3/build/gcc/atmega2561/lib\libnutarch.a(debug0.o)
                0x008008bf                devDebug0
 .data          0x008008e2       0x23 c:/ethernut-4.3.3/build/gcc/atmega2561/lib\libnutarch.a(uart0.o)
                0x008008e2                devUart0
 .data          0x00800905        0x0 c:/ethernut-4.3.3/build/gcc/atmega2561/lib\libnutarch.a(uartavr.o)
 .data          0x00800905       0x46 c:/ethernut-4.3.3/build/gcc/atmega2561/lib\libnutarch.a(eth0rtl.o)
                0x00800905                devEth0
 .data          0x0080094b        0x0 c:/ethernut-4.3.3/build/gcc/atmega2561/lib\libnutarch.a(twif.o)
 .data          0x0080094b        0x0 c:/ethernut-4.3.3/build/gcc/atmega2561/lib\libnutarch.a(eeprom.o)
 .data          0x0080094b        0x6 c:/ethernut-4.3.3/build/gcc/atmega2561/lib\libnutarch.a(ih_twi.o)
                0x0080094b                sig_2WIRE_SERIAL
 .data          0x00800951        0x6 c:/ethernut-4.3.3/build/gcc/atmega2561/lib\libnutarch.a(ih_usart0_rx.o)
                0x00800951                sig_UART0_RECV
 .data          0x00800957        0x6 c:/ethernut-4.3.3/build/gcc/atmega2561/lib\libnutarch.a(ih_usart0_tx.o)
                0x00800957                sig_UART0_TRANS
 .data          0x0080095d        0x6 c:/ethernut-4.3.3/build/gcc/atmega2561/lib\libnutarch.a(ih_usart1_rx.o)
                0x0080095d                sig_UART1_RECV
 .data          0x00800963        0x6 c:/ethernut-4.3.3/build/gcc/atmega2561/lib\libnutarch.a(ih_usart1_tx.o)
                0x00800963                sig_UART1_TRANS
 .data          0x00800969        0x5 c:/ethernut-4.3.3/build/gcc/atmega2561/lib\libnutarch.a(nicrtl.o)
 .data          0x0080096e        0x6 c:/ethernut-4.3.3/build/gcc/atmega2561/lib\libnutarch.a(ih_int5.o)
                0x0080096e                sig_INTERRUPT5
 .data          0x00800974        0x0 c:/ethernut-4.3.3/build/gcc/atmega2561/lib\libnutnet.a(ethin.o)
 .data          0x00800974        0x0 c:/ethernut-4.3.3/build/gcc/atmega2561/lib\libnutnet.a(ethout.o)
 .data          0x00800974        0x0 c:/ethernut-4.3.3/build/gcc/atmega2561/lib\libnutnet.a(ipin.o)
 .data          0x00800974        0x0 c:/ethernut-4.3.3/build/gcc/atmega2561/lib\libnutnet.a(icmpin.o)
 .data          0x00800974        0x0 c:/ethernut-4.3.3/build/gcc/atmega2561/lib\libnutnet.a(icmpout.o)
 .data          0x00800974        0x0 c:/ethernut-4.3.3/build/gcc/atmega2561/lib\libnutnet.a(igmpin.o)
 .data          0x00800974        0x0 c:/ethernut-4.3.3/build/gcc/atmega2561/lib\libnutnet.a(arpin.o)
 .data          0x00800974        0x0 c:/ethernut-4.3.3/build/gcc/atmega2561/lib\libnutnet.a(tcpin.o)
 .data          0x00800974        0x0 c:/ethernut-4.3.3/build/gcc/atmega2561/lib\libnutnet.a(udpin.o)
 .data          0x00800974        0x0 c:/ethernut-4.3.3/build/gcc/atmega2561/lib\libnutcrt.a(close.o)
 .data          0x00800974        0x0 c:/ethernut-4.3.3/build/gcc/atmega2561/lib\libnutcrt.a(ioctl.o)
 .data          0x00800974        0x0 c:/ethernut-4.3.3/build/gcc/atmega2561/lib\libnutcrt.a(open.o)
 .data          0x00800974        0x0 c:/ethernut-4.3.3/build/gcc/atmega2561/lib\libnutcrt.a(fclose.o)
 .data          0x00800974        0x0 c:/ethernut-4.3.3/build/gcc/atmega2561/lib\libnutcrt.a(fdopen.o)
 .data          0x00800974        0x0 c:/ethernut-4.3.3/build/gcc/atmega2561/lib\libnutcrt.a(fflush.o)
 .data          0x00800974        0x0 c:/ethernut-4.3.3/build/gcc/atmega2561/lib\libnutcrt.a(fileno.o)
 .data          0x00800974        0x0 c:/ethernut-4.3.3/build/gcc/atmega2561/lib\libnutcrt.a(fmode.o)
 .data          0x00800974       0x10 c:/ethernut-4.3.3/build/gcc/atmega2561/lib\libnutcrt.a(fopen.o)
                0x00800974                __iob
 .data          0x00800984        0x0 c:/ethernut-4.3.3/build/gcc/atmega2561/lib\libnutcrt.a(freopen.o)
 .data          0x00800984        0x0 c:/ethernut-4.3.3/build/gcc/atmega2561/lib\libnutcrt.a(fgets.o)
 .data          0x00800984        0x0 c:/ethernut-4.3.3/build/gcc/atmega2561/lib\libnutcrt.a(fread.o)
 .data          0x00800984        0x0 c:/ethernut-4.3.3/build/gcc/atmega2561/lib\libnutcrt.a(fprintf.o)
 .data          0x00800984        0x0 c:/ethernut-4.3.3/build/gcc/atmega2561/lib\libnutcrt.a(fputc.o)
 .data          0x00800984        0x0 c:/ethernut-4.3.3/build/gcc/atmega2561/lib\libnutcrt.a(fputs.o)
 .data          0x00800984        0x0 c:/ethernut-4.3.3/build/gcc/atmega2561/lib\libnutcrt.a(printf.o)
 .data          0x00800984        0x0 c:/ethernut-4.3.3/build/gcc/atmega2561/lib\libnutcrt.a(putchar.o)
 .data          0x00800984        0x0 c:/ethernut-4.3.3/build/gcc/atmega2561/lib\libnutcrt.a(puts.o)
 .data          0x00800984        0x0 c:/ethernut-4.3.3/build/gcc/atmega2561/lib\libnutcrt.a(vfprintf.o)
 .data          0x00800984        0x0 c:/ethernut-4.3.3/build/gcc/atmega2561/lib\libnutcrt.a(fputs_p.o)
 .data          0x00800984        0x0 c:/ethernut-4.3.3/build/gcc/atmega2561/lib\libnutcrt.a(vfprintf_p.o)
 .data          0x00800984        0x0 c:/ethernut-4.3.3/build/gcc/atmega2561/lib\libnutcrt.a(sprintf.o)
 .data          0x00800984        0x0 c:/ethernut-4.3.3/build/gcc/atmega2561/lib\libnutcrt.a(vsprintf.o)
 .data          0x00800984        0x0 c:/ethernut-4.3.3/build/gcc/atmega2561/lib\libnutcrt.a(time.o)
 .data          0x00800984        0x0 c:/ethernut-4.3.3/build/gcc/atmega2561/lib\libnutcrt.a(errno.o)
 .data          0x00800984        0x0 c:/ethernut-4.3.3/build/gcc/atmega2561/lib\libnutcrt.a(malloc.o)
 .data          0x00800984        0x0 c:/ethernut-4.3.3/build/gcc/atmega2561/lib\libnutcrt.a(read.o)
 .data          0x00800984       0x49 c:/ethernut-4.3.3/build/gcc/atmega2561/lib\libnutcrt.a(putf.o)
 .data          0x008009cd        0x0 c:/ethernut-4.3.3/build/gcc/atmega2561/lib\libnutcrt.a(write.o)
 .data          0x008009cd        0x0 c:/ethernut-4.3.3/build/gcc/atmega2561/lib\libnutcrt.a(write_p.o)
 .data          0x008009cd        0x0 c:/ethernut-4.3.3/build/gcc/atmega2561/lib\libnutcrt.a(fgetc.o)
 .data          0x008009cd        0x0 c:/winavr-20070525/bin/../lib/gcc/avr/4.1.2/avr6\libgcc.a(_mulsi3.o)
 .data          0x008009cd        0x0 c:/winavr-20070525/bin/../lib/gcc/avr/4.1.2/avr6\libgcc.a(_udivmodqi4.o)
 .data          0x008009cd        0x0 c:/winavr-20070525/bin/../lib/gcc/avr/4.1.2/avr6\libgcc.a(_udivmodhi4.o)
 .data          0x008009cd        0x0 c:/winavr-20070525/bin/../lib/gcc/avr/4.1.2/avr6\libgcc.a(_divmodhi4.o)
 .data          0x008009cd        0x0 c:/winavr-20070525/bin/../lib/gcc/avr/4.1.2/avr6\libgcc.a(_udivmodsi4.o)
 .data          0x008009cd        0x0 c:/winavr-20070525/bin/../lib/gcc/avr/4.1.2/avr6\libgcc.a(_exit.o)
 .data          0x008009cd        0x0 c:/winavr-20070525/bin/../lib/gcc/avr/4.1.2/avr6\libgcc.a(_clear_bss.o)
 .data          0x008009cd        0x0 c:/winavr-20070525/bin/../lib/gcc/avr/4.1.2/../../../../avr/lib/avr6\libc.a(atol.o)
 .data          0x008009cd        0x0 c:/winavr-20070525/bin/../lib/gcc/avr/4.1.2/../../../../avr/lib/avr6\libc.a(toupper.o)
 .data          0x008009cd        0x0 c:/winavr-20070525/bin/../lib/gcc/avr/4.1.2/../../../../avr/lib/avr6\libc.a(memcpy_P.o)
 .data          0x008009cd        0x0 c:/winavr-20070525/bin/../lib/gcc/avr/4.1.2/../../../../avr/lib/avr6\libc.a(strcpy_P.o)
 .data          0x008009cd        0x0 c:/winavr-20070525/bin/../lib/gcc/avr/4.1.2/../../../../avr/lib/avr6\libc.a(strlen_P.o)
 .data          0x008009cd        0x0 c:/winavr-20070525/bin/../lib/gcc/avr/4.1.2/../../../../avr/lib/avr6\libc.a(memchr.o)
 .data          0x008009cd        0x0 c:/winavr-20070525/bin/../lib/gcc/avr/4.1.2/../../../../avr/lib/avr6\libc.a(memcmp.o)
 .data          0x008009cd        0x0 c:/winavr-20070525/bin/../lib/gcc/avr/4.1.2/../../../../avr/lib/avr6\libc.a(memcpy.o)
 .data          0x008009cd        0x0 c:/winavr-20070525/bin/../lib/gcc/avr/4.1.2/../../../../avr/lib/avr6\libc.a(memset.o)
 .data          0x008009cd        0x0 c:/winavr-20070525/bin/../lib/gcc/avr/4.1.2/../../../../avr/lib/avr6\libc.a(strchr.o)
 .data          0x008009cd        0x0 c:/winavr-20070525/bin/../lib/gcc/avr/4.1.2/../../../../avr/lib/avr6\libc.a(strcmp.o)
 .data          0x008009cd        0x0 c:/winavr-20070525/bin/../lib/gcc/avr/4.1.2/../../../../avr/lib/avr6\libc.a(strcpy.o)
 .data          0x008009cd        0x0 c:/winavr-20070525/bin/../lib/gcc/avr/4.1.2/../../../../avr/lib/avr6\libc.a(strncmp.o)
 .data          0x008009cd        0x0 c:/winavr-20070525/bin/../lib/gcc/avr/4.1.2/../../../../avr/lib/avr6\libc.a(mulsi10.o)
 .data          0x008009cd        0x0 c:/winavr-20070525/bin/../lib/gcc/avr/4.1.2/../../../../avr/lib/avr6\libc.a(ee_rb.1F2021.o)
 .data          0x008009cd        0x0 c:/winavr-20070525/bin/../lib/gcc/avr/4.1.2/../../../../avr/lib/avr6\libc.a(ee_wb.1F2021.o)
 .data          0x008009cd        0x0 c:/winavr-20070525/bin/../lib/gcc/avr/4.1.2/../../../../avr/lib/avr6\libc.a(isalpha.o)
 .data          0x008009cd        0x0 c:/winavr-20070525/bin/../lib/gcc/avr/4.1.2/../../../../avr/lib/avr6\libc.a(cty_isfalse.o)
 *(.data*)
 *(.rodata)
 *(.rodata*)
 *(.gnu.linkonce.d*)
                0x008009ce                . = ALIGN (0x2)
 *fill*         0x008009cd        0x1 00
                0x008009ce                _edata = .
                0x008009ce                PROVIDE (__data_end, .)

.bss            0x008009ce      0x42e
                0x008009ce                PROVIDE (__bss_start, .)
 *(.bss)
 .bss           0x008009ce        0x0 c:/winavr-20070525/bin/../lib/gcc/avr/4.1.2/../../../../avr/lib/avr6/crtm2561.o
 .bss           0x008009ce        0x0 alarm.o
 .bss           0x008009ce        0x0 audiostream.o
 .bss           0x008009ce        0x0 display.o
 .bss           0x008009ce       0x70 fat.o
 .bss           0x00800a3e        0xa flash.o
 .bss           0x00800a48       0x18 keyboard.o
 .bss           0x00800a60        0x1 led.o
 .bss           0x00800a61        0x3 log.o
 .bss           0x00800a64        0x0 main.o
 .bss           0x00800a64        0x0 memory.o
 .bss           0x00800a64        0x4 menu.o
                0x00800a66                head
                0x00800a64                currentMenuItem
 .bss           0x00800a68        0x7 mmc.o
 .bss           0x00800a6f        0xf mmcdrv.o
 .bss           0x00800a7e        0x2 remcon.o
 .bss           0x00800a80        0x4 rtc.o
 .bss           0x00800a84        0x0 showtime.o
 .bss           0x00800a84        0x1 spidrv.o
 .bss           0x00800a85        0x0 threads.o
 .bss           0x00800a85        0x2 uart0driver.o
 .bss           0x00800a87        0x3 vs10xx.o
 .bss           0x00800a8a        0x2 watchdog.o
 .bss           0x00800a8c        0x1 c:/ethernut-4.3.3/build/gcc/atmega2561/lib/nutinit.o
                0x00800a8c                ms62_5
 .bss           0x00800a8d       0x13 c:/ethernut-4.3.3/build/gcc/atmega2561/lib\libnutpro.a(dhcpc.o)
 .bss           0x00800aa0        0xc c:/ethernut-4.3.3/build/gcc/atmega2561/lib\libnutpro.a(resolv.o)
 .bss           0x00800aac        0x3 c:/ethernut-4.3.3/build/gcc/atmega2561/lib\libnutnet.a(tcpsock.o)
                0x00800aac                tcpSocketList
 .bss           0x00800aaf        0x0 c:/ethernut-4.3.3/build/gcc/atmega2561/lib\libnutnet.a(udpsock.o)
 .bss           0x00800aaf        0x0 c:/ethernut-4.3.3/build/gcc/atmega2561/lib\libnutnet.a(route.o)
 .bss           0x00800aaf       0x10 c:/ethernut-4.3.3/build/gcc/atmega2561/lib\libnutnet.a(inet.o)
 .bss           0x00800abf        0x0 c:/ethernut-4.3.3/build/gcc/atmega2561/lib\libnutnet.a(ifconfig.o)
 .bss           0x00800abf        0x0 c:/ethernut-4.3.3/build/gcc/atmega2561/lib\libnutnet.a(confnet.o)
 .bss           0x00800abf        0x0 c:/ethernut-4.3.3/build/gcc/atmega2561/lib\libnutnet.a(tcpout.o)
 .bss           0x00800abf        0x4 c:/ethernut-4.3.3/build/gcc/atmega2561/lib\libnutnet.a(tcpsm.o)
 .bss           0x00800ac3        0x0 c:/ethernut-4.3.3/build/gcc/atmega2561/lib\libnutnet.a(tcputil.o)
 .bss           0x00800ac3        0x0 c:/ethernut-4.3.3/build/gcc/atmega2561/lib\libnutnet.a(udpout.o)
 .bss           0x00800ac3        0x0 c:/ethernut-4.3.3/build/gcc/atmega2561/lib\libnutnet.a(ipcsum.o)
 .bss           0x00800ac3        0x0 c:/ethernut-4.3.3/build/gcc/atmega2561/lib\libnutnet.a(ipout.o)
 .bss           0x00800ac3        0x4 c:/ethernut-4.3.3/build/gcc/atmega2561/lib\libnutnet.a(arpcache.o)
 .bss           0x00800ac7        0x0 c:/ethernut-4.3.3/build/gcc/atmega2561/lib\libnutnet.a(arpout.o)
 .bss           0x00800ac7        0x2 c:/ethernut-4.3.3/build/gcc/atmega2561/lib\libnutos.a(heap.o)
 .bss           0x00800ac9       0x13 c:/ethernut-4.3.3/build/gcc/atmega2561/lib\libnutos.a(bankmem.o)
 .bss           0x00800adc        0x0 c:/ethernut-4.3.3/build/gcc/atmega2561/lib\libnutos.a(thread.o)
 .bss           0x00800adc        0x4 c:/ethernut-4.3.3/build/gcc/atmega2561/lib\libnutos.a(timer.o)
 .bss           0x00800ae0        0x0 c:/ethernut-4.3.3/build/gcc/atmega2561/lib\libnutos.a(event.o)
 .bss           0x00800ae0        0x2 c:/ethernut-4.3.3/build/gcc/atmega2561/lib\libnutos.a(devreg.o)
                0x00800ae0                nutDeviceList
 .bss           0x00800ae2        0x0 c:/ethernut-4.3.3/build/gcc/atmega2561/lib\libnutos.a(confos.o)
 .bss           0x00800ae2        0x0 c:/ethernut-4.3.3/build/gcc/atmega2561/lib\libnutos.a(version.o)
 .bss           0x00800ae2        0x0 c:/ethernut-4.3.3/build/gcc/atmega2561/lib\libnutdev.a(ihndlr.o)
 .bss           0x00800ae2        0x0 c:/ethernut-4.3.3/build/gcc/atmega2561/lib\libnutdev.a(netbuf.o)
 .bss           0x00800ae2        0x0 c:/ethernut-4.3.3/build/gcc/atmega2561/lib\libnutdev.a(nvmem.o)
 .bss           0x00800ae2        0x0 c:/ethernut-4.3.3/build/gcc/atmega2561/lib\libnutarch.a(context_gcc.o)
 .bss           0x00800ae2        0x4 c:/ethernut-4.3.3/build/gcc/atmega2561/lib\libnutarch.a(ostimer.o)
 .bss           0x00800ae6        0x0 c:/ethernut-4.3.3/build/gcc/atmega2561/lib\libnutarch.a(ih_int4.o)
 .bss           0x00800ae6        0x0 c:/ethernut-4.3.3/build/gcc/atmega2561/lib\libnutarch.a(ih_int6.o)
 .bss           0x00800ae6        0x0 c:/ethernut-4.3.3/build/gcc/atmega2561/lib\libnutarch.a(ih_timer0_ovf.o)
 .bss           0x00800ae6        0x0 c:/ethernut-4.3.3/build/gcc/atmega2561/lib\libnutarch.a(ih_timer2_comp.o)
 .bss           0x00800ae6        0x6 c:/ethernut-4.3.3/build/gcc/atmega2561/lib\libnutarch.a(debug0.o)
 .bss           0x00800aec      0x21c c:/ethernut-4.3.3/build/gcc/atmega2561/lib\libnutarch.a(uart0.o)
 .bss           0x00800d08        0x0 c:/ethernut-4.3.3/build/gcc/atmega2561/lib\libnutarch.a(uartavr.o)
 .bss           0x00800d08       0x26 c:/ethernut-4.3.3/build/gcc/atmega2561/lib\libnutarch.a(eth0rtl.o)
 .bss           0x00800d2e       0x1f c:/ethernut-4.3.3/build/gcc/atmega2561/lib\libnutarch.a(twif.o)
 .bss           0x00800d4d        0x0 c:/ethernut-4.3.3/build/gcc/atmega2561/lib\libnutarch.a(eeprom.o)
 .bss           0x00800d4d        0x0 c:/ethernut-4.3.3/build/gcc/atmega2561/lib\libnutarch.a(ih_twi.o)
 .bss           0x00800d4d        0x0 c:/ethernut-4.3.3/build/gcc/atmega2561/lib\libnutarch.a(ih_usart0_rx.o)
 .bss           0x00800d4d        0x0 c:/ethernut-4.3.3/build/gcc/atmega2561/lib\libnutarch.a(ih_usart0_tx.o)
 .bss           0x00800d4d        0x0 c:/ethernut-4.3.3/build/gcc/atmega2561/lib\libnutarch.a(ih_usart1_rx.o)
 .bss           0x00800d4d        0x0 c:/ethernut-4.3.3/build/gcc/atmega2561/lib\libnutarch.a(ih_usart1_tx.o)
 .bss           0x00800d4d        0x0 c:/ethernut-4.3.3/build/gcc/atmega2561/lib\libnutarch.a(nicrtl.o)
 .bss           0x00800d4d        0x0 c:/ethernut-4.3.3/build/gcc/atmega2561/lib\libnutarch.a(ih_int5.o)
 .bss           0x00800d4d        0x0 c:/ethernut-4.3.3/build/gcc/atmega2561/lib\libnutnet.a(ethin.o)
 .bss           0x00800d4d        0x0 c:/ethernut-4.3.3/build/gcc/atmega2561/lib\libnutnet.a(ethout.o)
 .bss           0x00800d4d        0x2 c:/ethernut-4.3.3/build/gcc/atmega2561/lib\libnutnet.a(ipin.o)
 .bss           0x00800d4f        0x0 c:/ethernut-4.3.3/build/gcc/atmega2561/lib\libnutnet.a(icmpin.o)
 .bss           0x00800d4f        0x0 c:/ethernut-4.3.3/build/gcc/atmega2561/lib\libnutnet.a(icmpout.o)
 .bss           0x00800d4f        0x0 c:/ethernut-4.3.3/build/gcc/atmega2561/lib\libnutnet.a(igmpin.o)
 .bss           0x00800d4f        0x0 c:/ethernut-4.3.3/build/gcc/atmega2561/lib\libnutnet.a(arpin.o)
 .bss           0x00800d4f        0x0 c:/ethernut-4.3.3/build/gcc/atmega2561/lib\libnutnet.a(tcpin.o)
 .bss           0x00800d4f        0x0 c:/ethernut-4.3.3/build/gcc/atmega2561/lib\libnutnet.a(udpin.o)
 .bss           0x00800d4f        0x0 c:/ethernut-4.3.3/build/gcc/atmega2561/lib\libnutcrt.a(close.o)
 .bss           0x00800d4f        0x0 c:/ethernut-4.3.3/build/gcc/atmega2561/lib\libnutcrt.a(ioctl.o)
 .bss           0x00800d4f        0x0 c:/ethernut-4.3.3/build/gcc/atmega2561/lib\libnutcrt.a(open.o)
 .bss           0x00800d4f        0x0 c:/ethernut-4.3.3/build/gcc/atmega2561/lib\libnutcrt.a(fclose.o)
 .bss           0x00800d4f        0x0 c:/ethernut-4.3.3/build/gcc/atmega2561/lib\libnutcrt.a(fdopen.o)
 .bss           0x00800d4f        0x0 c:/ethernut-4.3.3/build/gcc/atmega2561/lib\libnutcrt.a(fflush.o)
 .bss           0x00800d4f        0x0 c:/ethernut-4.3.3/build/gcc/atmega2561/lib\libnutcrt.a(fileno.o)
 .bss           0x00800d4f        0x0 c:/ethernut-4.3.3/build/gcc/atmega2561/lib\libnutcrt.a(fmode.o)
 .bss           0x00800d4f        0x0 c:/ethernut-4.3.3/build/gcc/atmega2561/lib\libnutcrt.a(fopen.o)
 .bss           0x00800d4f        0x0 c:/ethernut-4.3.3/build/gcc/atmega2561/lib\libnutcrt.a(freopen.o)
 .bss           0x00800d4f        0x0 c:/ethernut-4.3.3/build/gcc/atmega2561/lib\libnutcrt.a(fgets.o)
 .bss           0x00800d4f        0x0 c:/ethernut-4.3.3/build/gcc/atmega2561/lib\libnutcrt.a(fread.o)
 .bss           0x00800d4f        0x0 c:/ethernut-4.3.3/build/gcc/atmega2561/lib\libnutcrt.a(fprintf.o)
 .bss           0x00800d4f        0x0 c:/ethernut-4.3.3/build/gcc/atmega2561/lib\libnutcrt.a(fputc.o)
 .bss           0x00800d4f        0x0 c:/ethernut-4.3.3/build/gcc/atmega2561/lib\libnutcrt.a(fputs.o)
 .bss           0x00800d4f        0x0 c:/ethernut-4.3.3/build/gcc/atmega2561/lib\libnutcrt.a(printf.o)
 .bss           0x00800d4f        0x0 c:/ethernut-4.3.3/build/gcc/atmega2561/lib\libnutcrt.a(putchar.o)
 .bss           0x00800d4f        0x0 c:/ethernut-4.3.3/build/gcc/atmega2561/lib\libnutcrt.a(puts.o)
 .bss           0x00800d4f        0x0 c:/ethernut-4.3.3/build/gcc/atmega2561/lib\libnutcrt.a(vfprintf.o)
 .bss           0x00800d4f        0x0 c:/ethernut-4.3.3/build/gcc/atmega2561/lib\libnutcrt.a(fputs_p.o)
 .bss           0x00800d4f        0x0 c:/ethernut-4.3.3/build/gcc/atmega2561/lib\libnutcrt.a(vfprintf_p.o)
 .bss           0x00800d4f        0x0 c:/ethernut-4.3.3/build/gcc/atmega2561/lib\libnutcrt.a(sprintf.o)
 .bss           0x00800d4f        0x0 c:/ethernut-4.3.3/build/gcc/atmega2561/lib\libnutcrt.a(vsprintf.o)
 .bss           0x00800d4f        0x4 c:/ethernut-4.3.3/build/gcc/atmega2561/lib\libnutcrt.a(time.o)
 .bss           0x00800d53        0x0 c:/ethernut-4.3.3/build/gcc/atmega2561/lib\libnutcrt.a(errno.o)
 .bss           0x00800d53        0x0 c:/ethernut-4.3.3/build/gcc/atmega2561/lib\libnutcrt.a(malloc.o)
 .bss           0x00800d53        0x0 c:/ethernut-4.3.3/build/gcc/atmega2561/lib\libnutcrt.a(read.o)
 .bss           0x00800d53        0x0 c:/ethernut-4.3.3/build/gcc/atmega2561/lib\libnutcrt.a(putf.o)
 .bss           0x00800d53        0x0 c:/ethernut-4.3.3/build/gcc/atmega2561/lib\libnutcrt.a(write.o)
 .bss           0x00800d53        0x0 c:/ethernut-4.3.3/build/gcc/atmega2561/lib\libnutcrt.a(write_p.o)
 .bss           0x00800d53        0x0 c:/ethernut-4.3.3/build/gcc/atmega2561/lib\libnutcrt.a(fgetc.o)
 .bss           0x00800d53        0x0 c:/winavr-20070525/bin/../lib/gcc/avr/4.1.2/avr6\libgcc.a(_mulsi3.o)
 .bss           0x00800d53        0x0 c:/winavr-20070525/bin/../lib/gcc/avr/4.1.2/avr6\libgcc.a(_udivmodqi4.o)
 .bss           0x00800d53        0x0 c:/winavr-20070525/bin/../lib/gcc/avr/4.1.2/avr6\libgcc.a(_udivmodhi4.o)
 .bss           0x00800d53        0x0 c:/winavr-20070525/bin/../lib/gcc/avr/4.1.2/avr6\libgcc.a(_divmodhi4.o)
 .bss           0x00800d53        0x0 c:/winavr-20070525/bin/../lib/gcc/avr/4.1.2/avr6\libgcc.a(_udivmodsi4.o)
 .bss           0x00800d53        0x0 c:/winavr-20070525/bin/../lib/gcc/avr/4.1.2/avr6\libgcc.a(_exit.o)
 .bss           0x00800d53        0x0 c:/winavr-20070525/bin/../lib/gcc/avr/4.1.2/avr6\libgcc.a(_clear_bss.o)
 .bss           0x00800d53        0x0 c:/winavr-20070525/bin/../lib/gcc/avr/4.1.2/../../../../avr/lib/avr6\libc.a(atol.o)
 .bss           0x00800d53        0x0 c:/winavr-20070525/bin/../lib/gcc/avr/4.1.2/../../../../avr/lib/avr6\libc.a(toupper.o)
 .bss           0x00800d53        0x0 c:/winavr-20070525/bin/../lib/gcc/avr/4.1.2/../../../../avr/lib/avr6\libc.a(memcpy_P.o)
 .bss           0x00800d53        0x0 c:/winavr-20070525/bin/../lib/gcc/avr/4.1.2/../../../../avr/lib/avr6\libc.a(strcpy_P.o)
 .bss           0x00800d53        0x0 c:/winavr-20070525/bin/../lib/gcc/avr/4.1.2/../../../../avr/lib/avr6\libc.a(strlen_P.o)
 .bss           0x00800d53        0x0 c:/winavr-20070525/bin/../lib/gcc/avr/4.1.2/../../../../avr/lib/avr6\libc.a(memchr.o)
 .bss           0x00800d53        0x0 c:/winavr-20070525/bin/../lib/gcc/avr/4.1.2/../../../../avr/lib/avr6\libc.a(memcmp.o)
 .bss           0x00800d53        0x0 c:/winavr-20070525/bin/../lib/gcc/avr/4.1.2/../../../../avr/lib/avr6\libc.a(memcpy.o)
 .bss           0x00800d53        0x0 c:/winavr-20070525/bin/../lib/gcc/avr/4.1.2/../../../../avr/lib/avr6\libc.a(memset.o)
 .bss           0x00800d53        0x0 c:/winavr-20070525/bin/../lib/gcc/avr/4.1.2/../../../../avr/lib/avr6\libc.a(strchr.o)
 .bss           0x00800d53        0x0 c:/winavr-20070525/bin/../lib/gcc/avr/4.1.2/../../../../avr/lib/avr6\libc.a(strcmp.o)
 .bss           0x00800d53        0x0 c:/winavr-20070525/bin/../lib/gcc/avr/4.1.2/../../../../avr/lib/avr6\libc.a(strcpy.o)
 .bss           0x00800d53        0x0 c:/winavr-20070525/bin/../lib/gcc/avr/4.1.2/../../../../avr/lib/avr6\libc.a(strncmp.o)
 .bss           0x00800d53        0x0 c:/winavr-20070525/bin/../lib/gcc/avr/4.1.2/../../../../avr/lib/avr6\libc.a(mulsi10.o)
 .bss           0x00800d53        0x0 c:/winavr-20070525/bin/../lib/gcc/avr/4.1.2/../../../../avr/lib/avr6\libc.a(ee_rb.1F2021.o)
 .bss           0x00800d53        0x0 c:/winavr-20070525/bin/../lib/gcc/avr/4.1.2/../../../../avr/lib/avr6\libc.a(ee_wb.1F2021.o)
 .bss           0x00800d53        0x0 c:/winavr-20070525/bin/../lib/gcc/avr/4.1.2/../../../../avr/lib/avr6\libc.a(isalpha.o)
 .bss           0x00800d53        0x0 c:/winavr-20070525/bin/../lib/gcc/avr/4.1.2/../../../../avr/lib/avr6\libc.a(cty_isfalse.o)
 *(.bss*)
 *(COMMON)
 COMMON         0x00800d53        0x6 audiostream.o
                0x00800d53                yorick
                0x00800d55                STOP_THREAD
                0x00800d57                radio_3fm
 COMMON         0x00800d59        0x5 memory.o
                0x00800d59                uconf
 COMMON         0x00800d5e        0x4 showtime.o
                0x00800d5e                oldTime
                0x00800d60                oldDate
 COMMON         0x00800d62       0x40 c:/ethernut-4.3.3/build/gcc/atmega2561/lib/nutinit.o
                0x00800d62                nutmem_onchip
 COMMON         0x00800da2        0x2 c:/ethernut-4.3.3/build/gcc/atmega2561/lib\libnutnet.a(udpsock.o)
                0x00800da2                udpSocketList
 COMMON         0x00800da4        0x2 c:/ethernut-4.3.3/build/gcc/atmega2561/lib\libnutnet.a(route.o)
                0x00800da4                rteList
 COMMON         0x00800da6        0x1 c:/ethernut-4.3.3/build/gcc/atmega2561/lib\libnutnet.a(ifconfig.o)
                0x00800da6                ppp_hackup
 COMMON         0x00800da7       0x20 c:/ethernut-4.3.3/build/gcc/atmega2561/lib\libnutnet.a(confnet.o)
                0x00800da7                confnet
 COMMON         0x00800dc7        0x4 c:/ethernut-4.3.3/build/gcc/atmega2561/lib\libnutnet.a(tcpsm.o)
                0x00800dc7                tcp_in_nbq
                0x00800dc9                tcp_in_rdy
 COMMON         0x00800dcb        0x2 c:/ethernut-4.3.3/build/gcc/atmega2561/lib\libnutos.a(heap.o)
                0x00800dcb                heapFreeList
 COMMON         0x00800dcd        0x8 c:/ethernut-4.3.3/build/gcc/atmega2561/lib\libnutos.a(thread.o)
                0x00800dcd                nutThreadList
                0x00800dcf                runQueue
                0x00800dd1                runningThread
                0x00800dd3                killedThread
 COMMON         0x00800dd5        0xa c:/ethernut-4.3.3/build/gcc/atmega2561/lib\libnutos.a(timer.o)
                0x00800dd5                nut_delay_loops
                0x00800dd9                nutTimerList
                0x00800ddb                nut_ticks
 COMMON         0x00800ddf       0x13 c:/ethernut-4.3.3/build/gcc/atmega2561/lib\libnutos.a(confos.o)
                0x00800ddf                confos
 COMMON         0x00800df2        0x8 c:/ethernut-4.3.3/build/gcc/atmega2561/lib\libnutarch.a(twif.o)
                0x00800df2                tw_mm_mutex
                0x00800df4                tw_mm_que
                0x00800df6                tw_sr_que
                0x00800df8                tw_st_que
 COMMON         0x00800dfa        0x2 c:/ethernut-4.3.3/build/gcc/atmega2561/lib\libnutcrt.a(errno.o)
                0x00800dfa                errno
                0x00800dfc                PROVIDE (__bss_end, .)
                0x00011d38                __data_load_start = LOADADDR (.data)
                0x00012506                __data_load_end = (__data_load_start + SIZEOF (.data))

.noinit         0x00800dfc        0x0
                0x00800dfc                PROVIDE (__noinit_start, .)
 *(.noinit*)
                0x00800dfc                PROVIDE (__noinit_end, .)
                0x00800dfc                _end = .
                0x00800dfc                PROVIDE (__heap_start, .)

.eeprom         0x00810000        0x0
 *(.eeprom*)
                0x00810000                __eeprom_end = .

.stab           0x00000000      0x414
 *(.stab)
 .stab          0x00000000      0x414 c:/winavr-20070525/bin/../lib/gcc/avr/4.1.2/../../../../avr/lib/avr6/crtm2561.o

.stabstr        0x00000000       0x71
 *(.stabstr)
 .stabstr       0x00000000       0x71 c:/winavr-20070525/bin/../lib/gcc/avr/4.1.2/../../../../avr/lib/avr6/crtm2561.o

.stab.excl
 *(.stab.excl)

.stab.exclstr
 *(.stab.exclstr)

.stab.index
 *(.stab.index)

.stab.indexstr
 *(.stab.indexstr)

.comment
 *(.comment)

.debug
 *(.debug)

.line
 *(.line)

.debug_srcinfo
 *(.debug_srcinfo)

.debug_sfnames
 *(.debug_sfnames)

.debug_aranges
 *(.debug_aranges)

.debug_pubnames
 *(.debug_pubnames)

.debug_info
 *(.debug_info)
 *(.gnu.linkonce.wi.*)

.debug_abbrev
 *(.debug_abbrev)

.debug_line
 *(.debug_line)

.debug_frame
 *(.debug_frame)

.debug_str
 *(.debug_str)

.debug_loc
 *(.debug_loc)

.debug_macinfo
 *(.debug_macinfo)
OUTPUT(ipac.elf elf32-avr)
LOAD linker stubs

Cross Reference Table

Symbol                                            File
AddChildNode                                      menu.o
AddL1Node                                         menu.o
At45dbChipErase                                   flash.o
At45dbGetStatus                                   flash.o
At45dbInit                                        flash.o
At45dbPageErase                                   flash.o
At45dbPageRead                                    flash.o
At45dbPageWrite                                   flash.o
At45dbSendCmd                                     flash.o
At45dbWaitReady                                   flash.o
CallHandler                                       c:/ethernut-4.3.3/build/gcc/atmega2561/lib\libnutdev.a(ihndlr.o)
                                                  c:/ethernut-4.3.3/build/gcc/atmega2561/lib\libnutarch.a(ih_int5.o)
                                                  c:/ethernut-4.3.3/build/gcc/atmega2561/lib\libnutarch.a(ih_usart1_tx.o)
                                                  c:/ethernut-4.3.3/build/gcc/atmega2561/lib\libnutarch.a(ih_usart1_rx.o)
                                                  c:/ethernut-4.3.3/build/gcc/atmega2561/lib\libnutarch.a(ih_usart0_tx.o)
                                                  c:/ethernut-4.3.3/build/gcc/atmega2561/lib\libnutarch.a(ih_usart0_rx.o)
                                                  c:/ethernut-4.3.3/build/gcc/atmega2561/lib\libnutarch.a(ih_twi.o)
                                                  c:/ethernut-4.3.3/build/gcc/atmega2561/lib\libnutarch.a(ih_timer2_comp.o)
                                                  c:/ethernut-4.3.3/build/gcc/atmega2561/lib\libnutarch.a(ih_timer0_ovf.o)
                                                  c:/ethernut-4.3.3/build/gcc/atmega2561/lib\libnutarch.a(ih_int6.o)
                                                  c:/ethernut-4.3.3/build/gcc/atmega2561/lib\libnutarch.a(ih_int4.o)
CardCheckCard                                     mmc.o
                                                  main.o
CardCheckPresent                                  mmc.o
CardClose                                         mmc.o
CardInit                                          mmc.o
                                                  main.o
CardInitCard                                      mmc.o
CardPresent                                       mmc.o
CardStatus                                        mmc.o
ChildNode                                         menu.o
ConfigureLan                                      audiostream.o
ConnectStation                                    audiostream.o
FATFileRead                                       fat.o
FATFileSize                                       fat.o
FATFree                                           fat.o
FATIOCtl                                          fat.o
FATLock                                           fat.o
FATRelease                                        fat.o
                                                  mmc.o
FATSemaInit                                       fat.o
GetThreadByName                                   c:/ethernut-4.3.3/build/gcc/atmega2561/lib\libnutos.a(thread.o)
                                                  mmc.o
HexDump                                           log.o
IsInLimits                                        c:/ethernut-4.3.3/build/gcc/atmega2561/lib\libnutnet.a(tcputil.o)
                                                  c:/ethernut-4.3.3/build/gcc/atmega2561/lib\libnutnet.a(tcpsm.o)
KbGetKey                                          keyboard.o
                                                  main.o
KbInit                                            keyboard.o
                                                  main.o
KbInjectKey                                       keyboard.o
                                                  mmc.o
KbScan                                            keyboard.o
                                                  main.o
KbSetKeyRepeating                                 keyboard.o
KbWaitForKeyEvent                                 keyboard.o
LcdBackLight                                      display.o
                                                  main.o
LcdChar                                           display.o
                                                  showtime.o
LcdClear                                          display.o
                                                  main.o
LcdCursorBlink                                    display.o
                                                  main.o
LcdCursorOff                                      display.o
                                                  main.o
LcdDDRamStartPos                                  display.o
                                                  showtime.o
                                                  menu.o
                                                  main.o
LcdLowLevelInit                                   display.o
                                                  main.o
LcdMoveCursor                                     display.o
LcdMoveCursorHome                                 display.o
LcdMoveCursorPos                                  display.o
                                                  main.o
LcdSetupDisplay                                   display.o
                                                  main.o
LcdStr                                            display.o
                                                  showtime.o
                                                  menu.o
                                                  main.o
LedControl                                        led.o
LedGetStatus                                      led.o
LedInit                                           led.o
                                                  main.o
Level1Node                                        menu.o
LogChar_P                                         log.o
LogClose                                          log.o
LogInit                                           log.o
                                                  main.o
LogMsg_P                                          log.o
                                                  spidrv.o
                                                  mmcdrv.o
                                                  mmc.o
                                                  main.o
LogOpen                                           log.o
LogSetLevel                                       log.o
MMCGetSectorSize                                  mmcdrv.o
                                                  fat.o
MMCGetTotalSectors                                mmcdrv.o
                                                  fat.o
MMCInit                                           mmcdrv.o
                                                  fat.o
MMCIsCDROMDevice                                  mmcdrv.o
                                                  fat.o
MMCIsZIPDevice                                    mmcdrv.o
                                                  fat.o
MMCMountAllDevices                                mmcdrv.o
                                                  fat.o
MMCReadSectors                                    mmcdrv.o
                                                  fat.o
MMCUnMountDevice                                  mmcdrv.o
MMCWriteSectors                                   mmcdrv.o
                                                  fat.o
NicInit                                           c:/ethernut-4.3.3/build/gcc/atmega2561/lib\libnutarch.a(nicrtl.o)
                                                  c:/ethernut-4.3.3/build/gcc/atmega2561/lib\libnutarch.a(eth0rtl.o)
NicOutput                                         c:/ethernut-4.3.3/build/gcc/atmega2561/lib\libnutarch.a(nicrtl.o)
                                                  c:/ethernut-4.3.3/build/gcc/atmega2561/lib\libnutarch.a(eth0rtl.o)
NicRx                                             c:/ethernut-4.3.3/build/gcc/atmega2561/lib\libnutarch.a(nicrtl.o)
NutAppMain                                        main.o
                                                  c:/ethernut-4.3.3/build/gcc/atmega2561/lib/nutinit.o
NutArpAllocNetBuf                                 c:/ethernut-4.3.3/build/gcc/atmega2561/lib\libnutnet.a(arpout.o)
                                                  c:/ethernut-4.3.3/build/gcc/atmega2561/lib\libnutnet.a(arpin.o)
                                                  c:/ethernut-4.3.3/build/gcc/atmega2561/lib\libnutnet.a(arpcache.o)
NutArpCacheQuery                                  c:/ethernut-4.3.3/build/gcc/atmega2561/lib\libnutnet.a(arpcache.o)
                                                  c:/ethernut-4.3.3/build/gcc/atmega2561/lib\libnutnet.a(ipout.o)
NutArpCacheUpdate                                 c:/ethernut-4.3.3/build/gcc/atmega2561/lib\libnutnet.a(arpcache.o)
                                                  c:/ethernut-4.3.3/build/gcc/atmega2561/lib\libnutnet.a(arpin.o)
NutArpInput                                       c:/ethernut-4.3.3/build/gcc/atmega2561/lib\libnutnet.a(arpin.o)
                                                  c:/ethernut-4.3.3/build/gcc/atmega2561/lib\libnutnet.a(ethin.o)
NutArpOutput                                      c:/ethernut-4.3.3/build/gcc/atmega2561/lib\libnutnet.a(arpout.o)
                                                  c:/ethernut-4.3.3/build/gcc/atmega2561/lib\libnutnet.a(arpin.o)
                                                  c:/ethernut-4.3.3/build/gcc/atmega2561/lib\libnutnet.a(arpcache.o)
NutBufRemovePage                                  c:/ethernut-4.3.3/build/gcc/atmega2561/lib\libnutos.a(bankmem.o)
NutDelay                                          c:/ethernut-4.3.3/build/gcc/atmega2561/lib\libnutos.a(timer.o)
                                                  c:/ethernut-4.3.3/build/gcc/atmega2561/lib\libnutarch.a(nicrtl.o)
                                                  c:/ethernut-4.3.3/build/gcc/atmega2561/lib\libnutarch.a(uartavr.o)
                                                  vs10xx.o
                                                  main.o
                                                  display.o
NutDeviceLookup                                   c:/ethernut-4.3.3/build/gcc/atmega2561/lib\libnutos.a(devreg.o)
                                                  c:/ethernut-4.3.3/build/gcc/atmega2561/lib\libnutcrt.a(open.o)
                                                  c:/ethernut-4.3.3/build/gcc/atmega2561/lib\libnutnet.a(ifconfig.o)
                                                  c:/ethernut-4.3.3/build/gcc/atmega2561/lib\libnutpro.a(dhcpc.o)
                                                  mmc.o
NutDhcpClient                                     c:/ethernut-4.3.3/build/gcc/atmega2561/lib\libnutpro.a(dhcpc.o)
NutDhcpError                                      c:/ethernut-4.3.3/build/gcc/atmega2561/lib\libnutpro.a(dhcpc.o)
NutDhcpIfConfig                                   c:/ethernut-4.3.3/build/gcc/atmega2561/lib\libnutpro.a(dhcpc.o)
                                                  audiostream.o
NutDhcpInform                                     c:/ethernut-4.3.3/build/gcc/atmega2561/lib\libnutpro.a(dhcpc.o)
NutDhcpIsConfigured                               c:/ethernut-4.3.3/build/gcc/atmega2561/lib\libnutpro.a(dhcpc.o)
NutDhcpRelease                                    c:/ethernut-4.3.3/build/gcc/atmega2561/lib\libnutpro.a(dhcpc.o)
NutDhcpStatus                                     c:/ethernut-4.3.3/build/gcc/atmega2561/lib\libnutpro.a(dhcpc.o)
NutDnsConfig                                      c:/ethernut-4.3.3/build/gcc/atmega2561/lib\libnutpro.a(resolv.o)
NutDnsConfig2                                     c:/ethernut-4.3.3/build/gcc/atmega2561/lib\libnutpro.a(resolv.o)
                                                  c:/ethernut-4.3.3/build/gcc/atmega2561/lib\libnutpro.a(dhcpc.o)
NutDnsGetHostByName                               c:/ethernut-4.3.3/build/gcc/atmega2561/lib\libnutpro.a(resolv.o)
NutDnsGetMxByDomain                               c:/ethernut-4.3.3/build/gcc/atmega2561/lib\libnutpro.a(resolv.o)
NutDnsGetResource                                 c:/ethernut-4.3.3/build/gcc/atmega2561/lib\libnutpro.a(resolv.o)
NutEtherInput                                     c:/ethernut-4.3.3/build/gcc/atmega2561/lib\libnutnet.a(ethin.o)
                                                  c:/ethernut-4.3.3/build/gcc/atmega2561/lib\libnutarch.a(eth0rtl.o)
NutEtherOutput                                    c:/ethernut-4.3.3/build/gcc/atmega2561/lib\libnutnet.a(ethout.o)
                                                  c:/ethernut-4.3.3/build/gcc/atmega2561/lib\libnutarch.a(eth0rtl.o)
NutEventBroadcast                                 c:/ethernut-4.3.3/build/gcc/atmega2561/lib\libnutos.a(event.o)
                                                  c:/ethernut-4.3.3/build/gcc/atmega2561/lib\libnutnet.a(arpcache.o)
                                                  c:/ethernut-4.3.3/build/gcc/atmega2561/lib\libnutnet.a(tcpsm.o)
                                                  c:/ethernut-4.3.3/build/gcc/atmega2561/lib\libnutnet.a(ifconfig.o)
                                                  c:/ethernut-4.3.3/build/gcc/atmega2561/lib\libnutpro.a(dhcpc.o)
NutEventBroadcastAsync                            c:/ethernut-4.3.3/build/gcc/atmega2561/lib\libnutos.a(event.o)
                                                  c:/ethernut-4.3.3/build/gcc/atmega2561/lib\libnutnet.a(arpcache.o)
NutEventPost                                      c:/ethernut-4.3.3/build/gcc/atmega2561/lib\libnutos.a(event.o)
                                                  c:/ethernut-4.3.3/build/gcc/atmega2561/lib\libnutnet.a(udpin.o)
                                                  c:/ethernut-4.3.3/build/gcc/atmega2561/lib\libnutarch.a(twif.o)
                                                  c:/ethernut-4.3.3/build/gcc/atmega2561/lib\libnutnet.a(tcpsm.o)
                                                  c:/ethernut-4.3.3/build/gcc/atmega2561/lib\libnutpro.a(dhcpc.o)
                                                  mmcdrv.o
                                                  fat.o
NutEventPostAsync                                 c:/ethernut-4.3.3/build/gcc/atmega2561/lib\libnutos.a(event.o)
                                                  c:/ethernut-4.3.3/build/gcc/atmega2561/lib\libnutos.a(thread.o)
                                                  c:/ethernut-4.3.3/build/gcc/atmega2561/lib\libnutnet.a(tcpsm.o)
NutEventTimeout                                   c:/ethernut-4.3.3/build/gcc/atmega2561/lib\libnutos.a(event.o)
NutEventWait                                      c:/ethernut-4.3.3/build/gcc/atmega2561/lib\libnutos.a(event.o)
                                                  c:/ethernut-4.3.3/build/gcc/atmega2561/lib\libnutarch.a(nicrtl.o)
                                                  c:/ethernut-4.3.3/build/gcc/atmega2561/lib\libnutarch.a(twif.o)
                                                  c:/ethernut-4.3.3/build/gcc/atmega2561/lib\libnutarch.a(uartavr.o)
                                                  c:/ethernut-4.3.3/build/gcc/atmega2561/lib\libnutnet.a(arpcache.o)
                                                  c:/ethernut-4.3.3/build/gcc/atmega2561/lib\libnutnet.a(tcpsm.o)
                                                  c:/ethernut-4.3.3/build/gcc/atmega2561/lib\libnutnet.a(ifconfig.o)
                                                  c:/ethernut-4.3.3/build/gcc/atmega2561/lib\libnutnet.a(udpsock.o)
                                                  c:/ethernut-4.3.3/build/gcc/atmega2561/lib\libnutnet.a(tcpsock.o)
                                                  c:/ethernut-4.3.3/build/gcc/atmega2561/lib\libnutpro.a(dhcpc.o)
                                                  mmcdrv.o
                                                  keyboard.o
                                                  fat.o
NutEventWaitNext                                  c:/ethernut-4.3.3/build/gcc/atmega2561/lib\libnutos.a(event.o)
NutGetCpuClock                                    c:/ethernut-4.3.3/build/gcc/atmega2561/lib\libnutarch.a(ostimer.o)
                                                  c:/ethernut-4.3.3/build/gcc/atmega2561/lib\libnutarch.a(twif.o)
                                                  c:/ethernut-4.3.3/build/gcc/atmega2561/lib\libnutarch.a(uartavr.o)
                                                  c:/ethernut-4.3.3/build/gcc/atmega2561/lib\libnutarch.a(debug0.o)
NutGetDnsServers                                  c:/ethernut-4.3.3/build/gcc/atmega2561/lib\libnutpro.a(resolv.o)
NutGetMillis                                      c:/ethernut-4.3.3/build/gcc/atmega2561/lib\libnutos.a(timer.o)
                                                  c:/ethernut-4.3.3/build/gcc/atmega2561/lib\libnutnet.a(tcputil.o)
                                                  c:/ethernut-4.3.3/build/gcc/atmega2561/lib\libnutnet.a(tcpsm.o)
                                                  c:/ethernut-4.3.3/build/gcc/atmega2561/lib\libnutnet.a(tcpout.o)
                                                  c:/ethernut-4.3.3/build/gcc/atmega2561/lib\libnutnet.a(tcpsock.o)
                                                  c:/ethernut-4.3.3/build/gcc/atmega2561/lib\libnutpro.a(dhcpc.o)